

================================================================
== Vitis HLS Report for 'compute_output_buffer_2d_array_array_ap_fixed_18_8_5_3_0_12u_config2_s'
================================================================
* Date:           Sun Aug 30 16:00:06 2026

* Version:        2024.1 (Build 5069499 on May 21 2024)
* Project:        myproject_prj
* Solution:       solution1 (Vivado IP Flow Target)
* Product family: zynq
* Target device:  xc7z020-clg400-1


================================================================
== Performance Estimates
================================================================
+ Timing: 
    * Summary: 
    +--------+----------+-----------+------------+
    |  Clock |  Target  | Estimated | Uncertainty|
    +--------+----------+-----------+------------+
    |ap_clk  |  20.00 ns|  14.552 ns|     5.40 ns|
    +--------+----------+-----------+------------+

+ Latency: 
    * Summary: 
    +---------+---------+-----------+----------+-----+-----+---------+
    |  Latency (cycles) |  Latency (absolute)  |  Interval | Pipeline|
    |   min   |   max   |    min    |    max   | min | max |   Type  |
    +---------+---------+-----------+----------+-----+-----+---------+
    |        2|      112|  40.000 ns|  2.240 us|    2|  112|       no|
    +---------+---------+-----------+----------+-----+-----+---------+

    + Detail: 
        * Instance: 
        +--------------------------------------------------------------------------------------+---------------------------------------------------------------------------+---------+---------+----------+----------+-----+-----+------------------------------------------+
        |                                                                                      |                                                                           |  Latency (cycles) |  Latency (absolute) |  Interval |                 Pipeline                 |
        |                                       Instance                                       |                                   Module                                  |   min   |   max   |    min   |    max   | min | max |                   Type                   |
        +--------------------------------------------------------------------------------------+---------------------------------------------------------------------------+---------+---------+----------+----------+-----+-----+------------------------------------------+
        |call_ln281_shift_line_buffer_array_ap_fixed_20_10_5_3_0_1u_config2_s_fu_95            |shift_line_buffer_array_ap_fixed_20_10_5_3_0_1u_config2_s                  |        0|        0|      0 ns|      0 ns|    1|    1|                                       yes|
        |grp_dense_resource_rf_gt_nin_rem0_ap_fixed_ap_fixed_18_8_5_3_0_config2_mult_s_fu_123  |dense_resource_rf_gt_nin_rem0_ap_fixed_ap_fixed_18_8_5_3_0_config2_mult_s  |      109|      110|  2.180 us|  2.200 us|  108|  108|  loop rewind stp(delay=0 clock cycles(s))|
        +--------------------------------------------------------------------------------------+---------------------------------------------------------------------------+---------+---------+----------+----------+-----+-----+------------------------------------------+

        * Loop: 
        N/A

============================================================
+ Verbose Summary: Synthesis Manager
============================================================
InlineROM: 1
ExposeGlobal: 0
============================================================
+ Verbose Summary: CDFG Model
============================================================
IsTopModel: 0
ResetActiveHigh: 1
IsCombinational: 0
IsDatapathOnly: 0
HasWiredReturn: 1
HasMFsm: 0
HasVarLatency: 1
IsPipeline: 0
IsRtlPipelined: 0
IsInstanceOverlapped: 0
IsDontTouch: 0
HasImplIP: 0
IsGatedGlobalClock: 0


============================================================
+ Verbose Summary: Schedule
============================================================
* Number of FSM states : 3
* Pipeline : 0
* Dataflow Pipeline: 0

* FSM state transitions: 
1 --> 2 
2 --> 3 
3 --> 

* FSM state operations: 

State 1 <SV = 0> <Delay = 3.23>
ST_1 : Operation 4 [1/1] (0.00ns)   --->   "%in_elem_0_0_0_0_0_val_read = read i20 @_ssdm_op_Read.ap_auto.i20, i20 %in_elem_0_0_0_0_0_val"   --->   Operation 4 'read' 'in_elem_0_0_0_0_0_val_read' <Predicate = true> <Delay = 0.00>
ST_1 : Operation 5 [1/1] (3.23ns)   --->   "%call_ln281 = call void @shift_line_buffer<array<ap_fixed<20, 10, 5, 3, 0>, 1u>, config2>, i20 %in_elem_0_0_0_0_0_val_read, i20 %void_compute_output_buffer_2d_array_const_ap_shift_reg_n_chan_stream_weig_7, i20 %void_compute_output_buffer_2d_array_const_ap_shift_reg_n_chan_stream_weig_8, i20 %void_compute_output_buffer_2d_array_const_ap_shift_reg_n_chan_stream_weig_4, i20 %void_compute_output_buffer_2d_array_const_ap_shift_reg_n_chan_stream_weig_5, i20 %void_compute_output_buffer_2d_array_const_ap_shift_reg_n_chan_stream_weig_1, i20 %void_compute_output_buffer_2d_array_const_ap_shift_reg_n_chan_stream_weig_2, i20 %void_compute_output_buffer_2d_array_const_ap_shift_reg_n_chan_stream_weig_6, i20 %void_compute_output_buffer_2d_array_const_ap_shift_reg_n_chan_stream_weig_3, i20 %void_compute_output_buffer_2d_array_const_ap_shift_reg_n_chan_stream_weig, i20 %void_conv_2d_buffer_resource_cl_stream_stream_weight_t_bias_t_line_buffer_1, i20 %void_conv_2d_buffer_resource_cl_stream_stream_weight_t_bias_t_line_buffer" [firmware/nnet_utils/nnet_conv_stream.h:281]   --->   Operation 5 'call' 'call_ln281' <Predicate = true> <Delay = 3.23> <CoreType = "Generic">   --->   Core 0 '' <Latency = 0> <II = 1> <Delay = 1.00> <Generic> <Opcode : >

State 2 <SV = 1> <Delay = 3.53>
ST_2 : Operation 6 [1/1] (0.00ns)   --->   "%specinterface_ln0 = specinterface void @_ssdm_op_SpecInterface, i216 %layer2_out, void @empty_6, i32 0, i32 0, void @empty_5, i32 0, i32 0, void @empty_5, void @empty_5, void @empty_5, i32 0, i32 0, i32 0, i32 0, void @empty_5, void @empty_5, i32 4294967295, i32 0, i32 0"   --->   Operation 6 'specinterface' 'specinterface_ln0' <Predicate = true> <Delay = 0.00>
ST_2 : Operation 7 [1/1] (0.00ns)   --->   "%sX_2_load = load i32 %sX_2" [firmware/nnet_utils/nnet_conv_stream.h:284]   --->   Operation 7 'load' 'sX_2_load' <Predicate = true> <Delay = 0.00>
ST_2 : Operation 8 [1/1] (2.55ns)   --->   "%icmp_ln284 = icmp_eq  i32 %sX_2_load, i32 2" [firmware/nnet_utils/nnet_conv_stream.h:284]   --->   Operation 8 'icmp' 'icmp_ln284' <Predicate = true> <Delay = 2.55> <CoreInst = "Cmp">   --->   Core 9 'Cmp' <Latency = 0> <II = 1> <Delay = 2.55> <FuncUnit> <Opcode : 'seteq' 'setne' 'setle' 'setge' 'setlt' 'setgt'> <InPorts = 2> <OutPorts = 1>
ST_2 : Operation 9 [1/1] (0.00ns)   --->   "%sY_2_load = load i32 %sY_2" [firmware/nnet_utils/nnet_conv_stream.h:284]   --->   Operation 9 'load' 'sY_2_load' <Predicate = true> <Delay = 0.00>
ST_2 : Operation 10 [1/1] (0.00ns)   --->   "%pY_2_load = load i32 %pY_2" [firmware/nnet_utils/nnet_conv_stream.h:284]   --->   Operation 10 'load' 'pY_2_load' <Predicate = true> <Delay = 0.00>
ST_2 : Operation 11 [1/1] (0.00ns)   --->   "%pX_2_load = load i32 %pX_2" [firmware/nnet_utils/nnet_conv_stream.h:284]   --->   Operation 11 'load' 'pX_2_load' <Predicate = true> <Delay = 0.00>
ST_2 : Operation 12 [1/1] (0.00ns)   --->   "%br_ln284 = br i1 %icmp_ln284, void %if.end, void %land.lhs.true" [firmware/nnet_utils/nnet_conv_stream.h:284]   --->   Operation 12 'br' 'br_ln284' <Predicate = true> <Delay = 0.00>
ST_2 : Operation 13 [1/1] (2.55ns)   --->   "%icmp_ln284_1 = icmp_eq  i32 %sY_2_load, i32 2" [firmware/nnet_utils/nnet_conv_stream.h:284]   --->   Operation 13 'icmp' 'icmp_ln284_1' <Predicate = (icmp_ln284)> <Delay = 2.55> <CoreInst = "Cmp">   --->   Core 9 'Cmp' <Latency = 0> <II = 1> <Delay = 2.55> <FuncUnit> <Opcode : 'seteq' 'setne' 'setle' 'setge' 'setlt' 'setgt'> <InPorts = 2> <OutPorts = 1>
ST_2 : Operation 14 [1/1] (0.00ns)   --->   "%tmp_3 = partselect i31 @_ssdm_op_PartSelect.i31.i32.i32.i32, i32 %pY_2_load, i32 1, i32 31" [firmware/nnet_utils/nnet_conv_stream.h:284]   --->   Operation 14 'partselect' 'tmp_3' <Predicate = (icmp_ln284)> <Delay = 0.00>
ST_2 : Operation 15 [1/1] (2.52ns)   --->   "%icmp_ln284_4 = icmp_sgt  i31 %tmp_3, i31 0" [firmware/nnet_utils/nnet_conv_stream.h:284]   --->   Operation 15 'icmp' 'icmp_ln284_4' <Predicate = (icmp_ln284)> <Delay = 2.52> <CoreInst = "Cmp">   --->   Core 9 'Cmp' <Latency = 0> <II = 1> <Delay = 2.52> <FuncUnit> <Opcode : 'seteq' 'setne' 'setle' 'setge' 'setlt' 'setgt'> <InPorts = 2> <OutPorts = 1>
ST_2 : Operation 16 [1/1] (0.00ns)   --->   "%tmp_4 = partselect i31 @_ssdm_op_PartSelect.i31.i32.i32.i32, i32 %pX_2_load, i32 1, i32 31" [firmware/nnet_utils/nnet_conv_stream.h:284]   --->   Operation 16 'partselect' 'tmp_4' <Predicate = (icmp_ln284)> <Delay = 0.00>
ST_2 : Operation 17 [1/1] (2.52ns)   --->   "%icmp_ln284_5 = icmp_sgt  i31 %tmp_4, i31 0" [firmware/nnet_utils/nnet_conv_stream.h:284]   --->   Operation 17 'icmp' 'icmp_ln284_5' <Predicate = (icmp_ln284)> <Delay = 2.52> <CoreInst = "Cmp">   --->   Core 9 'Cmp' <Latency = 0> <II = 1> <Delay = 2.52> <FuncUnit> <Opcode : 'seteq' 'setne' 'setle' 'setge' 'setlt' 'setgt'> <InPorts = 2> <OutPorts = 1>
ST_2 : Operation 18 [1/1] (0.00ns) (grouped into LUT with out node and_ln284_1)   --->   "%and_ln284 = and i1 %icmp_ln284_4, i1 %icmp_ln284_5" [firmware/nnet_utils/nnet_conv_stream.h:284]   --->   Operation 18 'and' 'and_ln284' <Predicate = (icmp_ln284)> <Delay = 0.00> <CoreInst = "LogicGate">   --->   Core 74 'LogicGate' <Latency = 0> <II = 1> <Delay = 0.97> <FuncUnit> <Opcode : 'and' 'or' 'xor'> <InPorts = 2> <OutPorts = 1>
ST_2 : Operation 19 [1/1] (0.97ns) (out node of the LUT)   --->   "%and_ln284_1 = and i1 %and_ln284, i1 %icmp_ln284_1" [firmware/nnet_utils/nnet_conv_stream.h:284]   --->   Operation 19 'and' 'and_ln284_1' <Predicate = (icmp_ln284)> <Delay = 0.97> <CoreInst = "LogicGate">   --->   Core 74 'LogicGate' <Latency = 0> <II = 1> <Delay = 0.97> <FuncUnit> <Opcode : 'and' 'or' 'xor'> <InPorts = 2> <OutPorts = 1>
ST_2 : Operation 20 [1/1] (0.00ns)   --->   "%br_ln284 = br i1 %and_ln284_1, void %if.end, void %if.then" [firmware/nnet_utils/nnet_conv_stream.h:284]   --->   Operation 20 'br' 'br_ln284' <Predicate = (icmp_ln284)> <Delay = 0.00>
ST_2 : Operation 21 [2/2] (0.00ns)   --->   "%tmp = call i216 @dense_resource_rf_gt_nin_rem0<ap_fixed,ap_fixed<18,8,5,3,0>,config2_mult>, i4 %outidx_63, i11 %w2, i20 %void_compute_output_buffer_2d_array_const_ap_shift_reg_n_chan_stream_weig_8, i20 %void_compute_output_buffer_2d_array_const_ap_shift_reg_n_chan_stream_weig_7, i20 %void_compute_output_buffer_2d_array_const_ap_shift_reg_n_chan_stream_weig_6, i20 %void_compute_output_buffer_2d_array_const_ap_shift_reg_n_chan_stream_weig_5, i20 %void_compute_output_buffer_2d_array_const_ap_shift_reg_n_chan_stream_weig_4, i20 %void_compute_output_buffer_2d_array_const_ap_shift_reg_n_chan_stream_weig_3, i20 %void_compute_output_buffer_2d_array_const_ap_shift_reg_n_chan_stream_weig_2, i20 %void_compute_output_buffer_2d_array_const_ap_shift_reg_n_chan_stream_weig_1, i20 %void_compute_output_buffer_2d_array_const_ap_shift_reg_n_chan_stream_weig" [firmware/nnet_utils/nnet_dense.h:76->firmware/nnet_utils/nnet_conv_stream.h:288]   --->   Operation 21 'call' 'tmp' <Predicate = (icmp_ln284 & and_ln284_1)> <Delay = 0.00> <CoreType = "Generic">   --->   Core 0 '' <Latency = 0> <II = 1> <Delay = 1.00> <Generic> <Opcode : >

State 3 <SV = 2> <Delay = 14.5>
ST_3 : Operation 22 [1/2] (11.0ns)   --->   "%tmp = call i216 @dense_resource_rf_gt_nin_rem0<ap_fixed,ap_fixed<18,8,5,3,0>,config2_mult>, i4 %outidx_63, i11 %w2, i20 %void_compute_output_buffer_2d_array_const_ap_shift_reg_n_chan_stream_weig_8, i20 %void_compute_output_buffer_2d_array_const_ap_shift_reg_n_chan_stream_weig_7, i20 %void_compute_output_buffer_2d_array_const_ap_shift_reg_n_chan_stream_weig_6, i20 %void_compute_output_buffer_2d_array_const_ap_shift_reg_n_chan_stream_weig_5, i20 %void_compute_output_buffer_2d_array_const_ap_shift_reg_n_chan_stream_weig_4, i20 %void_compute_output_buffer_2d_array_const_ap_shift_reg_n_chan_stream_weig_3, i20 %void_compute_output_buffer_2d_array_const_ap_shift_reg_n_chan_stream_weig_2, i20 %void_compute_output_buffer_2d_array_const_ap_shift_reg_n_chan_stream_weig_1, i20 %void_compute_output_buffer_2d_array_const_ap_shift_reg_n_chan_stream_weig" [firmware/nnet_utils/nnet_dense.h:76->firmware/nnet_utils/nnet_conv_stream.h:288]   --->   Operation 22 'call' 'tmp' <Predicate = (icmp_ln284 & and_ln284_1)> <Delay = 11.0> <CoreType = "Generic">   --->   Core 0 '' <Latency = 0> <II = 1> <Delay = 1.00> <Generic> <Opcode : >
ST_3 : Operation 23 [1/1] (0.00ns)   --->   "%res_out = extractvalue i216 %tmp" [firmware/nnet_utils/nnet_dense.h:76->firmware/nnet_utils/nnet_conv_stream.h:288]   --->   Operation 23 'extractvalue' 'res_out' <Predicate = (icmp_ln284 & and_ln284_1)> <Delay = 0.00>
ST_3 : Operation 24 [1/1] (0.00ns)   --->   "%res_out_1 = extractvalue i216 %tmp" [firmware/nnet_utils/nnet_dense.h:76->firmware/nnet_utils/nnet_conv_stream.h:288]   --->   Operation 24 'extractvalue' 'res_out_1' <Predicate = (icmp_ln284 & and_ln284_1)> <Delay = 0.00>
ST_3 : Operation 25 [1/1] (0.00ns)   --->   "%res_out_2 = extractvalue i216 %tmp" [firmware/nnet_utils/nnet_dense.h:76->firmware/nnet_utils/nnet_conv_stream.h:288]   --->   Operation 25 'extractvalue' 'res_out_2' <Predicate = (icmp_ln284 & and_ln284_1)> <Delay = 0.00>
ST_3 : Operation 26 [1/1] (0.00ns)   --->   "%res_out_3 = extractvalue i216 %tmp" [firmware/nnet_utils/nnet_dense.h:76->firmware/nnet_utils/nnet_conv_stream.h:288]   --->   Operation 26 'extractvalue' 'res_out_3' <Predicate = (icmp_ln284 & and_ln284_1)> <Delay = 0.00>
ST_3 : Operation 27 [1/1] (0.00ns)   --->   "%res_out_4 = extractvalue i216 %tmp" [firmware/nnet_utils/nnet_dense.h:76->firmware/nnet_utils/nnet_conv_stream.h:288]   --->   Operation 27 'extractvalue' 'res_out_4' <Predicate = (icmp_ln284 & and_ln284_1)> <Delay = 0.00>
ST_3 : Operation 28 [1/1] (0.00ns)   --->   "%res_out_5 = extractvalue i216 %tmp" [firmware/nnet_utils/nnet_dense.h:76->firmware/nnet_utils/nnet_conv_stream.h:288]   --->   Operation 28 'extractvalue' 'res_out_5' <Predicate = (icmp_ln284 & and_ln284_1)> <Delay = 0.00>
ST_3 : Operation 29 [1/1] (0.00ns)   --->   "%res_out_6 = extractvalue i216 %tmp" [firmware/nnet_utils/nnet_dense.h:76->firmware/nnet_utils/nnet_conv_stream.h:288]   --->   Operation 29 'extractvalue' 'res_out_6' <Predicate = (icmp_ln284 & and_ln284_1)> <Delay = 0.00>
ST_3 : Operation 30 [1/1] (0.00ns)   --->   "%res_out_7 = extractvalue i216 %tmp" [firmware/nnet_utils/nnet_dense.h:76->firmware/nnet_utils/nnet_conv_stream.h:288]   --->   Operation 30 'extractvalue' 'res_out_7' <Predicate = (icmp_ln284 & and_ln284_1)> <Delay = 0.00>
ST_3 : Operation 31 [1/1] (0.00ns)   --->   "%res_out_8 = extractvalue i216 %tmp" [firmware/nnet_utils/nnet_dense.h:76->firmware/nnet_utils/nnet_conv_stream.h:288]   --->   Operation 31 'extractvalue' 'res_out_8' <Predicate = (icmp_ln284 & and_ln284_1)> <Delay = 0.00>
ST_3 : Operation 32 [1/1] (0.00ns)   --->   "%res_out_9 = extractvalue i216 %tmp" [firmware/nnet_utils/nnet_dense.h:76->firmware/nnet_utils/nnet_conv_stream.h:288]   --->   Operation 32 'extractvalue' 'res_out_9' <Predicate = (icmp_ln284 & and_ln284_1)> <Delay = 0.00>
ST_3 : Operation 33 [1/1] (0.00ns)   --->   "%res_out_18 = extractvalue i216 %tmp" [firmware/nnet_utils/nnet_dense.h:76->firmware/nnet_utils/nnet_conv_stream.h:288]   --->   Operation 33 'extractvalue' 'res_out_18' <Predicate = (icmp_ln284 & and_ln284_1)> <Delay = 0.00>
ST_3 : Operation 34 [1/1] (0.00ns)   --->   "%res_out_19 = extractvalue i216 %tmp" [firmware/nnet_utils/nnet_dense.h:76->firmware/nnet_utils/nnet_conv_stream.h:288]   --->   Operation 34 'extractvalue' 'res_out_19' <Predicate = (icmp_ln284 & and_ln284_1)> <Delay = 0.00>
ST_3 : Operation 35 [1/1] (0.00ns)   --->   "%p_0 = bitconcatenate i216 @_ssdm_op_BitConcatenate.i216.i18.i18.i18.i18.i18.i18.i18.i18.i18.i18.i18.i18, i18 %res_out_19, i18 %res_out_18, i18 %res_out_9, i18 %res_out_8, i18 %res_out_7, i18 %res_out_6, i18 %res_out_5, i18 %res_out_4, i18 %res_out_3, i18 %res_out_2, i18 %res_out_1, i18 %res_out" [firmware/nnet_utils/nnet_conv_stream.h:299]   --->   Operation 35 'bitconcatenate' 'p_0' <Predicate = (icmp_ln284 & and_ln284_1)> <Delay = 0.00>
ST_3 : Operation 36 [1/1] (3.52ns)   --->   "%write_ln299 = write void @_ssdm_op_Write.ap_fifo.volatile.i216P0A, i216 %layer2_out, i216 %p_0" [firmware/nnet_utils/nnet_conv_stream.h:299]   --->   Operation 36 'write' 'write_ln299' <Predicate = (icmp_ln284 & and_ln284_1)> <Delay = 3.52> <CoreInst = "FIFO">   --->   Core 77 'FIFO' <Latency = 0> <II = 1> <Delay = 3.52> <Storage> <Opcode : 'read' 'write' 'nbread' 'nbwrite'> <Ports = 0> <Width = 216> <Depth = 1020> <FIFO>
ST_3 : Operation 37 [1/1] (0.00ns)   --->   "%br_ln300 = br void %if.end" [firmware/nnet_utils/nnet_conv_stream.h:300]   --->   Operation 37 'br' 'br_ln300' <Predicate = (icmp_ln284 & and_ln284_1)> <Delay = 0.00>
ST_3 : Operation 38 [1/1] (2.55ns)   --->   "%add_ln303 = add i32 %pX_2_load, i32 1" [firmware/nnet_utils/nnet_conv_stream.h:303]   --->   Operation 38 'add' 'add_ln303' <Predicate = true> <Delay = 2.55> <CoreInst = "Adder">   --->   Core 1 'Adder' <Latency = 0> <II = 1> <Delay = 2.55> <FuncUnit> <Opcode : 'add' 'sub'> <InPorts = 2> <OutPorts = 1>
ST_3 : Operation 39 [1/1] (2.55ns)   --->   "%icmp_ln303 = icmp_eq  i32 %add_ln303, i32 103" [firmware/nnet_utils/nnet_conv_stream.h:303]   --->   Operation 39 'icmp' 'icmp_ln303' <Predicate = true> <Delay = 2.55> <CoreInst = "Cmp">   --->   Core 9 'Cmp' <Latency = 0> <II = 1> <Delay = 2.55> <FuncUnit> <Opcode : 'seteq' 'setne' 'setle' 'setge' 'setlt' 'setgt'> <InPorts = 2> <OutPorts = 1>
ST_3 : Operation 40 [1/1] (0.00ns)   --->   "%br_ln303 = br i1 %icmp_ln303, void %if.else20, void %if.then9" [firmware/nnet_utils/nnet_conv_stream.h:303]   --->   Operation 40 'br' 'br_ln303' <Predicate = true> <Delay = 0.00>
ST_3 : Operation 41 [1/1] (1.58ns)   --->   "%store_ln316 = store i32 %add_ln303, i32 %pX_2" [firmware/nnet_utils/nnet_conv_stream.h:316]   --->   Operation 41 'store' 'store_ln316' <Predicate = (!icmp_ln303)> <Delay = 1.58>
ST_3 : Operation 42 [1/1] (0.00ns) (grouped into LUT with out node add_ln318)   --->   "%select_ln318 = select i1 %icmp_ln284, i32 4294967295, i32 1" [firmware/nnet_utils/nnet_conv_stream.h:318]   --->   Operation 42 'select' 'select_ln318' <Predicate = (!icmp_ln303)> <Delay = 0.00> <CoreInst = "Sel">   --->   Core 73 'Sel' <Latency = 0> <II = 1> <Delay = 0.99> <FuncUnit> <Opcode : 'select'> <InPorts = 3> <OutPorts = 1>
ST_3 : Operation 43 [1/1] (2.55ns) (out node of the LUT)   --->   "%add_ln318 = add i32 %sX_2_load, i32 %select_ln318" [firmware/nnet_utils/nnet_conv_stream.h:318]   --->   Operation 43 'add' 'add_ln318' <Predicate = (!icmp_ln303)> <Delay = 2.55> <CoreInst = "Adder">   --->   Core 1 'Adder' <Latency = 0> <II = 1> <Delay = 2.55> <FuncUnit> <Opcode : 'add' 'sub'> <InPorts = 2> <OutPorts = 1>
ST_3 : Operation 44 [1/1] (1.58ns)   --->   "%store_ln318 = store i32 %add_ln318, i32 %sX_2" [firmware/nnet_utils/nnet_conv_stream.h:318]   --->   Operation 44 'store' 'store_ln318' <Predicate = (!icmp_ln303)> <Delay = 1.58>
ST_3 : Operation 45 [1/1] (0.00ns)   --->   "%br_ln0 = br void %if.end31"   --->   Operation 45 'br' 'br_ln0' <Predicate = (!icmp_ln303)> <Delay = 0.00>
ST_3 : Operation 46 [1/1] (1.58ns)   --->   "%store_ln305 = store i32 0, i32 %pX_2" [firmware/nnet_utils/nnet_conv_stream.h:305]   --->   Operation 46 'store' 'store_ln305' <Predicate = (icmp_ln303)> <Delay = 1.58>
ST_3 : Operation 47 [1/1] (1.58ns)   --->   "%store_ln306 = store i32 0, i32 %sX_2" [firmware/nnet_utils/nnet_conv_stream.h:306]   --->   Operation 47 'store' 'store_ln306' <Predicate = (icmp_ln303)> <Delay = 1.58>
ST_3 : Operation 48 [1/1] (2.55ns)   --->   "%add_ln307 = add i32 %pY_2_load, i32 1" [firmware/nnet_utils/nnet_conv_stream.h:307]   --->   Operation 48 'add' 'add_ln307' <Predicate = (icmp_ln303)> <Delay = 2.55> <CoreInst = "Adder">   --->   Core 1 'Adder' <Latency = 0> <II = 1> <Delay = 2.55> <FuncUnit> <Opcode : 'add' 'sub'> <InPorts = 2> <OutPorts = 1>
ST_3 : Operation 49 [1/1] (2.55ns)   --->   "%icmp_ln307 = icmp_eq  i32 %add_ln307, i32 41" [firmware/nnet_utils/nnet_conv_stream.h:307]   --->   Operation 49 'icmp' 'icmp_ln307' <Predicate = (icmp_ln303)> <Delay = 2.55> <CoreInst = "Cmp">   --->   Core 9 'Cmp' <Latency = 0> <II = 1> <Delay = 2.55> <FuncUnit> <Opcode : 'seteq' 'setne' 'setle' 'setge' 'setlt' 'setgt'> <InPorts = 2> <OutPorts = 1>
ST_3 : Operation 50 [1/1] (0.00ns)   --->   "%br_ln307 = br i1 %icmp_ln307, void %if.else, void %if.then12" [firmware/nnet_utils/nnet_conv_stream.h:307]   --->   Operation 50 'br' 'br_ln307' <Predicate = (icmp_ln303)> <Delay = 0.00>
ST_3 : Operation 51 [1/1] (1.58ns)   --->   "%store_ln311 = store i32 %add_ln307, i32 %pY_2" [firmware/nnet_utils/nnet_conv_stream.h:311]   --->   Operation 51 'store' 'store_ln311' <Predicate = (icmp_ln303 & !icmp_ln307)> <Delay = 1.58>
ST_3 : Operation 52 [1/1] (2.55ns)   --->   "%icmp_ln313 = icmp_eq  i32 %sY_2_load, i32 2" [firmware/nnet_utils/nnet_conv_stream.h:313]   --->   Operation 52 'icmp' 'icmp_ln313' <Predicate = (icmp_ln303 & !icmp_ln307)> <Delay = 2.55> <CoreInst = "Cmp">   --->   Core 9 'Cmp' <Latency = 0> <II = 1> <Delay = 2.55> <FuncUnit> <Opcode : 'seteq' 'setne' 'setle' 'setge' 'setlt' 'setgt'> <InPorts = 2> <OutPorts = 1>
ST_3 : Operation 53 [1/1] (0.00ns) (grouped into LUT with out node add_ln313)   --->   "%select_ln313 = select i1 %icmp_ln313, i32 4294967295, i32 1" [firmware/nnet_utils/nnet_conv_stream.h:313]   --->   Operation 53 'select' 'select_ln313' <Predicate = (icmp_ln303 & !icmp_ln307)> <Delay = 0.00> <CoreInst = "Sel">   --->   Core 73 'Sel' <Latency = 0> <II = 1> <Delay = 0.99> <FuncUnit> <Opcode : 'select'> <InPorts = 3> <OutPorts = 1>
ST_3 : Operation 54 [1/1] (2.55ns) (out node of the LUT)   --->   "%add_ln313 = add i32 %sY_2_load, i32 %select_ln313" [firmware/nnet_utils/nnet_conv_stream.h:313]   --->   Operation 54 'add' 'add_ln313' <Predicate = (icmp_ln303 & !icmp_ln307)> <Delay = 2.55> <CoreInst = "Adder">   --->   Core 1 'Adder' <Latency = 0> <II = 1> <Delay = 2.55> <FuncUnit> <Opcode : 'add' 'sub'> <InPorts = 2> <OutPorts = 1>
ST_3 : Operation 55 [1/1] (1.58ns)   --->   "%br_ln0 = br void %if.end19"   --->   Operation 55 'br' 'br_ln0' <Predicate = (icmp_ln303 & !icmp_ln307)> <Delay = 1.58>
ST_3 : Operation 56 [1/1] (1.58ns)   --->   "%store_ln308 = store i32 0, i32 %pY_2" [firmware/nnet_utils/nnet_conv_stream.h:308]   --->   Operation 56 'store' 'store_ln308' <Predicate = (icmp_ln303 & icmp_ln307)> <Delay = 1.58>
ST_3 : Operation 57 [1/1] (1.58ns)   --->   "%br_ln310 = br void %if.end19" [firmware/nnet_utils/nnet_conv_stream.h:310]   --->   Operation 57 'br' 'br_ln310' <Predicate = (icmp_ln303 & icmp_ln307)> <Delay = 1.58>
ST_3 : Operation 58 [1/1] (0.00ns)   --->   "%storemerge = phi i32 %add_ln313, void %if.else, i32 0, void %if.then12" [firmware/nnet_utils/nnet_conv_stream.h:313]   --->   Operation 58 'phi' 'storemerge' <Predicate = (icmp_ln303)> <Delay = 0.00>
ST_3 : Operation 59 [1/1] (0.00ns)   --->   "%store_ln309 = store i32 %storemerge, i32 %sY_2" [firmware/nnet_utils/nnet_conv_stream.h:309]   --->   Operation 59 'store' 'store_ln309' <Predicate = (icmp_ln303)> <Delay = 0.00>
ST_3 : Operation 60 [1/1] (0.00ns)   --->   "%br_ln315 = br void %if.end31" [firmware/nnet_utils/nnet_conv_stream.h:315]   --->   Operation 60 'br' 'br_ln315' <Predicate = (icmp_ln303)> <Delay = 0.00>
ST_3 : Operation 61 [1/1] (0.00ns)   --->   "%ret_ln320 = ret" [firmware/nnet_utils/nnet_conv_stream.h:320]   --->   Operation 61 'ret' 'ret_ln320' <Predicate = true> <Delay = 0.00>


============================================================
+ Verbose Summary: Binding
============================================================
STG Binding: 
---------------- STG Properties BEGIN ----------------
- Is combinational: 0
- Is one-state seq: 0
- Is datapath-only: 0
- Is pipelined: 0
- Is top level: 0
Port [ Return ] is wired: 1; IO mode=ap_ctrl_hs:ce=0
Port [ in_elem_0_0_0_0_0_val]:  wired=1; compound=0; hidden=0; nouse=0; global=0; static=0; extern=0; dir=0; type=0; pingpong=0; private_global=0; IO mode=ap_none:ce=0
Port [ layer2_out]:  wired=1; compound=1; hidden=0; nouse=0; global=0; static=0; extern=0; dir=1; type=3; pingpong=0; private_global=0; IO mode=ap_fifo:ce=0
Port [ void_compute_output_buffer_2d_array_const_ap_shift_reg_n_chan_stream_weig_7]:  wired=0; compound=0; hidden=1; nouse=0; global=1; static=1; extern=0; dir=2; type=0; pingpong=0; private_global=1; IO mode=ap_ovld:ce=0
Port [ void_compute_output_buffer_2d_array_const_ap_shift_reg_n_chan_stream_weig_8]:  wired=0; compound=0; hidden=1; nouse=0; global=1; static=1; extern=0; dir=2; type=0; pingpong=0; private_global=1; IO mode=ap_ovld:ce=0
Port [ void_compute_output_buffer_2d_array_const_ap_shift_reg_n_chan_stream_weig_4]:  wired=0; compound=0; hidden=1; nouse=0; global=1; static=1; extern=0; dir=2; type=0; pingpong=0; private_global=1; IO mode=ap_ovld:ce=0
Port [ void_compute_output_buffer_2d_array_const_ap_shift_reg_n_chan_stream_weig_5]:  wired=0; compound=0; hidden=1; nouse=0; global=1; static=1; extern=0; dir=2; type=0; pingpong=0; private_global=1; IO mode=ap_ovld:ce=0
Port [ void_compute_output_buffer_2d_array_const_ap_shift_reg_n_chan_stream_weig_1]:  wired=0; compound=0; hidden=1; nouse=0; global=1; static=1; extern=0; dir=2; type=0; pingpong=0; private_global=1; IO mode=ap_ovld:ce=0
Port [ void_compute_output_buffer_2d_array_const_ap_shift_reg_n_chan_stream_weig_2]:  wired=0; compound=0; hidden=1; nouse=0; global=1; static=1; extern=0; dir=2; type=0; pingpong=0; private_global=1; IO mode=ap_ovld:ce=0
Port [ void_compute_output_buffer_2d_array_const_ap_shift_reg_n_chan_stream_weig_6]:  wired=0; compound=0; hidden=1; nouse=0; global=1; static=1; extern=0; dir=2; type=0; pingpong=0; private_global=1; IO mode=ap_ovld:ce=0
Port [ void_compute_output_buffer_2d_array_const_ap_shift_reg_n_chan_stream_weig_3]:  wired=0; compound=0; hidden=1; nouse=0; global=1; static=1; extern=0; dir=2; type=0; pingpong=0; private_global=1; IO mode=ap_ovld:ce=0
Port [ void_compute_output_buffer_2d_array_const_ap_shift_reg_n_chan_stream_weig]:  wired=0; compound=0; hidden=1; nouse=0; global=1; static=1; extern=0; dir=2; type=0; pingpong=0; private_global=1; IO mode=ap_ovld:ce=0
Port [ void_conv_2d_buffer_resource_cl_stream_stream_weight_t_bias_t_line_buffer_1]:  wired=0; compound=1; hidden=1; nouse=1; global=1; static=1; extern=0; dir=3; type=1; pingpong=0; private_global=0; MemPort=[2]; IO mode=ap_memory:ce=0
Port [ void_conv_2d_buffer_resource_cl_stream_stream_weight_t_bias_t_line_buffer]:  wired=0; compound=1; hidden=1; nouse=1; global=1; static=1; extern=0; dir=3; type=1; pingpong=0; private_global=0; MemPort=[2]; IO mode=ap_memory:ce=0
Port [ sX_2]:  wired=0; compound=0; hidden=1; nouse=0; global=1; static=1; extern=0; dir=2; type=0; pingpong=0; private_global=1; IO mode=ap_ovld:ce=0
Port [ sY_2]:  wired=0; compound=0; hidden=1; nouse=0; global=1; static=1; extern=0; dir=2; type=0; pingpong=0; private_global=1; IO mode=ap_ovld:ce=0
Port [ pY_2]:  wired=0; compound=0; hidden=1; nouse=0; global=1; static=1; extern=0; dir=2; type=0; pingpong=0; private_global=1; IO mode=ap_ovld:ce=0
Port [ pX_2]:  wired=0; compound=0; hidden=1; nouse=0; global=1; static=1; extern=0; dir=2; type=0; pingpong=0; private_global=1; IO mode=ap_ovld:ce=0
Port [ outidx_63]:  wired=0; compound=1; hidden=1; nouse=1; global=1; static=1; extern=0; dir=0; type=1; pingpong=0; private_global=0; MemPort=[1]; IO mode=ap_memory:ce=0
Port [ w2]:  wired=0; compound=1; hidden=1; nouse=1; global=1; static=1; extern=0; dir=0; type=1; pingpong=0; private_global=0; MemPort=[1]; IO mode=ap_memory:ce=0
---------------- STG Properties END ------------------

---------------- Datapath Model BEGIN ----------------

<LifeTime>
<method=bitvector/>
in_elem_0_0_0_0_0_val_read (read          ) [ 0000]
call_ln281                 (call          ) [ 0000]
specinterface_ln0          (specinterface ) [ 0000]
sX_2_load                  (load          ) [ 0001]
icmp_ln284                 (icmp          ) [ 0011]
sY_2_load                  (load          ) [ 0001]
pY_2_load                  (load          ) [ 0001]
pX_2_load                  (load          ) [ 0001]
br_ln284                   (br            ) [ 0000]
icmp_ln284_1               (icmp          ) [ 0000]
tmp_3                      (partselect    ) [ 0000]
icmp_ln284_4               (icmp          ) [ 0000]
tmp_4                      (partselect    ) [ 0000]
icmp_ln284_5               (icmp          ) [ 0000]
and_ln284                  (and           ) [ 0000]
and_ln284_1                (and           ) [ 0011]
br_ln284                   (br            ) [ 0000]
tmp                        (call          ) [ 0000]
res_out                    (extractvalue  ) [ 0000]
res_out_1                  (extractvalue  ) [ 0000]
res_out_2                  (extractvalue  ) [ 0000]
res_out_3                  (extractvalue  ) [ 0000]
res_out_4                  (extractvalue  ) [ 0000]
res_out_5                  (extractvalue  ) [ 0000]
res_out_6                  (extractvalue  ) [ 0000]
res_out_7                  (extractvalue  ) [ 0000]
res_out_8                  (extractvalue  ) [ 0000]
res_out_9                  (extractvalue  ) [ 0000]
res_out_18                 (extractvalue  ) [ 0000]
res_out_19                 (extractvalue  ) [ 0000]
p_0                        (bitconcatenate) [ 0000]
write_ln299                (write         ) [ 0000]
br_ln300                   (br            ) [ 0000]
add_ln303                  (add           ) [ 0000]
icmp_ln303                 (icmp          ) [ 0001]
br_ln303                   (br            ) [ 0000]
store_ln316                (store         ) [ 0000]
select_ln318               (select        ) [ 0000]
add_ln318                  (add           ) [ 0000]
store_ln318                (store         ) [ 0000]
br_ln0                     (br            ) [ 0000]
store_ln305                (store         ) [ 0000]
store_ln306                (store         ) [ 0000]
add_ln307                  (add           ) [ 0000]
icmp_ln307                 (icmp          ) [ 0001]
br_ln307                   (br            ) [ 0000]
store_ln311                (store         ) [ 0000]
icmp_ln313                 (icmp          ) [ 0000]
select_ln313               (select        ) [ 0000]
add_ln313                  (add           ) [ 0000]
br_ln0                     (br            ) [ 0000]
store_ln308                (store         ) [ 0000]
br_ln310                   (br            ) [ 0000]
storemerge                 (phi           ) [ 0000]
store_ln309                (store         ) [ 0000]
br_ln315                   (br            ) [ 0000]
ret_ln320                  (ret           ) [ 0000]
</LifeTime>

<model>

<comp_list>
<comp id="0" class="1000" name="in_elem_0_0_0_0_0_val">
<pin_list>
<pin id="1" dir="1" index="0" bw="1" slack="0"/>
</pin_list>
<bind>
<StgValue><ssdm name="in_elem_0_0_0_0_0_val"/></StgValue>
</bind>
</comp>

<comp id="2" class="1000" name="layer2_out">
<pin_list>
<pin id="3" dir="1" index="0" bw="1" slack="0"/>
</pin_list>
<bind>
<StgValue><ssdm name="layer2_out"/></StgValue>
</bind>
</comp>

<comp id="4" class="1000" name="void_compute_output_buffer_2d_array_const_ap_shift_reg_n_chan_stream_weig_7">
<pin_list>
<pin id="5" dir="1" index="0" bw="1" slack="0"/>
</pin_list>
<bind>
<StgValue><ssdm name="void_compute_output_buffer_2d_array_const_ap_shift_reg_n_chan_stream_weig_7"/></StgValue>
</bind>
</comp>

<comp id="6" class="1000" name="void_compute_output_buffer_2d_array_const_ap_shift_reg_n_chan_stream_weig_8">
<pin_list>
<pin id="7" dir="1" index="0" bw="1" slack="0"/>
</pin_list>
<bind>
<StgValue><ssdm name="void_compute_output_buffer_2d_array_const_ap_shift_reg_n_chan_stream_weig_8"/></StgValue>
</bind>
</comp>

<comp id="8" class="1000" name="void_compute_output_buffer_2d_array_const_ap_shift_reg_n_chan_stream_weig_4">
<pin_list>
<pin id="9" dir="1" index="0" bw="1" slack="0"/>
</pin_list>
<bind>
<StgValue><ssdm name="void_compute_output_buffer_2d_array_const_ap_shift_reg_n_chan_stream_weig_4"/></StgValue>
</bind>
</comp>

<comp id="10" class="1000" name="void_compute_output_buffer_2d_array_const_ap_shift_reg_n_chan_stream_weig_5">
<pin_list>
<pin id="11" dir="1" index="0" bw="1" slack="0"/>
</pin_list>
<bind>
<StgValue><ssdm name="void_compute_output_buffer_2d_array_const_ap_shift_reg_n_chan_stream_weig_5"/></StgValue>
</bind>
</comp>

<comp id="12" class="1000" name="void_compute_output_buffer_2d_array_const_ap_shift_reg_n_chan_stream_weig_1">
<pin_list>
<pin id="13" dir="1" index="0" bw="1" slack="0"/>
</pin_list>
<bind>
<StgValue><ssdm name="void_compute_output_buffer_2d_array_const_ap_shift_reg_n_chan_stream_weig_1"/></StgValue>
</bind>
</comp>

<comp id="14" class="1000" name="void_compute_output_buffer_2d_array_const_ap_shift_reg_n_chan_stream_weig_2">
<pin_list>
<pin id="15" dir="1" index="0" bw="1" slack="0"/>
</pin_list>
<bind>
<StgValue><ssdm name="void_compute_output_buffer_2d_array_const_ap_shift_reg_n_chan_stream_weig_2"/></StgValue>
</bind>
</comp>

<comp id="16" class="1000" name="void_compute_output_buffer_2d_array_const_ap_shift_reg_n_chan_stream_weig_6">
<pin_list>
<pin id="17" dir="1" index="0" bw="1" slack="0"/>
</pin_list>
<bind>
<StgValue><ssdm name="void_compute_output_buffer_2d_array_const_ap_shift_reg_n_chan_stream_weig_6"/></StgValue>
</bind>
</comp>

<comp id="18" class="1000" name="void_compute_output_buffer_2d_array_const_ap_shift_reg_n_chan_stream_weig_3">
<pin_list>
<pin id="19" dir="1" index="0" bw="1" slack="0"/>
</pin_list>
<bind>
<StgValue><ssdm name="void_compute_output_buffer_2d_array_const_ap_shift_reg_n_chan_stream_weig_3"/></StgValue>
</bind>
</comp>

<comp id="20" class="1000" name="void_compute_output_buffer_2d_array_const_ap_shift_reg_n_chan_stream_weig">
<pin_list>
<pin id="21" dir="1" index="0" bw="1" slack="0"/>
</pin_list>
<bind>
<StgValue><ssdm name="void_compute_output_buffer_2d_array_const_ap_shift_reg_n_chan_stream_weig"/></StgValue>
</bind>
</comp>

<comp id="22" class="1000" name="void_conv_2d_buffer_resource_cl_stream_stream_weight_t_bias_t_line_buffer_1">
<pin_list>
<pin id="23" dir="1" index="0" bw="1" slack="0"/>
</pin_list>
<bind>
<StgValue><ssdm name="void_conv_2d_buffer_resource_cl_stream_stream_weight_t_bias_t_line_buffer_1"/><MemPortTyVec>2 </MemPortTyVec>
</StgValue>
</bind>
</comp>

<comp id="24" class="1000" name="void_conv_2d_buffer_resource_cl_stream_stream_weight_t_bias_t_line_buffer">
<pin_list>
<pin id="25" dir="1" index="0" bw="1" slack="0"/>
</pin_list>
<bind>
<StgValue><ssdm name="void_conv_2d_buffer_resource_cl_stream_stream_weight_t_bias_t_line_buffer"/><MemPortTyVec>2 </MemPortTyVec>
</StgValue>
</bind>
</comp>

<comp id="26" class="1000" name="sX_2">
<pin_list>
<pin id="27" dir="1" index="0" bw="1" slack="0"/>
</pin_list>
<bind>
<StgValue><ssdm name="sX_2"/></StgValue>
</bind>
</comp>

<comp id="28" class="1000" name="sY_2">
<pin_list>
<pin id="29" dir="1" index="0" bw="1" slack="0"/>
</pin_list>
<bind>
<StgValue><ssdm name="sY_2"/></StgValue>
</bind>
</comp>

<comp id="30" class="1000" name="pY_2">
<pin_list>
<pin id="31" dir="1" index="0" bw="1" slack="0"/>
</pin_list>
<bind>
<StgValue><ssdm name="pY_2"/></StgValue>
</bind>
</comp>

<comp id="32" class="1000" name="pX_2">
<pin_list>
<pin id="33" dir="1" index="0" bw="1" slack="0"/>
</pin_list>
<bind>
<StgValue><ssdm name="pX_2"/></StgValue>
</bind>
</comp>

<comp id="34" class="1000" name="outidx_63">
<pin_list>
<pin id="35" dir="1" index="0" bw="1" slack="0"/>
</pin_list>
<bind>
<StgValue><ssdm name="outidx_63"/><MemPortTyVec>1 </MemPortTyVec>
</StgValue>
</bind>
</comp>

<comp id="36" class="1000" name="w2">
<pin_list>
<pin id="37" dir="1" index="0" bw="1" slack="0"/>
</pin_list>
<bind>
<StgValue><ssdm name="w2"/><MemPortTyVec>1 </MemPortTyVec>
</StgValue>
</bind>
</comp>

<comp id="38" class="1001" name="const_38">
<pin_list>
<pin id="39" dir="1" index="0" bw="1" slack="0"/>
</pin_list>
<bind>
<StgValue><ssdm name="_ssdm_op_Read.ap_auto.i20"/></StgValue>
</bind>
</comp>

<comp id="40" class="1001" name="const_40">
<pin_list>
<pin id="41" dir="1" index="0" bw="1" slack="0"/>
</pin_list>
<bind>
<StgValue><ssdm name="shift_line_buffer<array<ap_fixed<20, 10, 5, 3, 0>, 1u>, config2>"/></StgValue>
</bind>
</comp>

<comp id="42" class="1001" name="const_42">
<pin_list>
<pin id="43" dir="1" index="0" bw="1" slack="2147483647"/>
</pin_list>
<bind>
<StgValue><ssdm name="_ssdm_op_SpecInterface"/></StgValue>
</bind>
</comp>

<comp id="44" class="1001" name="const_44">
<pin_list>
<pin id="45" dir="1" index="0" bw="1" slack="2147483647"/>
</pin_list>
<bind>
<StgValue><ssdm name="empty_6"/></StgValue>
</bind>
</comp>

<comp id="46" class="1001" name="const_46">
<pin_list>
<pin id="47" dir="1" index="0" bw="1" slack="0"/>
</pin_list>
<bind>
<StgValue><ssdm name=""/></StgValue>
</bind>
</comp>

<comp id="48" class="1001" name="const_48">
<pin_list>
<pin id="49" dir="1" index="0" bw="1" slack="2147483647"/>
</pin_list>
<bind>
<StgValue><ssdm name="empty_5"/></StgValue>
</bind>
</comp>

<comp id="50" class="1001" name="const_50">
<pin_list>
<pin id="51" dir="1" index="0" bw="1" slack="0"/>
</pin_list>
<bind>
<StgValue><ssdm name=""/></StgValue>
</bind>
</comp>

<comp id="52" class="1001" name="const_52">
<pin_list>
<pin id="53" dir="1" index="0" bw="1" slack="0"/>
</pin_list>
<bind>
<StgValue><ssdm name=""/></StgValue>
</bind>
</comp>

<comp id="54" class="1001" name="const_54">
<pin_list>
<pin id="55" dir="1" index="0" bw="1" slack="0"/>
</pin_list>
<bind>
<StgValue><ssdm name="_ssdm_op_PartSelect.i31.i32.i32.i32"/></StgValue>
</bind>
</comp>

<comp id="56" class="1001" name="const_56">
<pin_list>
<pin id="57" dir="1" index="0" bw="1" slack="0"/>
</pin_list>
<bind>
<StgValue><ssdm name=""/></StgValue>
</bind>
</comp>

<comp id="58" class="1001" name="const_58">
<pin_list>
<pin id="59" dir="1" index="0" bw="1" slack="0"/>
</pin_list>
<bind>
<StgValue><ssdm name=""/></StgValue>
</bind>
</comp>

<comp id="60" class="1001" name="const_60">
<pin_list>
<pin id="61" dir="1" index="0" bw="1" slack="0"/>
</pin_list>
<bind>
<StgValue><ssdm name=""/></StgValue>
</bind>
</comp>

<comp id="62" class="1001" name="const_62">
<pin_list>
<pin id="63" dir="1" index="0" bw="1" slack="0"/>
</pin_list>
<bind>
<StgValue><ssdm name="dense_resource_rf_gt_nin_rem0<ap_fixed,ap_fixed<18,8,5,3,0>,config2_mult>"/></StgValue>
</bind>
</comp>

<comp id="64" class="1001" name="const_64">
<pin_list>
<pin id="65" dir="1" index="0" bw="1" slack="0"/>
</pin_list>
<bind>
<StgValue><ssdm name="_ssdm_op_BitConcatenate.i216.i18.i18.i18.i18.i18.i18.i18.i18.i18.i18.i18.i18"/></StgValue>
</bind>
</comp>

<comp id="66" class="1001" name="const_66">
<pin_list>
<pin id="67" dir="1" index="0" bw="1" slack="0"/>
</pin_list>
<bind>
<StgValue><ssdm name="_ssdm_op_Write.ap_fifo.volatile.i216P0A"/></StgValue>
</bind>
</comp>

<comp id="68" class="1001" name="const_68">
<pin_list>
<pin id="69" dir="1" index="0" bw="1" slack="0"/>
</pin_list>
<bind>
<StgValue><ssdm name=""/></StgValue>
</bind>
</comp>

<comp id="70" class="1001" name="const_70">
<pin_list>
<pin id="71" dir="1" index="0" bw="1" slack="0"/>
</pin_list>
<bind>
<StgValue><ssdm name=""/></StgValue>
</bind>
</comp>

<comp id="72" class="1004" name="in_elem_0_0_0_0_0_val_read_read_fu_72">
<pin_list>
<pin id="73" dir="0" index="0" bw="20" slack="0"/>
<pin id="74" dir="0" index="1" bw="20" slack="0"/>
<pin id="75" dir="1" index="2" bw="20" slack="0"/>
</pin_list>
<bind>
<opcode="read(1150) " fcode="read"/>
<opset="in_elem_0_0_0_0_0_val_read/1 "/>
</bind>
</comp>

<comp id="78" class="1004" name="write_ln299_write_fu_78">
<pin_list>
<pin id="79" dir="0" index="0" bw="0" slack="0"/>
<pin id="80" dir="0" index="1" bw="216" slack="0"/>
<pin id="81" dir="0" index="2" bw="216" slack="0"/>
<pin id="82" dir="1" index="3" bw="0" slack="2147483647"/>
</pin_list>
<bind>
<opcode="write(1151) " fcode="write"/>
<opset="write_ln299/3 "/>
</bind>
</comp>

<comp id="85" class="1005" name="storemerge_reg_85">
<pin_list>
<pin id="86" dir="0" index="0" bw="32" slack="2147483647"/>
<pin id="87" dir="1" index="1" bw="32" slack="2147483647"/>
</pin_list>
<bind>
<opset="storemerge (phireg) "/>
</bind>
</comp>

<comp id="88" class="1004" name="storemerge_phi_fu_88">
<pin_list>
<pin id="89" dir="0" index="0" bw="32" slack="0"/>
<pin id="90" dir="0" index="1" bw="0" slack="2147483647"/>
<pin id="91" dir="0" index="2" bw="1" slack="0"/>
<pin id="92" dir="0" index="3" bw="0" slack="2147483647"/>
<pin id="93" dir="1" index="4" bw="32" slack="0"/>
</pin_list>
<bind>
<opcode="phi(47) " fcode="phi"/>
<opset="storemerge/3 "/>
</bind>
</comp>

<comp id="95" class="1004" name="call_ln281_shift_line_buffer_array_ap_fixed_20_10_5_3_0_1u_config2_s_fu_95">
<pin_list>
<pin id="96" dir="0" index="0" bw="0" slack="0"/>
<pin id="97" dir="0" index="1" bw="20" slack="0"/>
<pin id="98" dir="0" index="2" bw="20" slack="0"/>
<pin id="99" dir="0" index="3" bw="20" slack="0"/>
<pin id="100" dir="0" index="4" bw="20" slack="0"/>
<pin id="101" dir="0" index="5" bw="20" slack="0"/>
<pin id="102" dir="0" index="6" bw="20" slack="0"/>
<pin id="103" dir="0" index="7" bw="20" slack="0"/>
<pin id="104" dir="0" index="8" bw="20" slack="0"/>
<pin id="105" dir="0" index="9" bw="20" slack="0"/>
<pin id="106" dir="0" index="10" bw="20" slack="0"/>
<pin id="107" dir="0" index="11" bw="20" slack="0"/>
<pin id="108" dir="0" index="12" bw="20" slack="0"/>
<pin id="109" dir="1" index="13" bw="0" slack="2147483647"/>
</pin_list>
<bind>
<opcode="call(48) " fcode="call"/>
<opset="call_ln281/1 "/>
</bind>
</comp>

<comp id="123" class="1004" name="grp_dense_resource_rf_gt_nin_rem0_ap_fixed_ap_fixed_18_8_5_3_0_config2_mult_s_fu_123">
<pin_list>
<pin id="124" dir="0" index="0" bw="216" slack="0"/>
<pin id="125" dir="0" index="1" bw="4" slack="0"/>
<pin id="126" dir="0" index="2" bw="11" slack="0"/>
<pin id="127" dir="0" index="3" bw="20" slack="0"/>
<pin id="128" dir="0" index="4" bw="20" slack="0"/>
<pin id="129" dir="0" index="5" bw="20" slack="0"/>
<pin id="130" dir="0" index="6" bw="20" slack="0"/>
<pin id="131" dir="0" index="7" bw="20" slack="0"/>
<pin id="132" dir="0" index="8" bw="20" slack="0"/>
<pin id="133" dir="0" index="9" bw="20" slack="0"/>
<pin id="134" dir="0" index="10" bw="20" slack="0"/>
<pin id="135" dir="0" index="11" bw="20" slack="0"/>
<pin id="136" dir="1" index="12" bw="216" slack="0"/>
</pin_list>
<bind>
<opcode="call(48) " fcode="call"/>
<opset="tmp/2 "/>
</bind>
</comp>

<comp id="149" class="1004" name="sX_2_load_load_fu_149">
<pin_list>
<pin id="150" dir="0" index="0" bw="32" slack="0"/>
<pin id="151" dir="1" index="1" bw="32" slack="0"/>
</pin_list>
<bind>
<opcode="load(27) " fcode="load"/>
<opset="sX_2_load/2 "/>
</bind>
</comp>

<comp id="153" class="1004" name="icmp_ln284_fu_153">
<pin_list>
<pin id="154" dir="0" index="0" bw="32" slack="0"/>
<pin id="155" dir="0" index="1" bw="3" slack="0"/>
<pin id="156" dir="1" index="2" bw="1" slack="1"/>
</pin_list>
<bind>
<opcode="icmp(45) " fcode="icmp"/>
<opset="icmp_ln284/2 "/>
</bind>
</comp>

<comp id="159" class="1004" name="sY_2_load_load_fu_159">
<pin_list>
<pin id="160" dir="0" index="0" bw="32" slack="0"/>
<pin id="161" dir="1" index="1" bw="32" slack="0"/>
</pin_list>
<bind>
<opcode="load(27) " fcode="load"/>
<opset="sY_2_load/2 "/>
</bind>
</comp>

<comp id="163" class="1004" name="pY_2_load_load_fu_163">
<pin_list>
<pin id="164" dir="0" index="0" bw="32" slack="0"/>
<pin id="165" dir="1" index="1" bw="32" slack="0"/>
</pin_list>
<bind>
<opcode="load(27) " fcode="load"/>
<opset="pY_2_load/2 "/>
</bind>
</comp>

<comp id="167" class="1004" name="pX_2_load_load_fu_167">
<pin_list>
<pin id="168" dir="0" index="0" bw="32" slack="0"/>
<pin id="169" dir="1" index="1" bw="32" slack="0"/>
</pin_list>
<bind>
<opcode="load(27) " fcode="load"/>
<opset="pX_2_load/2 "/>
</bind>
</comp>

<comp id="171" class="1004" name="icmp_ln284_1_fu_171">
<pin_list>
<pin id="172" dir="0" index="0" bw="32" slack="0"/>
<pin id="173" dir="0" index="1" bw="3" slack="0"/>
<pin id="174" dir="1" index="2" bw="1" slack="0"/>
</pin_list>
<bind>
<opcode="icmp(45) " fcode="icmp"/>
<opset="icmp_ln284_1/2 "/>
</bind>
</comp>

<comp id="177" class="1004" name="tmp_3_fu_177">
<pin_list>
<pin id="178" dir="0" index="0" bw="31" slack="0"/>
<pin id="179" dir="0" index="1" bw="32" slack="0"/>
<pin id="180" dir="0" index="2" bw="1" slack="0"/>
<pin id="181" dir="0" index="3" bw="6" slack="0"/>
<pin id="182" dir="1" index="4" bw="31" slack="0"/>
</pin_list>
<bind>
<opcode="partselect(1002) " fcode="partselect"/>
<opset="tmp_3/2 "/>
</bind>
</comp>

<comp id="187" class="1004" name="icmp_ln284_4_fu_187">
<pin_list>
<pin id="188" dir="0" index="0" bw="31" slack="0"/>
<pin id="189" dir="0" index="1" bw="1" slack="0"/>
<pin id="190" dir="1" index="2" bw="1" slack="0"/>
</pin_list>
<bind>
<opcode="icmp(45) " fcode="icmp"/>
<opset="icmp_ln284_4/2 "/>
</bind>
</comp>

<comp id="193" class="1004" name="tmp_4_fu_193">
<pin_list>
<pin id="194" dir="0" index="0" bw="31" slack="0"/>
<pin id="195" dir="0" index="1" bw="32" slack="0"/>
<pin id="196" dir="0" index="2" bw="1" slack="0"/>
<pin id="197" dir="0" index="3" bw="6" slack="0"/>
<pin id="198" dir="1" index="4" bw="31" slack="0"/>
</pin_list>
<bind>
<opcode="partselect(1002) " fcode="partselect"/>
<opset="tmp_4/2 "/>
</bind>
</comp>

<comp id="203" class="1004" name="icmp_ln284_5_fu_203">
<pin_list>
<pin id="204" dir="0" index="0" bw="31" slack="0"/>
<pin id="205" dir="0" index="1" bw="1" slack="0"/>
<pin id="206" dir="1" index="2" bw="1" slack="0"/>
</pin_list>
<bind>
<opcode="icmp(45) " fcode="icmp"/>
<opset="icmp_ln284_5/2 "/>
</bind>
</comp>

<comp id="209" class="1004" name="and_ln284_fu_209">
<pin_list>
<pin id="210" dir="0" index="0" bw="1" slack="0"/>
<pin id="211" dir="0" index="1" bw="1" slack="0"/>
<pin id="212" dir="1" index="2" bw="1" slack="0"/>
</pin_list>
<bind>
<opcode="and(23) " fcode="and"/>
<opset="and_ln284/2 "/>
</bind>
</comp>

<comp id="215" class="1004" name="and_ln284_1_fu_215">
<pin_list>
<pin id="216" dir="0" index="0" bw="1" slack="0"/>
<pin id="217" dir="0" index="1" bw="1" slack="0"/>
<pin id="218" dir="1" index="2" bw="1" slack="1"/>
</pin_list>
<bind>
<opcode="and(23) " fcode="and"/>
<opset="and_ln284_1/2 "/>
</bind>
</comp>

<comp id="221" class="1004" name="res_out_fu_221">
<pin_list>
<pin id="222" dir="0" index="0" bw="216" slack="0"/>
<pin id="223" dir="1" index="1" bw="18" slack="0"/>
</pin_list>
<bind>
<opcode="extractvalue(56) " fcode="extractvalue"/>
<opset="res_out/3 "/>
</bind>
</comp>

<comp id="225" class="1004" name="res_out_1_fu_225">
<pin_list>
<pin id="226" dir="0" index="0" bw="216" slack="0"/>
<pin id="227" dir="1" index="1" bw="18" slack="0"/>
</pin_list>
<bind>
<opcode="extractvalue(56) " fcode="extractvalue"/>
<opset="res_out_1/3 "/>
</bind>
</comp>

<comp id="229" class="1004" name="res_out_2_fu_229">
<pin_list>
<pin id="230" dir="0" index="0" bw="216" slack="0"/>
<pin id="231" dir="1" index="1" bw="18" slack="0"/>
</pin_list>
<bind>
<opcode="extractvalue(56) " fcode="extractvalue"/>
<opset="res_out_2/3 "/>
</bind>
</comp>

<comp id="233" class="1004" name="res_out_3_fu_233">
<pin_list>
<pin id="234" dir="0" index="0" bw="216" slack="0"/>
<pin id="235" dir="1" index="1" bw="18" slack="0"/>
</pin_list>
<bind>
<opcode="extractvalue(56) " fcode="extractvalue"/>
<opset="res_out_3/3 "/>
</bind>
</comp>

<comp id="237" class="1004" name="res_out_4_fu_237">
<pin_list>
<pin id="238" dir="0" index="0" bw="216" slack="0"/>
<pin id="239" dir="1" index="1" bw="18" slack="0"/>
</pin_list>
<bind>
<opcode="extractvalue(56) " fcode="extractvalue"/>
<opset="res_out_4/3 "/>
</bind>
</comp>

<comp id="241" class="1004" name="res_out_5_fu_241">
<pin_list>
<pin id="242" dir="0" index="0" bw="216" slack="0"/>
<pin id="243" dir="1" index="1" bw="18" slack="0"/>
</pin_list>
<bind>
<opcode="extractvalue(56) " fcode="extractvalue"/>
<opset="res_out_5/3 "/>
</bind>
</comp>

<comp id="245" class="1004" name="res_out_6_fu_245">
<pin_list>
<pin id="246" dir="0" index="0" bw="216" slack="0"/>
<pin id="247" dir="1" index="1" bw="18" slack="0"/>
</pin_list>
<bind>
<opcode="extractvalue(56) " fcode="extractvalue"/>
<opset="res_out_6/3 "/>
</bind>
</comp>

<comp id="249" class="1004" name="res_out_7_fu_249">
<pin_list>
<pin id="250" dir="0" index="0" bw="216" slack="0"/>
<pin id="251" dir="1" index="1" bw="18" slack="0"/>
</pin_list>
<bind>
<opcode="extractvalue(56) " fcode="extractvalue"/>
<opset="res_out_7/3 "/>
</bind>
</comp>

<comp id="253" class="1004" name="res_out_8_fu_253">
<pin_list>
<pin id="254" dir="0" index="0" bw="216" slack="0"/>
<pin id="255" dir="1" index="1" bw="18" slack="0"/>
</pin_list>
<bind>
<opcode="extractvalue(56) " fcode="extractvalue"/>
<opset="res_out_8/3 "/>
</bind>
</comp>

<comp id="257" class="1004" name="res_out_9_fu_257">
<pin_list>
<pin id="258" dir="0" index="0" bw="216" slack="0"/>
<pin id="259" dir="1" index="1" bw="18" slack="0"/>
</pin_list>
<bind>
<opcode="extractvalue(56) " fcode="extractvalue"/>
<opset="res_out_9/3 "/>
</bind>
</comp>

<comp id="261" class="1004" name="res_out_18_fu_261">
<pin_list>
<pin id="262" dir="0" index="0" bw="216" slack="0"/>
<pin id="263" dir="1" index="1" bw="18" slack="0"/>
</pin_list>
<bind>
<opcode="extractvalue(56) " fcode="extractvalue"/>
<opset="res_out_18/3 "/>
</bind>
</comp>

<comp id="265" class="1004" name="res_out_19_fu_265">
<pin_list>
<pin id="266" dir="0" index="0" bw="216" slack="0"/>
<pin id="267" dir="1" index="1" bw="18" slack="0"/>
</pin_list>
<bind>
<opcode="extractvalue(56) " fcode="extractvalue"/>
<opset="res_out_19/3 "/>
</bind>
</comp>

<comp id="269" class="1004" name="p_0_fu_269">
<pin_list>
<pin id="270" dir="0" index="0" bw="216" slack="0"/>
<pin id="271" dir="0" index="1" bw="18" slack="0"/>
<pin id="272" dir="0" index="2" bw="18" slack="0"/>
<pin id="273" dir="0" index="3" bw="18" slack="0"/>
<pin id="274" dir="0" index="4" bw="18" slack="0"/>
<pin id="275" dir="0" index="5" bw="18" slack="0"/>
<pin id="276" dir="0" index="6" bw="18" slack="0"/>
<pin id="277" dir="0" index="7" bw="18" slack="0"/>
<pin id="278" dir="0" index="8" bw="18" slack="0"/>
<pin id="279" dir="0" index="9" bw="18" slack="0"/>
<pin id="280" dir="0" index="10" bw="18" slack="0"/>
<pin id="281" dir="0" index="11" bw="18" slack="0"/>
<pin id="282" dir="0" index="12" bw="18" slack="0"/>
<pin id="283" dir="1" index="13" bw="216" slack="0"/>
</pin_list>
<bind>
<opcode="bitconcatenate(1004) " fcode="bitconcatenate"/>
<opset="p_0/3 "/>
</bind>
</comp>

<comp id="298" class="1004" name="add_ln303_fu_298">
<pin_list>
<pin id="299" dir="0" index="0" bw="32" slack="2147483647"/>
<pin id="300" dir="0" index="1" bw="1" slack="0"/>
<pin id="301" dir="1" index="2" bw="32" slack="0"/>
</pin_list>
<bind>
<opcode="add(8) " fcode="add"/>
<opset="add_ln303/3 "/>
</bind>
</comp>

<comp id="303" class="1004" name="icmp_ln303_fu_303">
<pin_list>
<pin id="304" dir="0" index="0" bw="32" slack="0"/>
<pin id="305" dir="0" index="1" bw="8" slack="0"/>
<pin id="306" dir="1" index="2" bw="1" slack="2147483647"/>
</pin_list>
<bind>
<opcode="icmp(45) " fcode="icmp"/>
<opset="icmp_ln303/3 "/>
</bind>
</comp>

<comp id="309" class="1004" name="store_ln316_store_fu_309">
<pin_list>
<pin id="310" dir="0" index="0" bw="32" slack="0"/>
<pin id="311" dir="0" index="1" bw="32" slack="0"/>
<pin id="312" dir="1" index="2" bw="0" slack="2147483647"/>
</pin_list>
<bind>
<opcode="store(28) " fcode="store"/>
<opset="store_ln316/3 "/>
</bind>
</comp>

<comp id="315" class="1004" name="select_ln318_fu_315">
<pin_list>
<pin id="316" dir="0" index="0" bw="1" slack="1"/>
<pin id="317" dir="0" index="1" bw="1" slack="0"/>
<pin id="318" dir="0" index="2" bw="1" slack="0"/>
<pin id="319" dir="1" index="3" bw="32" slack="0"/>
</pin_list>
<bind>
<opcode="select(49) " fcode="select"/>
<opset="select_ln318/3 "/>
</bind>
</comp>

<comp id="322" class="1004" name="add_ln318_fu_322">
<pin_list>
<pin id="323" dir="0" index="0" bw="32" slack="2147483647"/>
<pin id="324" dir="0" index="1" bw="32" slack="0"/>
<pin id="325" dir="1" index="2" bw="32" slack="0"/>
</pin_list>
<bind>
<opcode="add(8) " fcode="add"/>
<opset="add_ln318/3 "/>
</bind>
</comp>

<comp id="327" class="1004" name="store_ln318_store_fu_327">
<pin_list>
<pin id="328" dir="0" index="0" bw="32" slack="0"/>
<pin id="329" dir="0" index="1" bw="32" slack="0"/>
<pin id="330" dir="1" index="2" bw="0" slack="2147483647"/>
</pin_list>
<bind>
<opcode="store(28) " fcode="store"/>
<opset="store_ln318/3 "/>
</bind>
</comp>

<comp id="333" class="1004" name="store_ln305_store_fu_333">
<pin_list>
<pin id="334" dir="0" index="0" bw="1" slack="0"/>
<pin id="335" dir="0" index="1" bw="32" slack="0"/>
<pin id="336" dir="1" index="2" bw="0" slack="2147483647"/>
</pin_list>
<bind>
<opcode="store(28) " fcode="store"/>
<opset="store_ln305/3 "/>
</bind>
</comp>

<comp id="339" class="1004" name="store_ln306_store_fu_339">
<pin_list>
<pin id="340" dir="0" index="0" bw="1" slack="0"/>
<pin id="341" dir="0" index="1" bw="32" slack="0"/>
<pin id="342" dir="1" index="2" bw="0" slack="2147483647"/>
</pin_list>
<bind>
<opcode="store(28) " fcode="store"/>
<opset="store_ln306/3 "/>
</bind>
</comp>

<comp id="345" class="1004" name="add_ln307_fu_345">
<pin_list>
<pin id="346" dir="0" index="0" bw="32" slack="2147483647"/>
<pin id="347" dir="0" index="1" bw="1" slack="0"/>
<pin id="348" dir="1" index="2" bw="32" slack="0"/>
</pin_list>
<bind>
<opcode="add(8) " fcode="add"/>
<opset="add_ln307/3 "/>
</bind>
</comp>

<comp id="350" class="1004" name="icmp_ln307_fu_350">
<pin_list>
<pin id="351" dir="0" index="0" bw="32" slack="0"/>
<pin id="352" dir="0" index="1" bw="7" slack="0"/>
<pin id="353" dir="1" index="2" bw="1" slack="2147483647"/>
</pin_list>
<bind>
<opcode="icmp(45) " fcode="icmp"/>
<opset="icmp_ln307/3 "/>
</bind>
</comp>

<comp id="356" class="1004" name="store_ln311_store_fu_356">
<pin_list>
<pin id="357" dir="0" index="0" bw="32" slack="0"/>
<pin id="358" dir="0" index="1" bw="32" slack="0"/>
<pin id="359" dir="1" index="2" bw="0" slack="2147483647"/>
</pin_list>
<bind>
<opcode="store(28) " fcode="store"/>
<opset="store_ln311/3 "/>
</bind>
</comp>

<comp id="362" class="1004" name="icmp_ln313_fu_362">
<pin_list>
<pin id="363" dir="0" index="0" bw="32" slack="2147483647"/>
<pin id="364" dir="0" index="1" bw="3" slack="0"/>
<pin id="365" dir="1" index="2" bw="1" slack="0"/>
</pin_list>
<bind>
<opcode="icmp(45) " fcode="icmp"/>
<opset="icmp_ln313/3 "/>
</bind>
</comp>

<comp id="367" class="1004" name="select_ln313_fu_367">
<pin_list>
<pin id="368" dir="0" index="0" bw="1" slack="0"/>
<pin id="369" dir="0" index="1" bw="1" slack="0"/>
<pin id="370" dir="0" index="2" bw="1" slack="0"/>
<pin id="371" dir="1" index="3" bw="32" slack="0"/>
</pin_list>
<bind>
<opcode="select(49) " fcode="select"/>
<opset="select_ln313/3 "/>
</bind>
</comp>

<comp id="375" class="1004" name="add_ln313_fu_375">
<pin_list>
<pin id="376" dir="0" index="0" bw="32" slack="2147483647"/>
<pin id="377" dir="0" index="1" bw="32" slack="0"/>
<pin id="378" dir="1" index="2" bw="32" slack="0"/>
</pin_list>
<bind>
<opcode="add(8) " fcode="add"/>
<opset="add_ln313/3 "/>
</bind>
</comp>

<comp id="381" class="1004" name="store_ln308_store_fu_381">
<pin_list>
<pin id="382" dir="0" index="0" bw="1" slack="0"/>
<pin id="383" dir="0" index="1" bw="32" slack="0"/>
<pin id="384" dir="1" index="2" bw="0" slack="2147483647"/>
</pin_list>
<bind>
<opcode="store(28) " fcode="store"/>
<opset="store_ln308/3 "/>
</bind>
</comp>

<comp id="387" class="1004" name="store_ln309_store_fu_387">
<pin_list>
<pin id="388" dir="0" index="0" bw="32" slack="0"/>
<pin id="389" dir="0" index="1" bw="32" slack="0"/>
<pin id="390" dir="1" index="2" bw="0" slack="2147483647"/>
</pin_list>
<bind>
<opcode="store(28) " fcode="store"/>
<opset="store_ln309/3 "/>
</bind>
</comp>

<comp id="396" class="1005" name="icmp_ln284_reg_396">
<pin_list>
<pin id="397" dir="0" index="0" bw="1" slack="1"/>
<pin id="398" dir="1" index="1" bw="1" slack="1"/>
</pin_list>
<bind>
<opset="icmp_ln284 "/>
</bind>
</comp>

<comp id="410" class="1005" name="and_ln284_1_reg_410">
<pin_list>
<pin id="411" dir="0" index="0" bw="1" slack="1"/>
<pin id="412" dir="1" index="1" bw="1" slack="2147483647"/>
</pin_list>
<bind>
<opset="and_ln284_1 "/>
</bind>
</comp>

</comp_list>

<net_list>
<net id="76"><net_src comp="38" pin="0"/><net_sink comp="72" pin=0"/></net>

<net id="77"><net_src comp="0" pin="0"/><net_sink comp="72" pin=1"/></net>

<net id="83"><net_src comp="66" pin="0"/><net_sink comp="78" pin=0"/></net>

<net id="84"><net_src comp="2" pin="0"/><net_sink comp="78" pin=1"/></net>

<net id="94"><net_src comp="46" pin="0"/><net_sink comp="88" pin=2"/></net>

<net id="110"><net_src comp="40" pin="0"/><net_sink comp="95" pin=0"/></net>

<net id="111"><net_src comp="72" pin="2"/><net_sink comp="95" pin=1"/></net>

<net id="112"><net_src comp="4" pin="0"/><net_sink comp="95" pin=2"/></net>

<net id="113"><net_src comp="6" pin="0"/><net_sink comp="95" pin=3"/></net>

<net id="114"><net_src comp="8" pin="0"/><net_sink comp="95" pin=4"/></net>

<net id="115"><net_src comp="10" pin="0"/><net_sink comp="95" pin=5"/></net>

<net id="116"><net_src comp="12" pin="0"/><net_sink comp="95" pin=6"/></net>

<net id="117"><net_src comp="14" pin="0"/><net_sink comp="95" pin=7"/></net>

<net id="118"><net_src comp="16" pin="0"/><net_sink comp="95" pin=8"/></net>

<net id="119"><net_src comp="18" pin="0"/><net_sink comp="95" pin=9"/></net>

<net id="120"><net_src comp="20" pin="0"/><net_sink comp="95" pin=10"/></net>

<net id="121"><net_src comp="22" pin="0"/><net_sink comp="95" pin=11"/></net>

<net id="122"><net_src comp="24" pin="0"/><net_sink comp="95" pin=12"/></net>

<net id="137"><net_src comp="62" pin="0"/><net_sink comp="123" pin=0"/></net>

<net id="138"><net_src comp="34" pin="0"/><net_sink comp="123" pin=1"/></net>

<net id="139"><net_src comp="36" pin="0"/><net_sink comp="123" pin=2"/></net>

<net id="140"><net_src comp="6" pin="0"/><net_sink comp="123" pin=3"/></net>

<net id="141"><net_src comp="4" pin="0"/><net_sink comp="123" pin=4"/></net>

<net id="142"><net_src comp="16" pin="0"/><net_sink comp="123" pin=5"/></net>

<net id="143"><net_src comp="10" pin="0"/><net_sink comp="123" pin=6"/></net>

<net id="144"><net_src comp="8" pin="0"/><net_sink comp="123" pin=7"/></net>

<net id="145"><net_src comp="18" pin="0"/><net_sink comp="123" pin=8"/></net>

<net id="146"><net_src comp="14" pin="0"/><net_sink comp="123" pin=9"/></net>

<net id="147"><net_src comp="12" pin="0"/><net_sink comp="123" pin=10"/></net>

<net id="148"><net_src comp="20" pin="0"/><net_sink comp="123" pin=11"/></net>

<net id="152"><net_src comp="26" pin="0"/><net_sink comp="149" pin=0"/></net>

<net id="157"><net_src comp="149" pin="1"/><net_sink comp="153" pin=0"/></net>

<net id="158"><net_src comp="52" pin="0"/><net_sink comp="153" pin=1"/></net>

<net id="162"><net_src comp="28" pin="0"/><net_sink comp="159" pin=0"/></net>

<net id="166"><net_src comp="30" pin="0"/><net_sink comp="163" pin=0"/></net>

<net id="170"><net_src comp="32" pin="0"/><net_sink comp="167" pin=0"/></net>

<net id="175"><net_src comp="159" pin="1"/><net_sink comp="171" pin=0"/></net>

<net id="176"><net_src comp="52" pin="0"/><net_sink comp="171" pin=1"/></net>

<net id="183"><net_src comp="54" pin="0"/><net_sink comp="177" pin=0"/></net>

<net id="184"><net_src comp="163" pin="1"/><net_sink comp="177" pin=1"/></net>

<net id="185"><net_src comp="56" pin="0"/><net_sink comp="177" pin=2"/></net>

<net id="186"><net_src comp="58" pin="0"/><net_sink comp="177" pin=3"/></net>

<net id="191"><net_src comp="177" pin="4"/><net_sink comp="187" pin=0"/></net>

<net id="192"><net_src comp="60" pin="0"/><net_sink comp="187" pin=1"/></net>

<net id="199"><net_src comp="54" pin="0"/><net_sink comp="193" pin=0"/></net>

<net id="200"><net_src comp="167" pin="1"/><net_sink comp="193" pin=1"/></net>

<net id="201"><net_src comp="56" pin="0"/><net_sink comp="193" pin=2"/></net>

<net id="202"><net_src comp="58" pin="0"/><net_sink comp="193" pin=3"/></net>

<net id="207"><net_src comp="193" pin="4"/><net_sink comp="203" pin=0"/></net>

<net id="208"><net_src comp="60" pin="0"/><net_sink comp="203" pin=1"/></net>

<net id="213"><net_src comp="187" pin="2"/><net_sink comp="209" pin=0"/></net>

<net id="214"><net_src comp="203" pin="2"/><net_sink comp="209" pin=1"/></net>

<net id="219"><net_src comp="209" pin="2"/><net_sink comp="215" pin=0"/></net>

<net id="220"><net_src comp="171" pin="2"/><net_sink comp="215" pin=1"/></net>

<net id="224"><net_src comp="123" pin="12"/><net_sink comp="221" pin=0"/></net>

<net id="228"><net_src comp="123" pin="12"/><net_sink comp="225" pin=0"/></net>

<net id="232"><net_src comp="123" pin="12"/><net_sink comp="229" pin=0"/></net>

<net id="236"><net_src comp="123" pin="12"/><net_sink comp="233" pin=0"/></net>

<net id="240"><net_src comp="123" pin="12"/><net_sink comp="237" pin=0"/></net>

<net id="244"><net_src comp="123" pin="12"/><net_sink comp="241" pin=0"/></net>

<net id="248"><net_src comp="123" pin="12"/><net_sink comp="245" pin=0"/></net>

<net id="252"><net_src comp="123" pin="12"/><net_sink comp="249" pin=0"/></net>

<net id="256"><net_src comp="123" pin="12"/><net_sink comp="253" pin=0"/></net>

<net id="260"><net_src comp="123" pin="12"/><net_sink comp="257" pin=0"/></net>

<net id="264"><net_src comp="123" pin="12"/><net_sink comp="261" pin=0"/></net>

<net id="268"><net_src comp="123" pin="12"/><net_sink comp="265" pin=0"/></net>

<net id="284"><net_src comp="64" pin="0"/><net_sink comp="269" pin=0"/></net>

<net id="285"><net_src comp="265" pin="1"/><net_sink comp="269" pin=1"/></net>

<net id="286"><net_src comp="261" pin="1"/><net_sink comp="269" pin=2"/></net>

<net id="287"><net_src comp="257" pin="1"/><net_sink comp="269" pin=3"/></net>

<net id="288"><net_src comp="253" pin="1"/><net_sink comp="269" pin=4"/></net>

<net id="289"><net_src comp="249" pin="1"/><net_sink comp="269" pin=5"/></net>

<net id="290"><net_src comp="245" pin="1"/><net_sink comp="269" pin=6"/></net>

<net id="291"><net_src comp="241" pin="1"/><net_sink comp="269" pin=7"/></net>

<net id="292"><net_src comp="237" pin="1"/><net_sink comp="269" pin=8"/></net>

<net id="293"><net_src comp="233" pin="1"/><net_sink comp="269" pin=9"/></net>

<net id="294"><net_src comp="229" pin="1"/><net_sink comp="269" pin=10"/></net>

<net id="295"><net_src comp="225" pin="1"/><net_sink comp="269" pin=11"/></net>

<net id="296"><net_src comp="221" pin="1"/><net_sink comp="269" pin=12"/></net>

<net id="297"><net_src comp="269" pin="13"/><net_sink comp="78" pin=2"/></net>

<net id="302"><net_src comp="56" pin="0"/><net_sink comp="298" pin=1"/></net>

<net id="307"><net_src comp="298" pin="2"/><net_sink comp="303" pin=0"/></net>

<net id="308"><net_src comp="68" pin="0"/><net_sink comp="303" pin=1"/></net>

<net id="313"><net_src comp="298" pin="2"/><net_sink comp="309" pin=0"/></net>

<net id="314"><net_src comp="32" pin="0"/><net_sink comp="309" pin=1"/></net>

<net id="320"><net_src comp="50" pin="0"/><net_sink comp="315" pin=1"/></net>

<net id="321"><net_src comp="56" pin="0"/><net_sink comp="315" pin=2"/></net>

<net id="326"><net_src comp="315" pin="3"/><net_sink comp="322" pin=1"/></net>

<net id="331"><net_src comp="322" pin="2"/><net_sink comp="327" pin=0"/></net>

<net id="332"><net_src comp="26" pin="0"/><net_sink comp="327" pin=1"/></net>

<net id="337"><net_src comp="46" pin="0"/><net_sink comp="333" pin=0"/></net>

<net id="338"><net_src comp="32" pin="0"/><net_sink comp="333" pin=1"/></net>

<net id="343"><net_src comp="46" pin="0"/><net_sink comp="339" pin=0"/></net>

<net id="344"><net_src comp="26" pin="0"/><net_sink comp="339" pin=1"/></net>

<net id="349"><net_src comp="56" pin="0"/><net_sink comp="345" pin=1"/></net>

<net id="354"><net_src comp="345" pin="2"/><net_sink comp="350" pin=0"/></net>

<net id="355"><net_src comp="70" pin="0"/><net_sink comp="350" pin=1"/></net>

<net id="360"><net_src comp="345" pin="2"/><net_sink comp="356" pin=0"/></net>

<net id="361"><net_src comp="30" pin="0"/><net_sink comp="356" pin=1"/></net>

<net id="366"><net_src comp="52" pin="0"/><net_sink comp="362" pin=1"/></net>

<net id="372"><net_src comp="362" pin="2"/><net_sink comp="367" pin=0"/></net>

<net id="373"><net_src comp="50" pin="0"/><net_sink comp="367" pin=1"/></net>

<net id="374"><net_src comp="56" pin="0"/><net_sink comp="367" pin=2"/></net>

<net id="379"><net_src comp="367" pin="3"/><net_sink comp="375" pin=1"/></net>

<net id="380"><net_src comp="375" pin="2"/><net_sink comp="88" pin=0"/></net>

<net id="385"><net_src comp="46" pin="0"/><net_sink comp="381" pin=0"/></net>

<net id="386"><net_src comp="30" pin="0"/><net_sink comp="381" pin=1"/></net>

<net id="391"><net_src comp="88" pin="4"/><net_sink comp="387" pin=0"/></net>

<net id="392"><net_src comp="28" pin="0"/><net_sink comp="387" pin=1"/></net>

<net id="399"><net_src comp="153" pin="2"/><net_sink comp="396" pin=0"/></net>

<net id="400"><net_src comp="396" pin="1"/><net_sink comp="315" pin=0"/></net>

<net id="413"><net_src comp="215" pin="2"/><net_sink comp="410" pin=0"/></net>

</net_list>

</model> 
---------------- Datapath Model END ------------------

* FSMD analyzer results:
  - Output states:
	Port: layer2_out | {3 }
	Port: void_compute_output_buffer_2d_array_const_ap_shift_reg_n_chan_stream_weig_7 | {1 }
	Port: void_compute_output_buffer_2d_array_const_ap_shift_reg_n_chan_stream_weig_8 | {1 }
	Port: void_compute_output_buffer_2d_array_const_ap_shift_reg_n_chan_stream_weig_4 | {1 }
	Port: void_compute_output_buffer_2d_array_const_ap_shift_reg_n_chan_stream_weig_5 | {1 }
	Port: void_compute_output_buffer_2d_array_const_ap_shift_reg_n_chan_stream_weig_1 | {1 }
	Port: void_compute_output_buffer_2d_array_const_ap_shift_reg_n_chan_stream_weig_2 | {1 }
	Port: void_compute_output_buffer_2d_array_const_ap_shift_reg_n_chan_stream_weig_6 | {1 }
	Port: void_compute_output_buffer_2d_array_const_ap_shift_reg_n_chan_stream_weig_3 | {1 }
	Port: void_compute_output_buffer_2d_array_const_ap_shift_reg_n_chan_stream_weig | {1 }
	Port: void_conv_2d_buffer_resource_cl_stream_stream_weight_t_bias_t_line_buffer_1 | {1 }
	Port: void_conv_2d_buffer_resource_cl_stream_stream_weight_t_bias_t_line_buffer | {1 }
	Port: sX_2 | {3 }
	Port: sY_2 | {3 }
	Port: pY_2 | {3 }
	Port: pX_2 | {3 }
 - Input state : 
	Port: compute_output_buffer_2d<array,array<ap_fixed<18,8,5,3,0>,12u>,config2> : in_elem_0_0_0_0_0_val | {1 }
	Port: compute_output_buffer_2d<array,array<ap_fixed<18,8,5,3,0>,12u>,config2> : void_compute_output_buffer_2d_array_const_ap_shift_reg_n_chan_stream_weig_7 | {1 2 3 }
	Port: compute_output_buffer_2d<array,array<ap_fixed<18,8,5,3,0>,12u>,config2> : void_compute_output_buffer_2d_array_const_ap_shift_reg_n_chan_stream_weig_8 | {2 3 }
	Port: compute_output_buffer_2d<array,array<ap_fixed<18,8,5,3,0>,12u>,config2> : void_compute_output_buffer_2d_array_const_ap_shift_reg_n_chan_stream_weig_4 | {1 2 3 }
	Port: compute_output_buffer_2d<array,array<ap_fixed<18,8,5,3,0>,12u>,config2> : void_compute_output_buffer_2d_array_const_ap_shift_reg_n_chan_stream_weig_5 | {2 3 }
	Port: compute_output_buffer_2d<array,array<ap_fixed<18,8,5,3,0>,12u>,config2> : void_compute_output_buffer_2d_array_const_ap_shift_reg_n_chan_stream_weig_1 | {1 2 3 }
	Port: compute_output_buffer_2d<array,array<ap_fixed<18,8,5,3,0>,12u>,config2> : void_compute_output_buffer_2d_array_const_ap_shift_reg_n_chan_stream_weig_2 | {2 3 }
	Port: compute_output_buffer_2d<array,array<ap_fixed<18,8,5,3,0>,12u>,config2> : void_compute_output_buffer_2d_array_const_ap_shift_reg_n_chan_stream_weig_6 | {1 2 3 }
	Port: compute_output_buffer_2d<array,array<ap_fixed<18,8,5,3,0>,12u>,config2> : void_compute_output_buffer_2d_array_const_ap_shift_reg_n_chan_stream_weig_3 | {1 2 3 }
	Port: compute_output_buffer_2d<array,array<ap_fixed<18,8,5,3,0>,12u>,config2> : void_compute_output_buffer_2d_array_const_ap_shift_reg_n_chan_stream_weig | {1 2 3 }
	Port: compute_output_buffer_2d<array,array<ap_fixed<18,8,5,3,0>,12u>,config2> : void_conv_2d_buffer_resource_cl_stream_stream_weight_t_bias_t_line_buffer_1 | {1 }
	Port: compute_output_buffer_2d<array,array<ap_fixed<18,8,5,3,0>,12u>,config2> : void_conv_2d_buffer_resource_cl_stream_stream_weight_t_bias_t_line_buffer | {1 }
	Port: compute_output_buffer_2d<array,array<ap_fixed<18,8,5,3,0>,12u>,config2> : sX_2 | {2 }
	Port: compute_output_buffer_2d<array,array<ap_fixed<18,8,5,3,0>,12u>,config2> : sY_2 | {2 }
	Port: compute_output_buffer_2d<array,array<ap_fixed<18,8,5,3,0>,12u>,config2> : pY_2 | {2 }
	Port: compute_output_buffer_2d<array,array<ap_fixed<18,8,5,3,0>,12u>,config2> : pX_2 | {2 }
	Port: compute_output_buffer_2d<array,array<ap_fixed<18,8,5,3,0>,12u>,config2> : outidx_63 | {2 3 }
	Port: compute_output_buffer_2d<array,array<ap_fixed<18,8,5,3,0>,12u>,config2> : w2 | {2 3 }
  - Chain level:
	State 1
	State 2
		icmp_ln284 : 1
		br_ln284 : 2
		icmp_ln284_1 : 1
		tmp_3 : 1
		icmp_ln284_4 : 2
		tmp_4 : 1
		icmp_ln284_5 : 2
		and_ln284 : 3
		and_ln284_1 : 3
		br_ln284 : 3
	State 3
		res_out : 1
		res_out_1 : 1
		res_out_2 : 1
		res_out_3 : 1
		res_out_4 : 1
		res_out_5 : 1
		res_out_6 : 1
		res_out_7 : 1
		res_out_8 : 1
		res_out_9 : 1
		res_out_18 : 1
		res_out_19 : 1
		p_0 : 2
		write_ln299 : 3
		icmp_ln303 : 1
		br_ln303 : 2
		store_ln316 : 1
		add_ln318 : 1
		store_ln318 : 2
		icmp_ln307 : 1
		br_ln307 : 2
		store_ln311 : 1
		select_ln313 : 1
		add_ln313 : 2
		storemerge : 3
		store_ln309 : 4


============================================================
+ Verbose Summary: Datapath Resource usage 
============================================================

* Functional unit list:
|----------|--------------------------------------------------------------------------------------|---------|---------|---------|---------|
| Operation|                                    Functional Unit                                   |   DSP   |  Delay  |    FF   |   LUT   |
|----------|--------------------------------------------------------------------------------------|---------|---------|---------|---------|
|   call   |      call_ln281_shift_line_buffer_array_ap_fixed_20_10_5_3_0_1u_config2_s_fu_95      |    0    |    0    |    0    |    0    |
|          | grp_dense_resource_rf_gt_nin_rem0_ap_fixed_ap_fixed_18_8_5_3_0_config2_mult_s_fu_123 |    1    |  3.176  |   1599  |   348   |
|----------|--------------------------------------------------------------------------------------|---------|---------|---------|---------|
|          |                                   icmp_ln284_fu_153                                  |    0    |    0    |    0    |    39   |
|          |                                  icmp_ln284_1_fu_171                                 |    0    |    0    |    0    |    39   |
|          |                                  icmp_ln284_4_fu_187                                 |    0    |    0    |    0    |    38   |
|   icmp   |                                  icmp_ln284_5_fu_203                                 |    0    |    0    |    0    |    38   |
|          |                                   icmp_ln303_fu_303                                  |    0    |    0    |    0    |    39   |
|          |                                   icmp_ln307_fu_350                                  |    0    |    0    |    0    |    39   |
|          |                                   icmp_ln313_fu_362                                  |    0    |    0    |    0    |    39   |
|----------|--------------------------------------------------------------------------------------|---------|---------|---------|---------|
|          |                                   add_ln303_fu_298                                   |    0    |    0    |    0    |    39   |
|    add   |                                   add_ln318_fu_322                                   |    0    |    0    |    0    |    39   |
|          |                                   add_ln307_fu_345                                   |    0    |    0    |    0    |    39   |
|          |                                   add_ln313_fu_375                                   |    0    |    0    |    0    |    39   |
|----------|--------------------------------------------------------------------------------------|---------|---------|---------|---------|
|    and   |                                   and_ln284_fu_209                                   |    0    |    0    |    0    |    2    |
|          |                                  and_ln284_1_fu_215                                  |    0    |    0    |    0    |    2    |
|----------|--------------------------------------------------------------------------------------|---------|---------|---------|---------|
|  select  |                                  select_ln318_fu_315                                 |    0    |    0    |    0    |    2    |
|          |                                  select_ln313_fu_367                                 |    0    |    0    |    0    |    2    |
|----------|--------------------------------------------------------------------------------------|---------|---------|---------|---------|
|   read   |                         in_elem_0_0_0_0_0_val_read_read_fu_72                        |    0    |    0    |    0    |    0    |
|----------|--------------------------------------------------------------------------------------|---------|---------|---------|---------|
|   write  |                                write_ln299_write_fu_78                               |    0    |    0    |    0    |    0    |
|----------|--------------------------------------------------------------------------------------|---------|---------|---------|---------|
|partselect|                                     tmp_3_fu_177                                     |    0    |    0    |    0    |    0    |
|          |                                     tmp_4_fu_193                                     |    0    |    0    |    0    |    0    |
|----------|--------------------------------------------------------------------------------------|---------|---------|---------|---------|
|          |                                    res_out_fu_221                                    |    0    |    0    |    0    |    0    |
|          |                                   res_out_1_fu_225                                   |    0    |    0    |    0    |    0    |
|          |                                   res_out_2_fu_229                                   |    0    |    0    |    0    |    0    |
|          |                                   res_out_3_fu_233                                   |    0    |    0    |    0    |    0    |
|          |                                   res_out_4_fu_237                                   |    0    |    0    |    0    |    0    |
|extractvalue|                                   res_out_5_fu_241                                   |    0    |    0    |    0    |    0    |
|          |                                   res_out_6_fu_245                                   |    0    |    0    |    0    |    0    |
|          |                                   res_out_7_fu_249                                   |    0    |    0    |    0    |    0    |
|          |                                   res_out_8_fu_253                                   |    0    |    0    |    0    |    0    |
|          |                                   res_out_9_fu_257                                   |    0    |    0    |    0    |    0    |
|          |                                   res_out_18_fu_261                                  |    0    |    0    |    0    |    0    |
|          |                                   res_out_19_fu_265                                  |    0    |    0    |    0    |    0    |
|----------|--------------------------------------------------------------------------------------|---------|---------|---------|---------|
|bitconcatenate|                                      p_0_fu_269                                      |    0    |    0    |    0    |    0    |
|----------|--------------------------------------------------------------------------------------|---------|---------|---------|---------|
|   Total  |                                                                                      |    1    |  3.176  |   1599  |   783   |
|----------|--------------------------------------------------------------------------------------|---------|---------|---------|---------|

Memories:
N/A

* Register list:
+-------------------+--------+
|                   |   FF   |
+-------------------+--------+
|and_ln284_1_reg_410|    1   |
| icmp_ln284_reg_396|    1   |
| storemerge_reg_85 |   32   |
+-------------------+--------+
|       Total       |   34   |
+-------------------+--------+

* Multiplexer (MUX) list: 
|--------|------|------|------|--------|
|  Comp  |  Pin | Size |  BW  | S x BW |
|--------|------|------|------|--------|
|  Total |      |      |      |    0   |
|--------|------|------|------|--------|



* Summary:
+-----------+--------+--------+--------+--------+
|           |   DSP  |  Delay |   FF   |   LUT  |
+-----------+--------+--------+--------+--------+
|  Function |    1   |    3   |  1599  |   783  |
|   Memory  |    -   |    -   |    -   |    -   |
|Multiplexer|    -   |    -   |    -   |    -   |
|  Register |    -   |    -   |   34   |    -   |
+-----------+--------+--------+--------+--------+
|   Total   |    1   |    3   |  1633  |   783  |
+-----------+--------+--------+--------+--------+
