

================================================================
== Vitis HLS Report for 'conv_2d_cl_array_ap_fixed_1u_array_ap_fixed_18_8_5_3_0_12u_config2_s'
================================================================
* Date:           Sun Aug 30 16:00:06 2026

* Version:        2024.1 (Build 5069499 on May 21 2024)
* Project:        myproject_prj
* Solution:       solution1 (Vivado IP Flow Target)
* Product family: zynq
* Target device:  xc7z020-clg400-1


================================================================
== Performance Estimates
================================================================
+ Timing: 
    * Summary: 
    +--------+----------+-----------+------------+
    |  Clock |  Target  | Estimated | Uncertainty|
    +--------+----------+-----------+------------+
    |ap_clk  |  20.00 ns|  14.552 ns|     5.40 ns|
    +--------+----------+-----------+------------+

+ Latency: 
    * Summary: 
    +---------+---------+----------+----------+-------+--------+---------+
    |  Latency (cycles) |  Latency (absolute) |    Interval    | Pipeline|
    |   min   |   max   |    min   |    max   |  min  |   max  |   Type  |
    +---------+---------+----------+----------+-------+--------+---------+
    |    16893|   481423|  0.338 ms|  9.628 ms|  16893|  481423|       no|
    +---------+---------+----------+----------+-------+--------+---------+

    + Detail: 
        * Instance: 
        +----------------------------------------------------------------------------------+------------------------------------------------------------------------+---------+---------+-----------+----------+-----+-----+---------+
        |                                                                                  |                                                                        |  Latency (cycles) |  Latency (absolute)  |  Interval | Pipeline|
        |                                     Instance                                     |                                 Module                                 |   min   |   max   |    min    |    max   | min | max |   Type  |
        +----------------------------------------------------------------------------------+------------------------------------------------------------------------+---------+---------+-----------+----------+-----+-----+---------+
        |grp_compute_output_buffer_2d_array_array_ap_fixed_18_8_5_3_0_12u_config2_s_fu_78  |compute_output_buffer_2d_array_array_ap_fixed_18_8_5_3_0_12u_config2_s  |        2|      112|  40.000 ns|  2.240 us|    2|  112|       no|
        +----------------------------------------------------------------------------------+------------------------------------------------------------------------+---------+---------+-----------+----------+-----+-----+---------+

        * Loop: 
        +----------------------------------+---------+---------+----------+-----------+-----------+------+----------+
        |                                  |  Latency (cycles) | Iteration|  Initiation Interval  | Trip |          |
        |             Loop Name            |   min   |   max   |  Latency |  achieved |   target  | Count| Pipelined|
        +----------------------------------+---------+---------+----------+-----------+-----------+------+----------+
        |- ReadInputHeight_ReadInputWidth  |    16892|   481422|   4 ~ 114|          -|          -|  4223|        no|
        +----------------------------------+---------+---------+----------+-----------+-----------+------+----------+

============================================================
+ Verbose Summary: Synthesis Manager
============================================================
InlineROM: 1
ExposeGlobal: 0
============================================================
+ Verbose Summary: CDFG Model
============================================================
IsTopModel: 0
ResetActiveHigh: 1
IsCombinational: 2
IsDatapathOnly: 0
HasWiredReturn: 1
HasMFsm: 0
HasVarLatency: 1
IsPipeline: 0
IsRtlPipelined: 0
IsInstanceOverlapped: 0
IsDontTouch: 0
HasImplIP: 0
IsGatedGlobalClock: 0


============================================================
+ Verbose Summary: Schedule
============================================================
* Number of FSM states : 3
* Pipeline : 0
* Dataflow Pipeline: 0

* FSM state transitions: 
1 --> 2 
2 --> 3 
3 --> 2 

* FSM state operations: 

State 1 <SV = 0> <Delay = 1.58>
ST_1 : Operation 4 [1/1] (0.00ns)   --->   "%indvar_flatten = alloca i32 1"   --->   Operation 4 'alloca' 'indvar_flatten' <Predicate = true> <Delay = 0.00>
ST_1 : Operation 5 [1/1] (0.00ns)   --->   "%specinterface_ln0 = specinterface void @_ssdm_op_SpecInterface, i216 %layer2_out, void @empty_6, i32 0, i32 0, void @empty_5, i32 0, i32 0, void @empty_5, void @empty_5, void @empty_5, i32 0, i32 0, i32 0, i32 0, void @empty_5, void @empty_5, i32 4294967295, i32 0, i32 0"   --->   Operation 5 'specinterface' 'specinterface_ln0' <Predicate = true> <Delay = 0.00>
ST_1 : Operation 6 [1/1] (0.00ns)   --->   "%specinterface_ln0 = specinterface void @_ssdm_op_SpecInterface, i20 %layer13_out, void @empty_6, i32 0, i32 0, void @empty_5, i32 0, i32 0, void @empty_5, void @empty_5, void @empty_5, i32 0, i32 0, i32 0, i32 0, void @empty_5, void @empty_5, i32 4294967295, i32 0, i32 0"   --->   Operation 6 'specinterface' 'specinterface_ln0' <Predicate = true> <Delay = 0.00>
ST_1 : Operation 7 [1/1] (1.58ns)   --->   "%store_ln0 = store i13 0, i13 %indvar_flatten"   --->   Operation 7 'store' 'store_ln0' <Predicate = true> <Delay = 1.58>
ST_1 : Operation 8 [1/1] (0.00ns)   --->   "%br_ln52 = br void %for.body12.i" [firmware/nnet_utils/nnet_conv2d_stream.h:52->firmware/nnet_utils/nnet_conv2d_stream.h:78]   --->   Operation 8 'br' 'br_ln52' <Predicate = true> <Delay = 0.00>

State 2 <SV = 1> <Delay = 5.18>
ST_2 : Operation 9 [1/1] (0.00ns)   --->   "%indvar_flatten_load = load i13 %indvar_flatten" [firmware/nnet_utils/nnet_conv2d_stream.h:52->firmware/nnet_utils/nnet_conv2d_stream.h:78]   --->   Operation 9 'load' 'indvar_flatten_load' <Predicate = true> <Delay = 0.00>
ST_2 : Operation 10 [1/1] (1.67ns)   --->   "%icmp_ln52 = icmp_eq  i13 %indvar_flatten_load, i13 4223" [firmware/nnet_utils/nnet_conv2d_stream.h:52->firmware/nnet_utils/nnet_conv2d_stream.h:78]   --->   Operation 10 'icmp' 'icmp_ln52' <Predicate = true> <Delay = 1.67> <CoreInst = "Cmp">   --->   Core 9 'Cmp' <Latency = 0> <II = 1> <Delay = 1.67> <FuncUnit> <Opcode : 'seteq' 'setne' 'setle' 'setge' 'setlt' 'setgt'> <InPorts = 2> <OutPorts = 1>
ST_2 : Operation 11 [1/1] (1.67ns)   --->   "%add_ln52 = add i13 %indvar_flatten_load, i13 1" [firmware/nnet_utils/nnet_conv2d_stream.h:52->firmware/nnet_utils/nnet_conv2d_stream.h:78]   --->   Operation 11 'add' 'add_ln52' <Predicate = true> <Delay = 1.67> <CoreInst = "Adder">   --->   Core 1 'Adder' <Latency = 0> <II = 1> <Delay = 1.67> <FuncUnit> <Opcode : 'add' 'sub'> <InPorts = 2> <OutPorts = 1>
ST_2 : Operation 12 [1/1] (0.00ns)   --->   "%br_ln52 = br i1 %icmp_ln52, void %for.cond.cleanup11.i, void %_ZN4nnet26conv_2d_buffer_resource_clINS_5arrayI8ap_fixedILi20ELi10EL9ap_q_mode5EL9ap_o_mode3ELi0EELj1EEENS1_IS2_ILi18ELi8ELS3_5ELS4_3ELi0EELj12EEE7config2EEvRN3hls6streamIT_Li0EEERNSB_IT0_Li0EEEPNT1_8weight_tEPNSI_6bias_tE.29.exit" [firmware/nnet_utils/nnet_conv2d_stream.h:52->firmware/nnet_utils/nnet_conv2d_stream.h:78]   --->   Operation 12 'br' 'br_ln52' <Predicate = true> <Delay = 0.00>
ST_2 : Operation 13 [1/1] (3.50ns)   --->   "%layer13_out_read = read i20 @_ssdm_op_Read.ap_fifo.volatile.i20P0A, i20 %layer13_out" [firmware/nnet_utils/nnet_conv2d_stream.h:58->firmware/nnet_utils/nnet_conv2d_stream.h:78]   --->   Operation 13 'read' 'layer13_out_read' <Predicate = (!icmp_ln52)> <Delay = 3.50> <CoreInst = "FIFO">   --->   Core 77 'FIFO' <Latency = 0> <II = 1> <Delay = 3.50> <Storage> <Opcode : 'read' 'write' 'nbread' 'nbwrite'> <Ports = 0> <Width = 20> <Depth = 4223> <FIFO>
ST_2 : Operation 14 [2/2] (0.00ns)   --->   "%call_ln58 = call void @compute_output_buffer_2d<array,array<ap_fixed<18,8,5,3,0>,12u>,config2>, i20 %layer13_out_read, i216 %layer2_out, i20 %void_compute_output_buffer_2d_array_const_ap_shift_reg_n_chan_stream_weig_7, i20 %void_compute_output_buffer_2d_array_const_ap_shift_reg_n_chan_stream_weig_8, i20 %void_compute_output_buffer_2d_array_const_ap_shift_reg_n_chan_stream_weig_4, i20 %void_compute_output_buffer_2d_array_const_ap_shift_reg_n_chan_stream_weig_5, i20 %void_compute_output_buffer_2d_array_const_ap_shift_reg_n_chan_stream_weig_1, i20 %void_compute_output_buffer_2d_array_const_ap_shift_reg_n_chan_stream_weig_2, i20 %void_compute_output_buffer_2d_array_const_ap_shift_reg_n_chan_stream_weig_6, i20 %void_compute_output_buffer_2d_array_const_ap_shift_reg_n_chan_stream_weig_3, i20 %void_compute_output_buffer_2d_array_const_ap_shift_reg_n_chan_stream_weig, i20 %void_conv_2d_buffer_resource_cl_stream_stream_weight_t_bias_t_line_buffer_1, i20 %void_conv_2d_buffer_resource_cl_stream_stream_weight_t_bias_t_line_buffer, i32 %sX_2, i32 %sY_2, i32 %pY_2, i32 %pX_2, i4 %outidx_63, i11 %w2" [firmware/nnet_utils/nnet_conv2d_stream.h:58->firmware/nnet_utils/nnet_conv2d_stream.h:78]   --->   Operation 14 'call' 'call_ln58' <Predicate = (!icmp_ln52)> <Delay = 0.00> <CoreType = "Generic">   --->   Core 0 '' <Latency = 0> <II = 1> <Delay = 1.00> <Generic> <Opcode : >
ST_2 : Operation 15 [1/1] (1.58ns)   --->   "%store_ln52 = store i13 %add_ln52, i13 %indvar_flatten" [firmware/nnet_utils/nnet_conv2d_stream.h:52->firmware/nnet_utils/nnet_conv2d_stream.h:78]   --->   Operation 15 'store' 'store_ln52' <Predicate = (!icmp_ln52)> <Delay = 1.58>
ST_2 : Operation 16 [1/1] (0.00ns)   --->   "%ret_ln82 = ret" [firmware/nnet_utils/nnet_conv2d_stream.h:82]   --->   Operation 16 'ret' 'ret_ln82' <Predicate = (icmp_ln52)> <Delay = 0.00>

State 3 <SV = 2> <Delay = 0.00>
ST_3 : Operation 17 [1/1] (0.00ns)   --->   "%specloopname_ln0 = specloopname void @_ssdm_op_SpecLoopName, void @ReadInputHeight_ReadInputWidth_str"   --->   Operation 17 'specloopname' 'specloopname_ln0' <Predicate = true> <Delay = 0.00>
ST_3 : Operation 18 [1/1] (0.00ns)   --->   "%speclooptripcount_ln0 = speclooptripcount void @_ssdm_op_SpecLoopTripCount, i64 4223, i64 4223, i64 4223"   --->   Operation 18 'speclooptripcount' 'speclooptripcount_ln0' <Predicate = true> <Delay = 0.00>
ST_3 : Operation 19 [1/2] (0.00ns)   --->   "%call_ln58 = call void @compute_output_buffer_2d<array,array<ap_fixed<18,8,5,3,0>,12u>,config2>, i20 %layer13_out_read, i216 %layer2_out, i20 %void_compute_output_buffer_2d_array_const_ap_shift_reg_n_chan_stream_weig_7, i20 %void_compute_output_buffer_2d_array_const_ap_shift_reg_n_chan_stream_weig_8, i20 %void_compute_output_buffer_2d_array_const_ap_shift_reg_n_chan_stream_weig_4, i20 %void_compute_output_buffer_2d_array_const_ap_shift_reg_n_chan_stream_weig_5, i20 %void_compute_output_buffer_2d_array_const_ap_shift_reg_n_chan_stream_weig_1, i20 %void_compute_output_buffer_2d_array_const_ap_shift_reg_n_chan_stream_weig_2, i20 %void_compute_output_buffer_2d_array_const_ap_shift_reg_n_chan_stream_weig_6, i20 %void_compute_output_buffer_2d_array_const_ap_shift_reg_n_chan_stream_weig_3, i20 %void_compute_output_buffer_2d_array_const_ap_shift_reg_n_chan_stream_weig, i20 %void_conv_2d_buffer_resource_cl_stream_stream_weight_t_bias_t_line_buffer_1, i20 %void_conv_2d_buffer_resource_cl_stream_stream_weight_t_bias_t_line_buffer, i32 %sX_2, i32 %sY_2, i32 %pY_2, i32 %pX_2, i4 %outidx_63, i11 %w2" [firmware/nnet_utils/nnet_conv2d_stream.h:58->firmware/nnet_utils/nnet_conv2d_stream.h:78]   --->   Operation 19 'call' 'call_ln58' <Predicate = true> <Delay = 0.00> <CoreType = "Generic">   --->   Core 0 '' <Latency = 0> <II = 1> <Delay = 1.00> <Generic> <Opcode : >
ST_3 : Operation 20 [1/1] (0.00ns)   --->   "%br_ln54 = br void %for.body12.i" [firmware/nnet_utils/nnet_conv2d_stream.h:54->firmware/nnet_utils/nnet_conv2d_stream.h:78]   --->   Operation 20 'br' 'br_ln54' <Predicate = true> <Delay = 0.00>


============================================================
+ Verbose Summary: Binding
============================================================
STG Binding: 
---------------- STG Properties BEGIN ----------------
- Is combinational: 0
- Is one-state seq: 0
- Is datapath-only: 0
- Is pipelined: 0
- Is top level: 0
Port [ Return ] is wired: 1; IO mode=ap_ctrl_hs:ce=0
Port [ layer13_out]:  wired=1; compound=1; hidden=0; nouse=0; global=0; static=0; extern=0; dir=0; type=3; pingpong=0; private_global=0; IO mode=ap_fifo:ce=0
Port [ layer2_out]:  wired=1; compound=1; hidden=0; nouse=0; global=0; static=0; extern=0; dir=1; type=3; pingpong=0; private_global=0; IO mode=ap_fifo:ce=0
Port [ void_compute_output_buffer_2d_array_const_ap_shift_reg_n_chan_stream_weig_7]:  wired=0; compound=0; hidden=1; nouse=1; global=1; static=1; extern=0; dir=2; type=0; pingpong=0; private_global=0; IO mode=ap_ovld:ce=0
Port [ void_compute_output_buffer_2d_array_const_ap_shift_reg_n_chan_stream_weig_8]:  wired=0; compound=0; hidden=1; nouse=1; global=1; static=1; extern=0; dir=2; type=0; pingpong=0; private_global=0; IO mode=ap_ovld:ce=0
Port [ void_compute_output_buffer_2d_array_const_ap_shift_reg_n_chan_stream_weig_4]:  wired=0; compound=0; hidden=1; nouse=1; global=1; static=1; extern=0; dir=2; type=0; pingpong=0; private_global=0; IO mode=ap_ovld:ce=0
Port [ void_compute_output_buffer_2d_array_const_ap_shift_reg_n_chan_stream_weig_5]:  wired=0; compound=0; hidden=1; nouse=1; global=1; static=1; extern=0; dir=2; type=0; pingpong=0; private_global=0; IO mode=ap_ovld:ce=0
Port [ void_compute_output_buffer_2d_array_const_ap_shift_reg_n_chan_stream_weig_1]:  wired=0; compound=0; hidden=1; nouse=1; global=1; static=1; extern=0; dir=2; type=0; pingpong=0; private_global=0; IO mode=ap_ovld:ce=0
Port [ void_compute_output_buffer_2d_array_const_ap_shift_reg_n_chan_stream_weig_2]:  wired=0; compound=0; hidden=1; nouse=1; global=1; static=1; extern=0; dir=2; type=0; pingpong=0; private_global=0; IO mode=ap_ovld:ce=0
Port [ void_compute_output_buffer_2d_array_const_ap_shift_reg_n_chan_stream_weig_6]:  wired=0; compound=0; hidden=1; nouse=1; global=1; static=1; extern=0; dir=2; type=0; pingpong=0; private_global=0; IO mode=ap_ovld:ce=0
Port [ void_compute_output_buffer_2d_array_const_ap_shift_reg_n_chan_stream_weig_3]:  wired=0; compound=0; hidden=1; nouse=1; global=1; static=1; extern=0; dir=2; type=0; pingpong=0; private_global=0; IO mode=ap_ovld:ce=0
Port [ void_compute_output_buffer_2d_array_const_ap_shift_reg_n_chan_stream_weig]:  wired=0; compound=0; hidden=1; nouse=1; global=1; static=1; extern=0; dir=2; type=0; pingpong=0; private_global=0; IO mode=ap_ovld:ce=0
Port [ void_conv_2d_buffer_resource_cl_stream_stream_weight_t_bias_t_line_buffer_1]:  wired=0; compound=1; hidden=1; nouse=1; global=1; static=1; extern=0; dir=3; type=1; pingpong=0; private_global=0; MemPort=[2]; IO mode=ap_memory:ce=0
Port [ void_conv_2d_buffer_resource_cl_stream_stream_weight_t_bias_t_line_buffer]:  wired=0; compound=1; hidden=1; nouse=1; global=1; static=1; extern=0; dir=3; type=1; pingpong=0; private_global=0; MemPort=[2]; IO mode=ap_memory:ce=0
Port [ sX_2]:  wired=0; compound=0; hidden=1; nouse=1; global=1; static=1; extern=0; dir=2; type=0; pingpong=0; private_global=0; IO mode=ap_ovld:ce=0
Port [ sY_2]:  wired=0; compound=0; hidden=1; nouse=1; global=1; static=1; extern=0; dir=2; type=0; pingpong=0; private_global=0; IO mode=ap_ovld:ce=0
Port [ pY_2]:  wired=0; compound=0; hidden=1; nouse=1; global=1; static=1; extern=0; dir=2; type=0; pingpong=0; private_global=0; IO mode=ap_ovld:ce=0
Port [ pX_2]:  wired=0; compound=0; hidden=1; nouse=1; global=1; static=1; extern=0; dir=2; type=0; pingpong=0; private_global=0; IO mode=ap_ovld:ce=0
Port [ outidx_63]:  wired=0; compound=1; hidden=1; nouse=1; global=1; static=1; extern=0; dir=0; type=1; pingpong=0; private_global=0; MemPort=[1]; IO mode=ap_memory:ce=0
Port [ w2]:  wired=0; compound=1; hidden=1; nouse=1; global=1; static=1; extern=0; dir=0; type=1; pingpong=0; private_global=0; MemPort=[1]; IO mode=ap_memory:ce=0
---------------- STG Properties END ------------------

---------------- Datapath Model BEGIN ----------------

<LifeTime>
<method=bitvector/>
indvar_flatten        (alloca           ) [ 0111]
specinterface_ln0     (specinterface    ) [ 0000]
specinterface_ln0     (specinterface    ) [ 0000]
store_ln0             (store            ) [ 0000]
br_ln52               (br               ) [ 0000]
indvar_flatten_load   (load             ) [ 0000]
icmp_ln52             (icmp             ) [ 0011]
add_ln52              (add              ) [ 0000]
br_ln52               (br               ) [ 0000]
layer13_out_read      (read             ) [ 0001]
store_ln52            (store            ) [ 0000]
ret_ln82              (ret              ) [ 0000]
specloopname_ln0      (specloopname     ) [ 0000]
speclooptripcount_ln0 (speclooptripcount) [ 0000]
call_ln58             (call             ) [ 0000]
br_ln54               (br               ) [ 0000]
</LifeTime>

<model>

<comp_list>
<comp id="0" class="1000" name="layer13_out">
<pin_list>
<pin id="1" dir="1" index="0" bw="1" slack="0"/>
</pin_list>
<bind>
<StgValue><ssdm name="layer13_out"/></StgValue>
</bind>
</comp>

<comp id="2" class="1000" name="layer2_out">
<pin_list>
<pin id="3" dir="1" index="0" bw="1" slack="0"/>
</pin_list>
<bind>
<StgValue><ssdm name="layer2_out"/></StgValue>
</bind>
</comp>

<comp id="4" class="1000" name="void_compute_output_buffer_2d_array_const_ap_shift_reg_n_chan_stream_weig_7">
<pin_list>
<pin id="5" dir="1" index="0" bw="1" slack="0"/>
</pin_list>
<bind>
<StgValue><ssdm name="void_compute_output_buffer_2d_array_const_ap_shift_reg_n_chan_stream_weig_7"/></StgValue>
</bind>
</comp>

<comp id="6" class="1000" name="void_compute_output_buffer_2d_array_const_ap_shift_reg_n_chan_stream_weig_8">
<pin_list>
<pin id="7" dir="1" index="0" bw="1" slack="0"/>
</pin_list>
<bind>
<StgValue><ssdm name="void_compute_output_buffer_2d_array_const_ap_shift_reg_n_chan_stream_weig_8"/></StgValue>
</bind>
</comp>

<comp id="8" class="1000" name="void_compute_output_buffer_2d_array_const_ap_shift_reg_n_chan_stream_weig_4">
<pin_list>
<pin id="9" dir="1" index="0" bw="1" slack="0"/>
</pin_list>
<bind>
<StgValue><ssdm name="void_compute_output_buffer_2d_array_const_ap_shift_reg_n_chan_stream_weig_4"/></StgValue>
</bind>
</comp>

<comp id="10" class="1000" name="void_compute_output_buffer_2d_array_const_ap_shift_reg_n_chan_stream_weig_5">
<pin_list>
<pin id="11" dir="1" index="0" bw="1" slack="0"/>
</pin_list>
<bind>
<StgValue><ssdm name="void_compute_output_buffer_2d_array_const_ap_shift_reg_n_chan_stream_weig_5"/></StgValue>
</bind>
</comp>

<comp id="12" class="1000" name="void_compute_output_buffer_2d_array_const_ap_shift_reg_n_chan_stream_weig_1">
<pin_list>
<pin id="13" dir="1" index="0" bw="1" slack="0"/>
</pin_list>
<bind>
<StgValue><ssdm name="void_compute_output_buffer_2d_array_const_ap_shift_reg_n_chan_stream_weig_1"/></StgValue>
</bind>
</comp>

<comp id="14" class="1000" name="void_compute_output_buffer_2d_array_const_ap_shift_reg_n_chan_stream_weig_2">
<pin_list>
<pin id="15" dir="1" index="0" bw="1" slack="0"/>
</pin_list>
<bind>
<StgValue><ssdm name="void_compute_output_buffer_2d_array_const_ap_shift_reg_n_chan_stream_weig_2"/></StgValue>
</bind>
</comp>

<comp id="16" class="1000" name="void_compute_output_buffer_2d_array_const_ap_shift_reg_n_chan_stream_weig_6">
<pin_list>
<pin id="17" dir="1" index="0" bw="1" slack="0"/>
</pin_list>
<bind>
<StgValue><ssdm name="void_compute_output_buffer_2d_array_const_ap_shift_reg_n_chan_stream_weig_6"/></StgValue>
</bind>
</comp>

<comp id="18" class="1000" name="void_compute_output_buffer_2d_array_const_ap_shift_reg_n_chan_stream_weig_3">
<pin_list>
<pin id="19" dir="1" index="0" bw="1" slack="0"/>
</pin_list>
<bind>
<StgValue><ssdm name="void_compute_output_buffer_2d_array_const_ap_shift_reg_n_chan_stream_weig_3"/></StgValue>
</bind>
</comp>

<comp id="20" class="1000" name="void_compute_output_buffer_2d_array_const_ap_shift_reg_n_chan_stream_weig">
<pin_list>
<pin id="21" dir="1" index="0" bw="1" slack="0"/>
</pin_list>
<bind>
<StgValue><ssdm name="void_compute_output_buffer_2d_array_const_ap_shift_reg_n_chan_stream_weig"/></StgValue>
</bind>
</comp>

<comp id="22" class="1000" name="void_conv_2d_buffer_resource_cl_stream_stream_weight_t_bias_t_line_buffer_1">
<pin_list>
<pin id="23" dir="1" index="0" bw="1" slack="0"/>
</pin_list>
<bind>
<StgValue><ssdm name="void_conv_2d_buffer_resource_cl_stream_stream_weight_t_bias_t_line_buffer_1"/><MemPortTyVec>2 </MemPortTyVec>
</StgValue>
</bind>
</comp>

<comp id="24" class="1000" name="void_conv_2d_buffer_resource_cl_stream_stream_weight_t_bias_t_line_buffer">
<pin_list>
<pin id="25" dir="1" index="0" bw="1" slack="0"/>
</pin_list>
<bind>
<StgValue><ssdm name="void_conv_2d_buffer_resource_cl_stream_stream_weight_t_bias_t_line_buffer"/><MemPortTyVec>2 </MemPortTyVec>
</StgValue>
</bind>
</comp>

<comp id="26" class="1000" name="sX_2">
<pin_list>
<pin id="27" dir="1" index="0" bw="1" slack="0"/>
</pin_list>
<bind>
<StgValue><ssdm name="sX_2"/></StgValue>
</bind>
</comp>

<comp id="28" class="1000" name="sY_2">
<pin_list>
<pin id="29" dir="1" index="0" bw="1" slack="0"/>
</pin_list>
<bind>
<StgValue><ssdm name="sY_2"/></StgValue>
</bind>
</comp>

<comp id="30" class="1000" name="pY_2">
<pin_list>
<pin id="31" dir="1" index="0" bw="1" slack="0"/>
</pin_list>
<bind>
<StgValue><ssdm name="pY_2"/></StgValue>
</bind>
</comp>

<comp id="32" class="1000" name="pX_2">
<pin_list>
<pin id="33" dir="1" index="0" bw="1" slack="0"/>
</pin_list>
<bind>
<StgValue><ssdm name="pX_2"/></StgValue>
</bind>
</comp>

<comp id="34" class="1000" name="outidx_63">
<pin_list>
<pin id="35" dir="1" index="0" bw="1" slack="0"/>
</pin_list>
<bind>
<StgValue><ssdm name="outidx_63"/><MemPortTyVec>1 </MemPortTyVec>
</StgValue>
</bind>
</comp>

<comp id="36" class="1000" name="w2">
<pin_list>
<pin id="37" dir="1" index="0" bw="1" slack="0"/>
</pin_list>
<bind>
<StgValue><ssdm name="w2"/><MemPortTyVec>1 </MemPortTyVec>
</StgValue>
</bind>
</comp>

<comp id="38" class="1001" name="const_38">
<pin_list>
<pin id="39" dir="1" index="0" bw="1" slack="0"/>
</pin_list>
<bind>
<StgValue><ssdm name=""/></StgValue>
</bind>
</comp>

<comp id="40" class="1001" name="const_40">
<pin_list>
<pin id="41" dir="1" index="0" bw="1" slack="2147483647"/>
</pin_list>
<bind>
<StgValue><ssdm name="_ssdm_op_SpecInterface"/></StgValue>
</bind>
</comp>

<comp id="42" class="1001" name="const_42">
<pin_list>
<pin id="43" dir="1" index="0" bw="1" slack="2147483647"/>
</pin_list>
<bind>
<StgValue><ssdm name="empty_6"/></StgValue>
</bind>
</comp>

<comp id="44" class="1001" name="const_44">
<pin_list>
<pin id="45" dir="1" index="0" bw="1" slack="2147483647"/>
</pin_list>
<bind>
<StgValue><ssdm name=""/></StgValue>
</bind>
</comp>

<comp id="46" class="1001" name="const_46">
<pin_list>
<pin id="47" dir="1" index="0" bw="1" slack="2147483647"/>
</pin_list>
<bind>
<StgValue><ssdm name="empty_5"/></StgValue>
</bind>
</comp>

<comp id="48" class="1001" name="const_48">
<pin_list>
<pin id="49" dir="1" index="0" bw="1" slack="2147483647"/>
</pin_list>
<bind>
<StgValue><ssdm name=""/></StgValue>
</bind>
</comp>

<comp id="50" class="1001" name="const_50">
<pin_list>
<pin id="51" dir="1" index="0" bw="1" slack="0"/>
</pin_list>
<bind>
<StgValue><ssdm name=""/></StgValue>
</bind>
</comp>

<comp id="52" class="1001" name="const_52">
<pin_list>
<pin id="53" dir="1" index="0" bw="1" slack="0"/>
</pin_list>
<bind>
<StgValue><ssdm name=""/></StgValue>
</bind>
</comp>

<comp id="54" class="1001" name="const_54">
<pin_list>
<pin id="55" dir="1" index="0" bw="1" slack="0"/>
</pin_list>
<bind>
<StgValue><ssdm name=""/></StgValue>
</bind>
</comp>

<comp id="56" class="1001" name="const_56">
<pin_list>
<pin id="57" dir="1" index="0" bw="1" slack="0"/>
</pin_list>
<bind>
<StgValue><ssdm name="_ssdm_op_Read.ap_fifo.volatile.i20P0A"/></StgValue>
</bind>
</comp>

<comp id="58" class="1001" name="const_58">
<pin_list>
<pin id="59" dir="1" index="0" bw="1" slack="0"/>
</pin_list>
<bind>
<StgValue><ssdm name="compute_output_buffer_2d<array,array<ap_fixed<18,8,5,3,0>,12u>,config2>"/></StgValue>
</bind>
</comp>

<comp id="60" class="1001" name="const_60">
<pin_list>
<pin id="61" dir="1" index="0" bw="1" slack="2147483647"/>
</pin_list>
<bind>
<StgValue><ssdm name="_ssdm_op_SpecLoopName"/></StgValue>
</bind>
</comp>

<comp id="62" class="1001" name="const_62">
<pin_list>
<pin id="63" dir="1" index="0" bw="1" slack="2147483647"/>
</pin_list>
<bind>
<StgValue><ssdm name="ReadInputHeight_ReadInputWidth_str"/></StgValue>
</bind>
</comp>

<comp id="64" class="1001" name="const_64">
<pin_list>
<pin id="65" dir="1" index="0" bw="1" slack="2147483647"/>
</pin_list>
<bind>
<StgValue><ssdm name="_ssdm_op_SpecLoopTripCount"/></StgValue>
</bind>
</comp>

<comp id="66" class="1001" name="const_66">
<pin_list>
<pin id="67" dir="1" index="0" bw="1" slack="2147483647"/>
</pin_list>
<bind>
<StgValue><ssdm name=""/></StgValue>
</bind>
</comp>

<comp id="68" class="1004" name="indvar_flatten_fu_68">
<pin_list>
<pin id="69" dir="0" index="0" bw="1" slack="0"/>
<pin id="70" dir="1" index="1" bw="13" slack="0"/>
</pin_list>
<bind>
<opcode="alloca(26) " fcode="alloca"/>
<opset="indvar_flatten/1 "/>
</bind>
</comp>

<comp id="72" class="1004" name="layer13_out_read_read_fu_72">
<pin_list>
<pin id="73" dir="0" index="0" bw="20" slack="0"/>
<pin id="74" dir="0" index="1" bw="20" slack="0"/>
<pin id="75" dir="1" index="2" bw="20" slack="0"/>
</pin_list>
<bind>
<opcode="read(1150) " fcode="read"/>
<opset="layer13_out_read/2 "/>
</bind>
</comp>

<comp id="78" class="1004" name="grp_compute_output_buffer_2d_array_array_ap_fixed_18_8_5_3_0_12u_config2_s_fu_78">
<pin_list>
<pin id="79" dir="0" index="0" bw="0" slack="0"/>
<pin id="80" dir="0" index="1" bw="20" slack="0"/>
<pin id="81" dir="0" index="2" bw="216" slack="0"/>
<pin id="82" dir="0" index="3" bw="20" slack="0"/>
<pin id="83" dir="0" index="4" bw="20" slack="0"/>
<pin id="84" dir="0" index="5" bw="20" slack="0"/>
<pin id="85" dir="0" index="6" bw="20" slack="0"/>
<pin id="86" dir="0" index="7" bw="20" slack="0"/>
<pin id="87" dir="0" index="8" bw="20" slack="0"/>
<pin id="88" dir="0" index="9" bw="20" slack="0"/>
<pin id="89" dir="0" index="10" bw="20" slack="0"/>
<pin id="90" dir="0" index="11" bw="20" slack="0"/>
<pin id="91" dir="0" index="12" bw="20" slack="0"/>
<pin id="92" dir="0" index="13" bw="20" slack="0"/>
<pin id="93" dir="0" index="14" bw="32" slack="0"/>
<pin id="94" dir="0" index="15" bw="32" slack="0"/>
<pin id="95" dir="0" index="16" bw="32" slack="0"/>
<pin id="96" dir="0" index="17" bw="32" slack="0"/>
<pin id="97" dir="0" index="18" bw="4" slack="0"/>
<pin id="98" dir="0" index="19" bw="11" slack="0"/>
<pin id="99" dir="1" index="20" bw="0" slack="2147483647"/>
</pin_list>
<bind>
<opcode="call(48) " fcode="call"/>
<opset="call_ln58/2 "/>
</bind>
</comp>

<comp id="120" class="1004" name="store_ln0_store_fu_120">
<pin_list>
<pin id="121" dir="0" index="0" bw="1" slack="0"/>
<pin id="122" dir="0" index="1" bw="13" slack="0"/>
<pin id="123" dir="1" index="2" bw="0" slack="2147483647"/>
</pin_list>
<bind>
<opcode="store(28) " fcode="store"/>
<opset="store_ln0/1 "/>
</bind>
</comp>

<comp id="125" class="1004" name="indvar_flatten_load_load_fu_125">
<pin_list>
<pin id="126" dir="0" index="0" bw="13" slack="1"/>
<pin id="127" dir="1" index="1" bw="13" slack="0"/>
</pin_list>
<bind>
<opcode="load(27) " fcode="load"/>
<opset="indvar_flatten_load/2 "/>
</bind>
</comp>

<comp id="128" class="1004" name="icmp_ln52_fu_128">
<pin_list>
<pin id="129" dir="0" index="0" bw="13" slack="0"/>
<pin id="130" dir="0" index="1" bw="13" slack="0"/>
<pin id="131" dir="1" index="2" bw="1" slack="2147483647"/>
</pin_list>
<bind>
<opcode="icmp(45) " fcode="icmp"/>
<opset="icmp_ln52/2 "/>
</bind>
</comp>

<comp id="134" class="1004" name="add_ln52_fu_134">
<pin_list>
<pin id="135" dir="0" index="0" bw="13" slack="0"/>
<pin id="136" dir="0" index="1" bw="1" slack="0"/>
<pin id="137" dir="1" index="2" bw="13" slack="0"/>
</pin_list>
<bind>
<opcode="add(8) " fcode="add"/>
<opset="add_ln52/2 "/>
</bind>
</comp>

<comp id="140" class="1004" name="store_ln52_store_fu_140">
<pin_list>
<pin id="141" dir="0" index="0" bw="13" slack="0"/>
<pin id="142" dir="0" index="1" bw="13" slack="1"/>
<pin id="143" dir="1" index="2" bw="0" slack="2147483647"/>
</pin_list>
<bind>
<opcode="store(28) " fcode="store"/>
<opset="store_ln52/2 "/>
</bind>
</comp>

<comp id="145" class="1005" name="indvar_flatten_reg_145">
<pin_list>
<pin id="146" dir="0" index="0" bw="13" slack="0"/>
<pin id="147" dir="1" index="1" bw="13" slack="0"/>
</pin_list>
<bind>
<opset="indvar_flatten "/>
</bind>
</comp>

<comp id="155" class="1005" name="layer13_out_read_reg_155">
<pin_list>
<pin id="156" dir="0" index="0" bw="20" slack="1"/>
<pin id="157" dir="1" index="1" bw="20" slack="1"/>
</pin_list>
<bind>
<opset="layer13_out_read "/>
</bind>
</comp>

</comp_list>

<net_list>
<net id="71"><net_src comp="38" pin="0"/><net_sink comp="68" pin=0"/></net>

<net id="76"><net_src comp="56" pin="0"/><net_sink comp="72" pin=0"/></net>

<net id="77"><net_src comp="0" pin="0"/><net_sink comp="72" pin=1"/></net>

<net id="100"><net_src comp="58" pin="0"/><net_sink comp="78" pin=0"/></net>

<net id="101"><net_src comp="72" pin="2"/><net_sink comp="78" pin=1"/></net>

<net id="102"><net_src comp="2" pin="0"/><net_sink comp="78" pin=2"/></net>

<net id="103"><net_src comp="4" pin="0"/><net_sink comp="78" pin=3"/></net>

<net id="104"><net_src comp="6" pin="0"/><net_sink comp="78" pin=4"/></net>

<net id="105"><net_src comp="8" pin="0"/><net_sink comp="78" pin=5"/></net>

<net id="106"><net_src comp="10" pin="0"/><net_sink comp="78" pin=6"/></net>

<net id="107"><net_src comp="12" pin="0"/><net_sink comp="78" pin=7"/></net>

<net id="108"><net_src comp="14" pin="0"/><net_sink comp="78" pin=8"/></net>

<net id="109"><net_src comp="16" pin="0"/><net_sink comp="78" pin=9"/></net>

<net id="110"><net_src comp="18" pin="0"/><net_sink comp="78" pin=10"/></net>

<net id="111"><net_src comp="20" pin="0"/><net_sink comp="78" pin=11"/></net>

<net id="112"><net_src comp="22" pin="0"/><net_sink comp="78" pin=12"/></net>

<net id="113"><net_src comp="24" pin="0"/><net_sink comp="78" pin=13"/></net>

<net id="114"><net_src comp="26" pin="0"/><net_sink comp="78" pin=14"/></net>

<net id="115"><net_src comp="28" pin="0"/><net_sink comp="78" pin=15"/></net>

<net id="116"><net_src comp="30" pin="0"/><net_sink comp="78" pin=16"/></net>

<net id="117"><net_src comp="32" pin="0"/><net_sink comp="78" pin=17"/></net>

<net id="118"><net_src comp="34" pin="0"/><net_sink comp="78" pin=18"/></net>

<net id="119"><net_src comp="36" pin="0"/><net_sink comp="78" pin=19"/></net>

<net id="124"><net_src comp="50" pin="0"/><net_sink comp="120" pin=0"/></net>

<net id="132"><net_src comp="125" pin="1"/><net_sink comp="128" pin=0"/></net>

<net id="133"><net_src comp="52" pin="0"/><net_sink comp="128" pin=1"/></net>

<net id="138"><net_src comp="125" pin="1"/><net_sink comp="134" pin=0"/></net>

<net id="139"><net_src comp="54" pin="0"/><net_sink comp="134" pin=1"/></net>

<net id="144"><net_src comp="134" pin="2"/><net_sink comp="140" pin=0"/></net>

<net id="148"><net_src comp="68" pin="1"/><net_sink comp="145" pin=0"/></net>

<net id="149"><net_src comp="145" pin="1"/><net_sink comp="120" pin=1"/></net>

<net id="150"><net_src comp="145" pin="1"/><net_sink comp="125" pin=0"/></net>

<net id="151"><net_src comp="145" pin="1"/><net_sink comp="140" pin=1"/></net>

<net id="158"><net_src comp="72" pin="2"/><net_sink comp="155" pin=0"/></net>

<net id="159"><net_src comp="155" pin="1"/><net_sink comp="78" pin=1"/></net>

</net_list>

</model> 
---------------- Datapath Model END ------------------

* FSMD analyzer results:
  - Output states:
	Port: layer2_out | {2 3 }
	Port: void_compute_output_buffer_2d_array_const_ap_shift_reg_n_chan_stream_weig_7 | {2 3 }
	Port: void_compute_output_buffer_2d_array_const_ap_shift_reg_n_chan_stream_weig_8 | {2 3 }
	Port: void_compute_output_buffer_2d_array_const_ap_shift_reg_n_chan_stream_weig_4 | {2 3 }
	Port: void_compute_output_buffer_2d_array_const_ap_shift_reg_n_chan_stream_weig_5 | {2 3 }
	Port: void_compute_output_buffer_2d_array_const_ap_shift_reg_n_chan_stream_weig_1 | {2 3 }
	Port: void_compute_output_buffer_2d_array_const_ap_shift_reg_n_chan_stream_weig_2 | {2 3 }
	Port: void_compute_output_buffer_2d_array_const_ap_shift_reg_n_chan_stream_weig_6 | {2 3 }
	Port: void_compute_output_buffer_2d_array_const_ap_shift_reg_n_chan_stream_weig_3 | {2 3 }
	Port: void_compute_output_buffer_2d_array_const_ap_shift_reg_n_chan_stream_weig | {2 3 }
	Port: void_conv_2d_buffer_resource_cl_stream_stream_weight_t_bias_t_line_buffer_1 | {2 3 }
	Port: void_conv_2d_buffer_resource_cl_stream_stream_weight_t_bias_t_line_buffer | {2 3 }
	Port: sX_2 | {2 3 }
	Port: sY_2 | {2 3 }
	Port: pY_2 | {2 3 }
	Port: pX_2 | {2 3 }
 - Input state : 
	Port: conv_2d_cl<array<ap_fixed,1u>,array<ap_fixed<18,8,5,3,0>,12u>,config2> : layer13_out | {2 }
	Port: conv_2d_cl<array<ap_fixed,1u>,array<ap_fixed<18,8,5,3,0>,12u>,config2> : void_compute_output_buffer_2d_array_const_ap_shift_reg_n_chan_stream_weig_7 | {2 3 }
	Port: conv_2d_cl<array<ap_fixed,1u>,array<ap_fixed<18,8,5,3,0>,12u>,config2> : void_compute_output_buffer_2d_array_const_ap_shift_reg_n_chan_stream_weig_8 | {2 3 }
	Port: conv_2d_cl<array<ap_fixed,1u>,array<ap_fixed<18,8,5,3,0>,12u>,config2> : void_compute_output_buffer_2d_array_const_ap_shift_reg_n_chan_stream_weig_4 | {2 3 }
	Port: conv_2d_cl<array<ap_fixed,1u>,array<ap_fixed<18,8,5,3,0>,12u>,config2> : void_compute_output_buffer_2d_array_const_ap_shift_reg_n_chan_stream_weig_5 | {2 3 }
	Port: conv_2d_cl<array<ap_fixed,1u>,array<ap_fixed<18,8,5,3,0>,12u>,config2> : void_compute_output_buffer_2d_array_const_ap_shift_reg_n_chan_stream_weig_1 | {2 3 }
	Port: conv_2d_cl<array<ap_fixed,1u>,array<ap_fixed<18,8,5,3,0>,12u>,config2> : void_compute_output_buffer_2d_array_const_ap_shift_reg_n_chan_stream_weig_2 | {2 3 }
	Port: conv_2d_cl<array<ap_fixed,1u>,array<ap_fixed<18,8,5,3,0>,12u>,config2> : void_compute_output_buffer_2d_array_const_ap_shift_reg_n_chan_stream_weig_6 | {2 3 }
	Port: conv_2d_cl<array<ap_fixed,1u>,array<ap_fixed<18,8,5,3,0>,12u>,config2> : void_compute_output_buffer_2d_array_const_ap_shift_reg_n_chan_stream_weig_3 | {2 3 }
	Port: conv_2d_cl<array<ap_fixed,1u>,array<ap_fixed<18,8,5,3,0>,12u>,config2> : void_compute_output_buffer_2d_array_const_ap_shift_reg_n_chan_stream_weig | {2 3 }
	Port: conv_2d_cl<array<ap_fixed,1u>,array<ap_fixed<18,8,5,3,0>,12u>,config2> : void_conv_2d_buffer_resource_cl_stream_stream_weight_t_bias_t_line_buffer_1 | {2 3 }
	Port: conv_2d_cl<array<ap_fixed,1u>,array<ap_fixed<18,8,5,3,0>,12u>,config2> : void_conv_2d_buffer_resource_cl_stream_stream_weight_t_bias_t_line_buffer | {2 3 }
	Port: conv_2d_cl<array<ap_fixed,1u>,array<ap_fixed<18,8,5,3,0>,12u>,config2> : sX_2 | {2 3 }
	Port: conv_2d_cl<array<ap_fixed,1u>,array<ap_fixed<18,8,5,3,0>,12u>,config2> : sY_2 | {2 3 }
	Port: conv_2d_cl<array<ap_fixed,1u>,array<ap_fixed<18,8,5,3,0>,12u>,config2> : pY_2 | {2 3 }
	Port: conv_2d_cl<array<ap_fixed,1u>,array<ap_fixed<18,8,5,3,0>,12u>,config2> : pX_2 | {2 3 }
	Port: conv_2d_cl<array<ap_fixed,1u>,array<ap_fixed<18,8,5,3,0>,12u>,config2> : outidx_63 | {2 3 }
	Port: conv_2d_cl<array<ap_fixed,1u>,array<ap_fixed<18,8,5,3,0>,12u>,config2> : w2 | {2 3 }
  - Chain level:
	State 1
		store_ln0 : 1
	State 2
		icmp_ln52 : 1
		add_ln52 : 1
		br_ln52 : 2
		store_ln52 : 2
	State 3


============================================================
+ Verbose Summary: Datapath Resource usage 
============================================================

* Functional unit list:
|----------|----------------------------------------------------------------------------------|---------|---------|---------|---------|
| Operation|                                  Functional Unit                                 |   DSP   |  Delay  |    FF   |   LUT   |
|----------|----------------------------------------------------------------------------------|---------|---------|---------|---------|
|   call   | grp_compute_output_buffer_2d_array_array_ap_fixed_18_8_5_3_0_12u_config2_s_fu_78 |    1    |  3.176  |   1633  |   783   |
|----------|----------------------------------------------------------------------------------|---------|---------|---------|---------|
|   icmp   |                                 icmp_ln52_fu_128                                 |    0    |    0    |    0    |    14   |
|----------|----------------------------------------------------------------------------------|---------|---------|---------|---------|
|    add   |                                  add_ln52_fu_134                                 |    0    |    0    |    0    |    14   |
|----------|----------------------------------------------------------------------------------|---------|---------|---------|---------|
|   read   |                            layer13_out_read_read_fu_72                           |    0    |    0    |    0    |    0    |
|----------|----------------------------------------------------------------------------------|---------|---------|---------|---------|
|   Total  |                                                                                  |    1    |  3.176  |   1633  |   811   |
|----------|----------------------------------------------------------------------------------|---------|---------|---------|---------|

Memories:
N/A

* Register list:
+------------------------+--------+
|                        |   FF   |
+------------------------+--------+
| indvar_flatten_reg_145 |   13   |
|layer13_out_read_reg_155|   20   |
+------------------------+--------+
|          Total         |   33   |
+------------------------+--------+

* Multiplexer (MUX) list: 
|----------------------------------------------------------------------------------|------|------|------|--------||---------||---------||---------|
|                                       Comp                                       |  Pin | Size |  BW  | S x BW ||  Delay  ||    FF   ||   LUT   |
|----------------------------------------------------------------------------------|------|------|------|--------||---------||---------||---------|
| grp_compute_output_buffer_2d_array_array_ap_fixed_18_8_5_3_0_12u_config2_s_fu_78 |  p1  |   2  |  20  |   40   ||    0    ||    9    |
|----------------------------------------------------------------------------------|------|------|------|--------||---------||---------||---------|
|                                       Total                                      |      |      |      |   40   ||  1.588  ||    0    ||    9    |
|----------------------------------------------------------------------------------|------|------|------|--------||---------||---------||---------|



* Summary:
+-----------+--------+--------+--------+--------+
|           |   DSP  |  Delay |   FF   |   LUT  |
+-----------+--------+--------+--------+--------+
|  Function |    1   |    3   |  1633  |   811  |
|   Memory  |    -   |    -   |    -   |    -   |
|Multiplexer|    -   |    1   |    0   |    9   |
|  Register |    -   |    -   |   33   |    -   |
+-----------+--------+--------+--------+--------+
|   Total   |    1   |    4   |  1666  |   820  |
+-----------+--------+--------+--------+--------+
