

================================================================
== Vitis HLS Report for 'conv_2d_cl_array_ap_fixed_12u_array_ap_fixed_18_8_5_3_0_18u_config6_s'
================================================================
* Date:           Sun Aug 30 16:00:13 2026

* Version:        2024.1 (Build 5069499 on May 21 2024)
* Project:        myproject_prj
* Solution:       solution1 (Vivado IP Flow Target)
* Product family: zynq
* Target device:  xc7z020-clg400-1


================================================================
== Performance Estimates
================================================================
+ Timing: 
    * Summary: 
    +--------+----------+-----------+------------+
    |  Clock |  Target  | Estimated | Uncertainty|
    +--------+----------+-----------+------------+
    |ap_clk  |  20.00 ns|  11.291 ns|     5.40 ns|
    +--------+----------+-----------+------------+

+ Latency: 
    * Summary: 
    +---------+---------+-----------+-----------+------+--------+---------+
    |  Latency (cycles) |   Latency (absolute)  |    Interval   | Pipeline|
    |   min   |   max   |    min    |    max    |  min |   max  |   Type  |
    +---------+---------+-----------+-----------+------+--------+---------+
    |     1297|   632125|  25.940 us|  12.643 ms|  1297|  632125|       no|
    +---------+---------+-----------+-----------+------+--------+---------+

    + Detail: 
        * Instance: 
        N/A

        * Loop: 
        +----------------------------------+---------+---------+----------+-----------+-----------+------+----------+
        |                                  |  Latency (cycles) | Iteration|  Initiation Interval  | Trip |          |
        |             Loop Name            |   min   |   max   |  Latency |  achieved |   target  | Count| Pipelined|
        +----------------------------------+---------+---------+----------+-----------+-----------+------+----------+
        |- ReadInputHeight_ReadInputWidth  |     1296|   632124|  4 ~ 1951|          -|          -|   324|        no|
        +----------------------------------+---------+---------+----------+-----------+-----------+------+----------+

============================================================
+ Verbose Summary: Synthesis Manager
============================================================
InlineROM: 1
ExposeGlobal: 0
============================================================
+ Verbose Summary: CDFG Model
============================================================
IsTopModel: 0
ResetActiveHigh: 1
IsCombinational: 2
IsDatapathOnly: 0
HasWiredReturn: 1
HasMFsm: 0
HasVarLatency: 1
IsPipeline: 0
IsRtlPipelined: 0
IsInstanceOverlapped: 0
IsDontTouch: 0
HasImplIP: 0
IsGatedGlobalClock: 0


============================================================
+ Verbose Summary: Schedule
============================================================
* Number of FSM states : 3
* Pipeline : 0
* Dataflow Pipeline: 0

* FSM state transitions: 
1 --> 2 
2 --> 3 
3 --> 2 

* FSM state operations: 

State 1 <SV = 0> <Delay = 1.58>
ST_1 : Operation 4 [1/1] (0.00ns)   --->   "%indvar_flatten = alloca i32 1"   --->   Operation 4 'alloca' 'indvar_flatten' <Predicate = true> <Delay = 0.00>
ST_1 : Operation 5 [1/1] (0.00ns)   --->   "%specinterface_ln0 = specinterface void @_ssdm_op_SpecInterface, i324 %layer6_out, void @empty_6, i32 0, i32 0, void @empty_5, i32 0, i32 0, void @empty_5, void @empty_5, void @empty_5, i32 0, i32 0, i32 0, i32 0, void @empty_5, void @empty_5, i32 4294967295, i32 0, i32 0"   --->   Operation 5 'specinterface' 'specinterface_ln0' <Predicate = true> <Delay = 0.00>
ST_1 : Operation 6 [1/1] (0.00ns)   --->   "%specinterface_ln0 = specinterface void @_ssdm_op_SpecInterface, i240 %layer14_out, void @empty_6, i32 0, i32 0, void @empty_5, i32 0, i32 0, void @empty_5, void @empty_5, void @empty_5, i32 0, i32 0, i32 0, i32 0, void @empty_5, void @empty_5, i32 4294967295, i32 0, i32 0"   --->   Operation 6 'specinterface' 'specinterface_ln0' <Predicate = true> <Delay = 0.00>
ST_1 : Operation 7 [1/1] (1.58ns)   --->   "%store_ln0 = store i9 0, i9 %indvar_flatten"   --->   Operation 7 'store' 'store_ln0' <Predicate = true> <Delay = 1.58>
ST_1 : Operation 8 [1/1] (0.00ns)   --->   "%br_ln52 = br void %for.body12.i" [firmware/nnet_utils/nnet_conv2d_stream.h:52->firmware/nnet_utils/nnet_conv2d_stream.h:78]   --->   Operation 8 'br' 'br_ln52' <Predicate = true> <Delay = 0.00>

State 2 <SV = 1> <Delay = 5.42>
ST_2 : Operation 9 [1/1] (0.00ns)   --->   "%indvar_flatten_load = load i9 %indvar_flatten" [firmware/nnet_utils/nnet_conv2d_stream.h:52->firmware/nnet_utils/nnet_conv2d_stream.h:78]   --->   Operation 9 'load' 'indvar_flatten_load' <Predicate = true> <Delay = 0.00>
ST_2 : Operation 10 [1/1] (1.82ns)   --->   "%icmp_ln52 = icmp_eq  i9 %indvar_flatten_load, i9 324" [firmware/nnet_utils/nnet_conv2d_stream.h:52->firmware/nnet_utils/nnet_conv2d_stream.h:78]   --->   Operation 10 'icmp' 'icmp_ln52' <Predicate = true> <Delay = 1.82> <CoreInst = "Cmp">   --->   Core 9 'Cmp' <Latency = 0> <II = 1> <Delay = 1.82> <FuncUnit> <Opcode : 'seteq' 'setne' 'setle' 'setge' 'setlt' 'setgt'> <InPorts = 2> <OutPorts = 1>
ST_2 : Operation 11 [1/1] (1.82ns)   --->   "%add_ln52 = add i9 %indvar_flatten_load, i9 1" [firmware/nnet_utils/nnet_conv2d_stream.h:52->firmware/nnet_utils/nnet_conv2d_stream.h:78]   --->   Operation 11 'add' 'add_ln52' <Predicate = true> <Delay = 1.82> <CoreInst = "Adder">   --->   Core 1 'Adder' <Latency = 0> <II = 1> <Delay = 1.82> <FuncUnit> <Opcode : 'add' 'sub'> <InPorts = 2> <OutPorts = 1>
ST_2 : Operation 12 [1/1] (0.00ns)   --->   "%br_ln52 = br i1 %icmp_ln52, void %for.cond.cleanup11.i, void %_ZN4nnet26conv_2d_buffer_resource_clINS_5arrayI8ap_fixedILi20ELi10EL9ap_q_mode5EL9ap_o_mode3ELi0EELj12EEENS1_IS2_ILi18ELi8ELS3_5ELS4_3ELi0EELj18EEE7config6EEvRN3hls6streamIT_Li0EEERNSB_IT0_Li0EEEPNT1_8weight_tEPNSI_6bias_tE.20.exit" [firmware/nnet_utils/nnet_conv2d_stream.h:52->firmware/nnet_utils/nnet_conv2d_stream.h:78]   --->   Operation 12 'br' 'br_ln52' <Predicate = true> <Delay = 0.00>
ST_2 : Operation 13 [1/1] (3.59ns)   --->   "%layer14_out_read = read i240 @_ssdm_op_Read.ap_fifo.volatile.i240P0A, i240 %layer14_out" [firmware/nnet_utils/nnet_conv2d_stream.h:58->firmware/nnet_utils/nnet_conv2d_stream.h:78]   --->   Operation 13 'read' 'layer14_out_read' <Predicate = (!icmp_ln52)> <Delay = 3.59> <CoreInst = "FIFO">   --->   Core 77 'FIFO' <Latency = 0> <II = 1> <Delay = 3.59> <Storage> <Opcode : 'read' 'write' 'nbread' 'nbwrite'> <Ports = 0> <Width = 240> <Depth = 324> <FIFO>
ST_2 : Operation 14 [1/1] (0.00ns)   --->   "%trunc_ln58 = trunc i240 %layer14_out_read" [firmware/nnet_utils/nnet_conv2d_stream.h:58->firmware/nnet_utils/nnet_conv2d_stream.h:78]   --->   Operation 14 'trunc' 'trunc_ln58' <Predicate = (!icmp_ln52)> <Delay = 0.00>
ST_2 : Operation 15 [1/1] (0.00ns)   --->   "%trunc_ln58_1 = partselect i20 @_ssdm_op_PartSelect.i20.i240.i32.i32, i240 %layer14_out_read, i32 20, i32 39" [firmware/nnet_utils/nnet_conv2d_stream.h:58->firmware/nnet_utils/nnet_conv2d_stream.h:78]   --->   Operation 15 'partselect' 'trunc_ln58_1' <Predicate = (!icmp_ln52)> <Delay = 0.00>
ST_2 : Operation 16 [1/1] (0.00ns)   --->   "%trunc_ln58_2 = partselect i20 @_ssdm_op_PartSelect.i20.i240.i32.i32, i240 %layer14_out_read, i32 40, i32 59" [firmware/nnet_utils/nnet_conv2d_stream.h:58->firmware/nnet_utils/nnet_conv2d_stream.h:78]   --->   Operation 16 'partselect' 'trunc_ln58_2' <Predicate = (!icmp_ln52)> <Delay = 0.00>
ST_2 : Operation 17 [1/1] (0.00ns)   --->   "%trunc_ln58_3 = partselect i20 @_ssdm_op_PartSelect.i20.i240.i32.i32, i240 %layer14_out_read, i32 60, i32 79" [firmware/nnet_utils/nnet_conv2d_stream.h:58->firmware/nnet_utils/nnet_conv2d_stream.h:78]   --->   Operation 17 'partselect' 'trunc_ln58_3' <Predicate = (!icmp_ln52)> <Delay = 0.00>
ST_2 : Operation 18 [1/1] (0.00ns)   --->   "%trunc_ln58_4 = partselect i20 @_ssdm_op_PartSelect.i20.i240.i32.i32, i240 %layer14_out_read, i32 80, i32 99" [firmware/nnet_utils/nnet_conv2d_stream.h:58->firmware/nnet_utils/nnet_conv2d_stream.h:78]   --->   Operation 18 'partselect' 'trunc_ln58_4' <Predicate = (!icmp_ln52)> <Delay = 0.00>
ST_2 : Operation 19 [1/1] (0.00ns)   --->   "%trunc_ln58_5 = partselect i20 @_ssdm_op_PartSelect.i20.i240.i32.i32, i240 %layer14_out_read, i32 100, i32 119" [firmware/nnet_utils/nnet_conv2d_stream.h:58->firmware/nnet_utils/nnet_conv2d_stream.h:78]   --->   Operation 19 'partselect' 'trunc_ln58_5' <Predicate = (!icmp_ln52)> <Delay = 0.00>
ST_2 : Operation 20 [1/1] (0.00ns)   --->   "%trunc_ln58_6 = partselect i20 @_ssdm_op_PartSelect.i20.i240.i32.i32, i240 %layer14_out_read, i32 120, i32 139" [firmware/nnet_utils/nnet_conv2d_stream.h:58->firmware/nnet_utils/nnet_conv2d_stream.h:78]   --->   Operation 20 'partselect' 'trunc_ln58_6' <Predicate = (!icmp_ln52)> <Delay = 0.00>
ST_2 : Operation 21 [1/1] (0.00ns)   --->   "%trunc_ln58_7 = partselect i20 @_ssdm_op_PartSelect.i20.i240.i32.i32, i240 %layer14_out_read, i32 140, i32 159" [firmware/nnet_utils/nnet_conv2d_stream.h:58->firmware/nnet_utils/nnet_conv2d_stream.h:78]   --->   Operation 21 'partselect' 'trunc_ln58_7' <Predicate = (!icmp_ln52)> <Delay = 0.00>
ST_2 : Operation 22 [1/1] (0.00ns)   --->   "%trunc_ln58_8 = partselect i20 @_ssdm_op_PartSelect.i20.i240.i32.i32, i240 %layer14_out_read, i32 160, i32 179" [firmware/nnet_utils/nnet_conv2d_stream.h:58->firmware/nnet_utils/nnet_conv2d_stream.h:78]   --->   Operation 22 'partselect' 'trunc_ln58_8' <Predicate = (!icmp_ln52)> <Delay = 0.00>
ST_2 : Operation 23 [1/1] (0.00ns)   --->   "%trunc_ln58_9 = partselect i20 @_ssdm_op_PartSelect.i20.i240.i32.i32, i240 %layer14_out_read, i32 180, i32 199" [firmware/nnet_utils/nnet_conv2d_stream.h:58->firmware/nnet_utils/nnet_conv2d_stream.h:78]   --->   Operation 23 'partselect' 'trunc_ln58_9' <Predicate = (!icmp_ln52)> <Delay = 0.00>
ST_2 : Operation 24 [1/1] (0.00ns)   --->   "%trunc_ln58_s = partselect i20 @_ssdm_op_PartSelect.i20.i240.i32.i32, i240 %layer14_out_read, i32 200, i32 219" [firmware/nnet_utils/nnet_conv2d_stream.h:58->firmware/nnet_utils/nnet_conv2d_stream.h:78]   --->   Operation 24 'partselect' 'trunc_ln58_s' <Predicate = (!icmp_ln52)> <Delay = 0.00>
ST_2 : Operation 25 [1/1] (0.00ns)   --->   "%trunc_ln58_10 = partselect i20 @_ssdm_op_PartSelect.i20.i240.i32.i32, i240 %layer14_out_read, i32 220, i32 239" [firmware/nnet_utils/nnet_conv2d_stream.h:58->firmware/nnet_utils/nnet_conv2d_stream.h:78]   --->   Operation 25 'partselect' 'trunc_ln58_10' <Predicate = (!icmp_ln52)> <Delay = 0.00>
ST_2 : Operation 26 [2/2] (0.00ns)   --->   "%call_ln58 = call void @compute_output_buffer_2d<array,array<ap_fixed<18,8,5,3,0>,18u>,config6>, i20 %trunc_ln58, i20 %trunc_ln58_1, i20 %trunc_ln58_2, i20 %trunc_ln58_3, i20 %trunc_ln58_4, i20 %trunc_ln58_5, i20 %trunc_ln58_6, i20 %trunc_ln58_7, i20 %trunc_ln58_8, i20 %trunc_ln58_9, i20 %trunc_ln58_s, i20 %trunc_ln58_10, i324 %layer6_out, i20 %p_ZZN4nnet24compute_output_buffer_2dINS_5arrayI8ap_fixedILi20ELi10EL9ap_q_mode5EL_87, i20 %void_compute_output_buffer_2d_array_const_ap_shift_reg_n_chan_stream_weig_18, i20 %p_ZZN4nnet24compute_output_buffer_2dINS_5arrayI8ap_fixedILi20ELi10EL9ap_q_mode5EL_86, i20 %void_compute_output_buffer_2d_array_const_ap_shift_reg_n_chan_stream_weig_17, i20 %p_ZZN4nnet24compute_output_buffer_2dINS_5arrayI8ap_fixedILi20ELi10EL9ap_q_mode5EL_85, i20 %void_compute_output_buffer_2d_array_const_ap_shift_reg_n_chan_stream_weig_16, i20 %p_ZZN4nnet24compute_output_buffer_2dINS_5arrayI8ap_fixedILi20ELi10EL9ap_q_mode5EL_84, i20 %void_compute_output_buffer_2d_array_const_ap_shift_reg_n_chan_stream_weig_15, i20 %p_ZZN4nnet24compute_output_buffer_2dINS_5arrayI8ap_fixedILi20ELi10EL9ap_q_mode5EL_83, i20 %void_compute_output_buffer_2d_array_const_ap_shift_reg_n_chan_stream_weig_14, i20 %p_ZZN4nnet24compute_output_buffer_2dINS_5arrayI8ap_fixedILi20ELi10EL9ap_q_mode5EL_82, i20 %void_compute_output_buffer_2d_array_const_ap_shift_reg_n_chan_stream_weig_13, i20 %p_ZZN4nnet24compute_output_buffer_2dINS_5arrayI8ap_fixedILi20ELi10EL9ap_q_mode5EL_81, i20 %void_compute_output_buffer_2d_array_const_ap_shift_reg_n_chan_stream_weig_12, i20 %p_ZZN4nnet24compute_output_buffer_2dINS_5arrayI8ap_fixedILi20ELi10EL9ap_q_mode5EL_80, i20 %void_compute_output_buffer_2d_array_const_ap_shift_reg_n_chan_stream_weig_11, i20 %p_ZZN4nnet24compute_output_buffer_2dINS_5arrayI8ap_fixedILi20ELi10EL9ap_q_mode5EL_79, i20 %void_compute_output_buffer_2d_array_const_ap_shift_reg_n_chan_stream_weig_10, i20 %p_ZZN4nnet24compute_output_buffer_2dINS_5arrayI8ap_fixedILi20ELi10EL9ap_q_mode5EL_78, i20 %void_compute_output_buffer_2d_array_const_ap_shift_reg_n_chan_stream_weig_9, i20 %p_ZZN4nnet24compute_output_buffer_2dINS_5arrayI8ap_fixedILi20ELi10EL9ap_q_mode5EL_77, i20 %p_ZZN4nnet24compute_output_buffer_2dINS_5arrayI8ap_fixedILi20ELi10EL9ap_q_mode5EL_97, i20 %p_ZZN4nnet24compute_output_buffer_2dINS_5arrayI8ap_fixedILi20ELi10EL9ap_q_mode5EL_76, i20 %p_ZZN4nnet24compute_output_buffer_2dINS_5arrayI8ap_fixedILi20ELi10EL9ap_q_mode5EL_88, i20 %p_ZZN4nnet24compute_output_buffer_2dINS_5arrayI8ap_fixedILi20ELi10EL9ap_q_mode5EL_51, i20 %p_ZZN4nnet24compute_output_buffer_2dINS_5arrayI8ap_fixedILi20ELi10EL9ap_q_mode5EL_63, i20 %p_ZZN4nnet24compute_output_buffer_2dINS_5arrayI8ap_fixedILi20ELi10EL9ap_q_mode5EL_50, i20 %p_ZZN4nnet24compute_output_buffer_2dINS_5arrayI8ap_fixedILi20ELi10EL9ap_q_mode5EL_62, i20 %p_ZZN4nnet24compute_output_buffer_2dINS_5arrayI8ap_fixedILi20ELi10EL9ap_q_mode5EL_49, i20 %p_ZZN4nnet24compute_output_buffer_2dINS_5arrayI8ap_fixedILi20ELi10EL9ap_q_mode5EL_61, i20 %p_ZZN4nnet24compute_output_buffer_2dINS_5arrayI8ap_fixedILi20ELi10EL9ap_q_mode5EL_48, i20 %p_ZZN4nnet24compute_output_buffer_2dINS_5arrayI8ap_fixedILi20ELi10EL9ap_q_mode5EL_60, i20 %p_ZZN4nnet24compute_output_buffer_2dINS_5arrayI8ap_fixedILi20ELi10EL9ap_q_mode5EL_47, i20 %p_ZZN4nnet24compute_output_buffer_2dINS_5arrayI8ap_fixedILi20ELi10EL9ap_q_mode5EL_59, i20 %p_ZZN4nnet24compute_output_buffer_2dINS_5arrayI8ap_fixedILi20ELi10EL9ap_q_mode5EL_46, i20 %p_ZZN4nnet24compute_output_buffer_2dINS_5arrayI8ap_fixedILi20ELi10EL9ap_q_mode5EL_58, i20 %p_ZZN4nnet24compute_output_buffer_2dINS_5arrayI8ap_fixedILi20ELi10EL9ap_q_mode5EL_45, i20 %p_ZZN4nnet24compute_output_buffer_2dINS_5arrayI8ap_fixedILi20ELi10EL9ap_q_mode5EL_57, i20 %p_ZZN4nnet24compute_output_buffer_2dINS_5arrayI8ap_fixedILi20ELi10EL9ap_q_mode5EL_44, i20 %p_ZZN4nnet24compute_output_buffer_2dINS_5arrayI8ap_fixedILi20ELi10EL9ap_q_mode5EL_56, i20 %p_ZZN4nnet24compute_output_buffer_2dINS_5arrayI8ap_fixedILi20ELi10EL9ap_q_mode5EL_43, i20 %p_ZZN4nnet24compute_output_buffer_2dINS_5arrayI8ap_fixedILi20ELi10EL9ap_q_mode5EL_55, i20 %p_ZZN4nnet24compute_output_buffer_2dINS_5arrayI8ap_fixedILi20ELi10EL9ap_q_mode5EL_42, i20 %p_ZZN4nnet24compute_output_buffer_2dINS_5arrayI8ap_fixedILi20ELi10EL9ap_q_mode5EL_54, i20 %p_ZZN4nnet24compute_output_buffer_2dINS_5arrayI8ap_fixedILi20ELi10EL9ap_q_mode5EL_41, i20 %p_ZZN4nnet24compute_output_buffer_2dINS_5arrayI8ap_fixedILi20ELi10EL9ap_q_mode5EL_53, i20 %p_ZZN4nnet24compute_output_buffer_2dINS_5arrayI8ap_fixedILi20ELi10EL9ap_q_mode5EL_40, i20 %p_ZZN4nnet24compute_output_buffer_2dINS_5arrayI8ap_fixedILi20ELi10EL9ap_q_mode5EL_52, i20 %p_ZZN4nnet24compute_output_buffer_2dINS_5arrayI8ap_fixedILi20ELi10EL9ap_q_mode5EL_15, i20 %p_ZZN4nnet24compute_output_buffer_2dINS_5arrayI8ap_fixedILi20ELi10EL9ap_q_mode5EL_27, i20 %p_ZZN4nnet24compute_output_buffer_2dINS_5arrayI8ap_fixedILi20ELi10EL9ap_q_mode5EL_14, i20 %p_ZZN4nnet24compute_output_buffer_2dINS_5arrayI8ap_fixedILi20ELi10EL9ap_q_mode5EL_26, i20 %p_ZZN4nnet24compute_output_buffer_2dINS_5arrayI8ap_fixedILi20ELi10EL9ap_q_mode5EL_13, i20 %p_ZZN4nnet24compute_output_buffer_2dINS_5arrayI8ap_fixedILi20ELi10EL9ap_q_mode5EL_25, i20 %p_ZZN4nnet24compute_output_buffer_2dINS_5arrayI8ap_fixedILi20ELi10EL9ap_q_mode5EL_12, i20 %p_ZZN4nnet24compute_output_buffer_2dINS_5arrayI8ap_fixedILi20ELi10EL9ap_q_mode5EL_24, i20 %p_ZZN4nnet24compute_output_buffer_2dINS_5arrayI8ap_fixedILi20ELi10EL9ap_q_mode5EL_11, i20 %p_ZZN4nnet24compute_output_buffer_2dINS_5arrayI8ap_fixedILi20ELi10EL9ap_q_mode5EL_23, i20 %p_ZZN4nnet24compute_output_buffer_2dINS_5arrayI8ap_fixedILi20ELi10EL9ap_q_mode5EL_10, i20 %p_ZZN4nnet24compute_output_buffer_2dINS_5arrayI8ap_fixedILi20ELi10EL9ap_q_mode5EL_22, i20 %p_ZZN4nnet24compute_output_buffer_2dINS_5arrayI8ap_fixedILi20ELi10EL9ap_q_mode5EL_9, i20 %p_ZZN4nnet24compute_output_buffer_2dINS_5arrayI8ap_fixedILi20ELi10EL9ap_q_mode5EL_21, i20 %p_ZZN4nnet24compute_output_buffer_2dINS_5arrayI8ap_fixedILi20ELi10EL9ap_q_mode5EL_8, i20 %p_ZZN4nnet24compute_output_buffer_2dINS_5arrayI8ap_fixedILi20ELi10EL9ap_q_mode5EL_20, i20 %p_ZZN4nnet24compute_output_buffer_2dINS_5arrayI8ap_fixedILi20ELi10EL9ap_q_mode5EL_7, i20 %p_ZZN4nnet24compute_output_buffer_2dINS_5arrayI8ap_fixedILi20ELi10EL9ap_q_mode5EL_19, i20 %p_ZZN4nnet24compute_output_buffer_2dINS_5arrayI8ap_fixedILi20ELi10EL9ap_q_mode5EL_6, i20 %p_ZZN4nnet24compute_output_buffer_2dINS_5arrayI8ap_fixedILi20ELi10EL9ap_q_mode5EL_18, i20 %p_ZZN4nnet24compute_output_buffer_2dINS_5arrayI8ap_fixedILi20ELi10EL9ap_q_mode5EL_5, i20 %p_ZZN4nnet24compute_output_buffer_2dINS_5arrayI8ap_fixedILi20ELi10EL9ap_q_mode5EL_17, i20 %p_ZZN4nnet24compute_output_buffer_2dINS_5arrayI8ap_fixedILi20ELi10EL9ap_q_mode5EL_4, i20 %p_ZZN4nnet24compute_output_buffer_2dINS_5arrayI8ap_fixedILi20ELi10EL9ap_q_mode5EL_16, i20 %p_ZZN4nnet24compute_output_buffer_2dINS_5arrayI8ap_fixedILi20ELi10EL9ap_q_mode5EL_75, i20 %p_ZZN4nnet24compute_output_buffer_2dINS_5arrayI8ap_fixedILi20ELi10EL9ap_q_mode5EL_74, i20 %p_ZZN4nnet24compute_output_buffer_2dINS_5arrayI8ap_fixedILi20ELi10EL9ap_q_mode5EL_73, i20 %p_ZZN4nnet24compute_output_buffer_2dINS_5arrayI8ap_fixedILi20ELi10EL9ap_q_mode5EL_72, i20 %p_ZZN4nnet24compute_output_buffer_2dINS_5arrayI8ap_fixedILi20ELi10EL9ap_q_mode5EL_71, i20 %p_ZZN4nnet24compute_output_buffer_2dINS_5arrayI8ap_fixedILi20ELi10EL9ap_q_mode5EL_70, i20 %p_ZZN4nnet24compute_output_buffer_2dINS_5arrayI8ap_fixedILi20ELi10EL9ap_q_mode5EL_69, i20 %p_ZZN4nnet24compute_output_buffer_2dINS_5arrayI8ap_fixedILi20ELi10EL9ap_q_mode5EL_68, i20 %p_ZZN4nnet24compute_output_buffer_2dINS_5arrayI8ap_fixedILi20ELi10EL9ap_q_mode5EL_67, i20 %p_ZZN4nnet24compute_output_buffer_2dINS_5arrayI8ap_fixedILi20ELi10EL9ap_q_mode5EL_66, i20 %p_ZZN4nnet24compute_output_buffer_2dINS_5arrayI8ap_fixedILi20ELi10EL9ap_q_mode5EL_65, i20 %p_ZZN4nnet24compute_output_buffer_2dINS_5arrayI8ap_fixedILi20ELi10EL9ap_q_mode5EL_64, i20 %p_ZZN4nnet24compute_output_buffer_2dINS_5arrayI8ap_fixedILi20ELi10EL9ap_q_mode5EL_39, i20 %p_ZZN4nnet24compute_output_buffer_2dINS_5arrayI8ap_fixedILi20ELi10EL9ap_q_mode5EL_38, i20 %p_ZZN4nnet24compute_output_buffer_2dINS_5arrayI8ap_fixedILi20ELi10EL9ap_q_mode5EL_37, i20 %p_ZZN4nnet24compute_output_buffer_2dINS_5arrayI8ap_fixedILi20ELi10EL9ap_q_mode5EL_36, i20 %p_ZZN4nnet24compute_output_buffer_2dINS_5arrayI8ap_fixedILi20ELi10EL9ap_q_mode5EL_35, i20 %p_ZZN4nnet24compute_output_buffer_2dINS_5arrayI8ap_fixedILi20ELi10EL9ap_q_mode5EL_34, i20 %p_ZZN4nnet24compute_output_buffer_2dINS_5arrayI8ap_fixedILi20ELi10EL9ap_q_mode5EL_33, i20 %p_ZZN4nnet24compute_output_buffer_2dINS_5arrayI8ap_fixedILi20ELi10EL9ap_q_mode5EL_32, i20 %p_ZZN4nnet24compute_output_buffer_2dINS_5arrayI8ap_fixedILi20ELi10EL9ap_q_mode5EL_31, i20 %p_ZZN4nnet24compute_output_buffer_2dINS_5arrayI8ap_fixedILi20ELi10EL9ap_q_mode5EL_30, i20 %p_ZZN4nnet24compute_output_buffer_2dINS_5arrayI8ap_fixedILi20ELi10EL9ap_q_mode5EL_29, i20 %p_ZZN4nnet24compute_output_buffer_2dINS_5arrayI8ap_fixedILi20ELi10EL9ap_q_mode5EL_28, i20 %p_ZZN4nnet24compute_output_buffer_2dINS_5arrayI8ap_fixedILi20ELi10EL9ap_q_mode5EL_3, i20 %p_ZZN4nnet24compute_output_buffer_2dINS_5arrayI8ap_fixedILi20ELi10EL9ap_q_mode5EL_2, i20 %p_ZZN4nnet24compute_output_buffer_2dINS_5arrayI8ap_fixedILi20ELi10EL9ap_q_mode5EL_1, i20 %p_ZZN4nnet24compute_output_buffer_2dINS_5arrayI8ap_fixedILi20ELi10EL9ap_q_mode5EL, i20 %p_ZZN4nnet24compute_output_buffer_2dINS_5arrayI8ap_fixedILi20ELi10EL9ap_q_mode5EL_96, i20 %p_ZZN4nnet24compute_output_buffer_2dINS_5arrayI8ap_fixedILi20ELi10EL9ap_q_mode5EL_95, i20 %p_ZZN4nnet24compute_output_buffer_2dINS_5arrayI8ap_fixedILi20ELi10EL9ap_q_mode5EL_94, i20 %p_ZZN4nnet24compute_output_buffer_2dINS_5arrayI8ap_fixedILi20ELi10EL9ap_q_mode5EL_93, i20 %p_ZZN4nnet24compute_output_buffer_2dINS_5arrayI8ap_fixedILi20ELi10EL9ap_q_mode5EL_92, i20 %p_ZZN4nnet24compute_output_buffer_2dINS_5arrayI8ap_fixedILi20ELi10EL9ap_q_mode5EL_91, i20 %p_ZZN4nnet24compute_output_buffer_2dINS_5arrayI8ap_fixedILi20ELi10EL9ap_q_mode5EL_90, i20 %p_ZZN4nnet24compute_output_buffer_2dINS_5arrayI8ap_fixedILi20ELi10EL9ap_q_mode5EL_89, i20 %p_ZZN4nnet26conv_2d_buffer_resource_clINS_5arrayI8ap_fixedILi20ELi10EL9ap_q_mode5_23, i20 %p_ZZN4nnet26conv_2d_buffer_resource_clINS_5arrayI8ap_fixedILi20ELi10EL9ap_q_mode5_11, i20 %p_ZZN4nnet26conv_2d_buffer_resource_clINS_5arrayI8ap_fixedILi20ELi10EL9ap_q_mode5_22, i20 %p_ZZN4nnet26conv_2d_buffer_resource_clINS_5arrayI8ap_fixedILi20ELi10EL9ap_q_mode5_10, i20 %p_ZZN4nnet26conv_2d_buffer_resource_clINS_5arrayI8ap_fixedILi20ELi10EL9ap_q_mode5_19, i20 %p_ZZN4nnet26conv_2d_buffer_resource_clINS_5arrayI8ap_fixedILi20ELi10EL9ap_q_mode5_7, i20 %p_ZZN4nnet26conv_2d_buffer_resource_clINS_5arrayI8ap_fixedILi20ELi10EL9ap_q_mode5_18, i20 %p_ZZN4nnet26conv_2d_buffer_resource_clINS_5arrayI8ap_fixedILi20ELi10EL9ap_q_mode5_6, i20 %p_ZZN4nnet26conv_2d_buffer_resource_clINS_5arrayI8ap_fixedILi20ELi10EL9ap_q_mode5_17, i20 %p_ZZN4nnet26conv_2d_buffer_resource_clINS_5arrayI8ap_fixedILi20ELi10EL9ap_q_mode5_5, i20 %p_ZZN4nnet26conv_2d_buffer_resource_clINS_5arrayI8ap_fixedILi20ELi10EL9ap_q_mode5_16, i20 %p_ZZN4nnet26conv_2d_buffer_resource_clINS_5arrayI8ap_fixedILi20ELi10EL9ap_q_mode5_4, i20 %p_ZZN4nnet26conv_2d_buffer_resource_clINS_5arrayI8ap_fixedILi20ELi10EL9ap_q_mode5_15, i20 %p_ZZN4nnet26conv_2d_buffer_resource_clINS_5arrayI8ap_fixedILi20ELi10EL9ap_q_mode5_3, i20 %p_ZZN4nnet26conv_2d_buffer_resource_clINS_5arrayI8ap_fixedILi20ELi10EL9ap_q_mode5_14, i20 %p_ZZN4nnet26conv_2d_buffer_resource_clINS_5arrayI8ap_fixedILi20ELi10EL9ap_q_mode5_2, i20 %p_ZZN4nnet26conv_2d_buffer_resource_clINS_5arrayI8ap_fixedILi20ELi10EL9ap_q_mode5_13, i20 %p_ZZN4nnet26conv_2d_buffer_resource_clINS_5arrayI8ap_fixedILi20ELi10EL9ap_q_mode5_1, i20 %p_ZZN4nnet26conv_2d_buffer_resource_clINS_5arrayI8ap_fixedILi20ELi10EL9ap_q_mode5_12, i20 %p_ZZN4nnet26conv_2d_buffer_resource_clINS_5arrayI8ap_fixedILi20ELi10EL9ap_q_mode5, i20 %p_ZZN4nnet26conv_2d_buffer_resource_clINS_5arrayI8ap_fixedILi20ELi10EL9ap_q_mode5_21, i20 %p_ZZN4nnet26conv_2d_buffer_resource_clINS_5arrayI8ap_fixedILi20ELi10EL9ap_q_mode5_9, i20 %p_ZZN4nnet26conv_2d_buffer_resource_clINS_5arrayI8ap_fixedILi20ELi10EL9ap_q_mode5_20, i20 %p_ZZN4nnet26conv_2d_buffer_resource_clINS_5arrayI8ap_fixedILi20ELi10EL9ap_q_mode5_8, i32 %sX_3, i32 %sY_3, i32 %pY_3, i32 %pX_3, i5 %outidx_59, i12 %w6" [firmware/nnet_utils/nnet_conv2d_stream.h:58->firmware/nnet_utils/nnet_conv2d_stream.h:78]   --->   Operation 26 'call' 'call_ln58' <Predicate = (!icmp_ln52)> <Delay = 0.00> <CoreType = "Generic">   --->   Core 0 '' <Latency = 0> <II = 1> <Delay = 1.00> <Generic> <Opcode : >
ST_2 : Operation 27 [1/1] (1.58ns)   --->   "%store_ln52 = store i9 %add_ln52, i9 %indvar_flatten" [firmware/nnet_utils/nnet_conv2d_stream.h:52->firmware/nnet_utils/nnet_conv2d_stream.h:78]   --->   Operation 27 'store' 'store_ln52' <Predicate = (!icmp_ln52)> <Delay = 1.58>
ST_2 : Operation 28 [1/1] (0.00ns)   --->   "%ret_ln82 = ret" [firmware/nnet_utils/nnet_conv2d_stream.h:82]   --->   Operation 28 'ret' 'ret_ln82' <Predicate = (icmp_ln52)> <Delay = 0.00>

State 3 <SV = 2> <Delay = 0.00>
ST_3 : Operation 29 [1/1] (0.00ns)   --->   "%specloopname_ln0 = specloopname void @_ssdm_op_SpecLoopName, void @ReadInputHeight_ReadInputWidth_str"   --->   Operation 29 'specloopname' 'specloopname_ln0' <Predicate = true> <Delay = 0.00>
ST_3 : Operation 30 [1/1] (0.00ns)   --->   "%speclooptripcount_ln0 = speclooptripcount void @_ssdm_op_SpecLoopTripCount, i64 324, i64 324, i64 324"   --->   Operation 30 'speclooptripcount' 'speclooptripcount_ln0' <Predicate = true> <Delay = 0.00>
ST_3 : Operation 31 [1/2] (0.00ns)   --->   "%call_ln58 = call void @compute_output_buffer_2d<array,array<ap_fixed<18,8,5,3,0>,18u>,config6>, i20 %trunc_ln58, i20 %trunc_ln58_1, i20 %trunc_ln58_2, i20 %trunc_ln58_3, i20 %trunc_ln58_4, i20 %trunc_ln58_5, i20 %trunc_ln58_6, i20 %trunc_ln58_7, i20 %trunc_ln58_8, i20 %trunc_ln58_9, i20 %trunc_ln58_s, i20 %trunc_ln58_10, i324 %layer6_out, i20 %p_ZZN4nnet24compute_output_buffer_2dINS_5arrayI8ap_fixedILi20ELi10EL9ap_q_mode5EL_87, i20 %void_compute_output_buffer_2d_array_const_ap_shift_reg_n_chan_stream_weig_18, i20 %p_ZZN4nnet24compute_output_buffer_2dINS_5arrayI8ap_fixedILi20ELi10EL9ap_q_mode5EL_86, i20 %void_compute_output_buffer_2d_array_const_ap_shift_reg_n_chan_stream_weig_17, i20 %p_ZZN4nnet24compute_output_buffer_2dINS_5arrayI8ap_fixedILi20ELi10EL9ap_q_mode5EL_85, i20 %void_compute_output_buffer_2d_array_const_ap_shift_reg_n_chan_stream_weig_16, i20 %p_ZZN4nnet24compute_output_buffer_2dINS_5arrayI8ap_fixedILi20ELi10EL9ap_q_mode5EL_84, i20 %void_compute_output_buffer_2d_array_const_ap_shift_reg_n_chan_stream_weig_15, i20 %p_ZZN4nnet24compute_output_buffer_2dINS_5arrayI8ap_fixedILi20ELi10EL9ap_q_mode5EL_83, i20 %void_compute_output_buffer_2d_array_const_ap_shift_reg_n_chan_stream_weig_14, i20 %p_ZZN4nnet24compute_output_buffer_2dINS_5arrayI8ap_fixedILi20ELi10EL9ap_q_mode5EL_82, i20 %void_compute_output_buffer_2d_array_const_ap_shift_reg_n_chan_stream_weig_13, i20 %p_ZZN4nnet24compute_output_buffer_2dINS_5arrayI8ap_fixedILi20ELi10EL9ap_q_mode5EL_81, i20 %void_compute_output_buffer_2d_array_const_ap_shift_reg_n_chan_stream_weig_12, i20 %p_ZZN4nnet24compute_output_buffer_2dINS_5arrayI8ap_fixedILi20ELi10EL9ap_q_mode5EL_80, i20 %void_compute_output_buffer_2d_array_const_ap_shift_reg_n_chan_stream_weig_11, i20 %p_ZZN4nnet24compute_output_buffer_2dINS_5arrayI8ap_fixedILi20ELi10EL9ap_q_mode5EL_79, i20 %void_compute_output_buffer_2d_array_const_ap_shift_reg_n_chan_stream_weig_10, i20 %p_ZZN4nnet24compute_output_buffer_2dINS_5arrayI8ap_fixedILi20ELi10EL9ap_q_mode5EL_78, i20 %void_compute_output_buffer_2d_array_const_ap_shift_reg_n_chan_stream_weig_9, i20 %p_ZZN4nnet24compute_output_buffer_2dINS_5arrayI8ap_fixedILi20ELi10EL9ap_q_mode5EL_77, i20 %p_ZZN4nnet24compute_output_buffer_2dINS_5arrayI8ap_fixedILi20ELi10EL9ap_q_mode5EL_97, i20 %p_ZZN4nnet24compute_output_buffer_2dINS_5arrayI8ap_fixedILi20ELi10EL9ap_q_mode5EL_76, i20 %p_ZZN4nnet24compute_output_buffer_2dINS_5arrayI8ap_fixedILi20ELi10EL9ap_q_mode5EL_88, i20 %p_ZZN4nnet24compute_output_buffer_2dINS_5arrayI8ap_fixedILi20ELi10EL9ap_q_mode5EL_51, i20 %p_ZZN4nnet24compute_output_buffer_2dINS_5arrayI8ap_fixedILi20ELi10EL9ap_q_mode5EL_63, i20 %p_ZZN4nnet24compute_output_buffer_2dINS_5arrayI8ap_fixedILi20ELi10EL9ap_q_mode5EL_50, i20 %p_ZZN4nnet24compute_output_buffer_2dINS_5arrayI8ap_fixedILi20ELi10EL9ap_q_mode5EL_62, i20 %p_ZZN4nnet24compute_output_buffer_2dINS_5arrayI8ap_fixedILi20ELi10EL9ap_q_mode5EL_49, i20 %p_ZZN4nnet24compute_output_buffer_2dINS_5arrayI8ap_fixedILi20ELi10EL9ap_q_mode5EL_61, i20 %p_ZZN4nnet24compute_output_buffer_2dINS_5arrayI8ap_fixedILi20ELi10EL9ap_q_mode5EL_48, i20 %p_ZZN4nnet24compute_output_buffer_2dINS_5arrayI8ap_fixedILi20ELi10EL9ap_q_mode5EL_60, i20 %p_ZZN4nnet24compute_output_buffer_2dINS_5arrayI8ap_fixedILi20ELi10EL9ap_q_mode5EL_47, i20 %p_ZZN4nnet24compute_output_buffer_2dINS_5arrayI8ap_fixedILi20ELi10EL9ap_q_mode5EL_59, i20 %p_ZZN4nnet24compute_output_buffer_2dINS_5arrayI8ap_fixedILi20ELi10EL9ap_q_mode5EL_46, i20 %p_ZZN4nnet24compute_output_buffer_2dINS_5arrayI8ap_fixedILi20ELi10EL9ap_q_mode5EL_58, i20 %p_ZZN4nnet24compute_output_buffer_2dINS_5arrayI8ap_fixedILi20ELi10EL9ap_q_mode5EL_45, i20 %p_ZZN4nnet24compute_output_buffer_2dINS_5arrayI8ap_fixedILi20ELi10EL9ap_q_mode5EL_57, i20 %p_ZZN4nnet24compute_output_buffer_2dINS_5arrayI8ap_fixedILi20ELi10EL9ap_q_mode5EL_44, i20 %p_ZZN4nnet24compute_output_buffer_2dINS_5arrayI8ap_fixedILi20ELi10EL9ap_q_mode5EL_56, i20 %p_ZZN4nnet24compute_output_buffer_2dINS_5arrayI8ap_fixedILi20ELi10EL9ap_q_mode5EL_43, i20 %p_ZZN4nnet24compute_output_buffer_2dINS_5arrayI8ap_fixedILi20ELi10EL9ap_q_mode5EL_55, i20 %p_ZZN4nnet24compute_output_buffer_2dINS_5arrayI8ap_fixedILi20ELi10EL9ap_q_mode5EL_42, i20 %p_ZZN4nnet24compute_output_buffer_2dINS_5arrayI8ap_fixedILi20ELi10EL9ap_q_mode5EL_54, i20 %p_ZZN4nnet24compute_output_buffer_2dINS_5arrayI8ap_fixedILi20ELi10EL9ap_q_mode5EL_41, i20 %p_ZZN4nnet24compute_output_buffer_2dINS_5arrayI8ap_fixedILi20ELi10EL9ap_q_mode5EL_53, i20 %p_ZZN4nnet24compute_output_buffer_2dINS_5arrayI8ap_fixedILi20ELi10EL9ap_q_mode5EL_40, i20 %p_ZZN4nnet24compute_output_buffer_2dINS_5arrayI8ap_fixedILi20ELi10EL9ap_q_mode5EL_52, i20 %p_ZZN4nnet24compute_output_buffer_2dINS_5arrayI8ap_fixedILi20ELi10EL9ap_q_mode5EL_15, i20 %p_ZZN4nnet24compute_output_buffer_2dINS_5arrayI8ap_fixedILi20ELi10EL9ap_q_mode5EL_27, i20 %p_ZZN4nnet24compute_output_buffer_2dINS_5arrayI8ap_fixedILi20ELi10EL9ap_q_mode5EL_14, i20 %p_ZZN4nnet24compute_output_buffer_2dINS_5arrayI8ap_fixedILi20ELi10EL9ap_q_mode5EL_26, i20 %p_ZZN4nnet24compute_output_buffer_2dINS_5arrayI8ap_fixedILi20ELi10EL9ap_q_mode5EL_13, i20 %p_ZZN4nnet24compute_output_buffer_2dINS_5arrayI8ap_fixedILi20ELi10EL9ap_q_mode5EL_25, i20 %p_ZZN4nnet24compute_output_buffer_2dINS_5arrayI8ap_fixedILi20ELi10EL9ap_q_mode5EL_12, i20 %p_ZZN4nnet24compute_output_buffer_2dINS_5arrayI8ap_fixedILi20ELi10EL9ap_q_mode5EL_24, i20 %p_ZZN4nnet24compute_output_buffer_2dINS_5arrayI8ap_fixedILi20ELi10EL9ap_q_mode5EL_11, i20 %p_ZZN4nnet24compute_output_buffer_2dINS_5arrayI8ap_fixedILi20ELi10EL9ap_q_mode5EL_23, i20 %p_ZZN4nnet24compute_output_buffer_2dINS_5arrayI8ap_fixedILi20ELi10EL9ap_q_mode5EL_10, i20 %p_ZZN4nnet24compute_output_buffer_2dINS_5arrayI8ap_fixedILi20ELi10EL9ap_q_mode5EL_22, i20 %p_ZZN4nnet24compute_output_buffer_2dINS_5arrayI8ap_fixedILi20ELi10EL9ap_q_mode5EL_9, i20 %p_ZZN4nnet24compute_output_buffer_2dINS_5arrayI8ap_fixedILi20ELi10EL9ap_q_mode5EL_21, i20 %p_ZZN4nnet24compute_output_buffer_2dINS_5arrayI8ap_fixedILi20ELi10EL9ap_q_mode5EL_8, i20 %p_ZZN4nnet24compute_output_buffer_2dINS_5arrayI8ap_fixedILi20ELi10EL9ap_q_mode5EL_20, i20 %p_ZZN4nnet24compute_output_buffer_2dINS_5arrayI8ap_fixedILi20ELi10EL9ap_q_mode5EL_7, i20 %p_ZZN4nnet24compute_output_buffer_2dINS_5arrayI8ap_fixedILi20ELi10EL9ap_q_mode5EL_19, i20 %p_ZZN4nnet24compute_output_buffer_2dINS_5arrayI8ap_fixedILi20ELi10EL9ap_q_mode5EL_6, i20 %p_ZZN4nnet24compute_output_buffer_2dINS_5arrayI8ap_fixedILi20ELi10EL9ap_q_mode5EL_18, i20 %p_ZZN4nnet24compute_output_buffer_2dINS_5arrayI8ap_fixedILi20ELi10EL9ap_q_mode5EL_5, i20 %p_ZZN4nnet24compute_output_buffer_2dINS_5arrayI8ap_fixedILi20ELi10EL9ap_q_mode5EL_17, i20 %p_ZZN4nnet24compute_output_buffer_2dINS_5arrayI8ap_fixedILi20ELi10EL9ap_q_mode5EL_4, i20 %p_ZZN4nnet24compute_output_buffer_2dINS_5arrayI8ap_fixedILi20ELi10EL9ap_q_mode5EL_16, i20 %p_ZZN4nnet24compute_output_buffer_2dINS_5arrayI8ap_fixedILi20ELi10EL9ap_q_mode5EL_75, i20 %p_ZZN4nnet24compute_output_buffer_2dINS_5arrayI8ap_fixedILi20ELi10EL9ap_q_mode5EL_74, i20 %p_ZZN4nnet24compute_output_buffer_2dINS_5arrayI8ap_fixedILi20ELi10EL9ap_q_mode5EL_73, i20 %p_ZZN4nnet24compute_output_buffer_2dINS_5arrayI8ap_fixedILi20ELi10EL9ap_q_mode5EL_72, i20 %p_ZZN4nnet24compute_output_buffer_2dINS_5arrayI8ap_fixedILi20ELi10EL9ap_q_mode5EL_71, i20 %p_ZZN4nnet24compute_output_buffer_2dINS_5arrayI8ap_fixedILi20ELi10EL9ap_q_mode5EL_70, i20 %p_ZZN4nnet24compute_output_buffer_2dINS_5arrayI8ap_fixedILi20ELi10EL9ap_q_mode5EL_69, i20 %p_ZZN4nnet24compute_output_buffer_2dINS_5arrayI8ap_fixedILi20ELi10EL9ap_q_mode5EL_68, i20 %p_ZZN4nnet24compute_output_buffer_2dINS_5arrayI8ap_fixedILi20ELi10EL9ap_q_mode5EL_67, i20 %p_ZZN4nnet24compute_output_buffer_2dINS_5arrayI8ap_fixedILi20ELi10EL9ap_q_mode5EL_66, i20 %p_ZZN4nnet24compute_output_buffer_2dINS_5arrayI8ap_fixedILi20ELi10EL9ap_q_mode5EL_65, i20 %p_ZZN4nnet24compute_output_buffer_2dINS_5arrayI8ap_fixedILi20ELi10EL9ap_q_mode5EL_64, i20 %p_ZZN4nnet24compute_output_buffer_2dINS_5arrayI8ap_fixedILi20ELi10EL9ap_q_mode5EL_39, i20 %p_ZZN4nnet24compute_output_buffer_2dINS_5arrayI8ap_fixedILi20ELi10EL9ap_q_mode5EL_38, i20 %p_ZZN4nnet24compute_output_buffer_2dINS_5arrayI8ap_fixedILi20ELi10EL9ap_q_mode5EL_37, i20 %p_ZZN4nnet24compute_output_buffer_2dINS_5arrayI8ap_fixedILi20ELi10EL9ap_q_mode5EL_36, i20 %p_ZZN4nnet24compute_output_buffer_2dINS_5arrayI8ap_fixedILi20ELi10EL9ap_q_mode5EL_35, i20 %p_ZZN4nnet24compute_output_buffer_2dINS_5arrayI8ap_fixedILi20ELi10EL9ap_q_mode5EL_34, i20 %p_ZZN4nnet24compute_output_buffer_2dINS_5arrayI8ap_fixedILi20ELi10EL9ap_q_mode5EL_33, i20 %p_ZZN4nnet24compute_output_buffer_2dINS_5arrayI8ap_fixedILi20ELi10EL9ap_q_mode5EL_32, i20 %p_ZZN4nnet24compute_output_buffer_2dINS_5arrayI8ap_fixedILi20ELi10EL9ap_q_mode5EL_31, i20 %p_ZZN4nnet24compute_output_buffer_2dINS_5arrayI8ap_fixedILi20ELi10EL9ap_q_mode5EL_30, i20 %p_ZZN4nnet24compute_output_buffer_2dINS_5arrayI8ap_fixedILi20ELi10EL9ap_q_mode5EL_29, i20 %p_ZZN4nnet24compute_output_buffer_2dINS_5arrayI8ap_fixedILi20ELi10EL9ap_q_mode5EL_28, i20 %p_ZZN4nnet24compute_output_buffer_2dINS_5arrayI8ap_fixedILi20ELi10EL9ap_q_mode5EL_3, i20 %p_ZZN4nnet24compute_output_buffer_2dINS_5arrayI8ap_fixedILi20ELi10EL9ap_q_mode5EL_2, i20 %p_ZZN4nnet24compute_output_buffer_2dINS_5arrayI8ap_fixedILi20ELi10EL9ap_q_mode5EL_1, i20 %p_ZZN4nnet24compute_output_buffer_2dINS_5arrayI8ap_fixedILi20ELi10EL9ap_q_mode5EL, i20 %p_ZZN4nnet24compute_output_buffer_2dINS_5arrayI8ap_fixedILi20ELi10EL9ap_q_mode5EL_96, i20 %p_ZZN4nnet24compute_output_buffer_2dINS_5arrayI8ap_fixedILi20ELi10EL9ap_q_mode5EL_95, i20 %p_ZZN4nnet24compute_output_buffer_2dINS_5arrayI8ap_fixedILi20ELi10EL9ap_q_mode5EL_94, i20 %p_ZZN4nnet24compute_output_buffer_2dINS_5arrayI8ap_fixedILi20ELi10EL9ap_q_mode5EL_93, i20 %p_ZZN4nnet24compute_output_buffer_2dINS_5arrayI8ap_fixedILi20ELi10EL9ap_q_mode5EL_92, i20 %p_ZZN4nnet24compute_output_buffer_2dINS_5arrayI8ap_fixedILi20ELi10EL9ap_q_mode5EL_91, i20 %p_ZZN4nnet24compute_output_buffer_2dINS_5arrayI8ap_fixedILi20ELi10EL9ap_q_mode5EL_90, i20 %p_ZZN4nnet24compute_output_buffer_2dINS_5arrayI8ap_fixedILi20ELi10EL9ap_q_mode5EL_89, i20 %p_ZZN4nnet26conv_2d_buffer_resource_clINS_5arrayI8ap_fixedILi20ELi10EL9ap_q_mode5_23, i20 %p_ZZN4nnet26conv_2d_buffer_resource_clINS_5arrayI8ap_fixedILi20ELi10EL9ap_q_mode5_11, i20 %p_ZZN4nnet26conv_2d_buffer_resource_clINS_5arrayI8ap_fixedILi20ELi10EL9ap_q_mode5_22, i20 %p_ZZN4nnet26conv_2d_buffer_resource_clINS_5arrayI8ap_fixedILi20ELi10EL9ap_q_mode5_10, i20 %p_ZZN4nnet26conv_2d_buffer_resource_clINS_5arrayI8ap_fixedILi20ELi10EL9ap_q_mode5_19, i20 %p_ZZN4nnet26conv_2d_buffer_resource_clINS_5arrayI8ap_fixedILi20ELi10EL9ap_q_mode5_7, i20 %p_ZZN4nnet26conv_2d_buffer_resource_clINS_5arrayI8ap_fixedILi20ELi10EL9ap_q_mode5_18, i20 %p_ZZN4nnet26conv_2d_buffer_resource_clINS_5arrayI8ap_fixedILi20ELi10EL9ap_q_mode5_6, i20 %p_ZZN4nnet26conv_2d_buffer_resource_clINS_5arrayI8ap_fixedILi20ELi10EL9ap_q_mode5_17, i20 %p_ZZN4nnet26conv_2d_buffer_resource_clINS_5arrayI8ap_fixedILi20ELi10EL9ap_q_mode5_5, i20 %p_ZZN4nnet26conv_2d_buffer_resource_clINS_5arrayI8ap_fixedILi20ELi10EL9ap_q_mode5_16, i20 %p_ZZN4nnet26conv_2d_buffer_resource_clINS_5arrayI8ap_fixedILi20ELi10EL9ap_q_mode5_4, i20 %p_ZZN4nnet26conv_2d_buffer_resource_clINS_5arrayI8ap_fixedILi20ELi10EL9ap_q_mode5_15, i20 %p_ZZN4nnet26conv_2d_buffer_resource_clINS_5arrayI8ap_fixedILi20ELi10EL9ap_q_mode5_3, i20 %p_ZZN4nnet26conv_2d_buffer_resource_clINS_5arrayI8ap_fixedILi20ELi10EL9ap_q_mode5_14, i20 %p_ZZN4nnet26conv_2d_buffer_resource_clINS_5arrayI8ap_fixedILi20ELi10EL9ap_q_mode5_2, i20 %p_ZZN4nnet26conv_2d_buffer_resource_clINS_5arrayI8ap_fixedILi20ELi10EL9ap_q_mode5_13, i20 %p_ZZN4nnet26conv_2d_buffer_resource_clINS_5arrayI8ap_fixedILi20ELi10EL9ap_q_mode5_1, i20 %p_ZZN4nnet26conv_2d_buffer_resource_clINS_5arrayI8ap_fixedILi20ELi10EL9ap_q_mode5_12, i20 %p_ZZN4nnet26conv_2d_buffer_resource_clINS_5arrayI8ap_fixedILi20ELi10EL9ap_q_mode5, i20 %p_ZZN4nnet26conv_2d_buffer_resource_clINS_5arrayI8ap_fixedILi20ELi10EL9ap_q_mode5_21, i20 %p_ZZN4nnet26conv_2d_buffer_resource_clINS_5arrayI8ap_fixedILi20ELi10EL9ap_q_mode5_9, i20 %p_ZZN4nnet26conv_2d_buffer_resource_clINS_5arrayI8ap_fixedILi20ELi10EL9ap_q_mode5_20, i20 %p_ZZN4nnet26conv_2d_buffer_resource_clINS_5arrayI8ap_fixedILi20ELi10EL9ap_q_mode5_8, i32 %sX_3, i32 %sY_3, i32 %pY_3, i32 %pX_3, i5 %outidx_59, i12 %w6" [firmware/nnet_utils/nnet_conv2d_stream.h:58->firmware/nnet_utils/nnet_conv2d_stream.h:78]   --->   Operation 31 'call' 'call_ln58' <Predicate = true> <Delay = 0.00> <CoreType = "Generic">   --->   Core 0 '' <Latency = 0> <II = 1> <Delay = 1.00> <Generic> <Opcode : >
ST_3 : Operation 32 [1/1] (0.00ns)   --->   "%br_ln54 = br void %for.body12.i" [firmware/nnet_utils/nnet_conv2d_stream.h:54->firmware/nnet_utils/nnet_conv2d_stream.h:78]   --->   Operation 32 'br' 'br_ln54' <Predicate = true> <Delay = 0.00>


============================================================
+ Verbose Summary: Timing violations
============================================================
Target clock period: 20.000ns, clock uncertainty: 5.400ns.

 <State 1>: 1.588ns
The critical path consists of the following:
	'alloca' operation 9 bit ('indvar_flatten') [141]  (0.000 ns)
	'store' operation 0 bit ('store_ln0') of constant 0 on local variable 'indvar_flatten' [144]  (1.588 ns)

 <State 2>: 5.422ns
The critical path consists of the following:
	'load' operation 9 bit ('indvar_flatten_load', firmware/nnet_utils/nnet_conv2d_stream.h:52->firmware/nnet_utils/nnet_conv2d_stream.h:78) on local variable 'indvar_flatten' [147]  (0.000 ns)
	'icmp' operation 1 bit ('icmp_ln52', firmware/nnet_utils/nnet_conv2d_stream.h:52->firmware/nnet_utils/nnet_conv2d_stream.h:78) [148]  (1.823 ns)
	fifo read operation ('layer14_out_read', firmware/nnet_utils/nnet_conv2d_stream.h:58->firmware/nnet_utils/nnet_conv2d_stream.h:78) on port 'layer14_out' (firmware/nnet_utils/nnet_conv2d_stream.h:58->firmware/nnet_utils/nnet_conv2d_stream.h:78) [154]  (3.599 ns)

 <State 3>: 0.000ns
The critical path consists of the following:


============================================================
+ Verbose Summary: Binding
============================================================
N/A
* FSMD analyzer results:
  - Output states:
 - Input state : 
  - Chain level:
	State 1
	State 2
	State 3


============================================================
+ Verbose Summary: Datapath Resource usage 
============================================================
N/A
