

================================================================
== Vitis HLS Report for 'dense_resource_rf_gt_nin_rem0_ap_fixed_ap_fixed_18_8_5_3_0_config2_mult_s'
================================================================
* Date:           Sun Aug 30 16:00:05 2026

* Version:        2024.1 (Build 5069499 on May 21 2024)
* Project:        myproject_prj
* Solution:       solution1 (Vivado IP Flow Target)
* Product family: zynq
* Target device:  xc7z020-clg400-1


================================================================
== Performance Estimates
================================================================
+ Timing: 
    * Summary: 
    +--------+----------+-----------+------------+
    |  Clock |  Target  | Estimated | Uncertainty|
    +--------+----------+-----------+------------+
    |ap_clk  |  20.00 ns|  11.032 ns|     5.40 ns|
    +--------+----------+-----------+------------+

+ Latency: 
    * Summary: 
    +---------+---------+----------+----------+-----+-----+------------------------------------------+
    |  Latency (cycles) |  Latency (absolute) |  Interval |                 Pipeline                 |
    |   min   |   max   |    min   |    max   | min | max |                   Type                   |
    +---------+---------+----------+----------+-----+-----+------------------------------------------+
    |      109|      110|  2.180 us|  2.200 us|  108|  108|  loop rewind stp(delay=0 clock cycles(s))|
    +---------+---------+----------+----------+-----+-----+------------------------------------------+

    + Detail: 
        * Instance: 
        N/A

        * Loop: 
        +-------------+---------+---------+----------+-----------+-----------+------+----------+
        |             |  Latency (cycles) | Iteration|  Initiation Interval  | Trip |          |
        |  Loop Name  |   min   |   max   |  Latency |  achieved |   target  | Count| Pipelined|
        +-------------+---------+---------+----------+-----------+-----------+------+----------+
        |- ReuseLoop  |      109|      109|         3|          1|          1|   108|       yes|
        +-------------+---------+---------+----------+-----------+-----------+------+----------+

============================================================
+ Verbose Summary: Synthesis Manager
============================================================
InlineROM: 1
ExposeGlobal: 0
============================================================
+ Verbose Summary: CDFG Model
============================================================
IsTopModel: 0
ResetActiveHigh: 1
IsCombinational: 0
IsDatapathOnly: 0
HasWiredReturn: 1
HasMFsm: 2
HasVarLatency: 1
IsPipeline: 0
IsRtlPipelined: 0
IsInstanceOverlapped: 0
IsDontTouch: 0
HasImplIP: 0
IsGatedGlobalClock: 0

+ Individual pipeline summary: 
  * Pipeline-0: initiation interval (II) = 1, depth = 3


============================================================
+ Verbose Summary: Schedule
============================================================
* Number of FSM states : 3
* Pipeline : 1
  Pipeline-0 : II = 1, D = 3, States = { 1 2 3 }
* Dataflow Pipeline: 0

* FSM state transitions: 
1 --> 2 
2 --> 3 
3 --> 

* FSM state operations: 

State 1 <SV = 0> <Delay = 4.84>
ST_1 : Operation 5 [1/1] (1.58ns)   --->   "%br_ln135 = br void %rewind_header" [firmware/nnet_utils/nnet_dense_resource.h:135]   --->   Operation 5 'br' 'br_ln135' <Predicate = true> <Delay = 1.58>
ST_1 : Operation 6 [1/1] (0.00ns)   --->   "%do_init = phi i1 1, void %entry, i1 0, void %V32.i.i27.i.i44.exit.i, i1 1, void %dense_resource_rf_gt_nin_rem0<ap_fixed<20, 10, 5, 3, 0>, ap_fixed<18, 8, 5, 3, 0>, config2_mult>.exit"   --->   Operation 6 'phi' 'do_init' <Predicate = true> <Delay = 0.00>
ST_1 : Operation 7 [1/1] (0.00ns)   --->   "%w_index33 = phi i7 0, void %entry, i7 %w_index, void %V32.i.i27.i.i44.exit.i, i7 0, void %dense_resource_rf_gt_nin_rem0<ap_fixed<20, 10, 5, 3, 0>, ap_fixed<18, 8, 5, 3, 0>, config2_mult>.exit"   --->   Operation 7 'phi' 'w_index33' <Predicate = true> <Delay = 0.00>
ST_1 : Operation 8 [1/1] (0.00ns)   --->   "%specmemcore_ln0 = specmemcore void @_ssdm_op_SpecMemCore, i11 %w2, i64 666, i64 38, i64 18446744073709551615"   --->   Operation 8 'specmemcore' 'specmemcore_ln0' <Predicate = (do_init)> <Delay = 0.00>
ST_1 : Operation 9 [1/1] (0.00ns)   --->   "%void_compute_output_buffer_2d_array_const_ap_shift_reg_n_chan_stream_weig_64 = load i20 %void_compute_output_buffer_2d_array_const_ap_shift_reg_n_chan_stream_weig_8"   --->   Operation 9 'load' 'void_compute_output_buffer_2d_array_const_ap_shift_reg_n_chan_stream_weig_64' <Predicate = (do_init)> <Delay = 0.00>
ST_1 : Operation 10 [1/1] (0.00ns)   --->   "%void_compute_output_buffer_2d_array_const_ap_shift_reg_n_chan_stream_weig_65 = load i20 %void_compute_output_buffer_2d_array_const_ap_shift_reg_n_chan_stream_weig_7"   --->   Operation 10 'load' 'void_compute_output_buffer_2d_array_const_ap_shift_reg_n_chan_stream_weig_65' <Predicate = (do_init)> <Delay = 0.00>
ST_1 : Operation 11 [1/1] (0.00ns)   --->   "%void_compute_output_buffer_2d_array_const_ap_shift_reg_n_chan_stream_weig_66 = load i20 %void_compute_output_buffer_2d_array_const_ap_shift_reg_n_chan_stream_weig_6"   --->   Operation 11 'load' 'void_compute_output_buffer_2d_array_const_ap_shift_reg_n_chan_stream_weig_66' <Predicate = (do_init)> <Delay = 0.00>
ST_1 : Operation 12 [1/1] (0.00ns)   --->   "%void_compute_output_buffer_2d_array_const_ap_shift_reg_n_chan_stream_weig_67 = load i20 %void_compute_output_buffer_2d_array_const_ap_shift_reg_n_chan_stream_weig_5"   --->   Operation 12 'load' 'void_compute_output_buffer_2d_array_const_ap_shift_reg_n_chan_stream_weig_67' <Predicate = (do_init)> <Delay = 0.00>
ST_1 : Operation 13 [1/1] (0.00ns)   --->   "%void_compute_output_buffer_2d_array_const_ap_shift_reg_n_chan_stream_weig_68 = load i20 %void_compute_output_buffer_2d_array_const_ap_shift_reg_n_chan_stream_weig_4"   --->   Operation 13 'load' 'void_compute_output_buffer_2d_array_const_ap_shift_reg_n_chan_stream_weig_68' <Predicate = (do_init)> <Delay = 0.00>
ST_1 : Operation 14 [1/1] (0.00ns)   --->   "%void_compute_output_buffer_2d_array_const_ap_shift_reg_n_chan_stream_weig_69 = load i20 %void_compute_output_buffer_2d_array_const_ap_shift_reg_n_chan_stream_weig_3"   --->   Operation 14 'load' 'void_compute_output_buffer_2d_array_const_ap_shift_reg_n_chan_stream_weig_69' <Predicate = (do_init)> <Delay = 0.00>
ST_1 : Operation 15 [1/1] (0.00ns)   --->   "%void_compute_output_buffer_2d_array_const_ap_shift_reg_n_chan_stream_weig_70 = load i20 %void_compute_output_buffer_2d_array_const_ap_shift_reg_n_chan_stream_weig_2"   --->   Operation 15 'load' 'void_compute_output_buffer_2d_array_const_ap_shift_reg_n_chan_stream_weig_70' <Predicate = (do_init)> <Delay = 0.00>
ST_1 : Operation 16 [1/1] (0.00ns)   --->   "%void_compute_output_buffer_2d_array_const_ap_shift_reg_n_chan_stream_weig_71 = load i20 %void_compute_output_buffer_2d_array_const_ap_shift_reg_n_chan_stream_weig_1"   --->   Operation 16 'load' 'void_compute_output_buffer_2d_array_const_ap_shift_reg_n_chan_stream_weig_71' <Predicate = (do_init)> <Delay = 0.00>
ST_1 : Operation 17 [1/1] (0.00ns)   --->   "%void_compute_output_buffer_2d_array_const_ap_shift_reg_n_chan_stream_weig_72 = load i20 %void_compute_output_buffer_2d_array_const_ap_shift_reg_n_chan_stream_weig"   --->   Operation 17 'load' 'void_compute_output_buffer_2d_array_const_ap_shift_reg_n_chan_stream_weig_72' <Predicate = (do_init)> <Delay = 0.00>
ST_1 : Operation 18 [1/1] (1.58ns)   --->   "%br_ln135 = br void %MultLoop.split.i" [firmware/nnet_utils/nnet_dense_resource.h:135]   --->   Operation 18 'br' 'br_ln135' <Predicate = (do_init)> <Delay = 1.58>
ST_1 : Operation 19 [1/1] (0.00ns)   --->   "%zext_ln135 = zext i7 %w_index33" [firmware/nnet_utils/nnet_dense_resource.h:135]   --->   Operation 19 'zext' 'zext_ln135' <Predicate = true> <Delay = 0.00>
ST_1 : Operation 20 [1/1] (0.00ns)   --->   "%outidx_63_addr = getelementptr i4 %outidx_63, i64 0, i64 %zext_ln135" [firmware/nnet_utils/nnet_dense_resource.h:139]   --->   Operation 20 'getelementptr' 'outidx_63_addr' <Predicate = true> <Delay = 0.00>
ST_1 : Operation 21 [2/2] (2.32ns)   --->   "%out_index = load i7 %outidx_63_addr" [firmware/nnet_utils/nnet_dense_resource.h:139]   --->   Operation 21 'load' 'out_index' <Predicate = true> <Delay = 2.32> <CoreInst = "ROM">   --->   Core 94 'ROM' <Latency = 1> <II = 1> <Delay = 2.32> <Storage> <Opcode : 'load'> <Ports = 0> <Width = 4> <Depth = 108> <ROM>
ST_1 : Operation 22 [1/1] (0.00ns)   --->   "%w2_addr = getelementptr i11 %w2, i64 0, i64 %zext_ln135" [firmware/nnet_utils/nnet_dense_resource.h:145]   --->   Operation 22 'getelementptr' 'w2_addr' <Predicate = true> <Delay = 0.00>
ST_1 : Operation 23 [2/2] (3.25ns)   --->   "%w = load i7 %w2_addr" [firmware/nnet_utils/nnet_dense_resource.h:145]   --->   Operation 23 'load' 'w' <Predicate = true> <Delay = 3.25> <CoreInst = "ROM_nP_BRAM">   --->   Core 102 'ROM_nP_BRAM' <Latency = 1> <II = 1> <Delay = 3.25> <Storage> <Opcode : 'load'> <Ports = 0> <Width = 11> <Depth = 108> <ROM>
ST_1 : Operation 24 [1/1] (1.87ns)   --->   "%w_index = add i7 %w_index33, i7 1" [firmware/nnet_utils/nnet_dense_resource.h:135]   --->   Operation 24 'add' 'w_index' <Predicate = true> <Delay = 1.87> <CoreInst = "Adder">   --->   Core 1 'Adder' <Latency = 0> <II = 1> <Delay = 1.87> <FuncUnit> <Opcode : 'add' 'sub'> <InPorts = 2> <OutPorts = 1>
ST_1 : Operation 25 [1/1] (1.87ns)   --->   "%icmp_ln135 = icmp_eq  i7 %w_index33, i7 107" [firmware/nnet_utils/nnet_dense_resource.h:135]   --->   Operation 25 'icmp' 'icmp_ln135' <Predicate = true> <Delay = 1.87> <CoreInst = "Cmp">   --->   Core 9 'Cmp' <Latency = 0> <II = 1> <Delay = 1.87> <FuncUnit> <Opcode : 'seteq' 'setne' 'setle' 'setge' 'setlt' 'setgt'> <InPorts = 2> <OutPorts = 1>
ST_1 : Operation 26 [1/1] (0.00ns)   --->   "%br_ln135 = br i1 %icmp_ln135, void %rewind_header, void %dense_resource_rf_gt_nin_rem0<ap_fixed<20, 10, 5, 3, 0>, ap_fixed<18, 8, 5, 3, 0>, config2_mult>.exit" [firmware/nnet_utils/nnet_dense_resource.h:135]   --->   Operation 26 'br' 'br_ln135' <Predicate = true> <Delay = 0.00>
ST_1 : Operation 27 [1/1] (0.00ns)   --->   "%br_ln0 = br void %rewind_header"   --->   Operation 27 'br' 'br_ln0' <Predicate = (icmp_ln135)> <Delay = 0.00>

State 2 <SV = 1> <Delay = 9.87>
ST_2 : Operation 28 [1/1] (0.00ns)   --->   "%void_compute_output_buffer_2d_array_const_ap_shift_reg_n_chan_stream_weig_73 = phi i20 0, void %entry, i20 %void_compute_output_buffer_2d_array_const_ap_shift_reg_n_chan_stream_weig_55, void %V32.i.i27.i.i44.exit.i, i20 0, void %dense_resource_rf_gt_nin_rem0<ap_fixed<20, 10, 5, 3, 0>, ap_fixed<18, 8, 5, 3, 0>, config2_mult>.exit"   --->   Operation 28 'phi' 'void_compute_output_buffer_2d_array_const_ap_shift_reg_n_chan_stream_weig_73' <Predicate = true> <Delay = 0.00>
ST_2 : Operation 29 [1/1] (0.00ns)   --->   "%void_compute_output_buffer_2d_array_const_ap_shift_reg_n_chan_stream_weig_74 = phi i20 0, void %entry, i20 %void_compute_output_buffer_2d_array_const_ap_shift_reg_n_chan_stream_weig_56, void %V32.i.i27.i.i44.exit.i, i20 0, void %dense_resource_rf_gt_nin_rem0<ap_fixed<20, 10, 5, 3, 0>, ap_fixed<18, 8, 5, 3, 0>, config2_mult>.exit"   --->   Operation 29 'phi' 'void_compute_output_buffer_2d_array_const_ap_shift_reg_n_chan_stream_weig_74' <Predicate = true> <Delay = 0.00>
ST_2 : Operation 30 [1/1] (0.00ns)   --->   "%void_compute_output_buffer_2d_array_const_ap_shift_reg_n_chan_stream_weig_75 = phi i20 0, void %entry, i20 %void_compute_output_buffer_2d_array_const_ap_shift_reg_n_chan_stream_weig_57, void %V32.i.i27.i.i44.exit.i, i20 0, void %dense_resource_rf_gt_nin_rem0<ap_fixed<20, 10, 5, 3, 0>, ap_fixed<18, 8, 5, 3, 0>, config2_mult>.exit"   --->   Operation 30 'phi' 'void_compute_output_buffer_2d_array_const_ap_shift_reg_n_chan_stream_weig_75' <Predicate = true> <Delay = 0.00>
ST_2 : Operation 31 [1/1] (0.00ns)   --->   "%void_compute_output_buffer_2d_array_const_ap_shift_reg_n_chan_stream_weig_76 = phi i20 0, void %entry, i20 %void_compute_output_buffer_2d_array_const_ap_shift_reg_n_chan_stream_weig_58, void %V32.i.i27.i.i44.exit.i, i20 0, void %dense_resource_rf_gt_nin_rem0<ap_fixed<20, 10, 5, 3, 0>, ap_fixed<18, 8, 5, 3, 0>, config2_mult>.exit"   --->   Operation 31 'phi' 'void_compute_output_buffer_2d_array_const_ap_shift_reg_n_chan_stream_weig_76' <Predicate = true> <Delay = 0.00>
ST_2 : Operation 32 [1/1] (0.00ns)   --->   "%void_compute_output_buffer_2d_array_const_ap_shift_reg_n_chan_stream_weig_77 = phi i20 0, void %entry, i20 %void_compute_output_buffer_2d_array_const_ap_shift_reg_n_chan_stream_weig_59, void %V32.i.i27.i.i44.exit.i, i20 0, void %dense_resource_rf_gt_nin_rem0<ap_fixed<20, 10, 5, 3, 0>, ap_fixed<18, 8, 5, 3, 0>, config2_mult>.exit"   --->   Operation 32 'phi' 'void_compute_output_buffer_2d_array_const_ap_shift_reg_n_chan_stream_weig_77' <Predicate = true> <Delay = 0.00>
ST_2 : Operation 33 [1/1] (0.00ns)   --->   "%void_compute_output_buffer_2d_array_const_ap_shift_reg_n_chan_stream_weig_78 = phi i20 0, void %entry, i20 %void_compute_output_buffer_2d_array_const_ap_shift_reg_n_chan_stream_weig_60, void %V32.i.i27.i.i44.exit.i, i20 0, void %dense_resource_rf_gt_nin_rem0<ap_fixed<20, 10, 5, 3, 0>, ap_fixed<18, 8, 5, 3, 0>, config2_mult>.exit"   --->   Operation 33 'phi' 'void_compute_output_buffer_2d_array_const_ap_shift_reg_n_chan_stream_weig_78' <Predicate = true> <Delay = 0.00>
ST_2 : Operation 34 [1/1] (0.00ns)   --->   "%void_compute_output_buffer_2d_array_const_ap_shift_reg_n_chan_stream_weig_79 = phi i20 0, void %entry, i20 %void_compute_output_buffer_2d_array_const_ap_shift_reg_n_chan_stream_weig_61, void %V32.i.i27.i.i44.exit.i, i20 0, void %dense_resource_rf_gt_nin_rem0<ap_fixed<20, 10, 5, 3, 0>, ap_fixed<18, 8, 5, 3, 0>, config2_mult>.exit"   --->   Operation 34 'phi' 'void_compute_output_buffer_2d_array_const_ap_shift_reg_n_chan_stream_weig_79' <Predicate = true> <Delay = 0.00>
ST_2 : Operation 35 [1/1] (0.00ns)   --->   "%void_compute_output_buffer_2d_array_const_ap_shift_reg_n_chan_stream_weig_80 = phi i20 0, void %entry, i20 %void_compute_output_buffer_2d_array_const_ap_shift_reg_n_chan_stream_weig_62, void %V32.i.i27.i.i44.exit.i, i20 0, void %dense_resource_rf_gt_nin_rem0<ap_fixed<20, 10, 5, 3, 0>, ap_fixed<18, 8, 5, 3, 0>, config2_mult>.exit"   --->   Operation 35 'phi' 'void_compute_output_buffer_2d_array_const_ap_shift_reg_n_chan_stream_weig_80' <Predicate = true> <Delay = 0.00>
ST_2 : Operation 36 [1/1] (0.00ns)   --->   "%void_compute_output_buffer_2d_array_const_ap_shift_reg_n_chan_stream_weig_81 = phi i20 0, void %entry, i20 %void_compute_output_buffer_2d_array_const_ap_shift_reg_n_chan_stream_weig_63, void %V32.i.i27.i.i44.exit.i, i20 0, void %dense_resource_rf_gt_nin_rem0<ap_fixed<20, 10, 5, 3, 0>, ap_fixed<18, 8, 5, 3, 0>, config2_mult>.exit"   --->   Operation 36 'phi' 'void_compute_output_buffer_2d_array_const_ap_shift_reg_n_chan_stream_weig_81' <Predicate = true> <Delay = 0.00>
ST_2 : Operation 37 [1/1] (0.00ns)   --->   "%in_index34 = phi i32 0, void %entry, i32 %in_index, void %V32.i.i27.i.i44.exit.i, i32 0, void %dense_resource_rf_gt_nin_rem0<ap_fixed<20, 10, 5, 3, 0>, ap_fixed<18, 8, 5, 3, 0>, config2_mult>.exit"   --->   Operation 37 'phi' 'in_index34' <Predicate = true> <Delay = 0.00>
ST_2 : Operation 38 [1/1] (1.58ns)   --->   "%br_ln0 = br i1 %do_init, void %MultLoop.split.i, void %rewind_init"   --->   Operation 38 'br' 'br_ln0' <Predicate = true> <Delay = 1.58>
ST_2 : Operation 39 [1/1] (0.00ns)   --->   "%void_compute_output_buffer_2d_array_const_ap_shift_reg_n_chan_stream_weig_55 = phi i20 %void_compute_output_buffer_2d_array_const_ap_shift_reg_n_chan_stream_weig_72, void %rewind_init, i20 %void_compute_output_buffer_2d_array_const_ap_shift_reg_n_chan_stream_weig_73, void %rewind_header"   --->   Operation 39 'phi' 'void_compute_output_buffer_2d_array_const_ap_shift_reg_n_chan_stream_weig_55' <Predicate = true> <Delay = 0.00>
ST_2 : Operation 40 [1/1] (0.00ns)   --->   "%void_compute_output_buffer_2d_array_const_ap_shift_reg_n_chan_stream_weig_56 = phi i20 %void_compute_output_buffer_2d_array_const_ap_shift_reg_n_chan_stream_weig_71, void %rewind_init, i20 %void_compute_output_buffer_2d_array_const_ap_shift_reg_n_chan_stream_weig_74, void %rewind_header"   --->   Operation 40 'phi' 'void_compute_output_buffer_2d_array_const_ap_shift_reg_n_chan_stream_weig_56' <Predicate = true> <Delay = 0.00>
ST_2 : Operation 41 [1/1] (0.00ns)   --->   "%void_compute_output_buffer_2d_array_const_ap_shift_reg_n_chan_stream_weig_57 = phi i20 %void_compute_output_buffer_2d_array_const_ap_shift_reg_n_chan_stream_weig_70, void %rewind_init, i20 %void_compute_output_buffer_2d_array_const_ap_shift_reg_n_chan_stream_weig_75, void %rewind_header"   --->   Operation 41 'phi' 'void_compute_output_buffer_2d_array_const_ap_shift_reg_n_chan_stream_weig_57' <Predicate = true> <Delay = 0.00>
ST_2 : Operation 42 [1/1] (0.00ns)   --->   "%void_compute_output_buffer_2d_array_const_ap_shift_reg_n_chan_stream_weig_58 = phi i20 %void_compute_output_buffer_2d_array_const_ap_shift_reg_n_chan_stream_weig_69, void %rewind_init, i20 %void_compute_output_buffer_2d_array_const_ap_shift_reg_n_chan_stream_weig_76, void %rewind_header"   --->   Operation 42 'phi' 'void_compute_output_buffer_2d_array_const_ap_shift_reg_n_chan_stream_weig_58' <Predicate = true> <Delay = 0.00>
ST_2 : Operation 43 [1/1] (0.00ns)   --->   "%void_compute_output_buffer_2d_array_const_ap_shift_reg_n_chan_stream_weig_59 = phi i20 %void_compute_output_buffer_2d_array_const_ap_shift_reg_n_chan_stream_weig_68, void %rewind_init, i20 %void_compute_output_buffer_2d_array_const_ap_shift_reg_n_chan_stream_weig_77, void %rewind_header"   --->   Operation 43 'phi' 'void_compute_output_buffer_2d_array_const_ap_shift_reg_n_chan_stream_weig_59' <Predicate = true> <Delay = 0.00>
ST_2 : Operation 44 [1/1] (0.00ns)   --->   "%void_compute_output_buffer_2d_array_const_ap_shift_reg_n_chan_stream_weig_60 = phi i20 %void_compute_output_buffer_2d_array_const_ap_shift_reg_n_chan_stream_weig_67, void %rewind_init, i20 %void_compute_output_buffer_2d_array_const_ap_shift_reg_n_chan_stream_weig_78, void %rewind_header"   --->   Operation 44 'phi' 'void_compute_output_buffer_2d_array_const_ap_shift_reg_n_chan_stream_weig_60' <Predicate = true> <Delay = 0.00>
ST_2 : Operation 45 [1/1] (0.00ns)   --->   "%void_compute_output_buffer_2d_array_const_ap_shift_reg_n_chan_stream_weig_61 = phi i20 %void_compute_output_buffer_2d_array_const_ap_shift_reg_n_chan_stream_weig_66, void %rewind_init, i20 %void_compute_output_buffer_2d_array_const_ap_shift_reg_n_chan_stream_weig_79, void %rewind_header"   --->   Operation 45 'phi' 'void_compute_output_buffer_2d_array_const_ap_shift_reg_n_chan_stream_weig_61' <Predicate = true> <Delay = 0.00>
ST_2 : Operation 46 [1/1] (0.00ns)   --->   "%void_compute_output_buffer_2d_array_const_ap_shift_reg_n_chan_stream_weig_62 = phi i20 %void_compute_output_buffer_2d_array_const_ap_shift_reg_n_chan_stream_weig_65, void %rewind_init, i20 %void_compute_output_buffer_2d_array_const_ap_shift_reg_n_chan_stream_weig_80, void %rewind_header"   --->   Operation 46 'phi' 'void_compute_output_buffer_2d_array_const_ap_shift_reg_n_chan_stream_weig_62' <Predicate = true> <Delay = 0.00>
ST_2 : Operation 47 [1/1] (0.00ns)   --->   "%void_compute_output_buffer_2d_array_const_ap_shift_reg_n_chan_stream_weig_63 = phi i20 %void_compute_output_buffer_2d_array_const_ap_shift_reg_n_chan_stream_weig_64, void %rewind_init, i20 %void_compute_output_buffer_2d_array_const_ap_shift_reg_n_chan_stream_weig_81, void %rewind_header"   --->   Operation 47 'phi' 'void_compute_output_buffer_2d_array_const_ap_shift_reg_n_chan_stream_weig_63' <Predicate = true> <Delay = 0.00>
ST_2 : Operation 48 [1/1] (0.00ns)   --->   "%trunc_ln135_1 = trunc i32 %in_index34" [firmware/nnet_utils/nnet_dense_resource.h:135]   --->   Operation 48 'trunc' 'trunc_ln135_1' <Predicate = true> <Delay = 0.00>
ST_2 : Operation 49 [1/2] (2.32ns)   --->   "%out_index = load i7 %outidx_63_addr" [firmware/nnet_utils/nnet_dense_resource.h:139]   --->   Operation 49 'load' 'out_index' <Predicate = true> <Delay = 2.32> <CoreInst = "ROM">   --->   Core 94 'ROM' <Latency = 1> <II = 1> <Delay = 2.32> <Storage> <Opcode : 'load'> <Ports = 0> <Width = 4> <Depth = 108> <ROM>
ST_2 : Operation 50 [1/1] (2.42ns)   --->   "%a = sparsemux i20 @_ssdm_op_SparseMux.ap_auto.9i20.i20.i4, i4 0, i20 %void_compute_output_buffer_2d_array_const_ap_shift_reg_n_chan_stream_weig_63, i4 1, i20 %void_compute_output_buffer_2d_array_const_ap_shift_reg_n_chan_stream_weig_62, i4 2, i20 %void_compute_output_buffer_2d_array_const_ap_shift_reg_n_chan_stream_weig_61, i4 3, i20 %void_compute_output_buffer_2d_array_const_ap_shift_reg_n_chan_stream_weig_60, i4 4, i20 %void_compute_output_buffer_2d_array_const_ap_shift_reg_n_chan_stream_weig_59, i4 5, i20 %void_compute_output_buffer_2d_array_const_ap_shift_reg_n_chan_stream_weig_58, i4 6, i20 %void_compute_output_buffer_2d_array_const_ap_shift_reg_n_chan_stream_weig_57, i4 7, i20 %void_compute_output_buffer_2d_array_const_ap_shift_reg_n_chan_stream_weig_56, i4 8, i20 %void_compute_output_buffer_2d_array_const_ap_shift_reg_n_chan_stream_weig_55, i20 0, i4 %trunc_ln135_1" [firmware/nnet_utils/nnet_dense_resource.h:135]   --->   Operation 50 'sparsemux' 'a' <Predicate = true> <Delay = 2.42> <CoreInst = "SparseMux">   --->   Core 132 'SparseMux' <Latency = 0> <II = 1> <Delay = 2.42> <FuncUnit> <Opcode : 'sparsemux'> <InPorts = 2> <OutPorts = 1>
ST_2 : Operation 51 [1/1] (0.00ns)   --->   "%sext_ln145 = sext i20 %a" [firmware/nnet_utils/nnet_dense_resource.h:145]   --->   Operation 51 'sext' 'sext_ln145' <Predicate = true> <Delay = 0.00>
ST_2 : Operation 52 [1/2] (3.25ns)   --->   "%w = load i7 %w2_addr" [firmware/nnet_utils/nnet_dense_resource.h:145]   --->   Operation 52 'load' 'w' <Predicate = true> <Delay = 3.25> <CoreInst = "ROM_nP_BRAM">   --->   Core 102 'ROM_nP_BRAM' <Latency = 1> <II = 1> <Delay = 3.25> <Storage> <Opcode : 'load'> <Ports = 0> <Width = 11> <Depth = 108> <ROM>
ST_2 : Operation 53 [1/1] (0.00ns)   --->   "%sext_ln73 = sext i11 %w" [firmware/nnet_utils/nnet_mult.h:73->firmware/nnet_utils/nnet_dense_resource.h:145]   --->   Operation 53 'sext' 'sext_ln73' <Predicate = true> <Delay = 0.00>
ST_2 : Operation 54 [1/1] (5.86ns)   --->   "%mul_ln73 = mul i31 %sext_ln145, i31 %sext_ln73" [firmware/nnet_utils/nnet_mult.h:73->firmware/nnet_utils/nnet_dense_resource.h:145]   --->   Operation 54 'mul' 'mul_ln73' <Predicate = true> <Delay = 5.86> <CoreInst = "Multiplier">   --->   Core 3 'Multiplier' <Latency = 0> <II = 1> <Delay = 5.86> <FuncUnit> <Opcode : 'mul'> <InPorts = 2> <OutPorts = 1>
ST_2 : Operation 55 [1/1] (0.00ns)   --->   "%trunc_ln6 = partselect i25 @_ssdm_op_PartSelect.i25.i31.i32.i32, i31 %mul_ln73, i32 6, i32 30" [firmware/nnet_utils/nnet_dense_resource.h:144]   --->   Operation 55 'partselect' 'trunc_ln6' <Predicate = true> <Delay = 0.00>
ST_2 : Operation 56 [1/1] (2.55ns)   --->   "%in_index_3 = add i32 %in_index34, i32 1" [firmware/nnet_utils/nnet_dense_resource.h:153]   --->   Operation 56 'add' 'in_index_3' <Predicate = true> <Delay = 2.55> <CoreInst = "Adder">   --->   Core 1 'Adder' <Latency = 0> <II = 1> <Delay = 2.55> <FuncUnit> <Opcode : 'add' 'sub'> <InPorts = 2> <OutPorts = 1>
ST_2 : Operation 57 [1/1] (2.55ns)   --->   "%icmp_ln154 = icmp_sgt  i32 %in_index_3, i32 8" [firmware/nnet_utils/nnet_dense_resource.h:154]   --->   Operation 57 'icmp' 'icmp_ln154' <Predicate = true> <Delay = 2.55> <CoreInst = "Cmp">   --->   Core 9 'Cmp' <Latency = 0> <II = 1> <Delay = 2.55> <FuncUnit> <Opcode : 'seteq' 'setne' 'setle' 'setge' 'setlt' 'setgt'> <InPorts = 2> <OutPorts = 1>
ST_2 : Operation 58 [1/1] (0.69ns)   --->   "%in_index = select i1 %icmp_ln154, i32 0, i32 %in_index_3" [firmware/nnet_utils/nnet_dense_resource.h:154]   --->   Operation 58 'select' 'in_index' <Predicate = true> <Delay = 0.69> <CoreInst = "Sel">   --->   Core 73 'Sel' <Latency = 0> <II = 1> <Delay = 0.69> <FuncUnit> <Opcode : 'select'> <InPorts = 3> <OutPorts = 1>

State 3 <SV = 2> <Delay = 11.0>
ST_3 : Operation 59 [1/1] (0.00ns)   --->   "%acc32 = phi i26 1328, void %entry, i26 %acc, void %V32.i.i27.i.i44.exit.i, i26 1328, void %dense_resource_rf_gt_nin_rem0<ap_fixed<20, 10, 5, 3, 0>, ap_fixed<18, 8, 5, 3, 0>, config2_mult>.exit"   --->   Operation 59 'phi' 'acc32' <Predicate = true> <Delay = 0.00>
ST_3 : Operation 60 [1/1] (0.00ns)   --->   "%acc_7030 = phi i26 560, void %entry, i26 %acc_45, void %V32.i.i27.i.i44.exit.i, i26 560, void %dense_resource_rf_gt_nin_rem0<ap_fixed<20, 10, 5, 3, 0>, ap_fixed<18, 8, 5, 3, 0>, config2_mult>.exit"   --->   Operation 60 'phi' 'acc_7030' <Predicate = true> <Delay = 0.00>
ST_3 : Operation 61 [1/1] (0.00ns)   --->   "%acc_7128 = phi i26 3968, void %entry, i26 %acc_46, void %V32.i.i27.i.i44.exit.i, i26 3968, void %dense_resource_rf_gt_nin_rem0<ap_fixed<20, 10, 5, 3, 0>, ap_fixed<18, 8, 5, 3, 0>, config2_mult>.exit"   --->   Operation 61 'phi' 'acc_7128' <Predicate = true> <Delay = 0.00>
ST_3 : Operation 62 [1/1] (0.00ns)   --->   "%acc_7226 = phi i26 496, void %entry, i26 %acc_47, void %V32.i.i27.i.i44.exit.i, i26 496, void %dense_resource_rf_gt_nin_rem0<ap_fixed<20, 10, 5, 3, 0>, ap_fixed<18, 8, 5, 3, 0>, config2_mult>.exit"   --->   Operation 62 'phi' 'acc_7226' <Predicate = true> <Delay = 0.00>
ST_3 : Operation 63 [1/1] (0.00ns)   --->   "%acc_7324 = phi i26 67108720, void %entry, i26 %acc_48, void %V32.i.i27.i.i44.exit.i, i26 67108720, void %dense_resource_rf_gt_nin_rem0<ap_fixed<20, 10, 5, 3, 0>, ap_fixed<18, 8, 5, 3, 0>, config2_mult>.exit"   --->   Operation 63 'phi' 'acc_7324' <Predicate = true> <Delay = 0.00>
ST_3 : Operation 64 [1/1] (0.00ns)   --->   "%acc_7422 = phi i26 5168, void %entry, i26 %acc_49, void %V32.i.i27.i.i44.exit.i, i26 5168, void %dense_resource_rf_gt_nin_rem0<ap_fixed<20, 10, 5, 3, 0>, ap_fixed<18, 8, 5, 3, 0>, config2_mult>.exit"   --->   Operation 64 'phi' 'acc_7422' <Predicate = true> <Delay = 0.00>
ST_3 : Operation 65 [1/1] (0.00ns)   --->   "%acc_7520 = phi i26 67107760, void %entry, i26 %acc_50, void %V32.i.i27.i.i44.exit.i, i26 67107760, void %dense_resource_rf_gt_nin_rem0<ap_fixed<20, 10, 5, 3, 0>, ap_fixed<18, 8, 5, 3, 0>, config2_mult>.exit"   --->   Operation 65 'phi' 'acc_7520' <Predicate = true> <Delay = 0.00>
ST_3 : Operation 66 [1/1] (0.00ns)   --->   "%acc_7618 = phi i26 67106720, void %entry, i26 %acc_51, void %V32.i.i27.i.i44.exit.i, i26 67106720, void %dense_resource_rf_gt_nin_rem0<ap_fixed<20, 10, 5, 3, 0>, ap_fixed<18, 8, 5, 3, 0>, config2_mult>.exit"   --->   Operation 66 'phi' 'acc_7618' <Predicate = true> <Delay = 0.00>
ST_3 : Operation 67 [1/1] (0.00ns)   --->   "%acc_7716 = phi i26 3728, void %entry, i26 %acc_52, void %V32.i.i27.i.i44.exit.i, i26 3728, void %dense_resource_rf_gt_nin_rem0<ap_fixed<20, 10, 5, 3, 0>, ap_fixed<18, 8, 5, 3, 0>, config2_mult>.exit"   --->   Operation 67 'phi' 'acc_7716' <Predicate = true> <Delay = 0.00>
ST_3 : Operation 68 [1/1] (0.00ns)   --->   "%acc_7814 = phi i26 480, void %entry, i26 %acc_53, void %V32.i.i27.i.i44.exit.i, i26 480, void %dense_resource_rf_gt_nin_rem0<ap_fixed<20, 10, 5, 3, 0>, ap_fixed<18, 8, 5, 3, 0>, config2_mult>.exit"   --->   Operation 68 'phi' 'acc_7814' <Predicate = true> <Delay = 0.00>
ST_3 : Operation 69 [1/1] (0.00ns)   --->   "%acc_7912 = phi i26 400, void %entry, i26 %acc_54, void %V32.i.i27.i.i44.exit.i, i26 400, void %dense_resource_rf_gt_nin_rem0<ap_fixed<20, 10, 5, 3, 0>, ap_fixed<18, 8, 5, 3, 0>, config2_mult>.exit"   --->   Operation 69 'phi' 'acc_7912' <Predicate = true> <Delay = 0.00>
ST_3 : Operation 70 [1/1] (0.00ns)   --->   "%acc_8010 = phi i26 4688, void %entry, i26 %acc_55, void %V32.i.i27.i.i44.exit.i, i26 4688, void %dense_resource_rf_gt_nin_rem0<ap_fixed<20, 10, 5, 3, 0>, ap_fixed<18, 8, 5, 3, 0>, config2_mult>.exit"   --->   Operation 70 'phi' 'acc_8010' <Predicate = true> <Delay = 0.00>
ST_3 : Operation 71 [1/1] (0.00ns)   --->   "%specpipeline_ln136 = specpipeline void @_ssdm_op_SpecPipeline, i32 1, i32 0, i32 0, i32 1, void @empty_5" [firmware/nnet_utils/nnet_dense_resource.h:136]   --->   Operation 71 'specpipeline' 'specpipeline_ln136' <Predicate = true> <Delay = 0.00>
ST_3 : Operation 72 [1/1] (0.00ns)   --->   "%speclooptripcount_ln110 = speclooptripcount void @_ssdm_op_SpecLoopTripCount, i64 108, i64 108, i64 108" [firmware/nnet_utils/nnet_dense_resource.h:110]   --->   Operation 72 'speclooptripcount' 'speclooptripcount_ln110' <Predicate = true> <Delay = 0.00>
ST_3 : Operation 73 [1/1] (0.00ns)   --->   "%specloopname_ln135 = specloopname void @_ssdm_op_SpecLoopName, void @empty_10" [firmware/nnet_utils/nnet_dense_resource.h:135]   --->   Operation 73 'specloopname' 'specloopname_ln135' <Predicate = true> <Delay = 0.00>
ST_3 : Operation 74 [1/1] (2.78ns)   --->   "%tmp_i = sparsemux i26 @_ssdm_op_SparseMux.ap_auto.12i26.i26.i4, i4 0, i26 %acc32, i4 1, i26 %acc_7030, i4 2, i26 %acc_7128, i4 3, i26 %acc_7226, i4 4, i26 %acc_7324, i4 5, i26 %acc_7422, i4 6, i26 %acc_7520, i4 7, i26 %acc_7618, i4 8, i26 %acc_7716, i4 9, i26 %acc_7814, i4 10, i26 %acc_7912, i4 11, i26 %acc_8010, i26 0, i4 %out_index" [firmware/nnet_utils/nnet_dense_resource.h:144]   --->   Operation 74 'sparsemux' 'tmp_i' <Predicate = true> <Delay = 2.78> <CoreInst = "SparseMux">   --->   Core 132 'SparseMux' <Latency = 0> <II = 1> <Delay = 2.78> <FuncUnit> <Opcode : 'sparsemux'> <InPorts = 2> <OutPorts = 1>
ST_3 : Operation 75 [1/1] (0.00ns)   --->   "%sext_ln144 = sext i26 %tmp_i" [firmware/nnet_utils/nnet_dense_resource.h:144]   --->   Operation 75 'sext' 'sext_ln144' <Predicate = true> <Delay = 0.00>
ST_3 : Operation 76 [1/1] (0.00ns)   --->   "%sext_ln144_5 = sext i25 %trunc_ln6" [firmware/nnet_utils/nnet_dense_resource.h:144]   --->   Operation 76 'sext' 'sext_ln144_5' <Predicate = true> <Delay = 0.00>
ST_3 : Operation 77 [1/1] (2.37ns)   --->   "%add_ln144 = add i27 %sext_ln144, i27 %sext_ln144_5" [firmware/nnet_utils/nnet_dense_resource.h:144]   --->   Operation 77 'add' 'add_ln144' <Predicate = true> <Delay = 2.37> <CoreInst = "Adder">   --->   Core 1 'Adder' <Latency = 0> <II = 1> <Delay = 2.37> <FuncUnit> <Opcode : 'add' 'sub'> <InPorts = 2> <OutPorts = 1>
ST_3 : Operation 78 [1/1] (2.40ns)   --->   "%icmp_ln144 = icmp_eq  i27 %add_ln144, i27 0" [firmware/nnet_utils/nnet_dense_resource.h:144]   --->   Operation 78 'icmp' 'icmp_ln144' <Predicate = true> <Delay = 2.40> <CoreInst = "Cmp">   --->   Core 9 'Cmp' <Latency = 0> <II = 1> <Delay = 2.40> <FuncUnit> <Opcode : 'seteq' 'setne' 'setle' 'setge' 'setlt' 'setgt'> <InPorts = 2> <OutPorts = 1>
ST_3 : Operation 79 [1/1] (1.58ns)   --->   "%br_ln144 = br i1 %icmp_ln144, void %if.end.i.i.i, void %if.then.i.i.i" [firmware/nnet_utils/nnet_dense_resource.h:144]   --->   Operation 79 'br' 'br_ln144' <Predicate = true> <Delay = 1.58>
ST_3 : Operation 80 [1/1] (1.88ns)   --->   "%switch_ln144 = switch i4 %out_index, void %V32.i.i27.i.i44.case.1134.i, i4 0, void %V32.i.i27.i.i44.case.023.i, i4 1, void %V32.i.i27.i.i44.case.124.i, i4 2, void %V32.i.i27.i.i44.case.225.i, i4 3, void %V32.i.i27.i.i44.case.326.i, i4 4, void %V32.i.i27.i.i44.case.427.i, i4 5, void %V32.i.i27.i.i44.case.528.i, i4 6, void %V32.i.i27.i.i44.case.629.i, i4 7, void %V32.i.i27.i.i44.case.730.i, i4 8, void %V32.i.i27.i.i44.case.831.i, i4 9, void %V32.i.i27.i.i44.case.932.i, i4 10, void %if.end.i.i.i" [firmware/nnet_utils/nnet_dense_resource.h:144]   --->   Operation 80 'switch' 'switch_ln144' <Predicate = (icmp_ln144)> <Delay = 1.88>
ST_3 : Operation 81 [1/1] (1.58ns)   --->   "%br_ln144 = br void %if.end.i.i.i" [firmware/nnet_utils/nnet_dense_resource.h:144]   --->   Operation 81 'br' 'br_ln144' <Predicate = (icmp_ln144 & out_index == 9)> <Delay = 1.58>
ST_3 : Operation 82 [1/1] (1.58ns)   --->   "%br_ln144 = br void %if.end.i.i.i" [firmware/nnet_utils/nnet_dense_resource.h:144]   --->   Operation 82 'br' 'br_ln144' <Predicate = (icmp_ln144 & out_index == 8)> <Delay = 1.58>
ST_3 : Operation 83 [1/1] (1.58ns)   --->   "%br_ln144 = br void %if.end.i.i.i" [firmware/nnet_utils/nnet_dense_resource.h:144]   --->   Operation 83 'br' 'br_ln144' <Predicate = (icmp_ln144 & out_index == 7)> <Delay = 1.58>
ST_3 : Operation 84 [1/1] (1.58ns)   --->   "%br_ln144 = br void %if.end.i.i.i" [firmware/nnet_utils/nnet_dense_resource.h:144]   --->   Operation 84 'br' 'br_ln144' <Predicate = (icmp_ln144 & out_index == 6)> <Delay = 1.58>
ST_3 : Operation 85 [1/1] (1.58ns)   --->   "%br_ln144 = br void %if.end.i.i.i" [firmware/nnet_utils/nnet_dense_resource.h:144]   --->   Operation 85 'br' 'br_ln144' <Predicate = (icmp_ln144 & out_index == 5)> <Delay = 1.58>
ST_3 : Operation 86 [1/1] (1.58ns)   --->   "%br_ln144 = br void %if.end.i.i.i" [firmware/nnet_utils/nnet_dense_resource.h:144]   --->   Operation 86 'br' 'br_ln144' <Predicate = (icmp_ln144 & out_index == 4)> <Delay = 1.58>
ST_3 : Operation 87 [1/1] (1.58ns)   --->   "%br_ln144 = br void %if.end.i.i.i" [firmware/nnet_utils/nnet_dense_resource.h:144]   --->   Operation 87 'br' 'br_ln144' <Predicate = (icmp_ln144 & out_index == 3)> <Delay = 1.58>
ST_3 : Operation 88 [1/1] (1.58ns)   --->   "%br_ln144 = br void %if.end.i.i.i" [firmware/nnet_utils/nnet_dense_resource.h:144]   --->   Operation 88 'br' 'br_ln144' <Predicate = (icmp_ln144 & out_index == 2)> <Delay = 1.58>
ST_3 : Operation 89 [1/1] (1.58ns)   --->   "%br_ln144 = br void %if.end.i.i.i" [firmware/nnet_utils/nnet_dense_resource.h:144]   --->   Operation 89 'br' 'br_ln144' <Predicate = (icmp_ln144 & out_index == 1)> <Delay = 1.58>
ST_3 : Operation 90 [1/1] (1.58ns)   --->   "%br_ln144 = br void %if.end.i.i.i" [firmware/nnet_utils/nnet_dense_resource.h:144]   --->   Operation 90 'br' 'br_ln144' <Predicate = (icmp_ln144 & out_index == 0)> <Delay = 1.58>
ST_3 : Operation 91 [1/1] (1.58ns)   --->   "%br_ln144 = br void %if.end.i.i.i" [firmware/nnet_utils/nnet_dense_resource.h:144]   --->   Operation 91 'br' 'br_ln144' <Predicate = (icmp_ln144 & out_index != 0 & out_index != 1 & out_index != 2 & out_index != 3 & out_index != 4 & out_index != 5 & out_index != 6 & out_index != 7 & out_index != 8 & out_index != 9 & out_index != 10)> <Delay = 1.58>
ST_3 : Operation 92 [1/1] (0.00ns)   --->   "%acc_67 = phi i26 0, void %V32.i.i27.i.i44.case.1134.i, i26 %acc_8010, void %V32.i.i27.i.i44.case.932.i, i26 %acc_8010, void %V32.i.i27.i.i44.case.831.i, i26 %acc_8010, void %V32.i.i27.i.i44.case.730.i, i26 %acc_8010, void %V32.i.i27.i.i44.case.629.i, i26 %acc_8010, void %V32.i.i27.i.i44.case.528.i, i26 %acc_8010, void %V32.i.i27.i.i44.case.427.i, i26 %acc_8010, void %V32.i.i27.i.i44.case.326.i, i26 %acc_8010, void %V32.i.i27.i.i44.case.225.i, i26 %acc_8010, void %V32.i.i27.i.i44.case.124.i, i26 %acc_8010, void %V32.i.i27.i.i44.case.023.i, i26 %acc_8010, void %MultLoop.split.i, i26 %acc_8010, void %if.then.i.i.i" [firmware/nnet_utils/nnet_dense_resource.h:144]   --->   Operation 92 'phi' 'acc_67' <Predicate = true> <Delay = 0.00>
ST_3 : Operation 93 [1/1] (0.00ns)   --->   "%acc_66 = phi i26 %acc_7912, void %V32.i.i27.i.i44.case.1134.i, i26 %acc_7912, void %V32.i.i27.i.i44.case.932.i, i26 %acc_7912, void %V32.i.i27.i.i44.case.831.i, i26 %acc_7912, void %V32.i.i27.i.i44.case.730.i, i26 %acc_7912, void %V32.i.i27.i.i44.case.629.i, i26 %acc_7912, void %V32.i.i27.i.i44.case.528.i, i26 %acc_7912, void %V32.i.i27.i.i44.case.427.i, i26 %acc_7912, void %V32.i.i27.i.i44.case.326.i, i26 %acc_7912, void %V32.i.i27.i.i44.case.225.i, i26 %acc_7912, void %V32.i.i27.i.i44.case.124.i, i26 %acc_7912, void %V32.i.i27.i.i44.case.023.i, i26 %acc_7912, void %MultLoop.split.i, i26 0, void %if.then.i.i.i" [firmware/nnet_utils/nnet_dense_resource.h:144]   --->   Operation 93 'phi' 'acc_66' <Predicate = true> <Delay = 0.00>
ST_3 : Operation 94 [1/1] (0.00ns)   --->   "%acc_65 = phi i26 %acc_7814, void %V32.i.i27.i.i44.case.1134.i, i26 0, void %V32.i.i27.i.i44.case.932.i, i26 %acc_7814, void %V32.i.i27.i.i44.case.831.i, i26 %acc_7814, void %V32.i.i27.i.i44.case.730.i, i26 %acc_7814, void %V32.i.i27.i.i44.case.629.i, i26 %acc_7814, void %V32.i.i27.i.i44.case.528.i, i26 %acc_7814, void %V32.i.i27.i.i44.case.427.i, i26 %acc_7814, void %V32.i.i27.i.i44.case.326.i, i26 %acc_7814, void %V32.i.i27.i.i44.case.225.i, i26 %acc_7814, void %V32.i.i27.i.i44.case.124.i, i26 %acc_7814, void %V32.i.i27.i.i44.case.023.i, i26 %acc_7814, void %MultLoop.split.i, i26 %acc_7814, void %if.then.i.i.i" [firmware/nnet_utils/nnet_dense_resource.h:144]   --->   Operation 94 'phi' 'acc_65' <Predicate = true> <Delay = 0.00>
ST_3 : Operation 95 [1/1] (0.00ns)   --->   "%acc_64 = phi i26 %acc_7716, void %V32.i.i27.i.i44.case.1134.i, i26 %acc_7716, void %V32.i.i27.i.i44.case.932.i, i26 0, void %V32.i.i27.i.i44.case.831.i, i26 %acc_7716, void %V32.i.i27.i.i44.case.730.i, i26 %acc_7716, void %V32.i.i27.i.i44.case.629.i, i26 %acc_7716, void %V32.i.i27.i.i44.case.528.i, i26 %acc_7716, void %V32.i.i27.i.i44.case.427.i, i26 %acc_7716, void %V32.i.i27.i.i44.case.326.i, i26 %acc_7716, void %V32.i.i27.i.i44.case.225.i, i26 %acc_7716, void %V32.i.i27.i.i44.case.124.i, i26 %acc_7716, void %V32.i.i27.i.i44.case.023.i, i26 %acc_7716, void %MultLoop.split.i, i26 %acc_7716, void %if.then.i.i.i" [firmware/nnet_utils/nnet_dense_resource.h:144]   --->   Operation 95 'phi' 'acc_64' <Predicate = true> <Delay = 0.00>
ST_3 : Operation 96 [1/1] (0.00ns)   --->   "%acc_63 = phi i26 %acc_7618, void %V32.i.i27.i.i44.case.1134.i, i26 %acc_7618, void %V32.i.i27.i.i44.case.932.i, i26 %acc_7618, void %V32.i.i27.i.i44.case.831.i, i26 0, void %V32.i.i27.i.i44.case.730.i, i26 %acc_7618, void %V32.i.i27.i.i44.case.629.i, i26 %acc_7618, void %V32.i.i27.i.i44.case.528.i, i26 %acc_7618, void %V32.i.i27.i.i44.case.427.i, i26 %acc_7618, void %V32.i.i27.i.i44.case.326.i, i26 %acc_7618, void %V32.i.i27.i.i44.case.225.i, i26 %acc_7618, void %V32.i.i27.i.i44.case.124.i, i26 %acc_7618, void %V32.i.i27.i.i44.case.023.i, i26 %acc_7618, void %MultLoop.split.i, i26 %acc_7618, void %if.then.i.i.i" [firmware/nnet_utils/nnet_dense_resource.h:144]   --->   Operation 96 'phi' 'acc_63' <Predicate = true> <Delay = 0.00>
ST_3 : Operation 97 [1/1] (0.00ns)   --->   "%acc_62 = phi i26 %acc_7520, void %V32.i.i27.i.i44.case.1134.i, i26 %acc_7520, void %V32.i.i27.i.i44.case.932.i, i26 %acc_7520, void %V32.i.i27.i.i44.case.831.i, i26 %acc_7520, void %V32.i.i27.i.i44.case.730.i, i26 0, void %V32.i.i27.i.i44.case.629.i, i26 %acc_7520, void %V32.i.i27.i.i44.case.528.i, i26 %acc_7520, void %V32.i.i27.i.i44.case.427.i, i26 %acc_7520, void %V32.i.i27.i.i44.case.326.i, i26 %acc_7520, void %V32.i.i27.i.i44.case.225.i, i26 %acc_7520, void %V32.i.i27.i.i44.case.124.i, i26 %acc_7520, void %V32.i.i27.i.i44.case.023.i, i26 %acc_7520, void %MultLoop.split.i, i26 %acc_7520, void %if.then.i.i.i" [firmware/nnet_utils/nnet_dense_resource.h:144]   --->   Operation 97 'phi' 'acc_62' <Predicate = true> <Delay = 0.00>
ST_3 : Operation 98 [1/1] (0.00ns)   --->   "%acc_61 = phi i26 %acc_7422, void %V32.i.i27.i.i44.case.1134.i, i26 %acc_7422, void %V32.i.i27.i.i44.case.932.i, i26 %acc_7422, void %V32.i.i27.i.i44.case.831.i, i26 %acc_7422, void %V32.i.i27.i.i44.case.730.i, i26 %acc_7422, void %V32.i.i27.i.i44.case.629.i, i26 0, void %V32.i.i27.i.i44.case.528.i, i26 %acc_7422, void %V32.i.i27.i.i44.case.427.i, i26 %acc_7422, void %V32.i.i27.i.i44.case.326.i, i26 %acc_7422, void %V32.i.i27.i.i44.case.225.i, i26 %acc_7422, void %V32.i.i27.i.i44.case.124.i, i26 %acc_7422, void %V32.i.i27.i.i44.case.023.i, i26 %acc_7422, void %MultLoop.split.i, i26 %acc_7422, void %if.then.i.i.i" [firmware/nnet_utils/nnet_dense_resource.h:144]   --->   Operation 98 'phi' 'acc_61' <Predicate = true> <Delay = 0.00>
ST_3 : Operation 99 [1/1] (0.00ns)   --->   "%acc_60 = phi i26 %acc_7324, void %V32.i.i27.i.i44.case.1134.i, i26 %acc_7324, void %V32.i.i27.i.i44.case.932.i, i26 %acc_7324, void %V32.i.i27.i.i44.case.831.i, i26 %acc_7324, void %V32.i.i27.i.i44.case.730.i, i26 %acc_7324, void %V32.i.i27.i.i44.case.629.i, i26 %acc_7324, void %V32.i.i27.i.i44.case.528.i, i26 0, void %V32.i.i27.i.i44.case.427.i, i26 %acc_7324, void %V32.i.i27.i.i44.case.326.i, i26 %acc_7324, void %V32.i.i27.i.i44.case.225.i, i26 %acc_7324, void %V32.i.i27.i.i44.case.124.i, i26 %acc_7324, void %V32.i.i27.i.i44.case.023.i, i26 %acc_7324, void %MultLoop.split.i, i26 %acc_7324, void %if.then.i.i.i" [firmware/nnet_utils/nnet_dense_resource.h:144]   --->   Operation 99 'phi' 'acc_60' <Predicate = true> <Delay = 0.00>
ST_3 : Operation 100 [1/1] (0.00ns)   --->   "%acc_59 = phi i26 %acc_7226, void %V32.i.i27.i.i44.case.1134.i, i26 %acc_7226, void %V32.i.i27.i.i44.case.932.i, i26 %acc_7226, void %V32.i.i27.i.i44.case.831.i, i26 %acc_7226, void %V32.i.i27.i.i44.case.730.i, i26 %acc_7226, void %V32.i.i27.i.i44.case.629.i, i26 %acc_7226, void %V32.i.i27.i.i44.case.528.i, i26 %acc_7226, void %V32.i.i27.i.i44.case.427.i, i26 0, void %V32.i.i27.i.i44.case.326.i, i26 %acc_7226, void %V32.i.i27.i.i44.case.225.i, i26 %acc_7226, void %V32.i.i27.i.i44.case.124.i, i26 %acc_7226, void %V32.i.i27.i.i44.case.023.i, i26 %acc_7226, void %MultLoop.split.i, i26 %acc_7226, void %if.then.i.i.i" [firmware/nnet_utils/nnet_dense_resource.h:144]   --->   Operation 100 'phi' 'acc_59' <Predicate = true> <Delay = 0.00>
ST_3 : Operation 101 [1/1] (0.00ns)   --->   "%acc_58 = phi i26 %acc_7128, void %V32.i.i27.i.i44.case.1134.i, i26 %acc_7128, void %V32.i.i27.i.i44.case.932.i, i26 %acc_7128, void %V32.i.i27.i.i44.case.831.i, i26 %acc_7128, void %V32.i.i27.i.i44.case.730.i, i26 %acc_7128, void %V32.i.i27.i.i44.case.629.i, i26 %acc_7128, void %V32.i.i27.i.i44.case.528.i, i26 %acc_7128, void %V32.i.i27.i.i44.case.427.i, i26 %acc_7128, void %V32.i.i27.i.i44.case.326.i, i26 0, void %V32.i.i27.i.i44.case.225.i, i26 %acc_7128, void %V32.i.i27.i.i44.case.124.i, i26 %acc_7128, void %V32.i.i27.i.i44.case.023.i, i26 %acc_7128, void %MultLoop.split.i, i26 %acc_7128, void %if.then.i.i.i" [firmware/nnet_utils/nnet_dense_resource.h:144]   --->   Operation 101 'phi' 'acc_58' <Predicate = true> <Delay = 0.00>
ST_3 : Operation 102 [1/1] (0.00ns)   --->   "%acc_57 = phi i26 %acc_7030, void %V32.i.i27.i.i44.case.1134.i, i26 %acc_7030, void %V32.i.i27.i.i44.case.932.i, i26 %acc_7030, void %V32.i.i27.i.i44.case.831.i, i26 %acc_7030, void %V32.i.i27.i.i44.case.730.i, i26 %acc_7030, void %V32.i.i27.i.i44.case.629.i, i26 %acc_7030, void %V32.i.i27.i.i44.case.528.i, i26 %acc_7030, void %V32.i.i27.i.i44.case.427.i, i26 %acc_7030, void %V32.i.i27.i.i44.case.326.i, i26 %acc_7030, void %V32.i.i27.i.i44.case.225.i, i26 0, void %V32.i.i27.i.i44.case.124.i, i26 %acc_7030, void %V32.i.i27.i.i44.case.023.i, i26 %acc_7030, void %MultLoop.split.i, i26 %acc_7030, void %if.then.i.i.i" [firmware/nnet_utils/nnet_dense_resource.h:144]   --->   Operation 102 'phi' 'acc_57' <Predicate = true> <Delay = 0.00>
ST_3 : Operation 103 [1/1] (0.00ns)   --->   "%acc_56 = phi i26 %acc32, void %V32.i.i27.i.i44.case.1134.i, i26 %acc32, void %V32.i.i27.i.i44.case.932.i, i26 %acc32, void %V32.i.i27.i.i44.case.831.i, i26 %acc32, void %V32.i.i27.i.i44.case.730.i, i26 %acc32, void %V32.i.i27.i.i44.case.629.i, i26 %acc32, void %V32.i.i27.i.i44.case.528.i, i26 %acc32, void %V32.i.i27.i.i44.case.427.i, i26 %acc32, void %V32.i.i27.i.i44.case.326.i, i26 %acc32, void %V32.i.i27.i.i44.case.225.i, i26 %acc32, void %V32.i.i27.i.i44.case.124.i, i26 0, void %V32.i.i27.i.i44.case.023.i, i26 %acc32, void %MultLoop.split.i, i26 %acc32, void %if.then.i.i.i" [firmware/nnet_utils/nnet_dense_resource.h:144]   --->   Operation 103 'phi' 'acc_56' <Predicate = true> <Delay = 0.00>
ST_3 : Operation 104 [1/1] (0.00ns)   --->   "%acc_68 = trunc i27 %add_ln144" [firmware/nnet_utils/nnet_dense_resource.h:144]   --->   Operation 104 'trunc' 'acc_68' <Predicate = true> <Delay = 0.00>
ST_3 : Operation 105 [1/1] (1.88ns)   --->   "%switch_ln144 = switch i4 %out_index, void %V32.i.i27.i.i44.case.11.i, i4 0, void %V32.i.i27.i.i44.case.0.i, i4 1, void %V32.i.i27.i.i44.case.1.i, i4 2, void %V32.i.i27.i.i44.case.2.i, i4 3, void %V32.i.i27.i.i44.case.3.i, i4 4, void %V32.i.i27.i.i44.case.4.i, i4 5, void %V32.i.i27.i.i44.case.5.i, i4 6, void %V32.i.i27.i.i44.case.6.i, i4 7, void %V32.i.i27.i.i44.case.7.i, i4 8, void %V32.i.i27.i.i44.case.8.i, i4 9, void %V32.i.i27.i.i44.case.9.i, i4 10, void %V32.i.i27.i.i44.exit.i" [firmware/nnet_utils/nnet_dense_resource.h:144]   --->   Operation 105 'switch' 'switch_ln144' <Predicate = true> <Delay = 1.88>
ST_3 : Operation 106 [1/1] (1.58ns)   --->   "%br_ln144 = br void %V32.i.i27.i.i44.exit.i" [firmware/nnet_utils/nnet_dense_resource.h:144]   --->   Operation 106 'br' 'br_ln144' <Predicate = (out_index == 9)> <Delay = 1.58>
ST_3 : Operation 107 [1/1] (1.58ns)   --->   "%br_ln144 = br void %V32.i.i27.i.i44.exit.i" [firmware/nnet_utils/nnet_dense_resource.h:144]   --->   Operation 107 'br' 'br_ln144' <Predicate = (out_index == 8)> <Delay = 1.58>
ST_3 : Operation 108 [1/1] (1.58ns)   --->   "%br_ln144 = br void %V32.i.i27.i.i44.exit.i" [firmware/nnet_utils/nnet_dense_resource.h:144]   --->   Operation 108 'br' 'br_ln144' <Predicate = (out_index == 7)> <Delay = 1.58>
ST_3 : Operation 109 [1/1] (1.58ns)   --->   "%br_ln144 = br void %V32.i.i27.i.i44.exit.i" [firmware/nnet_utils/nnet_dense_resource.h:144]   --->   Operation 109 'br' 'br_ln144' <Predicate = (out_index == 6)> <Delay = 1.58>
ST_3 : Operation 110 [1/1] (1.58ns)   --->   "%br_ln144 = br void %V32.i.i27.i.i44.exit.i" [firmware/nnet_utils/nnet_dense_resource.h:144]   --->   Operation 110 'br' 'br_ln144' <Predicate = (out_index == 5)> <Delay = 1.58>
ST_3 : Operation 111 [1/1] (1.58ns)   --->   "%br_ln144 = br void %V32.i.i27.i.i44.exit.i" [firmware/nnet_utils/nnet_dense_resource.h:144]   --->   Operation 111 'br' 'br_ln144' <Predicate = (out_index == 4)> <Delay = 1.58>
ST_3 : Operation 112 [1/1] (1.58ns)   --->   "%br_ln144 = br void %V32.i.i27.i.i44.exit.i" [firmware/nnet_utils/nnet_dense_resource.h:144]   --->   Operation 112 'br' 'br_ln144' <Predicate = (out_index == 3)> <Delay = 1.58>
ST_3 : Operation 113 [1/1] (1.58ns)   --->   "%br_ln144 = br void %V32.i.i27.i.i44.exit.i" [firmware/nnet_utils/nnet_dense_resource.h:144]   --->   Operation 113 'br' 'br_ln144' <Predicate = (out_index == 2)> <Delay = 1.58>
ST_3 : Operation 114 [1/1] (1.58ns)   --->   "%br_ln144 = br void %V32.i.i27.i.i44.exit.i" [firmware/nnet_utils/nnet_dense_resource.h:144]   --->   Operation 114 'br' 'br_ln144' <Predicate = (out_index == 1)> <Delay = 1.58>
ST_3 : Operation 115 [1/1] (1.58ns)   --->   "%br_ln144 = br void %V32.i.i27.i.i44.exit.i" [firmware/nnet_utils/nnet_dense_resource.h:144]   --->   Operation 115 'br' 'br_ln144' <Predicate = (out_index == 0)> <Delay = 1.58>
ST_3 : Operation 116 [1/1] (1.58ns)   --->   "%br_ln144 = br void %V32.i.i27.i.i44.exit.i" [firmware/nnet_utils/nnet_dense_resource.h:144]   --->   Operation 116 'br' 'br_ln144' <Predicate = (out_index != 0 & out_index != 1 & out_index != 2 & out_index != 3 & out_index != 4 & out_index != 5 & out_index != 6 & out_index != 7 & out_index != 8 & out_index != 9 & out_index != 10)> <Delay = 1.58>
ST_3 : Operation 117 [1/1] (0.00ns)   --->   "%acc_55 = phi i26 %acc_68, void %V32.i.i27.i.i44.case.11.i, i26 %acc_67, void %V32.i.i27.i.i44.case.9.i, i26 %acc_67, void %V32.i.i27.i.i44.case.8.i, i26 %acc_67, void %V32.i.i27.i.i44.case.7.i, i26 %acc_67, void %V32.i.i27.i.i44.case.6.i, i26 %acc_67, void %V32.i.i27.i.i44.case.5.i, i26 %acc_67, void %V32.i.i27.i.i44.case.4.i, i26 %acc_67, void %V32.i.i27.i.i44.case.3.i, i26 %acc_67, void %V32.i.i27.i.i44.case.2.i, i26 %acc_67, void %V32.i.i27.i.i44.case.1.i, i26 %acc_67, void %V32.i.i27.i.i44.case.0.i, i26 %acc_67, void %if.end.i.i.i"   --->   Operation 117 'phi' 'acc_55' <Predicate = true> <Delay = 0.00>
ST_3 : Operation 118 [1/1] (0.00ns)   --->   "%acc_54 = phi i26 %acc_66, void %V32.i.i27.i.i44.case.11.i, i26 %acc_66, void %V32.i.i27.i.i44.case.9.i, i26 %acc_66, void %V32.i.i27.i.i44.case.8.i, i26 %acc_66, void %V32.i.i27.i.i44.case.7.i, i26 %acc_66, void %V32.i.i27.i.i44.case.6.i, i26 %acc_66, void %V32.i.i27.i.i44.case.5.i, i26 %acc_66, void %V32.i.i27.i.i44.case.4.i, i26 %acc_66, void %V32.i.i27.i.i44.case.3.i, i26 %acc_66, void %V32.i.i27.i.i44.case.2.i, i26 %acc_66, void %V32.i.i27.i.i44.case.1.i, i26 %acc_66, void %V32.i.i27.i.i44.case.0.i, i26 %acc_68, void %if.end.i.i.i"   --->   Operation 118 'phi' 'acc_54' <Predicate = true> <Delay = 0.00>
ST_3 : Operation 119 [1/1] (0.00ns)   --->   "%acc_53 = phi i26 %acc_65, void %V32.i.i27.i.i44.case.11.i, i26 %acc_68, void %V32.i.i27.i.i44.case.9.i, i26 %acc_65, void %V32.i.i27.i.i44.case.8.i, i26 %acc_65, void %V32.i.i27.i.i44.case.7.i, i26 %acc_65, void %V32.i.i27.i.i44.case.6.i, i26 %acc_65, void %V32.i.i27.i.i44.case.5.i, i26 %acc_65, void %V32.i.i27.i.i44.case.4.i, i26 %acc_65, void %V32.i.i27.i.i44.case.3.i, i26 %acc_65, void %V32.i.i27.i.i44.case.2.i, i26 %acc_65, void %V32.i.i27.i.i44.case.1.i, i26 %acc_65, void %V32.i.i27.i.i44.case.0.i, i26 %acc_65, void %if.end.i.i.i"   --->   Operation 119 'phi' 'acc_53' <Predicate = true> <Delay = 0.00>
ST_3 : Operation 120 [1/1] (0.00ns)   --->   "%acc_52 = phi i26 %acc_64, void %V32.i.i27.i.i44.case.11.i, i26 %acc_64, void %V32.i.i27.i.i44.case.9.i, i26 %acc_68, void %V32.i.i27.i.i44.case.8.i, i26 %acc_64, void %V32.i.i27.i.i44.case.7.i, i26 %acc_64, void %V32.i.i27.i.i44.case.6.i, i26 %acc_64, void %V32.i.i27.i.i44.case.5.i, i26 %acc_64, void %V32.i.i27.i.i44.case.4.i, i26 %acc_64, void %V32.i.i27.i.i44.case.3.i, i26 %acc_64, void %V32.i.i27.i.i44.case.2.i, i26 %acc_64, void %V32.i.i27.i.i44.case.1.i, i26 %acc_64, void %V32.i.i27.i.i44.case.0.i, i26 %acc_64, void %if.end.i.i.i"   --->   Operation 120 'phi' 'acc_52' <Predicate = true> <Delay = 0.00>
ST_3 : Operation 121 [1/1] (0.00ns)   --->   "%acc_51 = phi i26 %acc_63, void %V32.i.i27.i.i44.case.11.i, i26 %acc_63, void %V32.i.i27.i.i44.case.9.i, i26 %acc_63, void %V32.i.i27.i.i44.case.8.i, i26 %acc_68, void %V32.i.i27.i.i44.case.7.i, i26 %acc_63, void %V32.i.i27.i.i44.case.6.i, i26 %acc_63, void %V32.i.i27.i.i44.case.5.i, i26 %acc_63, void %V32.i.i27.i.i44.case.4.i, i26 %acc_63, void %V32.i.i27.i.i44.case.3.i, i26 %acc_63, void %V32.i.i27.i.i44.case.2.i, i26 %acc_63, void %V32.i.i27.i.i44.case.1.i, i26 %acc_63, void %V32.i.i27.i.i44.case.0.i, i26 %acc_63, void %if.end.i.i.i"   --->   Operation 121 'phi' 'acc_51' <Predicate = true> <Delay = 0.00>
ST_3 : Operation 122 [1/1] (0.00ns)   --->   "%acc_50 = phi i26 %acc_62, void %V32.i.i27.i.i44.case.11.i, i26 %acc_62, void %V32.i.i27.i.i44.case.9.i, i26 %acc_62, void %V32.i.i27.i.i44.case.8.i, i26 %acc_62, void %V32.i.i27.i.i44.case.7.i, i26 %acc_68, void %V32.i.i27.i.i44.case.6.i, i26 %acc_62, void %V32.i.i27.i.i44.case.5.i, i26 %acc_62, void %V32.i.i27.i.i44.case.4.i, i26 %acc_62, void %V32.i.i27.i.i44.case.3.i, i26 %acc_62, void %V32.i.i27.i.i44.case.2.i, i26 %acc_62, void %V32.i.i27.i.i44.case.1.i, i26 %acc_62, void %V32.i.i27.i.i44.case.0.i, i26 %acc_62, void %if.end.i.i.i"   --->   Operation 122 'phi' 'acc_50' <Predicate = true> <Delay = 0.00>
ST_3 : Operation 123 [1/1] (0.00ns)   --->   "%acc_49 = phi i26 %acc_61, void %V32.i.i27.i.i44.case.11.i, i26 %acc_61, void %V32.i.i27.i.i44.case.9.i, i26 %acc_61, void %V32.i.i27.i.i44.case.8.i, i26 %acc_61, void %V32.i.i27.i.i44.case.7.i, i26 %acc_61, void %V32.i.i27.i.i44.case.6.i, i26 %acc_68, void %V32.i.i27.i.i44.case.5.i, i26 %acc_61, void %V32.i.i27.i.i44.case.4.i, i26 %acc_61, void %V32.i.i27.i.i44.case.3.i, i26 %acc_61, void %V32.i.i27.i.i44.case.2.i, i26 %acc_61, void %V32.i.i27.i.i44.case.1.i, i26 %acc_61, void %V32.i.i27.i.i44.case.0.i, i26 %acc_61, void %if.end.i.i.i"   --->   Operation 123 'phi' 'acc_49' <Predicate = true> <Delay = 0.00>
ST_3 : Operation 124 [1/1] (0.00ns)   --->   "%acc_48 = phi i26 %acc_60, void %V32.i.i27.i.i44.case.11.i, i26 %acc_60, void %V32.i.i27.i.i44.case.9.i, i26 %acc_60, void %V32.i.i27.i.i44.case.8.i, i26 %acc_60, void %V32.i.i27.i.i44.case.7.i, i26 %acc_60, void %V32.i.i27.i.i44.case.6.i, i26 %acc_60, void %V32.i.i27.i.i44.case.5.i, i26 %acc_68, void %V32.i.i27.i.i44.case.4.i, i26 %acc_60, void %V32.i.i27.i.i44.case.3.i, i26 %acc_60, void %V32.i.i27.i.i44.case.2.i, i26 %acc_60, void %V32.i.i27.i.i44.case.1.i, i26 %acc_60, void %V32.i.i27.i.i44.case.0.i, i26 %acc_60, void %if.end.i.i.i"   --->   Operation 124 'phi' 'acc_48' <Predicate = true> <Delay = 0.00>
ST_3 : Operation 125 [1/1] (0.00ns)   --->   "%acc_47 = phi i26 %acc_59, void %V32.i.i27.i.i44.case.11.i, i26 %acc_59, void %V32.i.i27.i.i44.case.9.i, i26 %acc_59, void %V32.i.i27.i.i44.case.8.i, i26 %acc_59, void %V32.i.i27.i.i44.case.7.i, i26 %acc_59, void %V32.i.i27.i.i44.case.6.i, i26 %acc_59, void %V32.i.i27.i.i44.case.5.i, i26 %acc_59, void %V32.i.i27.i.i44.case.4.i, i26 %acc_68, void %V32.i.i27.i.i44.case.3.i, i26 %acc_59, void %V32.i.i27.i.i44.case.2.i, i26 %acc_59, void %V32.i.i27.i.i44.case.1.i, i26 %acc_59, void %V32.i.i27.i.i44.case.0.i, i26 %acc_59, void %if.end.i.i.i"   --->   Operation 125 'phi' 'acc_47' <Predicate = true> <Delay = 0.00>
ST_3 : Operation 126 [1/1] (0.00ns)   --->   "%acc_46 = phi i26 %acc_58, void %V32.i.i27.i.i44.case.11.i, i26 %acc_58, void %V32.i.i27.i.i44.case.9.i, i26 %acc_58, void %V32.i.i27.i.i44.case.8.i, i26 %acc_58, void %V32.i.i27.i.i44.case.7.i, i26 %acc_58, void %V32.i.i27.i.i44.case.6.i, i26 %acc_58, void %V32.i.i27.i.i44.case.5.i, i26 %acc_58, void %V32.i.i27.i.i44.case.4.i, i26 %acc_58, void %V32.i.i27.i.i44.case.3.i, i26 %acc_68, void %V32.i.i27.i.i44.case.2.i, i26 %acc_58, void %V32.i.i27.i.i44.case.1.i, i26 %acc_58, void %V32.i.i27.i.i44.case.0.i, i26 %acc_58, void %if.end.i.i.i"   --->   Operation 126 'phi' 'acc_46' <Predicate = true> <Delay = 0.00>
ST_3 : Operation 127 [1/1] (0.00ns)   --->   "%acc_45 = phi i26 %acc_57, void %V32.i.i27.i.i44.case.11.i, i26 %acc_57, void %V32.i.i27.i.i44.case.9.i, i26 %acc_57, void %V32.i.i27.i.i44.case.8.i, i26 %acc_57, void %V32.i.i27.i.i44.case.7.i, i26 %acc_57, void %V32.i.i27.i.i44.case.6.i, i26 %acc_57, void %V32.i.i27.i.i44.case.5.i, i26 %acc_57, void %V32.i.i27.i.i44.case.4.i, i26 %acc_57, void %V32.i.i27.i.i44.case.3.i, i26 %acc_57, void %V32.i.i27.i.i44.case.2.i, i26 %acc_68, void %V32.i.i27.i.i44.case.1.i, i26 %acc_57, void %V32.i.i27.i.i44.case.0.i, i26 %acc_57, void %if.end.i.i.i"   --->   Operation 127 'phi' 'acc_45' <Predicate = true> <Delay = 0.00>
ST_3 : Operation 128 [1/1] (0.00ns)   --->   "%acc = phi i26 %acc_56, void %V32.i.i27.i.i44.case.11.i, i26 %acc_56, void %V32.i.i27.i.i44.case.9.i, i26 %acc_56, void %V32.i.i27.i.i44.case.8.i, i26 %acc_56, void %V32.i.i27.i.i44.case.7.i, i26 %acc_56, void %V32.i.i27.i.i44.case.6.i, i26 %acc_56, void %V32.i.i27.i.i44.case.5.i, i26 %acc_56, void %V32.i.i27.i.i44.case.4.i, i26 %acc_56, void %V32.i.i27.i.i44.case.3.i, i26 %acc_56, void %V32.i.i27.i.i44.case.2.i, i26 %acc_56, void %V32.i.i27.i.i44.case.1.i, i26 %acc_68, void %V32.i.i27.i.i44.case.0.i, i26 %acc_56, void %if.end.i.i.i"   --->   Operation 128 'phi' 'acc' <Predicate = true> <Delay = 0.00>
ST_3 : Operation 129 [1/1] (0.00ns)   --->   "%trunc_ln = partselect i18 @_ssdm_op_PartSelect.i18.i26.i32.i32, i26 %acc, i32 4, i32 21" [firmware/nnet_utils/nnet_mult.h:111->firmware/nnet_utils/nnet_dense_resource.h:164]   --->   Operation 129 'partselect' 'trunc_ln' <Predicate = (icmp_ln135)> <Delay = 0.00>
ST_3 : Operation 130 [1/1] (0.00ns)   --->   "%trunc_ln111_s = partselect i18 @_ssdm_op_PartSelect.i18.i26.i32.i32, i26 %acc_45, i32 4, i32 21" [firmware/nnet_utils/nnet_mult.h:111->firmware/nnet_utils/nnet_dense_resource.h:164]   --->   Operation 130 'partselect' 'trunc_ln111_s' <Predicate = (icmp_ln135)> <Delay = 0.00>
ST_3 : Operation 131 [1/1] (0.00ns)   --->   "%trunc_ln111_17 = partselect i18 @_ssdm_op_PartSelect.i18.i26.i32.i32, i26 %acc_46, i32 4, i32 21" [firmware/nnet_utils/nnet_mult.h:111->firmware/nnet_utils/nnet_dense_resource.h:164]   --->   Operation 131 'partselect' 'trunc_ln111_17' <Predicate = (icmp_ln135)> <Delay = 0.00>
ST_3 : Operation 132 [1/1] (0.00ns)   --->   "%trunc_ln111_18 = partselect i18 @_ssdm_op_PartSelect.i18.i26.i32.i32, i26 %acc_47, i32 4, i32 21" [firmware/nnet_utils/nnet_mult.h:111->firmware/nnet_utils/nnet_dense_resource.h:164]   --->   Operation 132 'partselect' 'trunc_ln111_18' <Predicate = (icmp_ln135)> <Delay = 0.00>
ST_3 : Operation 133 [1/1] (0.00ns)   --->   "%trunc_ln111_19 = partselect i18 @_ssdm_op_PartSelect.i18.i26.i32.i32, i26 %acc_48, i32 4, i32 21" [firmware/nnet_utils/nnet_mult.h:111->firmware/nnet_utils/nnet_dense_resource.h:164]   --->   Operation 133 'partselect' 'trunc_ln111_19' <Predicate = (icmp_ln135)> <Delay = 0.00>
ST_3 : Operation 134 [1/1] (0.00ns)   --->   "%trunc_ln111_20 = partselect i18 @_ssdm_op_PartSelect.i18.i26.i32.i32, i26 %acc_49, i32 4, i32 21" [firmware/nnet_utils/nnet_mult.h:111->firmware/nnet_utils/nnet_dense_resource.h:164]   --->   Operation 134 'partselect' 'trunc_ln111_20' <Predicate = (icmp_ln135)> <Delay = 0.00>
ST_3 : Operation 135 [1/1] (0.00ns)   --->   "%trunc_ln111_21 = partselect i18 @_ssdm_op_PartSelect.i18.i26.i32.i32, i26 %acc_50, i32 4, i32 21" [firmware/nnet_utils/nnet_mult.h:111->firmware/nnet_utils/nnet_dense_resource.h:164]   --->   Operation 135 'partselect' 'trunc_ln111_21' <Predicate = (icmp_ln135)> <Delay = 0.00>
ST_3 : Operation 136 [1/1] (0.00ns)   --->   "%trunc_ln111_22 = partselect i18 @_ssdm_op_PartSelect.i18.i26.i32.i32, i26 %acc_51, i32 4, i32 21" [firmware/nnet_utils/nnet_mult.h:111->firmware/nnet_utils/nnet_dense_resource.h:164]   --->   Operation 136 'partselect' 'trunc_ln111_22' <Predicate = (icmp_ln135)> <Delay = 0.00>
ST_3 : Operation 137 [1/1] (0.00ns)   --->   "%trunc_ln111_23 = partselect i18 @_ssdm_op_PartSelect.i18.i26.i32.i32, i26 %acc_52, i32 4, i32 21" [firmware/nnet_utils/nnet_mult.h:111->firmware/nnet_utils/nnet_dense_resource.h:164]   --->   Operation 137 'partselect' 'trunc_ln111_23' <Predicate = (icmp_ln135)> <Delay = 0.00>
ST_3 : Operation 138 [1/1] (0.00ns)   --->   "%trunc_ln111_24 = partselect i18 @_ssdm_op_PartSelect.i18.i26.i32.i32, i26 %acc_53, i32 4, i32 21" [firmware/nnet_utils/nnet_mult.h:111->firmware/nnet_utils/nnet_dense_resource.h:164]   --->   Operation 138 'partselect' 'trunc_ln111_24' <Predicate = (icmp_ln135)> <Delay = 0.00>
ST_3 : Operation 139 [1/1] (0.00ns)   --->   "%trunc_ln111_25 = partselect i18 @_ssdm_op_PartSelect.i18.i26.i32.i32, i26 %acc_54, i32 4, i32 21" [firmware/nnet_utils/nnet_mult.h:111->firmware/nnet_utils/nnet_dense_resource.h:164]   --->   Operation 139 'partselect' 'trunc_ln111_25' <Predicate = (icmp_ln135)> <Delay = 0.00>
ST_3 : Operation 140 [1/1] (0.00ns)   --->   "%trunc_ln111_26 = partselect i18 @_ssdm_op_PartSelect.i18.i26.i32.i32, i26 %acc_55, i32 4, i32 21" [firmware/nnet_utils/nnet_mult.h:111->firmware/nnet_utils/nnet_dense_resource.h:164]   --->   Operation 140 'partselect' 'trunc_ln111_26' <Predicate = (icmp_ln135)> <Delay = 0.00>
ST_3 : Operation 141 [1/1] (0.00ns)   --->   "%mrv_i = insertvalue i216 <undef>, i18 %trunc_ln" [firmware/nnet_utils/nnet_dense_resource.h:166]   --->   Operation 141 'insertvalue' 'mrv_i' <Predicate = (icmp_ln135)> <Delay = 0.00>
ST_3 : Operation 142 [1/1] (0.00ns)   --->   "%mrv_1_i = insertvalue i216 %mrv_i, i18 %trunc_ln111_s" [firmware/nnet_utils/nnet_dense_resource.h:166]   --->   Operation 142 'insertvalue' 'mrv_1_i' <Predicate = (icmp_ln135)> <Delay = 0.00>
ST_3 : Operation 143 [1/1] (0.00ns)   --->   "%mrv_2_i = insertvalue i216 %mrv_1_i, i18 %trunc_ln111_17" [firmware/nnet_utils/nnet_dense_resource.h:166]   --->   Operation 143 'insertvalue' 'mrv_2_i' <Predicate = (icmp_ln135)> <Delay = 0.00>
ST_3 : Operation 144 [1/1] (0.00ns)   --->   "%mrv_3_i = insertvalue i216 %mrv_2_i, i18 %trunc_ln111_18" [firmware/nnet_utils/nnet_dense_resource.h:166]   --->   Operation 144 'insertvalue' 'mrv_3_i' <Predicate = (icmp_ln135)> <Delay = 0.00>
ST_3 : Operation 145 [1/1] (0.00ns)   --->   "%mrv_4_i = insertvalue i216 %mrv_3_i, i18 %trunc_ln111_19" [firmware/nnet_utils/nnet_dense_resource.h:166]   --->   Operation 145 'insertvalue' 'mrv_4_i' <Predicate = (icmp_ln135)> <Delay = 0.00>
ST_3 : Operation 146 [1/1] (0.00ns)   --->   "%mrv_5_i = insertvalue i216 %mrv_4_i, i18 %trunc_ln111_20" [firmware/nnet_utils/nnet_dense_resource.h:166]   --->   Operation 146 'insertvalue' 'mrv_5_i' <Predicate = (icmp_ln135)> <Delay = 0.00>
ST_3 : Operation 147 [1/1] (0.00ns)   --->   "%mrv_6_i = insertvalue i216 %mrv_5_i, i18 %trunc_ln111_21" [firmware/nnet_utils/nnet_dense_resource.h:166]   --->   Operation 147 'insertvalue' 'mrv_6_i' <Predicate = (icmp_ln135)> <Delay = 0.00>
ST_3 : Operation 148 [1/1] (0.00ns)   --->   "%mrv_7_i = insertvalue i216 %mrv_6_i, i18 %trunc_ln111_22" [firmware/nnet_utils/nnet_dense_resource.h:166]   --->   Operation 148 'insertvalue' 'mrv_7_i' <Predicate = (icmp_ln135)> <Delay = 0.00>
ST_3 : Operation 149 [1/1] (0.00ns)   --->   "%mrv_8_i = insertvalue i216 %mrv_7_i, i18 %trunc_ln111_23" [firmware/nnet_utils/nnet_dense_resource.h:166]   --->   Operation 149 'insertvalue' 'mrv_8_i' <Predicate = (icmp_ln135)> <Delay = 0.00>
ST_3 : Operation 150 [1/1] (0.00ns)   --->   "%mrv_9_i = insertvalue i216 %mrv_8_i, i18 %trunc_ln111_24" [firmware/nnet_utils/nnet_dense_resource.h:166]   --->   Operation 150 'insertvalue' 'mrv_9_i' <Predicate = (icmp_ln135)> <Delay = 0.00>
ST_3 : Operation 151 [1/1] (0.00ns)   --->   "%mrv_10_i = insertvalue i216 %mrv_9_i, i18 %trunc_ln111_25" [firmware/nnet_utils/nnet_dense_resource.h:166]   --->   Operation 151 'insertvalue' 'mrv_10_i' <Predicate = (icmp_ln135)> <Delay = 0.00>
ST_3 : Operation 152 [1/1] (0.00ns)   --->   "%mrv_11_i = insertvalue i216 %mrv_10_i, i18 %trunc_ln111_26" [firmware/nnet_utils/nnet_dense_resource.h:166]   --->   Operation 152 'insertvalue' 'mrv_11_i' <Predicate = (icmp_ln135)> <Delay = 0.00>
ST_3 : Operation 153 [1/1] (0.00ns)   --->   "%return_ln166 = return void @_ssdm_op_Return, i216 %mrv_11_i" [firmware/nnet_utils/nnet_dense_resource.h:166]   --->   Operation 153 'return' 'return_ln166' <Predicate = (icmp_ln135)> <Delay = 0.00>


============================================================
+ Verbose Summary: Timing violations
============================================================
Target clock period: 20.000ns, clock uncertainty: 5.400ns.

 <State 1>: 4.842ns
The critical path consists of the following:
	multiplexor before 'phi' operation 7 bit ('ir') with incoming values : ('w_index', firmware/nnet_utils/nnet_dense_resource.h:135) [25]  (1.588 ns)
	'phi' operation 7 bit ('ir') with incoming values : ('w_index', firmware/nnet_utils/nnet_dense_resource.h:135) [25]  (0.000 ns)
	'getelementptr' operation 7 bit ('w2_addr', firmware/nnet_utils/nnet_dense_resource.h:145) [70]  (0.000 ns)
	'load' operation 11 bit ('w', firmware/nnet_utils/nnet_dense_resource.h:145) on array 'w2' [71]  (3.254 ns)

 <State 2>: 9.871ns
The critical path consists of the following:
	'phi' operation 20 bit ('void_compute_output_buffer_2d_array_const_ap_shift_reg_n_chan_stream_weig_73') with incoming values : ('void_compute_output_buffer_2d_array_const_ap_shift_reg_n_chan_stream_weig_72') [15]  (0.000 ns)
	multiplexor before 'phi' operation 20 bit ('void_compute_output_buffer_2d_array_const_ap_shift_reg_n_chan_stream_weig_55') with incoming values : ('void_compute_output_buffer_2d_array_const_ap_shift_reg_n_chan_stream_weig_72') [52]  (1.588 ns)
	'phi' operation 20 bit ('void_compute_output_buffer_2d_array_const_ap_shift_reg_n_chan_stream_weig_55') with incoming values : ('void_compute_output_buffer_2d_array_const_ap_shift_reg_n_chan_stream_weig_72') [52]  (0.000 ns)
	'sparsemux' operation 20 bit ('a', firmware/nnet_utils/nnet_dense_resource.h:135) [68]  (2.423 ns)
	'mul' operation 31 bit ('mul_ln73', firmware/nnet_utils/nnet_mult.h:73->firmware/nnet_utils/nnet_dense_resource.h:145) [73]  (5.860 ns)

 <State 3>: 11.032ns
The critical path consists of the following:
	'phi' operation 26 bit ('acc') with incoming values : ('acc', firmware/nnet_utils/nnet_dense_resource.h:144) [26]  (0.000 ns)
	'sparsemux' operation 26 bit ('tmp_i', firmware/nnet_utils/nnet_dense_resource.h:144) [75]  (2.781 ns)
	'add' operation 27 bit ('add_ln144', firmware/nnet_utils/nnet_dense_resource.h:144) [78]  (2.374 ns)
	'icmp' operation 1 bit ('icmp_ln144', firmware/nnet_utils/nnet_dense_resource.h:144) [79]  (2.404 ns)
	multiplexor before 'phi' operation 26 bit ('acc', firmware/nnet_utils/nnet_dense_resource.h:144) with incoming values : ('acc', firmware/nnet_utils/nnet_dense_resource.h:144) [118]  (1.588 ns)
	'phi' operation 26 bit ('acc', firmware/nnet_utils/nnet_dense_resource.h:144) with incoming values : ('acc', firmware/nnet_utils/nnet_dense_resource.h:144) [118]  (0.000 ns)
	multiplexor before 'phi' operation 26 bit ('acc') with incoming values : ('acc', firmware/nnet_utils/nnet_dense_resource.h:144) [155]  (1.885 ns)
	'phi' operation 26 bit ('acc') with incoming values : ('acc', firmware/nnet_utils/nnet_dense_resource.h:144) [155]  (0.000 ns)


============================================================
+ Verbose Summary: Binding
============================================================
N/A
* FSMD analyzer results:
  - Output states:
 - Input state : 
  - Chain level:
	State 1
	State 2
	State 3


============================================================
+ Verbose Summary: Datapath Resource usage 
============================================================
N/A
