

================================================================
== Vitis HLS Report for 'normalize_array_ap_fixed_12u_array_ap_fixed_39_19_5_3_0_12u_config3_s'
================================================================
* Date:           Sun Aug 30 16:00:07 2026

* Version:        2024.1 (Build 5069499 on May 21 2024)
* Project:        myproject_prj
* Solution:       solution1 (Vivado IP Flow Target)
* Product family: zynq
* Target device:  xc7z020-clg400-1


================================================================
== Performance Estimates
================================================================
+ Timing: 
    * Summary: 
    +--------+----------+-----------+------------+
    |  Clock |  Target  | Estimated | Uncertainty|
    +--------+----------+-----------+------------+
    |ap_clk  |  20.00 ns|  11.546 ns|     5.40 ns|
    +--------+----------+-----------+------------+

+ Latency: 
    * Summary: 
    +---------+---------+-----------+-----------+------+------+-----------------------------------------------+
    |  Latency (cycles) |   Latency (absolute)  |   Interval  |                    Pipeline                   |
    |   min   |   max   |    min    |    max    |  min |  max |                      Type                     |
    +---------+---------+-----------+-----------+------+------+-----------------------------------------------+
    |     1022|     1022|  20.440 us|  20.440 us|  1020|  1020|  loop auto-rewind stp(delay=0 clock cycles(s))|
    +---------+---------+-----------+-----------+------+------+-----------------------------------------------+

    + Detail: 
        * Instance: 
        N/A

        * Loop: 
        +-----------------+---------+---------+----------+-----------+-----------+------+----------+
        |                 |  Latency (cycles) | Iteration|  Initiation Interval  | Trip |          |
        |    Loop Name    |   min   |   max   |  Latency |  achieved |   target  | Count| Pipelined|
        +-----------------+---------+---------+----------+-----------+-----------+------+----------+
        |- BatchNormLoop  |     1020|     1020|         2|          1|          1|  1020|       yes|
        +-----------------+---------+---------+----------+-----------+-----------+------+----------+

============================================================
+ Verbose Summary: Synthesis Manager
============================================================
InlineROM: 1
ExposeGlobal: 0
============================================================
+ Verbose Summary: CDFG Model
============================================================
IsTopModel: 0
ResetActiveHigh: 1
IsCombinational: 2
IsDatapathOnly: 0
HasWiredReturn: 1
HasMFsm: 2
HasVarLatency: 1
IsPipeline: 0
IsRtlPipelined: 0
IsInstanceOverlapped: 0
IsDontTouch: 0
HasImplIP: 0
IsGatedGlobalClock: 0

+ Individual pipeline summary: 
  * Pipeline-0: initiation interval (II) = 1, depth = 2


============================================================
+ Verbose Summary: Schedule
============================================================
* Number of FSM states : 2
* Pipeline : 1
  Pipeline-0 : II = 1, D = 2, States = { 1 2 }
* Dataflow Pipeline: 0

* FSM state transitions: 
1 --> 2 
2 --> 

* FSM state operations: 

State 1 <SV = 0> <Delay = 4.90>
ST_1 : Operation 5 [1/1] (0.00ns)   --->   "%i_021 = alloca i32 1"   --->   Operation 5 'alloca' 'i_021' <Predicate = true> <Delay = 0.00>
ST_1 : Operation 6 [1/1] (0.00ns)   --->   "%specinterface_ln0 = specinterface void @_ssdm_op_SpecInterface, i468 %layer3_out, void @empty_6, i32 0, i32 0, void @empty_5, i32 0, i32 0, void @empty_5, void @empty_5, void @empty_5, i32 0, i32 0, i32 0, i32 0, void @empty_5, void @empty_5, i32 4294967295, i32 0, i32 0"   --->   Operation 6 'specinterface' 'specinterface_ln0' <Predicate = true> <Delay = 0.00>
ST_1 : Operation 7 [1/1] (0.00ns)   --->   "%specinterface_ln0 = specinterface void @_ssdm_op_SpecInterface, i216 %layer2_out, void @empty_6, i32 0, i32 0, void @empty_5, i32 0, i32 0, void @empty_5, void @empty_5, void @empty_5, i32 0, i32 0, i32 0, i32 0, void @empty_5, void @empty_5, i32 4294967295, i32 0, i32 0"   --->   Operation 7 'specinterface' 'specinterface_ln0' <Predicate = true> <Delay = 0.00>
ST_1 : Operation 8 [1/1] (0.00ns)   --->   "%specresourcelimit_ln22 = specresourcelimit void @_ssdm_op_SpecResourceLimit, i64 12240, void @empty_12, void @empty_5, void @empty_5, void @empty_5" [firmware/nnet_utils/nnet_batchnorm_stream.h:22]   --->   Operation 8 'specresourcelimit' 'specresourcelimit_ln22' <Predicate = true> <Delay = 0.00>
ST_1 : Operation 9 [1/1] (1.58ns)   --->   "%store_ln0 = store i10 0, i10 %i_021"   --->   Operation 9 'store' 'store_ln0' <Predicate = true> <Delay = 1.58>
ST_1 : Operation 10 [1/1] (0.00ns)   --->   "%br_ln25 = br void %BatchNormpack.split" [firmware/nnet_utils/nnet_batchnorm_stream.h:25]   --->   Operation 10 'br' 'br_ln25' <Predicate = true> <Delay = 0.00>
ST_1 : Operation 11 [1/1] (0.00ns)   --->   "%i_021_load = load i10 %i_021" [firmware/nnet_utils/nnet_batchnorm_stream.h:25]   --->   Operation 11 'load' 'i_021_load' <Predicate = true> <Delay = 0.00>
ST_1 : Operation 12 [1/1] (3.52ns)   --->   "%layer2_out_read = read i216 @_ssdm_op_Read.ap_fifo.volatile.i216P0A, i216 %layer2_out" [firmware/nnet_utils/nnet_batchnorm_stream.h:28]   --->   Operation 12 'read' 'layer2_out_read' <Predicate = true> <Delay = 3.52> <CoreInst = "FIFO">   --->   Core 77 'FIFO' <Latency = 0> <II = 1> <Delay = 3.52> <Storage> <Opcode : 'read' 'write' 'nbread' 'nbwrite'> <Ports = 0> <Width = 216> <Depth = 1020> <FIFO>
ST_1 : Operation 13 [1/1] (0.00ns)   --->   "%a = trunc i216 %layer2_out_read" [firmware/nnet_utils/nnet_batchnorm_stream.h:28]   --->   Operation 13 'trunc' 'a' <Predicate = true> <Delay = 0.00>
ST_1 : Operation 14 [1/1] (0.00ns)   --->   "%a_27 = partselect i18 @_ssdm_op_PartSelect.i18.i216.i32.i32, i216 %layer2_out_read, i32 18, i32 35" [firmware/nnet_utils/nnet_batchnorm_stream.h:28]   --->   Operation 14 'partselect' 'a_27' <Predicate = true> <Delay = 0.00>
ST_1 : Operation 15 [1/1] (0.00ns)   --->   "%a_17 = partselect i18 @_ssdm_op_PartSelect.i18.i216.i32.i32, i216 %layer2_out_read, i32 36, i32 53" [firmware/nnet_utils/nnet_batchnorm_stream.h:28]   --->   Operation 15 'partselect' 'a_17' <Predicate = true> <Delay = 0.00>
ST_1 : Operation 16 [1/1] (0.00ns)   --->   "%a_18 = partselect i18 @_ssdm_op_PartSelect.i18.i216.i32.i32, i216 %layer2_out_read, i32 54, i32 71" [firmware/nnet_utils/nnet_batchnorm_stream.h:28]   --->   Operation 16 'partselect' 'a_18' <Predicate = true> <Delay = 0.00>
ST_1 : Operation 17 [1/1] (0.00ns)   --->   "%a_19 = partselect i18 @_ssdm_op_PartSelect.i18.i216.i32.i32, i216 %layer2_out_read, i32 72, i32 89" [firmware/nnet_utils/nnet_batchnorm_stream.h:28]   --->   Operation 17 'partselect' 'a_19' <Predicate = true> <Delay = 0.00>
ST_1 : Operation 18 [1/1] (0.00ns)   --->   "%a_20 = partselect i18 @_ssdm_op_PartSelect.i18.i216.i32.i32, i216 %layer2_out_read, i32 90, i32 107" [firmware/nnet_utils/nnet_batchnorm_stream.h:28]   --->   Operation 18 'partselect' 'a_20' <Predicate = true> <Delay = 0.00>
ST_1 : Operation 19 [1/1] (0.00ns)   --->   "%a_21 = partselect i18 @_ssdm_op_PartSelect.i18.i216.i32.i32, i216 %layer2_out_read, i32 108, i32 125" [firmware/nnet_utils/nnet_batchnorm_stream.h:28]   --->   Operation 19 'partselect' 'a_21' <Predicate = true> <Delay = 0.00>
ST_1 : Operation 20 [1/1] (0.00ns)   --->   "%a_22 = partselect i18 @_ssdm_op_PartSelect.i18.i216.i32.i32, i216 %layer2_out_read, i32 126, i32 143" [firmware/nnet_utils/nnet_batchnorm_stream.h:28]   --->   Operation 20 'partselect' 'a_22' <Predicate = true> <Delay = 0.00>
ST_1 : Operation 21 [1/1] (0.00ns)   --->   "%a_23 = partselect i18 @_ssdm_op_PartSelect.i18.i216.i32.i32, i216 %layer2_out_read, i32 144, i32 161" [firmware/nnet_utils/nnet_batchnorm_stream.h:28]   --->   Operation 21 'partselect' 'a_23' <Predicate = true> <Delay = 0.00>
ST_1 : Operation 22 [1/1] (0.00ns)   --->   "%a_24 = partselect i18 @_ssdm_op_PartSelect.i18.i216.i32.i32, i216 %layer2_out_read, i32 162, i32 179" [firmware/nnet_utils/nnet_batchnorm_stream.h:28]   --->   Operation 22 'partselect' 'a_24' <Predicate = true> <Delay = 0.00>
ST_1 : Operation 23 [1/1] (0.00ns)   --->   "%a_25 = partselect i18 @_ssdm_op_PartSelect.i18.i216.i32.i32, i216 %layer2_out_read, i32 180, i32 197" [firmware/nnet_utils/nnet_batchnorm_stream.h:28]   --->   Operation 23 'partselect' 'a_25' <Predicate = true> <Delay = 0.00>
ST_1 : Operation 24 [1/1] (0.00ns)   --->   "%a_26 = partselect i18 @_ssdm_op_PartSelect.i18.i216.i32.i32, i216 %layer2_out_read, i32 198, i32 215" [firmware/nnet_utils/nnet_batchnorm_stream.h:28]   --->   Operation 24 'partselect' 'a_26' <Predicate = true> <Delay = 0.00>
ST_1 : Operation 25 [1/1] (1.73ns)   --->   "%i = add i10 %i_021_load, i10 1" [firmware/nnet_utils/nnet_batchnorm_stream.h:25]   --->   Operation 25 'add' 'i' <Predicate = true> <Delay = 1.73> <CoreInst = "Adder">   --->   Core 1 'Adder' <Latency = 0> <II = 1> <Delay = 1.73> <FuncUnit> <Opcode : 'add' 'sub'> <InPorts = 2> <OutPorts = 1>
ST_1 : Operation 26 [1/1] (1.73ns)   --->   "%icmp_ln25 = icmp_eq  i10 %i_021_load, i10 1019" [firmware/nnet_utils/nnet_batchnorm_stream.h:25]   --->   Operation 26 'icmp' 'icmp_ln25' <Predicate = true> <Delay = 1.73> <CoreInst = "Cmp">   --->   Core 9 'Cmp' <Latency = 0> <II = 1> <Delay = 1.73> <FuncUnit> <Opcode : 'seteq' 'setne' 'setle' 'setge' 'setlt' 'setgt'> <InPorts = 2> <OutPorts = 1>
ST_1 : Operation 27 [1/1] (1.58ns)   --->   "%store_ln25 = store i10 %i, i10 %i_021" [firmware/nnet_utils/nnet_batchnorm_stream.h:25]   --->   Operation 27 'store' 'store_ln25' <Predicate = true> <Delay = 1.58>
ST_1 : Operation 28 [1/1] (0.00ns)   --->   "%br_ln25 = br i1 %icmp_ln25, void %BatchNormpack.split, void %for.end12" [firmware/nnet_utils/nnet_batchnorm_stream.h:25]   --->   Operation 28 'br' 'br_ln25' <Predicate = true> <Delay = 0.00>

State 2 <SV = 1> <Delay = 11.5>
ST_2 : Operation 29 [1/1] (0.00ns)   --->   "%specpipeline_ln26 = specpipeline void @_ssdm_op_SpecPipeline, i32 1, i32 0, i32 0, i32 0, void @empty_5" [firmware/nnet_utils/nnet_batchnorm_stream.h:26]   --->   Operation 29 'specpipeline' 'specpipeline_ln26' <Predicate = true> <Delay = 0.00>
ST_2 : Operation 30 [1/1] (0.00ns)   --->   "%speclooptripcount_ln25 = speclooptripcount void @_ssdm_op_SpecLoopTripCount, i64 1020, i64 1020, i64 1020" [firmware/nnet_utils/nnet_batchnorm_stream.h:25]   --->   Operation 30 'speclooptripcount' 'speclooptripcount_ln25' <Predicate = true> <Delay = 0.00>
ST_2 : Operation 31 [1/1] (0.00ns)   --->   "%specloopname_ln25 = specloopname void @_ssdm_op_SpecLoopName, void @empty_4" [firmware/nnet_utils/nnet_batchnorm_stream.h:25]   --->   Operation 31 'specloopname' 'specloopname_ln25' <Predicate = true> <Delay = 0.00>
ST_2 : Operation 32 [1/1] (0.00ns)   --->   "%sext_ln42 = sext i18 %a" [firmware/nnet_utils/nnet_batchnorm_stream.h:42]   --->   Operation 32 'sext' 'sext_ln42' <Predicate = true> <Delay = 0.00>
ST_2 : Operation 33 [1/1] (5.59ns)   --->   "%mul_ln42 = mul i27 %sext_ln42, i27 334" [firmware/nnet_utils/nnet_batchnorm_stream.h:42]   --->   Operation 33 'mul' 'mul_ln42' <Predicate = true> <Delay = 5.59> <CoreInst = "Multiplier">   --->   Core 3 'Multiplier' <Latency = 0> <II = 1> <Delay = 5.59> <FuncUnit> <Opcode : 'mul'> <InPorts = 2> <OutPorts = 1>
ST_2 : Operation 34 [1/1] (2.40ns)   --->   "%add_ln42 = add i27 %mul_ln42, i27 858112" [firmware/nnet_utils/nnet_batchnorm_stream.h:42]   --->   Operation 34 'add' 'add_ln42' <Predicate = true> <Delay = 2.40> <CoreInst = "Adder">   --->   Core 1 'Adder' <Latency = 0> <II = 1> <Delay = 2.40> <FuncUnit> <Opcode : 'add' 'sub'> <InPorts = 2> <OutPorts = 1>
ST_2 : Operation 35 [1/1] (0.00ns)   --->   "%sext_ln70 = sext i27 %add_ln42" [firmware/nnet_utils/nnet_mult.h:70->firmware/nnet_utils/nnet_batchnorm_stream.h:41]   --->   Operation 35 'sext' 'sext_ln70' <Predicate = true> <Delay = 0.00>
ST_2 : Operation 36 [1/1] (0.00ns)   --->   "%sext_ln42_18 = sext i18 %a_27" [firmware/nnet_utils/nnet_batchnorm_stream.h:42]   --->   Operation 36 'sext' 'sext_ln42_18' <Predicate = true> <Delay = 0.00>
ST_2 : Operation 37 [1/1] (5.59ns)   --->   "%mul_ln42_18 = mul i27 %sext_ln42_18, i27 413" [firmware/nnet_utils/nnet_batchnorm_stream.h:42]   --->   Operation 37 'mul' 'mul_ln42_18' <Predicate = true> <Delay = 5.59> <CoreInst = "Multiplier">   --->   Core 3 'Multiplier' <Latency = 0> <II = 1> <Delay = 5.59> <FuncUnit> <Opcode : 'mul'> <InPorts = 2> <OutPorts = 1>
ST_2 : Operation 38 [1/1] (2.40ns)   --->   "%add_ln42_18 = add i27 %mul_ln42_18, i27 118784" [firmware/nnet_utils/nnet_batchnorm_stream.h:42]   --->   Operation 38 'add' 'add_ln42_18' <Predicate = true> <Delay = 2.40> <CoreInst = "Adder">   --->   Core 1 'Adder' <Latency = 0> <II = 1> <Delay = 2.40> <FuncUnit> <Opcode : 'add' 'sub'> <InPorts = 2> <OutPorts = 1>
ST_2 : Operation 39 [1/1] (0.00ns)   --->   "%sext_ln70_17 = sext i27 %add_ln42_18" [firmware/nnet_utils/nnet_mult.h:70->firmware/nnet_utils/nnet_batchnorm_stream.h:41]   --->   Operation 39 'sext' 'sext_ln70_17' <Predicate = true> <Delay = 0.00>
ST_2 : Operation 40 [1/1] (0.00ns)   --->   "%sext_ln42_19 = sext i18 %a_17" [firmware/nnet_utils/nnet_batchnorm_stream.h:42]   --->   Operation 40 'sext' 'sext_ln42_19' <Predicate = true> <Delay = 0.00>
ST_2 : Operation 41 [1/1] (5.59ns)   --->   "%mul_ln42_19 = mul i28 %sext_ln42_19, i28 596" [firmware/nnet_utils/nnet_batchnorm_stream.h:42]   --->   Operation 41 'mul' 'mul_ln42_19' <Predicate = true> <Delay = 5.59> <CoreInst = "Multiplier">   --->   Core 3 'Multiplier' <Latency = 0> <II = 1> <Delay = 5.59> <FuncUnit> <Opcode : 'mul'> <InPorts = 2> <OutPorts = 1>
ST_2 : Operation 42 [1/1] (2.43ns)   --->   "%add_ln42_19 = add i28 %mul_ln42_19, i28 293888" [firmware/nnet_utils/nnet_batchnorm_stream.h:42]   --->   Operation 42 'add' 'add_ln42_19' <Predicate = true> <Delay = 2.43> <CoreInst = "Adder">   --->   Core 1 'Adder' <Latency = 0> <II = 1> <Delay = 2.43> <FuncUnit> <Opcode : 'add' 'sub'> <InPorts = 2> <OutPorts = 1>
ST_2 : Operation 43 [1/1] (0.00ns)   --->   "%sext_ln70_18 = sext i28 %add_ln42_19" [firmware/nnet_utils/nnet_mult.h:70->firmware/nnet_utils/nnet_batchnorm_stream.h:41]   --->   Operation 43 'sext' 'sext_ln70_18' <Predicate = true> <Delay = 0.00>
ST_2 : Operation 44 [1/1] (0.00ns)   --->   "%sext_ln42_20 = sext i18 %a_18" [firmware/nnet_utils/nnet_batchnorm_stream.h:42]   --->   Operation 44 'sext' 'sext_ln42_20' <Predicate = true> <Delay = 0.00>
ST_2 : Operation 45 [1/1] (5.59ns)   --->   "%mul_ln42_20 = mul i27 %sext_ln42_20, i27 294" [firmware/nnet_utils/nnet_batchnorm_stream.h:42]   --->   Operation 45 'mul' 'mul_ln42_20' <Predicate = true> <Delay = 5.59> <CoreInst = "Multiplier">   --->   Core 3 'Multiplier' <Latency = 0> <II = 1> <Delay = 5.59> <FuncUnit> <Opcode : 'mul'> <InPorts = 2> <OutPorts = 1>
ST_2 : Operation 46 [1/1] (2.40ns)   --->   "%add_ln42_20 = add i27 %mul_ln42_20, i27 520192" [firmware/nnet_utils/nnet_batchnorm_stream.h:42]   --->   Operation 46 'add' 'add_ln42_20' <Predicate = true> <Delay = 2.40> <CoreInst = "Adder">   --->   Core 1 'Adder' <Latency = 0> <II = 1> <Delay = 2.40> <FuncUnit> <Opcode : 'add' 'sub'> <InPorts = 2> <OutPorts = 1>
ST_2 : Operation 47 [1/1] (0.00ns)   --->   "%sext_ln70_19 = sext i27 %add_ln42_20" [firmware/nnet_utils/nnet_mult.h:70->firmware/nnet_utils/nnet_batchnorm_stream.h:41]   --->   Operation 47 'sext' 'sext_ln70_19' <Predicate = true> <Delay = 0.00>
ST_2 : Operation 48 [1/1] (0.00ns)   --->   "%sext_ln42_21 = sext i18 %a_19" [firmware/nnet_utils/nnet_batchnorm_stream.h:42]   --->   Operation 48 'sext' 'sext_ln42_21' <Predicate = true> <Delay = 0.00>
ST_2 : Operation 49 [1/1] (5.59ns)   --->   "%mul_ln42_21 = mul i27 %sext_ln42_21, i27 333" [firmware/nnet_utils/nnet_batchnorm_stream.h:42]   --->   Operation 49 'mul' 'mul_ln42_21' <Predicate = true> <Delay = 5.59> <CoreInst = "Multiplier">   --->   Core 3 'Multiplier' <Latency = 0> <II = 1> <Delay = 5.59> <FuncUnit> <Opcode : 'mul'> <InPorts = 2> <OutPorts = 1>
ST_2 : Operation 50 [1/1] (2.40ns)   --->   "%add_ln42_21 = add i27 %mul_ln42_21, i27 53248" [firmware/nnet_utils/nnet_batchnorm_stream.h:42]   --->   Operation 50 'add' 'add_ln42_21' <Predicate = true> <Delay = 2.40> <CoreInst = "Adder">   --->   Core 1 'Adder' <Latency = 0> <II = 1> <Delay = 2.40> <FuncUnit> <Opcode : 'add' 'sub'> <InPorts = 2> <OutPorts = 1>
ST_2 : Operation 51 [1/1] (0.00ns)   --->   "%sext_ln70_20 = sext i27 %add_ln42_21" [firmware/nnet_utils/nnet_mult.h:70->firmware/nnet_utils/nnet_batchnorm_stream.h:41]   --->   Operation 51 'sext' 'sext_ln70_20' <Predicate = true> <Delay = 0.00>
ST_2 : Operation 52 [1/1] (0.00ns)   --->   "%sext_ln42_22 = sext i18 %a_20" [firmware/nnet_utils/nnet_batchnorm_stream.h:42]   --->   Operation 52 'sext' 'sext_ln42_22' <Predicate = true> <Delay = 0.00>
ST_2 : Operation 53 [1/1] (5.59ns)   --->   "%mul_ln42_22 = mul i28 %sext_ln42_22, i28 775" [firmware/nnet_utils/nnet_batchnorm_stream.h:42]   --->   Operation 53 'mul' 'mul_ln42_22' <Predicate = true> <Delay = 5.59> <CoreInst = "Multiplier">   --->   Core 3 'Multiplier' <Latency = 0> <II = 1> <Delay = 5.59> <FuncUnit> <Opcode : 'mul'> <InPorts = 2> <OutPorts = 1>
ST_2 : Operation 54 [1/1] (2.43ns)   --->   "%add_ln42_22 = add i28 %mul_ln42_22, i28 267967488" [firmware/nnet_utils/nnet_batchnorm_stream.h:42]   --->   Operation 54 'add' 'add_ln42_22' <Predicate = true> <Delay = 2.43> <CoreInst = "Adder">   --->   Core 1 'Adder' <Latency = 0> <II = 1> <Delay = 2.43> <FuncUnit> <Opcode : 'add' 'sub'> <InPorts = 2> <OutPorts = 1>
ST_2 : Operation 55 [1/1] (0.00ns)   --->   "%sext_ln70_21 = sext i28 %add_ln42_22" [firmware/nnet_utils/nnet_mult.h:70->firmware/nnet_utils/nnet_batchnorm_stream.h:41]   --->   Operation 55 'sext' 'sext_ln70_21' <Predicate = true> <Delay = 0.00>
ST_2 : Operation 56 [1/1] (0.00ns)   --->   "%sext_ln42_23 = sext i18 %a_21" [firmware/nnet_utils/nnet_batchnorm_stream.h:42]   --->   Operation 56 'sext' 'sext_ln42_23' <Predicate = true> <Delay = 0.00>
ST_2 : Operation 57 [1/1] (5.59ns)   --->   "%mul_ln42_23 = mul i27 %sext_ln42_23, i27 362" [firmware/nnet_utils/nnet_batchnorm_stream.h:42]   --->   Operation 57 'mul' 'mul_ln42_23' <Predicate = true> <Delay = 5.59> <CoreInst = "Multiplier">   --->   Core 3 'Multiplier' <Latency = 0> <II = 1> <Delay = 5.59> <FuncUnit> <Opcode : 'mul'> <InPorts = 2> <OutPorts = 1>
ST_2 : Operation 58 [1/1] (2.40ns)   --->   "%add_ln42_23 = add i27 %mul_ln42_23, i27 118784" [firmware/nnet_utils/nnet_batchnorm_stream.h:42]   --->   Operation 58 'add' 'add_ln42_23' <Predicate = true> <Delay = 2.40> <CoreInst = "Adder">   --->   Core 1 'Adder' <Latency = 0> <II = 1> <Delay = 2.40> <FuncUnit> <Opcode : 'add' 'sub'> <InPorts = 2> <OutPorts = 1>
ST_2 : Operation 59 [1/1] (0.00ns)   --->   "%sext_ln70_22 = sext i27 %add_ln42_23" [firmware/nnet_utils/nnet_mult.h:70->firmware/nnet_utils/nnet_batchnorm_stream.h:41]   --->   Operation 59 'sext' 'sext_ln70_22' <Predicate = true> <Delay = 0.00>
ST_2 : Operation 60 [1/1] (0.00ns)   --->   "%sext_ln42_24 = sext i18 %a_22" [firmware/nnet_utils/nnet_batchnorm_stream.h:42]   --->   Operation 60 'sext' 'sext_ln42_24' <Predicate = true> <Delay = 0.00>
ST_2 : Operation 61 [1/1] (5.59ns)   --->   "%mul_ln42_24 = mul i27 %sext_ln42_24, i27 401" [firmware/nnet_utils/nnet_batchnorm_stream.h:42]   --->   Operation 61 'mul' 'mul_ln42_24' <Predicate = true> <Delay = 5.59> <CoreInst = "Multiplier">   --->   Core 3 'Multiplier' <Latency = 0> <II = 1> <Delay = 5.59> <FuncUnit> <Opcode : 'mul'> <InPorts = 2> <OutPorts = 1>
ST_2 : Operation 62 [1/1] (2.40ns)   --->   "%add_ln42_24 = add i27 %mul_ln42_24, i27 133581824" [firmware/nnet_utils/nnet_batchnorm_stream.h:42]   --->   Operation 62 'add' 'add_ln42_24' <Predicate = true> <Delay = 2.40> <CoreInst = "Adder">   --->   Core 1 'Adder' <Latency = 0> <II = 1> <Delay = 2.40> <FuncUnit> <Opcode : 'add' 'sub'> <InPorts = 2> <OutPorts = 1>
ST_2 : Operation 63 [1/1] (0.00ns)   --->   "%sext_ln70_23 = sext i27 %add_ln42_24" [firmware/nnet_utils/nnet_mult.h:70->firmware/nnet_utils/nnet_batchnorm_stream.h:41]   --->   Operation 63 'sext' 'sext_ln70_23' <Predicate = true> <Delay = 0.00>
ST_2 : Operation 64 [1/1] (0.00ns)   --->   "%sext_ln42_25 = sext i18 %a_23" [firmware/nnet_utils/nnet_batchnorm_stream.h:42]   --->   Operation 64 'sext' 'sext_ln42_25' <Predicate = true> <Delay = 0.00>
ST_2 : Operation 65 [1/1] (5.59ns)   --->   "%mul_ln42_25 = mul i28 %sext_ln42_25, i28 523" [firmware/nnet_utils/nnet_batchnorm_stream.h:42]   --->   Operation 65 'mul' 'mul_ln42_25' <Predicate = true> <Delay = 5.59> <CoreInst = "Multiplier">   --->   Core 3 'Multiplier' <Latency = 0> <II = 1> <Delay = 5.59> <FuncUnit> <Opcode : 'mul'> <InPorts = 2> <OutPorts = 1>
ST_2 : Operation 66 [1/1] (2.43ns)   --->   "%add_ln42_25 = add i28 %mul_ln42_25, i28 150528" [firmware/nnet_utils/nnet_batchnorm_stream.h:42]   --->   Operation 66 'add' 'add_ln42_25' <Predicate = true> <Delay = 2.43> <CoreInst = "Adder">   --->   Core 1 'Adder' <Latency = 0> <II = 1> <Delay = 2.43> <FuncUnit> <Opcode : 'add' 'sub'> <InPorts = 2> <OutPorts = 1>
ST_2 : Operation 67 [1/1] (0.00ns)   --->   "%sext_ln70_24 = sext i28 %add_ln42_25" [firmware/nnet_utils/nnet_mult.h:70->firmware/nnet_utils/nnet_batchnorm_stream.h:41]   --->   Operation 67 'sext' 'sext_ln70_24' <Predicate = true> <Delay = 0.00>
ST_2 : Operation 68 [1/1] (0.00ns)   --->   "%sext_ln42_26 = sext i18 %a_24" [firmware/nnet_utils/nnet_batchnorm_stream.h:42]   --->   Operation 68 'sext' 'sext_ln42_26' <Predicate = true> <Delay = 0.00>
ST_2 : Operation 69 [1/1] (5.59ns)   --->   "%mul_ln42_26 = mul i28 %sext_ln42_26, i28 562" [firmware/nnet_utils/nnet_batchnorm_stream.h:42]   --->   Operation 69 'mul' 'mul_ln42_26' <Predicate = true> <Delay = 5.59> <CoreInst = "Multiplier">   --->   Core 3 'Multiplier' <Latency = 0> <II = 1> <Delay = 5.59> <FuncUnit> <Opcode : 'mul'> <InPorts = 2> <OutPorts = 1>
ST_2 : Operation 70 [1/1] (2.43ns)   --->   "%add_ln42_26 = add i28 %mul_ln42_26, i28 324608" [firmware/nnet_utils/nnet_batchnorm_stream.h:42]   --->   Operation 70 'add' 'add_ln42_26' <Predicate = true> <Delay = 2.43> <CoreInst = "Adder">   --->   Core 1 'Adder' <Latency = 0> <II = 1> <Delay = 2.43> <FuncUnit> <Opcode : 'add' 'sub'> <InPorts = 2> <OutPorts = 1>
ST_2 : Operation 71 [1/1] (0.00ns)   --->   "%sext_ln70_25 = sext i28 %add_ln42_26" [firmware/nnet_utils/nnet_mult.h:70->firmware/nnet_utils/nnet_batchnorm_stream.h:41]   --->   Operation 71 'sext' 'sext_ln70_25' <Predicate = true> <Delay = 0.00>
ST_2 : Operation 72 [1/1] (0.00ns)   --->   "%sext_ln42_27 = sext i18 %a_25" [firmware/nnet_utils/nnet_batchnorm_stream.h:42]   --->   Operation 72 'sext' 'sext_ln42_27' <Predicate = true> <Delay = 0.00>
ST_2 : Operation 73 [1/1] (5.59ns)   --->   "%mul_ln42_27 = mul i27 %sext_ln42_27, i27 336" [firmware/nnet_utils/nnet_batchnorm_stream.h:42]   --->   Operation 73 'mul' 'mul_ln42_27' <Predicate = true> <Delay = 5.59> <CoreInst = "Multiplier">   --->   Core 3 'Multiplier' <Latency = 0> <II = 1> <Delay = 5.59> <FuncUnit> <Opcode : 'mul'> <InPorts = 2> <OutPorts = 1>
ST_2 : Operation 74 [1/1] (2.40ns)   --->   "%add_ln42_27 = add i27 %mul_ln42_27, i27 237568" [firmware/nnet_utils/nnet_batchnorm_stream.h:42]   --->   Operation 74 'add' 'add_ln42_27' <Predicate = true> <Delay = 2.40> <CoreInst = "Adder">   --->   Core 1 'Adder' <Latency = 0> <II = 1> <Delay = 2.40> <FuncUnit> <Opcode : 'add' 'sub'> <InPorts = 2> <OutPorts = 1>
ST_2 : Operation 75 [1/1] (0.00ns)   --->   "%sext_ln70_26 = sext i27 %add_ln42_27" [firmware/nnet_utils/nnet_mult.h:70->firmware/nnet_utils/nnet_batchnorm_stream.h:41]   --->   Operation 75 'sext' 'sext_ln70_26' <Predicate = true> <Delay = 0.00>
ST_2 : Operation 76 [1/1] (0.00ns)   --->   "%sext_ln42_28 = sext i18 %a_26" [firmware/nnet_utils/nnet_batchnorm_stream.h:42]   --->   Operation 76 'sext' 'sext_ln42_28' <Predicate = true> <Delay = 0.00>
ST_2 : Operation 77 [1/1] (5.59ns)   --->   "%mul_ln42_28 = mul i27 %sext_ln42_28, i27 430" [firmware/nnet_utils/nnet_batchnorm_stream.h:42]   --->   Operation 77 'mul' 'mul_ln42_28' <Predicate = true> <Delay = 5.59> <CoreInst = "Multiplier">   --->   Core 3 'Multiplier' <Latency = 0> <II = 1> <Delay = 5.59> <FuncUnit> <Opcode : 'mul'> <InPorts = 2> <OutPorts = 1>
ST_2 : Operation 78 [1/1] (2.40ns)   --->   "%add_ln42_28 = add i27 %mul_ln42_28, i27 609280" [firmware/nnet_utils/nnet_batchnorm_stream.h:42]   --->   Operation 78 'add' 'add_ln42_28' <Predicate = true> <Delay = 2.40> <CoreInst = "Adder">   --->   Core 1 'Adder' <Latency = 0> <II = 1> <Delay = 2.40> <FuncUnit> <Opcode : 'add' 'sub'> <InPorts = 2> <OutPorts = 1>
ST_2 : Operation 79 [1/1] (0.00ns)   --->   "%or_ln46_s = bitconcatenate i456 @_ssdm_op_BitConcatenate.i456.i27.i39.i39.i39.i39.i39.i39.i39.i39.i39.i39.i39, i27 %add_ln42_28, i39 %sext_ln70_26, i39 %sext_ln70_25, i39 %sext_ln70_24, i39 %sext_ln70_23, i39 %sext_ln70_22, i39 %sext_ln70_21, i39 %sext_ln70_20, i39 %sext_ln70_19, i39 %sext_ln70_18, i39 %sext_ln70_17, i39 %sext_ln70" [firmware/nnet_utils/nnet_batchnorm_stream.h:46]   --->   Operation 79 'bitconcatenate' 'or_ln46_s' <Predicate = true> <Delay = 0.00>
ST_2 : Operation 80 [1/1] (0.00ns)   --->   "%sext_ln46 = sext i456 %or_ln46_s" [firmware/nnet_utils/nnet_batchnorm_stream.h:46]   --->   Operation 80 'sext' 'sext_ln46' <Predicate = true> <Delay = 0.00>
ST_2 : Operation 81 [1/1] (3.52ns)   --->   "%write_ln46 = write void @_ssdm_op_Write.ap_fifo.volatile.i468P0A, i468 %layer3_out, i468 %sext_ln46" [firmware/nnet_utils/nnet_batchnorm_stream.h:46]   --->   Operation 81 'write' 'write_ln46' <Predicate = true> <Delay = 3.52> <CoreInst = "FIFO">   --->   Core 77 'FIFO' <Latency = 0> <II = 1> <Delay = 3.52> <Storage> <Opcode : 'read' 'write' 'nbread' 'nbwrite'> <Ports = 0> <Width = 468> <Depth = 1020> <FIFO>
ST_2 : Operation 82 [1/1] (1.58ns)   --->   "%ret_ln48 = ret" [firmware/nnet_utils/nnet_batchnorm_stream.h:48]   --->   Operation 82 'ret' 'ret_ln48' <Predicate = (icmp_ln25)> <Delay = 1.58>


============================================================
+ Verbose Summary: Timing violations
============================================================
Target clock period: 20.000ns, clock uncertainty: 5.400ns.

 <State 1>: 4.907ns
The critical path consists of the following:
	'store' operation 0 bit ('store_ln0') of constant 0 on local variable 'i_021' [7]  (1.588 ns)
	'load' operation 10 bit ('i_021_load', firmware/nnet_utils/nnet_batchnorm_stream.h:25) on local variable 'i_021' [10]  (0.000 ns)
	'add' operation 10 bit ('i', firmware/nnet_utils/nnet_batchnorm_stream.h:25) [77]  (1.731 ns)
	'store' operation 0 bit ('store_ln25', firmware/nnet_utils/nnet_batchnorm_stream.h:25) of variable 'i', firmware/nnet_utils/nnet_batchnorm_stream.h:25 on local variable 'i_021' [79]  (1.588 ns)

 <State 2>: 11.546ns
The critical path consists of the following:
	'mul' operation 28 bit ('mul_ln42_19', firmware/nnet_utils/nnet_batchnorm_stream.h:42) [36]  (5.593 ns)
	'add' operation 28 bit ('add_ln42_19', firmware/nnet_utils/nnet_batchnorm_stream.h:42) [37]  (2.433 ns)
	fifo write operation ('write_ln46', firmware/nnet_utils/nnet_batchnorm_stream.h:46) on port 'layer3_out' (firmware/nnet_utils/nnet_batchnorm_stream.h:46) [76]  (3.520 ns)


============================================================
+ Verbose Summary: Binding
============================================================
N/A
* FSMD analyzer results:
  - Output states:
 - Input state : 
  - Chain level:
	State 1
	State 2


============================================================
+ Verbose Summary: Datapath Resource usage 
============================================================
N/A
