

================================================================
== Vitis HLS Report for 'normalize_array_ap_fixed_18u_array_ap_fixed_39_19_5_3_0_18u_config7_s'
================================================================
* Date:           Sun Aug 30 16:00:14 2026

* Version:        2024.1 (Build 5069499 on May 21 2024)
* Project:        myproject_prj
* Solution:       solution1 (Vivado IP Flow Target)
* Product family: zynq
* Target device:  xc7z020-clg400-1


================================================================
== Performance Estimates
================================================================
+ Timing: 
    * Summary: 
    +--------+----------+-----------+------------+
    |  Clock |  Target  | Estimated | Uncertainty|
    +--------+----------+-----------+------------+
    |ap_clk  |  20.00 ns|  11.603 ns|     5.40 ns|
    +--------+----------+-----------+------------+

+ Latency: 
    * Summary: 
    +---------+---------+----------+----------+-----+-----+-----------------------------------------------+
    |  Latency (cycles) |  Latency (absolute) |  Interval |                    Pipeline                   |
    |   min   |   max   |    min   |    max   | min | max |                      Type                     |
    +---------+---------+----------+----------+-----+-----+-----------------------------------------------+
    |      252|      252|  5.040 us|  5.040 us|  250|  250|  loop auto-rewind stp(delay=0 clock cycles(s))|
    +---------+---------+----------+----------+-----+-----+-----------------------------------------------+

    + Detail: 
        * Instance: 
        N/A

        * Loop: 
        +-----------------+---------+---------+----------+-----------+-----------+------+----------+
        |                 |  Latency (cycles) | Iteration|  Initiation Interval  | Trip |          |
        |    Loop Name    |   min   |   max   |  Latency |  achieved |   target  | Count| Pipelined|
        +-----------------+---------+---------+----------+-----------+-----------+------+----------+
        |- BatchNormLoop  |      250|      250|         2|          1|          1|   250|       yes|
        +-----------------+---------+---------+----------+-----------+-----------+------+----------+

============================================================
+ Verbose Summary: Synthesis Manager
============================================================
InlineROM: 1
ExposeGlobal: 0
============================================================
+ Verbose Summary: CDFG Model
============================================================
IsTopModel: 0
ResetActiveHigh: 1
IsCombinational: 2
IsDatapathOnly: 0
HasWiredReturn: 1
HasMFsm: 2
HasVarLatency: 1
IsPipeline: 0
IsRtlPipelined: 0
IsInstanceOverlapped: 0
IsDontTouch: 0
HasImplIP: 0
IsGatedGlobalClock: 0

+ Individual pipeline summary: 
  * Pipeline-0: initiation interval (II) = 1, depth = 2


============================================================
+ Verbose Summary: Schedule
============================================================
* Number of FSM states : 2
* Pipeline : 1
  Pipeline-0 : II = 1, D = 2, States = { 1 2 }
* Dataflow Pipeline: 0

* FSM state transitions: 
1 --> 2 
2 --> 

* FSM state operations: 

State 1 <SV = 0> <Delay = 5.09>
ST_1 : Operation 5 [1/1] (0.00ns)   --->   "%i_021 = alloca i32 1"   --->   Operation 5 'alloca' 'i_021' <Predicate = true> <Delay = 0.00>
ST_1 : Operation 6 [1/1] (0.00ns)   --->   "%specinterface_ln0 = specinterface void @_ssdm_op_SpecInterface, i702 %layer7_out, void @empty_6, i32 0, i32 0, void @empty_5, i32 0, i32 0, void @empty_5, void @empty_5, void @empty_5, i32 0, i32 0, i32 0, i32 0, void @empty_5, void @empty_5, i32 4294967295, i32 0, i32 0"   --->   Operation 6 'specinterface' 'specinterface_ln0' <Predicate = true> <Delay = 0.00>
ST_1 : Operation 7 [1/1] (0.00ns)   --->   "%specinterface_ln0 = specinterface void @_ssdm_op_SpecInterface, i324 %layer6_out, void @empty_6, i32 0, i32 0, void @empty_5, i32 0, i32 0, void @empty_5, void @empty_5, void @empty_5, i32 0, i32 0, i32 0, i32 0, void @empty_5, void @empty_5, i32 4294967295, i32 0, i32 0"   --->   Operation 7 'specinterface' 'specinterface_ln0' <Predicate = true> <Delay = 0.00>
ST_1 : Operation 8 [1/1] (0.00ns)   --->   "%specresourcelimit_ln22 = specresourcelimit void @_ssdm_op_SpecResourceLimit, i64 4500, void @empty_12, void @empty_5, void @empty_5, void @empty_5" [firmware/nnet_utils/nnet_batchnorm_stream.h:22]   --->   Operation 8 'specresourcelimit' 'specresourcelimit_ln22' <Predicate = true> <Delay = 0.00>
ST_1 : Operation 9 [1/1] (1.58ns)   --->   "%store_ln0 = store i8 0, i8 %i_021"   --->   Operation 9 'store' 'store_ln0' <Predicate = true> <Delay = 1.58>
ST_1 : Operation 10 [1/1] (0.00ns)   --->   "%br_ln25 = br void %BatchNormpack.split" [firmware/nnet_utils/nnet_batchnorm_stream.h:25]   --->   Operation 10 'br' 'br_ln25' <Predicate = true> <Delay = 0.00>
ST_1 : Operation 11 [1/1] (0.00ns)   --->   "%i_021_load = load i8 %i_021" [firmware/nnet_utils/nnet_batchnorm_stream.h:25]   --->   Operation 11 'load' 'i_021_load' <Predicate = true> <Delay = 0.00>
ST_1 : Operation 12 [1/1] (3.54ns)   --->   "%layer6_out_read = read i324 @_ssdm_op_Read.ap_fifo.volatile.i324P0A, i324 %layer6_out" [firmware/nnet_utils/nnet_batchnorm_stream.h:28]   --->   Operation 12 'read' 'layer6_out_read' <Predicate = true> <Delay = 3.54> <CoreInst = "FIFO">   --->   Core 77 'FIFO' <Latency = 0> <II = 1> <Delay = 3.54> <Storage> <Opcode : 'read' 'write' 'nbread' 'nbwrite'> <Ports = 0> <Width = 324> <Depth = 250> <FIFO>
ST_1 : Operation 13 [1/1] (0.00ns)   --->   "%a = trunc i324 %layer6_out_read" [firmware/nnet_utils/nnet_batchnorm_stream.h:28]   --->   Operation 13 'trunc' 'a' <Predicate = true> <Delay = 0.00>
ST_1 : Operation 14 [1/1] (0.00ns)   --->   "%a_1 = partselect i18 @_ssdm_op_PartSelect.i18.i324.i32.i32, i324 %layer6_out_read, i32 18, i32 35" [firmware/nnet_utils/nnet_batchnorm_stream.h:28]   --->   Operation 14 'partselect' 'a_1' <Predicate = true> <Delay = 0.00>
ST_1 : Operation 15 [1/1] (0.00ns)   --->   "%a_2 = partselect i18 @_ssdm_op_PartSelect.i18.i324.i32.i32, i324 %layer6_out_read, i32 36, i32 53" [firmware/nnet_utils/nnet_batchnorm_stream.h:28]   --->   Operation 15 'partselect' 'a_2' <Predicate = true> <Delay = 0.00>
ST_1 : Operation 16 [1/1] (0.00ns)   --->   "%a_3 = partselect i18 @_ssdm_op_PartSelect.i18.i324.i32.i32, i324 %layer6_out_read, i32 54, i32 71" [firmware/nnet_utils/nnet_batchnorm_stream.h:28]   --->   Operation 16 'partselect' 'a_3' <Predicate = true> <Delay = 0.00>
ST_1 : Operation 17 [1/1] (0.00ns)   --->   "%a_4 = partselect i18 @_ssdm_op_PartSelect.i18.i324.i32.i32, i324 %layer6_out_read, i32 72, i32 89" [firmware/nnet_utils/nnet_batchnorm_stream.h:28]   --->   Operation 17 'partselect' 'a_4' <Predicate = true> <Delay = 0.00>
ST_1 : Operation 18 [1/1] (0.00ns)   --->   "%a_5 = partselect i18 @_ssdm_op_PartSelect.i18.i324.i32.i32, i324 %layer6_out_read, i32 90, i32 107" [firmware/nnet_utils/nnet_batchnorm_stream.h:28]   --->   Operation 18 'partselect' 'a_5' <Predicate = true> <Delay = 0.00>
ST_1 : Operation 19 [1/1] (0.00ns)   --->   "%a_6 = partselect i18 @_ssdm_op_PartSelect.i18.i324.i32.i32, i324 %layer6_out_read, i32 108, i32 125" [firmware/nnet_utils/nnet_batchnorm_stream.h:28]   --->   Operation 19 'partselect' 'a_6' <Predicate = true> <Delay = 0.00>
ST_1 : Operation 20 [1/1] (0.00ns)   --->   "%a_7 = partselect i18 @_ssdm_op_PartSelect.i18.i324.i32.i32, i324 %layer6_out_read, i32 126, i32 143" [firmware/nnet_utils/nnet_batchnorm_stream.h:28]   --->   Operation 20 'partselect' 'a_7' <Predicate = true> <Delay = 0.00>
ST_1 : Operation 21 [1/1] (0.00ns)   --->   "%a_8 = partselect i18 @_ssdm_op_PartSelect.i18.i324.i32.i32, i324 %layer6_out_read, i32 144, i32 161" [firmware/nnet_utils/nnet_batchnorm_stream.h:28]   --->   Operation 21 'partselect' 'a_8' <Predicate = true> <Delay = 0.00>
ST_1 : Operation 22 [1/1] (0.00ns)   --->   "%a_9 = partselect i18 @_ssdm_op_PartSelect.i18.i324.i32.i32, i324 %layer6_out_read, i32 162, i32 179" [firmware/nnet_utils/nnet_batchnorm_stream.h:28]   --->   Operation 22 'partselect' 'a_9' <Predicate = true> <Delay = 0.00>
ST_1 : Operation 23 [1/1] (0.00ns)   --->   "%a_17 = partselect i18 @_ssdm_op_PartSelect.i18.i324.i32.i32, i324 %layer6_out_read, i32 180, i32 197" [firmware/nnet_utils/nnet_batchnorm_stream.h:28]   --->   Operation 23 'partselect' 'a_17' <Predicate = true> <Delay = 0.00>
ST_1 : Operation 24 [1/1] (0.00ns)   --->   "%a_10 = partselect i18 @_ssdm_op_PartSelect.i18.i324.i32.i32, i324 %layer6_out_read, i32 198, i32 215" [firmware/nnet_utils/nnet_batchnorm_stream.h:28]   --->   Operation 24 'partselect' 'a_10' <Predicate = true> <Delay = 0.00>
ST_1 : Operation 25 [1/1] (0.00ns)   --->   "%a_11 = partselect i18 @_ssdm_op_PartSelect.i18.i324.i32.i32, i324 %layer6_out_read, i32 216, i32 233" [firmware/nnet_utils/nnet_batchnorm_stream.h:28]   --->   Operation 25 'partselect' 'a_11' <Predicate = true> <Delay = 0.00>
ST_1 : Operation 26 [1/1] (0.00ns)   --->   "%a_12 = partselect i18 @_ssdm_op_PartSelect.i18.i324.i32.i32, i324 %layer6_out_read, i32 234, i32 251" [firmware/nnet_utils/nnet_batchnorm_stream.h:28]   --->   Operation 26 'partselect' 'a_12' <Predicate = true> <Delay = 0.00>
ST_1 : Operation 27 [1/1] (0.00ns)   --->   "%a_13 = partselect i18 @_ssdm_op_PartSelect.i18.i324.i32.i32, i324 %layer6_out_read, i32 252, i32 269" [firmware/nnet_utils/nnet_batchnorm_stream.h:28]   --->   Operation 27 'partselect' 'a_13' <Predicate = true> <Delay = 0.00>
ST_1 : Operation 28 [1/1] (0.00ns)   --->   "%a_14 = partselect i18 @_ssdm_op_PartSelect.i18.i324.i32.i32, i324 %layer6_out_read, i32 270, i32 287" [firmware/nnet_utils/nnet_batchnorm_stream.h:28]   --->   Operation 28 'partselect' 'a_14' <Predicate = true> <Delay = 0.00>
ST_1 : Operation 29 [1/1] (0.00ns)   --->   "%a_15 = partselect i18 @_ssdm_op_PartSelect.i18.i324.i32.i32, i324 %layer6_out_read, i32 288, i32 305" [firmware/nnet_utils/nnet_batchnorm_stream.h:28]   --->   Operation 29 'partselect' 'a_15' <Predicate = true> <Delay = 0.00>
ST_1 : Operation 30 [1/1] (0.00ns)   --->   "%a_16 = partselect i18 @_ssdm_op_PartSelect.i18.i324.i32.i32, i324 %layer6_out_read, i32 306, i32 323" [firmware/nnet_utils/nnet_batchnorm_stream.h:28]   --->   Operation 30 'partselect' 'a_16' <Predicate = true> <Delay = 0.00>
ST_1 : Operation 31 [1/1] (1.91ns)   --->   "%i = add i8 %i_021_load, i8 1" [firmware/nnet_utils/nnet_batchnorm_stream.h:25]   --->   Operation 31 'add' 'i' <Predicate = true> <Delay = 1.91> <CoreInst = "Adder">   --->   Core 1 'Adder' <Latency = 0> <II = 1> <Delay = 1.91> <FuncUnit> <Opcode : 'add' 'sub'> <InPorts = 2> <OutPorts = 1>
ST_1 : Operation 32 [1/1] (1.91ns)   --->   "%icmp_ln25 = icmp_eq  i8 %i_021_load, i8 249" [firmware/nnet_utils/nnet_batchnorm_stream.h:25]   --->   Operation 32 'icmp' 'icmp_ln25' <Predicate = true> <Delay = 1.91> <CoreInst = "Cmp">   --->   Core 9 'Cmp' <Latency = 0> <II = 1> <Delay = 1.91> <FuncUnit> <Opcode : 'seteq' 'setne' 'setle' 'setge' 'setlt' 'setgt'> <InPorts = 2> <OutPorts = 1>
ST_1 : Operation 33 [1/1] (1.58ns)   --->   "%store_ln25 = store i8 %i, i8 %i_021" [firmware/nnet_utils/nnet_batchnorm_stream.h:25]   --->   Operation 33 'store' 'store_ln25' <Predicate = true> <Delay = 1.58>
ST_1 : Operation 34 [1/1] (0.00ns)   --->   "%br_ln25 = br i1 %icmp_ln25, void %BatchNormpack.split, void %for.end12" [firmware/nnet_utils/nnet_batchnorm_stream.h:25]   --->   Operation 34 'br' 'br_ln25' <Predicate = true> <Delay = 0.00>

State 2 <SV = 1> <Delay = 11.6>
ST_2 : Operation 35 [1/1] (0.00ns)   --->   "%specpipeline_ln26 = specpipeline void @_ssdm_op_SpecPipeline, i32 1, i32 0, i32 0, i32 0, void @empty_5" [firmware/nnet_utils/nnet_batchnorm_stream.h:26]   --->   Operation 35 'specpipeline' 'specpipeline_ln26' <Predicate = true> <Delay = 0.00>
ST_2 : Operation 36 [1/1] (0.00ns)   --->   "%speclooptripcount_ln25 = speclooptripcount void @_ssdm_op_SpecLoopTripCount, i64 250, i64 250, i64 250" [firmware/nnet_utils/nnet_batchnorm_stream.h:25]   --->   Operation 36 'speclooptripcount' 'speclooptripcount_ln25' <Predicate = true> <Delay = 0.00>
ST_2 : Operation 37 [1/1] (0.00ns)   --->   "%specloopname_ln25 = specloopname void @_ssdm_op_SpecLoopName, void @empty_4" [firmware/nnet_utils/nnet_batchnorm_stream.h:25]   --->   Operation 37 'specloopname' 'specloopname_ln25' <Predicate = true> <Delay = 0.00>
ST_2 : Operation 38 [1/1] (0.00ns)   --->   "%sext_ln42 = sext i18 %a" [firmware/nnet_utils/nnet_batchnorm_stream.h:42]   --->   Operation 38 'sext' 'sext_ln42' <Predicate = true> <Delay = 0.00>
ST_2 : Operation 39 [1/1] (5.59ns)   --->   "%mul_ln42 = mul i27 %sext_ln42, i27 477" [firmware/nnet_utils/nnet_batchnorm_stream.h:42]   --->   Operation 39 'mul' 'mul_ln42' <Predicate = true> <Delay = 5.59> <CoreInst = "Multiplier">   --->   Core 3 'Multiplier' <Latency = 0> <II = 1> <Delay = 5.59> <FuncUnit> <Opcode : 'mul'> <InPorts = 2> <OutPorts = 1>
ST_2 : Operation 40 [1/1] (2.40ns)   --->   "%add_ln42 = add i27 %mul_ln42, i27 134070272" [firmware/nnet_utils/nnet_batchnorm_stream.h:42]   --->   Operation 40 'add' 'add_ln42' <Predicate = true> <Delay = 2.40> <CoreInst = "Adder">   --->   Core 1 'Adder' <Latency = 0> <II = 1> <Delay = 2.40> <FuncUnit> <Opcode : 'add' 'sub'> <InPorts = 2> <OutPorts = 1>
ST_2 : Operation 41 [1/1] (0.00ns)   --->   "%sext_ln70 = sext i27 %add_ln42" [firmware/nnet_utils/nnet_mult.h:70->firmware/nnet_utils/nnet_batchnorm_stream.h:41]   --->   Operation 41 'sext' 'sext_ln70' <Predicate = true> <Delay = 0.00>
ST_2 : Operation 42 [1/1] (0.00ns)   --->   "%sext_ln42_1 = sext i18 %a_1" [firmware/nnet_utils/nnet_batchnorm_stream.h:42]   --->   Operation 42 'sext' 'sext_ln42_1' <Predicate = true> <Delay = 0.00>
ST_2 : Operation 43 [1/1] (5.59ns)   --->   "%mul_ln42_1 = mul i28 %sext_ln42_1, i28 858" [firmware/nnet_utils/nnet_batchnorm_stream.h:42]   --->   Operation 43 'mul' 'mul_ln42_1' <Predicate = true> <Delay = 5.59> <CoreInst = "Multiplier">   --->   Core 3 'Multiplier' <Latency = 0> <II = 1> <Delay = 5.59> <FuncUnit> <Opcode : 'mul'> <InPorts = 2> <OutPorts = 1>
ST_2 : Operation 44 [1/1] (2.43ns)   --->   "%add_ln42_1 = add i28 %mul_ln42_1, i28 267798528" [firmware/nnet_utils/nnet_batchnorm_stream.h:42]   --->   Operation 44 'add' 'add_ln42_1' <Predicate = true> <Delay = 2.43> <CoreInst = "Adder">   --->   Core 1 'Adder' <Latency = 0> <II = 1> <Delay = 2.43> <FuncUnit> <Opcode : 'add' 'sub'> <InPorts = 2> <OutPorts = 1>
ST_2 : Operation 45 [1/1] (0.00ns)   --->   "%sext_ln70_1 = sext i28 %add_ln42_1" [firmware/nnet_utils/nnet_mult.h:70->firmware/nnet_utils/nnet_batchnorm_stream.h:41]   --->   Operation 45 'sext' 'sext_ln70_1' <Predicate = true> <Delay = 0.00>
ST_2 : Operation 46 [1/1] (0.00ns)   --->   "%sext_ln42_2 = sext i18 %a_2" [firmware/nnet_utils/nnet_batchnorm_stream.h:42]   --->   Operation 46 'sext' 'sext_ln42_2' <Predicate = true> <Delay = 0.00>
ST_2 : Operation 47 [1/1] (5.59ns)   --->   "%mul_ln42_2 = mul i28 %sext_ln42_2, i28 683" [firmware/nnet_utils/nnet_batchnorm_stream.h:42]   --->   Operation 47 'mul' 'mul_ln42_2' <Predicate = true> <Delay = 5.59> <CoreInst = "Multiplier">   --->   Core 3 'Multiplier' <Latency = 0> <II = 1> <Delay = 5.59> <FuncUnit> <Opcode : 'mul'> <InPorts = 2> <OutPorts = 1>
ST_2 : Operation 48 [1/1] (2.43ns)   --->   "%add_ln42_2 = add i28 %mul_ln42_2, i28 268175360" [firmware/nnet_utils/nnet_batchnorm_stream.h:42]   --->   Operation 48 'add' 'add_ln42_2' <Predicate = true> <Delay = 2.43> <CoreInst = "Adder">   --->   Core 1 'Adder' <Latency = 0> <II = 1> <Delay = 2.43> <FuncUnit> <Opcode : 'add' 'sub'> <InPorts = 2> <OutPorts = 1>
ST_2 : Operation 49 [1/1] (0.00ns)   --->   "%sext_ln70_2 = sext i28 %add_ln42_2" [firmware/nnet_utils/nnet_mult.h:70->firmware/nnet_utils/nnet_batchnorm_stream.h:41]   --->   Operation 49 'sext' 'sext_ln70_2' <Predicate = true> <Delay = 0.00>
ST_2 : Operation 50 [1/1] (0.00ns)   --->   "%sext_ln42_3 = sext i18 %a_3" [firmware/nnet_utils/nnet_batchnorm_stream.h:42]   --->   Operation 50 'sext' 'sext_ln42_3' <Predicate = true> <Delay = 0.00>
ST_2 : Operation 51 [1/1] (5.59ns)   --->   "%mul_ln42_3 = mul i28 %sext_ln42_3, i28 742" [firmware/nnet_utils/nnet_batchnorm_stream.h:42]   --->   Operation 51 'mul' 'mul_ln42_3' <Predicate = true> <Delay = 5.59> <CoreInst = "Multiplier">   --->   Core 3 'Multiplier' <Latency = 0> <II = 1> <Delay = 5.59> <FuncUnit> <Opcode : 'mul'> <InPorts = 2> <OutPorts = 1>
ST_2 : Operation 52 [1/1] (2.43ns)   --->   "%add_ln42_3 = add i28 %mul_ln42_3, i28 579584" [firmware/nnet_utils/nnet_batchnorm_stream.h:42]   --->   Operation 52 'add' 'add_ln42_3' <Predicate = true> <Delay = 2.43> <CoreInst = "Adder">   --->   Core 1 'Adder' <Latency = 0> <II = 1> <Delay = 2.43> <FuncUnit> <Opcode : 'add' 'sub'> <InPorts = 2> <OutPorts = 1>
ST_2 : Operation 53 [1/1] (0.00ns)   --->   "%sext_ln70_3 = sext i28 %add_ln42_3" [firmware/nnet_utils/nnet_mult.h:70->firmware/nnet_utils/nnet_batchnorm_stream.h:41]   --->   Operation 53 'sext' 'sext_ln70_3' <Predicate = true> <Delay = 0.00>
ST_2 : Operation 54 [1/1] (0.00ns)   --->   "%sext_ln42_4 = sext i18 %a_4" [firmware/nnet_utils/nnet_batchnorm_stream.h:42]   --->   Operation 54 'sext' 'sext_ln42_4' <Predicate = true> <Delay = 0.00>
ST_2 : Operation 55 [1/1] (5.59ns)   --->   "%mul_ln42_4 = mul i28 %sext_ln42_4, i28 851" [firmware/nnet_utils/nnet_batchnorm_stream.h:42]   --->   Operation 55 'mul' 'mul_ln42_4' <Predicate = true> <Delay = 5.59> <CoreInst = "Multiplier">   --->   Core 3 'Multiplier' <Latency = 0> <II = 1> <Delay = 5.59> <FuncUnit> <Opcode : 'mul'> <InPorts = 2> <OutPorts = 1>
ST_2 : Operation 56 [1/1] (2.43ns)   --->   "%add_ln42_4 = add i28 %mul_ln42_4, i28 266923008" [firmware/nnet_utils/nnet_batchnorm_stream.h:42]   --->   Operation 56 'add' 'add_ln42_4' <Predicate = true> <Delay = 2.43> <CoreInst = "Adder">   --->   Core 1 'Adder' <Latency = 0> <II = 1> <Delay = 2.43> <FuncUnit> <Opcode : 'add' 'sub'> <InPorts = 2> <OutPorts = 1>
ST_2 : Operation 57 [1/1] (0.00ns)   --->   "%sext_ln70_4 = sext i28 %add_ln42_4" [firmware/nnet_utils/nnet_mult.h:70->firmware/nnet_utils/nnet_batchnorm_stream.h:41]   --->   Operation 57 'sext' 'sext_ln70_4' <Predicate = true> <Delay = 0.00>
ST_2 : Operation 58 [1/1] (0.00ns)   --->   "%sext_ln42_5 = sext i18 %a_5" [firmware/nnet_utils/nnet_batchnorm_stream.h:42]   --->   Operation 58 'sext' 'sext_ln42_5' <Predicate = true> <Delay = 0.00>
ST_2 : Operation 59 [1/1] (5.59ns)   --->   "%mul_ln42_5 = mul i28 %sext_ln42_5, i28 742" [firmware/nnet_utils/nnet_batchnorm_stream.h:42]   --->   Operation 59 'mul' 'mul_ln42_5' <Predicate = true> <Delay = 5.59> <CoreInst = "Multiplier">   --->   Core 3 'Multiplier' <Latency = 0> <II = 1> <Delay = 5.59> <FuncUnit> <Opcode : 'mul'> <InPorts = 2> <OutPorts = 1>
ST_2 : Operation 60 [1/1] (2.43ns)   --->   "%add_ln42_5 = add i28 %mul_ln42_5, i28 267806720" [firmware/nnet_utils/nnet_batchnorm_stream.h:42]   --->   Operation 60 'add' 'add_ln42_5' <Predicate = true> <Delay = 2.43> <CoreInst = "Adder">   --->   Core 1 'Adder' <Latency = 0> <II = 1> <Delay = 2.43> <FuncUnit> <Opcode : 'add' 'sub'> <InPorts = 2> <OutPorts = 1>
ST_2 : Operation 61 [1/1] (0.00ns)   --->   "%sext_ln70_5 = sext i28 %add_ln42_5" [firmware/nnet_utils/nnet_mult.h:70->firmware/nnet_utils/nnet_batchnorm_stream.h:41]   --->   Operation 61 'sext' 'sext_ln70_5' <Predicate = true> <Delay = 0.00>
ST_2 : Operation 62 [1/1] (0.00ns)   --->   "%sext_ln42_6 = sext i18 %a_6" [firmware/nnet_utils/nnet_batchnorm_stream.h:42]   --->   Operation 62 'sext' 'sext_ln42_6' <Predicate = true> <Delay = 0.00>
ST_2 : Operation 63 [1/1] (5.59ns)   --->   "%mul_ln42_6 = mul i28 %sext_ln42_6, i28 598" [firmware/nnet_utils/nnet_batchnorm_stream.h:42]   --->   Operation 63 'mul' 'mul_ln42_6' <Predicate = true> <Delay = 5.59> <CoreInst = "Multiplier">   --->   Core 3 'Multiplier' <Latency = 0> <II = 1> <Delay = 5.59> <FuncUnit> <Opcode : 'mul'> <InPorts = 2> <OutPorts = 1>
ST_2 : Operation 64 [1/1] (2.43ns)   --->   "%add_ln42_6 = add i28 %mul_ln42_6, i28 268187648" [firmware/nnet_utils/nnet_batchnorm_stream.h:42]   --->   Operation 64 'add' 'add_ln42_6' <Predicate = true> <Delay = 2.43> <CoreInst = "Adder">   --->   Core 1 'Adder' <Latency = 0> <II = 1> <Delay = 2.43> <FuncUnit> <Opcode : 'add' 'sub'> <InPorts = 2> <OutPorts = 1>
ST_2 : Operation 65 [1/1] (0.00ns)   --->   "%sext_ln70_6 = sext i28 %add_ln42_6" [firmware/nnet_utils/nnet_mult.h:70->firmware/nnet_utils/nnet_batchnorm_stream.h:41]   --->   Operation 65 'sext' 'sext_ln70_6' <Predicate = true> <Delay = 0.00>
ST_2 : Operation 66 [1/1] (0.00ns)   --->   "%sext_ln42_7 = sext i18 %a_7" [firmware/nnet_utils/nnet_batchnorm_stream.h:42]   --->   Operation 66 'sext' 'sext_ln42_7' <Predicate = true> <Delay = 0.00>
ST_2 : Operation 67 [1/1] (5.59ns)   --->   "%mul_ln42_7 = mul i28 %sext_ln42_7, i28 907" [firmware/nnet_utils/nnet_batchnorm_stream.h:42]   --->   Operation 67 'mul' 'mul_ln42_7' <Predicate = true> <Delay = 5.59> <CoreInst = "Multiplier">   --->   Core 3 'Multiplier' <Latency = 0> <II = 1> <Delay = 5.59> <FuncUnit> <Opcode : 'mul'> <InPorts = 2> <OutPorts = 1>
ST_2 : Operation 68 [1/1] (2.43ns)   --->   "%add_ln42_7 = add i28 %mul_ln42_7, i28 268071936" [firmware/nnet_utils/nnet_batchnorm_stream.h:42]   --->   Operation 68 'add' 'add_ln42_7' <Predicate = true> <Delay = 2.43> <CoreInst = "Adder">   --->   Core 1 'Adder' <Latency = 0> <II = 1> <Delay = 2.43> <FuncUnit> <Opcode : 'add' 'sub'> <InPorts = 2> <OutPorts = 1>
ST_2 : Operation 69 [1/1] (0.00ns)   --->   "%sext_ln70_7 = sext i28 %add_ln42_7" [firmware/nnet_utils/nnet_mult.h:70->firmware/nnet_utils/nnet_batchnorm_stream.h:41]   --->   Operation 69 'sext' 'sext_ln70_7' <Predicate = true> <Delay = 0.00>
ST_2 : Operation 70 [1/1] (0.00ns)   --->   "%sext_ln42_8 = sext i18 %a_8" [firmware/nnet_utils/nnet_batchnorm_stream.h:42]   --->   Operation 70 'sext' 'sext_ln42_8' <Predicate = true> <Delay = 0.00>
ST_2 : Operation 71 [1/1] (5.59ns)   --->   "%mul_ln42_8 = mul i28 %sext_ln42_8, i28 760" [firmware/nnet_utils/nnet_batchnorm_stream.h:42]   --->   Operation 71 'mul' 'mul_ln42_8' <Predicate = true> <Delay = 5.59> <CoreInst = "Multiplier">   --->   Core 3 'Multiplier' <Latency = 0> <II = 1> <Delay = 5.59> <FuncUnit> <Opcode : 'mul'> <InPorts = 2> <OutPorts = 1>
ST_2 : Operation 72 [1/1] (2.43ns)   --->   "%add_ln42_8 = add i28 %mul_ln42_8, i28 410624" [firmware/nnet_utils/nnet_batchnorm_stream.h:42]   --->   Operation 72 'add' 'add_ln42_8' <Predicate = true> <Delay = 2.43> <CoreInst = "Adder">   --->   Core 1 'Adder' <Latency = 0> <II = 1> <Delay = 2.43> <FuncUnit> <Opcode : 'add' 'sub'> <InPorts = 2> <OutPorts = 1>
ST_2 : Operation 73 [1/1] (0.00ns)   --->   "%sext_ln70_8 = sext i28 %add_ln42_8" [firmware/nnet_utils/nnet_mult.h:70->firmware/nnet_utils/nnet_batchnorm_stream.h:41]   --->   Operation 73 'sext' 'sext_ln70_8' <Predicate = true> <Delay = 0.00>
ST_2 : Operation 74 [1/1] (0.00ns)   --->   "%sext_ln42_9 = sext i18 %a_9" [firmware/nnet_utils/nnet_batchnorm_stream.h:42]   --->   Operation 74 'sext' 'sext_ln42_9' <Predicate = true> <Delay = 0.00>
ST_2 : Operation 75 [1/1] (5.59ns)   --->   "%mul_ln42_9 = mul i27 %sext_ln42_9, i27 444" [firmware/nnet_utils/nnet_batchnorm_stream.h:42]   --->   Operation 75 'mul' 'mul_ln42_9' <Predicate = true> <Delay = 5.59> <CoreInst = "Multiplier">   --->   Core 3 'Multiplier' <Latency = 0> <II = 1> <Delay = 5.59> <FuncUnit> <Opcode : 'mul'> <InPorts = 2> <OutPorts = 1>
ST_2 : Operation 76 [1/1] (2.40ns)   --->   "%add_ln42_9 = add i27 %mul_ln42_9, i27 123904" [firmware/nnet_utils/nnet_batchnorm_stream.h:42]   --->   Operation 76 'add' 'add_ln42_9' <Predicate = true> <Delay = 2.40> <CoreInst = "Adder">   --->   Core 1 'Adder' <Latency = 0> <II = 1> <Delay = 2.40> <FuncUnit> <Opcode : 'add' 'sub'> <InPorts = 2> <OutPorts = 1>
ST_2 : Operation 77 [1/1] (0.00ns)   --->   "%sext_ln70_9 = sext i27 %add_ln42_9" [firmware/nnet_utils/nnet_mult.h:70->firmware/nnet_utils/nnet_batchnorm_stream.h:41]   --->   Operation 77 'sext' 'sext_ln70_9' <Predicate = true> <Delay = 0.00>
ST_2 : Operation 78 [1/1] (0.00ns)   --->   "%sext_ln42_10 = sext i18 %a_17" [firmware/nnet_utils/nnet_batchnorm_stream.h:42]   --->   Operation 78 'sext' 'sext_ln42_10' <Predicate = true> <Delay = 0.00>
ST_2 : Operation 79 [1/1] (5.59ns)   --->   "%mul_ln42_10 = mul i28 %sext_ln42_10, i28 579" [firmware/nnet_utils/nnet_batchnorm_stream.h:42]   --->   Operation 79 'mul' 'mul_ln42_10' <Predicate = true> <Delay = 5.59> <CoreInst = "Multiplier">   --->   Core 3 'Multiplier' <Latency = 0> <II = 1> <Delay = 5.59> <FuncUnit> <Opcode : 'mul'> <InPorts = 2> <OutPorts = 1>
ST_2 : Operation 80 [1/1] (2.43ns)   --->   "%add_ln42_10 = add i28 %mul_ln42_10, i28 268037120" [firmware/nnet_utils/nnet_batchnorm_stream.h:42]   --->   Operation 80 'add' 'add_ln42_10' <Predicate = true> <Delay = 2.43> <CoreInst = "Adder">   --->   Core 1 'Adder' <Latency = 0> <II = 1> <Delay = 2.43> <FuncUnit> <Opcode : 'add' 'sub'> <InPorts = 2> <OutPorts = 1>
ST_2 : Operation 81 [1/1] (0.00ns)   --->   "%sext_ln70_10 = sext i28 %add_ln42_10" [firmware/nnet_utils/nnet_mult.h:70->firmware/nnet_utils/nnet_batchnorm_stream.h:41]   --->   Operation 81 'sext' 'sext_ln70_10' <Predicate = true> <Delay = 0.00>
ST_2 : Operation 82 [1/1] (0.00ns)   --->   "%sext_ln42_11 = sext i18 %a_10" [firmware/nnet_utils/nnet_batchnorm_stream.h:42]   --->   Operation 82 'sext' 'sext_ln42_11' <Predicate = true> <Delay = 0.00>
ST_2 : Operation 83 [1/1] (5.59ns)   --->   "%mul_ln42_11 = mul i28 %sext_ln42_11, i28 738" [firmware/nnet_utils/nnet_batchnorm_stream.h:42]   --->   Operation 83 'mul' 'mul_ln42_11' <Predicate = true> <Delay = 5.59> <CoreInst = "Multiplier">   --->   Core 3 'Multiplier' <Latency = 0> <II = 1> <Delay = 5.59> <FuncUnit> <Opcode : 'mul'> <InPorts = 2> <OutPorts = 1>
ST_2 : Operation 84 [1/1] (2.43ns)   --->   "%add_ln42_11 = add i28 %mul_ln42_11, i28 267574272" [firmware/nnet_utils/nnet_batchnorm_stream.h:42]   --->   Operation 84 'add' 'add_ln42_11' <Predicate = true> <Delay = 2.43> <CoreInst = "Adder">   --->   Core 1 'Adder' <Latency = 0> <II = 1> <Delay = 2.43> <FuncUnit> <Opcode : 'add' 'sub'> <InPorts = 2> <OutPorts = 1>
ST_2 : Operation 85 [1/1] (0.00ns)   --->   "%sext_ln70_11 = sext i28 %add_ln42_11" [firmware/nnet_utils/nnet_mult.h:70->firmware/nnet_utils/nnet_batchnorm_stream.h:41]   --->   Operation 85 'sext' 'sext_ln70_11' <Predicate = true> <Delay = 0.00>
ST_2 : Operation 86 [1/1] (0.00ns)   --->   "%sext_ln42_12 = sext i18 %a_11" [firmware/nnet_utils/nnet_batchnorm_stream.h:42]   --->   Operation 86 'sext' 'sext_ln42_12' <Predicate = true> <Delay = 0.00>
ST_2 : Operation 87 [1/1] (5.59ns)   --->   "%mul_ln42_12 = mul i29 %sext_ln42_12, i29 1151" [firmware/nnet_utils/nnet_batchnorm_stream.h:42]   --->   Operation 87 'mul' 'mul_ln42_12' <Predicate = true> <Delay = 5.59> <CoreInst = "Multiplier">   --->   Core 3 'Multiplier' <Latency = 0> <II = 1> <Delay = 5.59> <FuncUnit> <Opcode : 'mul'> <InPorts = 2> <OutPorts = 1>
ST_2 : Operation 88 [1/1] (2.46ns)   --->   "%add_ln42_12 = add i29 %mul_ln42_12, i29 536134656" [firmware/nnet_utils/nnet_batchnorm_stream.h:42]   --->   Operation 88 'add' 'add_ln42_12' <Predicate = true> <Delay = 2.46> <CoreInst = "Adder">   --->   Core 1 'Adder' <Latency = 0> <II = 1> <Delay = 2.46> <FuncUnit> <Opcode : 'add' 'sub'> <InPorts = 2> <OutPorts = 1>
ST_2 : Operation 89 [1/1] (0.00ns)   --->   "%sext_ln70_12 = sext i29 %add_ln42_12" [firmware/nnet_utils/nnet_mult.h:70->firmware/nnet_utils/nnet_batchnorm_stream.h:41]   --->   Operation 89 'sext' 'sext_ln70_12' <Predicate = true> <Delay = 0.00>
ST_2 : Operation 90 [1/1] (0.00ns)   --->   "%sext_ln42_13 = sext i18 %a_12" [firmware/nnet_utils/nnet_batchnorm_stream.h:42]   --->   Operation 90 'sext' 'sext_ln42_13' <Predicate = true> <Delay = 0.00>
ST_2 : Operation 91 [1/1] (5.59ns)   --->   "%mul_ln42_13 = mul i27 %sext_ln42_13, i27 343" [firmware/nnet_utils/nnet_batchnorm_stream.h:42]   --->   Operation 91 'mul' 'mul_ln42_13' <Predicate = true> <Delay = 5.59> <CoreInst = "Multiplier">   --->   Core 3 'Multiplier' <Latency = 0> <II = 1> <Delay = 5.59> <FuncUnit> <Opcode : 'mul'> <InPorts = 2> <OutPorts = 1>
ST_2 : Operation 92 [1/1] (2.40ns)   --->   "%add_ln42_13 = add i27 %mul_ln42_13, i27 6144" [firmware/nnet_utils/nnet_batchnorm_stream.h:42]   --->   Operation 92 'add' 'add_ln42_13' <Predicate = true> <Delay = 2.40> <CoreInst = "Adder">   --->   Core 1 'Adder' <Latency = 0> <II = 1> <Delay = 2.40> <FuncUnit> <Opcode : 'add' 'sub'> <InPorts = 2> <OutPorts = 1>
ST_2 : Operation 93 [1/1] (0.00ns)   --->   "%sext_ln70_13 = sext i27 %add_ln42_13" [firmware/nnet_utils/nnet_mult.h:70->firmware/nnet_utils/nnet_batchnorm_stream.h:41]   --->   Operation 93 'sext' 'sext_ln70_13' <Predicate = true> <Delay = 0.00>
ST_2 : Operation 94 [1/1] (0.00ns)   --->   "%sext_ln42_14 = sext i18 %a_13" [firmware/nnet_utils/nnet_batchnorm_stream.h:42]   --->   Operation 94 'sext' 'sext_ln42_14' <Predicate = true> <Delay = 0.00>
ST_2 : Operation 95 [1/1] (5.59ns)   --->   "%mul_ln42_14 = mul i28 %sext_ln42_14, i28 989" [firmware/nnet_utils/nnet_batchnorm_stream.h:42]   --->   Operation 95 'mul' 'mul_ln42_14' <Predicate = true> <Delay = 5.59> <CoreInst = "Multiplier">   --->   Core 3 'Multiplier' <Latency = 0> <II = 1> <Delay = 5.59> <FuncUnit> <Opcode : 'mul'> <InPorts = 2> <OutPorts = 1>
ST_2 : Operation 96 [1/1] (2.43ns)   --->   "%add_ln42_14 = add i28 %mul_ln42_14, i28 656384" [firmware/nnet_utils/nnet_batchnorm_stream.h:42]   --->   Operation 96 'add' 'add_ln42_14' <Predicate = true> <Delay = 2.43> <CoreInst = "Adder">   --->   Core 1 'Adder' <Latency = 0> <II = 1> <Delay = 2.43> <FuncUnit> <Opcode : 'add' 'sub'> <InPorts = 2> <OutPorts = 1>
ST_2 : Operation 97 [1/1] (0.00ns)   --->   "%sext_ln70_14 = sext i28 %add_ln42_14" [firmware/nnet_utils/nnet_mult.h:70->firmware/nnet_utils/nnet_batchnorm_stream.h:41]   --->   Operation 97 'sext' 'sext_ln70_14' <Predicate = true> <Delay = 0.00>
ST_2 : Operation 98 [1/1] (0.00ns)   --->   "%sext_ln42_15 = sext i18 %a_14" [firmware/nnet_utils/nnet_batchnorm_stream.h:42]   --->   Operation 98 'sext' 'sext_ln42_15' <Predicate = true> <Delay = 0.00>
ST_2 : Operation 99 [1/1] (5.59ns)   --->   "%mul_ln42_15 = mul i27 %sext_ln42_15, i27 459" [firmware/nnet_utils/nnet_batchnorm_stream.h:42]   --->   Operation 99 'mul' 'mul_ln42_15' <Predicate = true> <Delay = 5.59> <CoreInst = "Multiplier">   --->   Core 3 'Multiplier' <Latency = 0> <II = 1> <Delay = 5.59> <FuncUnit> <Opcode : 'mul'> <InPorts = 2> <OutPorts = 1>
ST_2 : Operation 100 [1/1] (2.40ns)   --->   "%add_ln42_15 = add i27 %mul_ln42_15, i27 437248" [firmware/nnet_utils/nnet_batchnorm_stream.h:42]   --->   Operation 100 'add' 'add_ln42_15' <Predicate = true> <Delay = 2.40> <CoreInst = "Adder">   --->   Core 1 'Adder' <Latency = 0> <II = 1> <Delay = 2.40> <FuncUnit> <Opcode : 'add' 'sub'> <InPorts = 2> <OutPorts = 1>
ST_2 : Operation 101 [1/1] (0.00ns)   --->   "%sext_ln70_15 = sext i27 %add_ln42_15" [firmware/nnet_utils/nnet_mult.h:70->firmware/nnet_utils/nnet_batchnorm_stream.h:41]   --->   Operation 101 'sext' 'sext_ln70_15' <Predicate = true> <Delay = 0.00>
ST_2 : Operation 102 [1/1] (0.00ns)   --->   "%sext_ln42_16 = sext i18 %a_15" [firmware/nnet_utils/nnet_batchnorm_stream.h:42]   --->   Operation 102 'sext' 'sext_ln42_16' <Predicate = true> <Delay = 0.00>
ST_2 : Operation 103 [1/1] (5.59ns)   --->   "%mul_ln42_16 = mul i28 %sext_ln42_16, i28 560" [firmware/nnet_utils/nnet_batchnorm_stream.h:42]   --->   Operation 103 'mul' 'mul_ln42_16' <Predicate = true> <Delay = 5.59> <CoreInst = "Multiplier">   --->   Core 3 'Multiplier' <Latency = 0> <II = 1> <Delay = 5.59> <FuncUnit> <Opcode : 'mul'> <InPorts = 2> <OutPorts = 1>
ST_2 : Operation 104 [1/1] (2.43ns)   --->   "%add_ln42_16 = add i28 %mul_ln42_16, i28 267793408" [firmware/nnet_utils/nnet_batchnorm_stream.h:42]   --->   Operation 104 'add' 'add_ln42_16' <Predicate = true> <Delay = 2.43> <CoreInst = "Adder">   --->   Core 1 'Adder' <Latency = 0> <II = 1> <Delay = 2.43> <FuncUnit> <Opcode : 'add' 'sub'> <InPorts = 2> <OutPorts = 1>
ST_2 : Operation 105 [1/1] (0.00ns)   --->   "%sext_ln70_16 = sext i28 %add_ln42_16" [firmware/nnet_utils/nnet_mult.h:70->firmware/nnet_utils/nnet_batchnorm_stream.h:41]   --->   Operation 105 'sext' 'sext_ln70_16' <Predicate = true> <Delay = 0.00>
ST_2 : Operation 106 [1/1] (0.00ns)   --->   "%sext_ln42_17 = sext i18 %a_16" [firmware/nnet_utils/nnet_batchnorm_stream.h:42]   --->   Operation 106 'sext' 'sext_ln42_17' <Predicate = true> <Delay = 0.00>
ST_2 : Operation 107 [1/1] (5.59ns)   --->   "%mul_ln42_17 = mul i28 %sext_ln42_17, i28 626" [firmware/nnet_utils/nnet_batchnorm_stream.h:42]   --->   Operation 107 'mul' 'mul_ln42_17' <Predicate = true> <Delay = 5.59> <CoreInst = "Multiplier">   --->   Core 3 'Multiplier' <Latency = 0> <II = 1> <Delay = 5.59> <FuncUnit> <Opcode : 'mul'> <InPorts = 2> <OutPorts = 1>
ST_2 : Operation 108 [1/1] (2.43ns)   --->   "%add_ln42_17 = add i28 %mul_ln42_17, i28 618496" [firmware/nnet_utils/nnet_batchnorm_stream.h:42]   --->   Operation 108 'add' 'add_ln42_17' <Predicate = true> <Delay = 2.43> <CoreInst = "Adder">   --->   Core 1 'Adder' <Latency = 0> <II = 1> <Delay = 2.43> <FuncUnit> <Opcode : 'add' 'sub'> <InPorts = 2> <OutPorts = 1>
ST_2 : Operation 109 [1/1] (0.00ns)   --->   "%or_ln46_s = bitconcatenate i691 @_ssdm_op_BitConcatenate.i691.i28.i39.i39.i39.i39.i39.i39.i39.i39.i39.i39.i39.i39.i39.i39.i39.i39.i39, i28 %add_ln42_17, i39 %sext_ln70_16, i39 %sext_ln70_15, i39 %sext_ln70_14, i39 %sext_ln70_13, i39 %sext_ln70_12, i39 %sext_ln70_11, i39 %sext_ln70_10, i39 %sext_ln70_9, i39 %sext_ln70_8, i39 %sext_ln70_7, i39 %sext_ln70_6, i39 %sext_ln70_5, i39 %sext_ln70_4, i39 %sext_ln70_3, i39 %sext_ln70_2, i39 %sext_ln70_1, i39 %sext_ln70" [firmware/nnet_utils/nnet_batchnorm_stream.h:46]   --->   Operation 109 'bitconcatenate' 'or_ln46_s' <Predicate = true> <Delay = 0.00>
ST_2 : Operation 110 [1/1] (0.00ns)   --->   "%sext_ln46 = sext i691 %or_ln46_s" [firmware/nnet_utils/nnet_batchnorm_stream.h:46]   --->   Operation 110 'sext' 'sext_ln46' <Predicate = true> <Delay = 0.00>
ST_2 : Operation 111 [1/1] (3.54ns)   --->   "%write_ln46 = write void @_ssdm_op_Write.ap_fifo.volatile.i702P0A, i702 %layer7_out, i702 %sext_ln46" [firmware/nnet_utils/nnet_batchnorm_stream.h:46]   --->   Operation 111 'write' 'write_ln46' <Predicate = true> <Delay = 3.54> <CoreInst = "FIFO">   --->   Core 77 'FIFO' <Latency = 0> <II = 1> <Delay = 3.54> <Storage> <Opcode : 'read' 'write' 'nbread' 'nbwrite'> <Ports = 0> <Width = 702> <Depth = 250> <FIFO>
ST_2 : Operation 112 [1/1] (1.58ns)   --->   "%ret_ln48 = ret" [firmware/nnet_utils/nnet_batchnorm_stream.h:48]   --->   Operation 112 'ret' 'ret_ln48' <Predicate = (icmp_ln25)> <Delay = 1.58>


============================================================
+ Verbose Summary: Timing violations
============================================================
Target clock period: 20.000ns, clock uncertainty: 5.400ns.

 <State 1>: 5.091ns
The critical path consists of the following:
	'store' operation 0 bit ('store_ln0') of constant 0 on local variable 'i_021' [7]  (1.588 ns)
	'load' operation 8 bit ('i_021_load', firmware/nnet_utils/nnet_batchnorm_stream.h:25) on local variable 'i_021' [10]  (0.000 ns)
	'add' operation 8 bit ('i', firmware/nnet_utils/nnet_batchnorm_stream.h:25) [107]  (1.915 ns)
	'store' operation 0 bit ('store_ln25', firmware/nnet_utils/nnet_batchnorm_stream.h:25) of variable 'i', firmware/nnet_utils/nnet_batchnorm_stream.h:25 on local variable 'i_021' [109]  (1.588 ns)

 <State 2>: 11.603ns
The critical path consists of the following:
	'mul' operation 29 bit ('mul_ln42_12', firmware/nnet_utils/nnet_batchnorm_stream.h:42) [82]  (5.593 ns)
	'add' operation 29 bit ('add_ln42_12', firmware/nnet_utils/nnet_batchnorm_stream.h:42) [83]  (2.463 ns)
	fifo write operation ('write_ln46', firmware/nnet_utils/nnet_batchnorm_stream.h:46) on port 'layer7_out' (firmware/nnet_utils/nnet_batchnorm_stream.h:46) [106]  (3.547 ns)


============================================================
+ Verbose Summary: Binding
============================================================
N/A
* FSMD analyzer results:
  - Output states:
 - Input state : 
  - Chain level:
	State 1
	State 2


============================================================
+ Verbose Summary: Datapath Resource usage 
============================================================
N/A
