

================================================================
== Vitis HLS Report for 'relu_array_ap_fixed_18u_array_ap_fixed_20_10_5_3_0_18u_relu_config8_s'
================================================================
* Date:           Sun Aug 30 16:00:15 2026

* Version:        2024.1 (Build 5069499 on May 21 2024)
* Project:        myproject_prj
* Solution:       solution1 (Vivado IP Flow Target)
* Product family: zynq
* Target device:  xc7z020-clg400-1


================================================================
== Performance Estimates
================================================================
+ Timing: 
    * Summary: 
    +--------+----------+-----------+------------+
    |  Clock |  Target  | Estimated | Uncertainty|
    +--------+----------+-----------+------------+
    |ap_clk  |  20.00 ns|  11.178 ns|     5.40 ns|
    +--------+----------+-----------+------------+

+ Latency: 
    * Summary: 
    +---------+---------+----------+----------+-----+-----+-----------------------------------------------+
    |  Latency (cycles) |  Latency (absolute) |  Interval |                    Pipeline                   |
    |   min   |   max   |    min   |    max   | min | max |                      Type                     |
    +---------+---------+----------+----------+-----+-----+-----------------------------------------------+
    |      251|      251|  5.020 us|  5.020 us|  250|  250|  loop auto-rewind stp(delay=0 clock cycles(s))|
    +---------+---------+----------+----------+-----+-----+-----------------------------------------------+

    + Detail: 
        * Instance: 
        N/A

        * Loop: 
        +---------------+---------+---------+----------+-----------+-----------+------+----------+
        |               |  Latency (cycles) | Iteration|  Initiation Interval  | Trip |          |
        |   Loop Name   |   min   |   max   |  Latency |  achieved |   target  | Count| Pipelined|
        +---------------+---------+---------+----------+-----------+-----------+------+----------+
        |- ReLUActLoop  |      249|      249|         1|          1|          1|   250|       yes|
        +---------------+---------+---------+----------+-----------+-----------+------+----------+

============================================================
+ Verbose Summary: Synthesis Manager
============================================================
InlineROM: 1
ExposeGlobal: 0
============================================================
+ Verbose Summary: CDFG Model
============================================================
IsTopModel: 0
ResetActiveHigh: 1
IsCombinational: 2
IsDatapathOnly: 0
HasWiredReturn: 1
HasMFsm: 2
HasVarLatency: 1
IsPipeline: 0
IsRtlPipelined: 0
IsInstanceOverlapped: 0
IsDontTouch: 0
HasImplIP: 0
IsGatedGlobalClock: 0

+ Individual pipeline summary: 
  * Pipeline-0: initiation interval (II) = 1, depth = 1


============================================================
+ Verbose Summary: Schedule
============================================================
* Number of FSM states : 1
* Pipeline : 1
  Pipeline-0 : II = 1, D = 1, States = { 1 }
* Dataflow Pipeline: 0

* FSM state transitions: 
1 --> 

* FSM state operations: 

State 1 <SV = 0> <Delay = 11.1>
ST_1 : Operation 4 [1/1] (0.00ns)   --->   "%i1 = alloca i32 1"   --->   Operation 4 'alloca' 'i1' <Predicate = true> <Delay = 0.00>
ST_1 : Operation 5 [1/1] (0.00ns)   --->   "%specinterface_ln0 = specinterface void @_ssdm_op_SpecInterface, i360 %layer8_out, void @empty_6, i32 0, i32 0, void @empty_5, i32 0, i32 0, void @empty_5, void @empty_5, void @empty_5, i32 0, i32 0, i32 0, i32 0, void @empty_5, void @empty_5, i32 4294967295, i32 0, i32 0"   --->   Operation 5 'specinterface' 'specinterface_ln0' <Predicate = true> <Delay = 0.00>
ST_1 : Operation 6 [1/1] (0.00ns)   --->   "%specinterface_ln0 = specinterface void @_ssdm_op_SpecInterface, i702 %layer7_out, void @empty_6, i32 0, i32 0, void @empty_5, i32 0, i32 0, void @empty_5, void @empty_5, void @empty_5, i32 0, i32 0, i32 0, i32 0, void @empty_5, void @empty_5, i32 4294967295, i32 0, i32 0"   --->   Operation 6 'specinterface' 'specinterface_ln0' <Predicate = true> <Delay = 0.00>
ST_1 : Operation 7 [1/1] (1.58ns)   --->   "%store_ln0 = store i8 0, i8 %i1"   --->   Operation 7 'store' 'store_ln0' <Predicate = true> <Delay = 1.58>
ST_1 : Operation 8 [1/1] (0.00ns)   --->   "%br_ln41 = br void %ReLUPackLoop.split_ifconv" [firmware/nnet_utils/nnet_activation_stream.h:41]   --->   Operation 8 'br' 'br_ln41' <Predicate = true> <Delay = 0.00>
ST_1 : Operation 9 [1/1] (0.00ns)   --->   "%i1_load = load i8 %i1" [firmware/nnet_utils/nnet_activation_stream.h:41]   --->   Operation 9 'load' 'i1_load' <Predicate = true> <Delay = 0.00>
ST_1 : Operation 10 [1/1] (0.00ns)   --->   "%specpipeline_ln42 = specpipeline void @_ssdm_op_SpecPipeline, i32 4294967295, i32 0, i32 0, i32 0, void @empty_5" [firmware/nnet_utils/nnet_activation_stream.h:42]   --->   Operation 10 'specpipeline' 'specpipeline_ln42' <Predicate = true> <Delay = 0.00>
ST_1 : Operation 11 [1/1] (0.00ns)   --->   "%speclooptripcount_ln41 = speclooptripcount void @_ssdm_op_SpecLoopTripCount, i64 250, i64 250, i64 250" [firmware/nnet_utils/nnet_activation_stream.h:41]   --->   Operation 11 'speclooptripcount' 'speclooptripcount_ln41' <Predicate = true> <Delay = 0.00>
ST_1 : Operation 12 [1/1] (0.00ns)   --->   "%specloopname_ln41 = specloopname void @_ssdm_op_SpecLoopName, void @empty_2" [firmware/nnet_utils/nnet_activation_stream.h:41]   --->   Operation 12 'specloopname' 'specloopname_ln41' <Predicate = true> <Delay = 0.00>
ST_1 : Operation 13 [1/1] (3.54ns)   --->   "%layer7_out_read = read i702 @_ssdm_op_Read.ap_fifo.volatile.i702P0A, i702 %layer7_out" [firmware/nnet_utils/nnet_activation_stream.h:44]   --->   Operation 13 'read' 'layer7_out_read' <Predicate = true> <Delay = 3.54> <CoreInst = "FIFO">   --->   Core 77 'FIFO' <Latency = 0> <II = 1> <Delay = 3.54> <Storage> <Opcode : 'read' 'write' 'nbread' 'nbwrite'> <Ports = 0> <Width = 702> <Depth = 250> <FIFO>
ST_1 : Operation 14 [1/1] (0.00ns)   --->   "%trunc_ln44 = trunc i702 %layer7_out_read" [firmware/nnet_utils/nnet_activation_stream.h:44]   --->   Operation 14 'trunc' 'trunc_ln44' <Predicate = true> <Delay = 0.00>
ST_1 : Operation 15 [1/1] (0.00ns)   --->   "%trunc_ln44_1 = partselect i39 @_ssdm_op_PartSelect.i39.i702.i32.i32, i702 %layer7_out_read, i32 39, i32 77" [firmware/nnet_utils/nnet_activation_stream.h:44]   --->   Operation 15 'partselect' 'trunc_ln44_1' <Predicate = true> <Delay = 0.00>
ST_1 : Operation 16 [1/1] (0.00ns)   --->   "%trunc_ln44_2 = partselect i39 @_ssdm_op_PartSelect.i39.i702.i32.i32, i702 %layer7_out_read, i32 78, i32 116" [firmware/nnet_utils/nnet_activation_stream.h:44]   --->   Operation 16 'partselect' 'trunc_ln44_2' <Predicate = true> <Delay = 0.00>
ST_1 : Operation 17 [1/1] (0.00ns)   --->   "%trunc_ln44_3 = partselect i39 @_ssdm_op_PartSelect.i39.i702.i32.i32, i702 %layer7_out_read, i32 117, i32 155" [firmware/nnet_utils/nnet_activation_stream.h:44]   --->   Operation 17 'partselect' 'trunc_ln44_3' <Predicate = true> <Delay = 0.00>
ST_1 : Operation 18 [1/1] (0.00ns)   --->   "%trunc_ln44_4 = partselect i39 @_ssdm_op_PartSelect.i39.i702.i32.i32, i702 %layer7_out_read, i32 156, i32 194" [firmware/nnet_utils/nnet_activation_stream.h:44]   --->   Operation 18 'partselect' 'trunc_ln44_4' <Predicate = true> <Delay = 0.00>
ST_1 : Operation 19 [1/1] (0.00ns)   --->   "%trunc_ln44_5 = partselect i39 @_ssdm_op_PartSelect.i39.i702.i32.i32, i702 %layer7_out_read, i32 195, i32 233" [firmware/nnet_utils/nnet_activation_stream.h:44]   --->   Operation 19 'partselect' 'trunc_ln44_5' <Predicate = true> <Delay = 0.00>
ST_1 : Operation 20 [1/1] (0.00ns)   --->   "%trunc_ln44_6 = partselect i39 @_ssdm_op_PartSelect.i39.i702.i32.i32, i702 %layer7_out_read, i32 234, i32 272" [firmware/nnet_utils/nnet_activation_stream.h:44]   --->   Operation 20 'partselect' 'trunc_ln44_6' <Predicate = true> <Delay = 0.00>
ST_1 : Operation 21 [1/1] (0.00ns)   --->   "%trunc_ln44_7 = partselect i39 @_ssdm_op_PartSelect.i39.i702.i32.i32, i702 %layer7_out_read, i32 273, i32 311" [firmware/nnet_utils/nnet_activation_stream.h:44]   --->   Operation 21 'partselect' 'trunc_ln44_7' <Predicate = true> <Delay = 0.00>
ST_1 : Operation 22 [1/1] (0.00ns)   --->   "%trunc_ln44_8 = partselect i39 @_ssdm_op_PartSelect.i39.i702.i32.i32, i702 %layer7_out_read, i32 312, i32 350" [firmware/nnet_utils/nnet_activation_stream.h:44]   --->   Operation 22 'partselect' 'trunc_ln44_8' <Predicate = true> <Delay = 0.00>
ST_1 : Operation 23 [1/1] (0.00ns)   --->   "%trunc_ln44_9 = partselect i39 @_ssdm_op_PartSelect.i39.i702.i32.i32, i702 %layer7_out_read, i32 351, i32 389" [firmware/nnet_utils/nnet_activation_stream.h:44]   --->   Operation 23 'partselect' 'trunc_ln44_9' <Predicate = true> <Delay = 0.00>
ST_1 : Operation 24 [1/1] (0.00ns)   --->   "%trunc_ln44_s = partselect i39 @_ssdm_op_PartSelect.i39.i702.i32.i32, i702 %layer7_out_read, i32 390, i32 428" [firmware/nnet_utils/nnet_activation_stream.h:44]   --->   Operation 24 'partselect' 'trunc_ln44_s' <Predicate = true> <Delay = 0.00>
ST_1 : Operation 25 [1/1] (0.00ns)   --->   "%trunc_ln44_10 = partselect i39 @_ssdm_op_PartSelect.i39.i702.i32.i32, i702 %layer7_out_read, i32 429, i32 467" [firmware/nnet_utils/nnet_activation_stream.h:44]   --->   Operation 25 'partselect' 'trunc_ln44_10' <Predicate = true> <Delay = 0.00>
ST_1 : Operation 26 [1/1] (0.00ns)   --->   "%trunc_ln44_11 = partselect i39 @_ssdm_op_PartSelect.i39.i702.i32.i32, i702 %layer7_out_read, i32 468, i32 506" [firmware/nnet_utils/nnet_activation_stream.h:44]   --->   Operation 26 'partselect' 'trunc_ln44_11' <Predicate = true> <Delay = 0.00>
ST_1 : Operation 27 [1/1] (0.00ns)   --->   "%trunc_ln44_12 = partselect i39 @_ssdm_op_PartSelect.i39.i702.i32.i32, i702 %layer7_out_read, i32 507, i32 545" [firmware/nnet_utils/nnet_activation_stream.h:44]   --->   Operation 27 'partselect' 'trunc_ln44_12' <Predicate = true> <Delay = 0.00>
ST_1 : Operation 28 [1/1] (0.00ns)   --->   "%trunc_ln44_13 = partselect i39 @_ssdm_op_PartSelect.i39.i702.i32.i32, i702 %layer7_out_read, i32 546, i32 584" [firmware/nnet_utils/nnet_activation_stream.h:44]   --->   Operation 28 'partselect' 'trunc_ln44_13' <Predicate = true> <Delay = 0.00>
ST_1 : Operation 29 [1/1] (0.00ns)   --->   "%trunc_ln44_14 = partselect i39 @_ssdm_op_PartSelect.i39.i702.i32.i32, i702 %layer7_out_read, i32 585, i32 623" [firmware/nnet_utils/nnet_activation_stream.h:44]   --->   Operation 29 'partselect' 'trunc_ln44_14' <Predicate = true> <Delay = 0.00>
ST_1 : Operation 30 [1/1] (0.00ns)   --->   "%trunc_ln44_15 = partselect i39 @_ssdm_op_PartSelect.i39.i702.i32.i32, i702 %layer7_out_read, i32 624, i32 662" [firmware/nnet_utils/nnet_activation_stream.h:44]   --->   Operation 30 'partselect' 'trunc_ln44_15' <Predicate = true> <Delay = 0.00>
ST_1 : Operation 31 [1/1] (0.00ns)   --->   "%trunc_ln44_16 = partselect i39 @_ssdm_op_PartSelect.i39.i702.i32.i32, i702 %layer7_out_read, i32 663, i32 701" [firmware/nnet_utils/nnet_activation_stream.h:44]   --->   Operation 31 'partselect' 'trunc_ln44_16' <Predicate = true> <Delay = 0.00>
ST_1 : Operation 32 [1/1] (2.83ns)   --->   "%icmp_ln51 = icmp_sgt  i39 %trunc_ln44, i39 0" [firmware/nnet_utils/nnet_activation_stream.h:51]   --->   Operation 32 'icmp' 'icmp_ln51' <Predicate = true> <Delay = 2.83> <CoreInst = "Cmp">   --->   Core 9 'Cmp' <Latency = 0> <II = 1> <Delay = 2.83> <FuncUnit> <Opcode : 'seteq' 'setne' 'setle' 'setge' 'setlt' 'setgt'> <InPorts = 2> <OutPorts = 1>
ST_1 : Operation 33 [1/1] (0.00ns)   --->   "%trunc_ln1 = partselect i8 @_ssdm_op_PartSelect.i8.i702.i32.i32, i702 %layer7_out_read, i32 10, i32 17" [firmware/nnet_utils/nnet_activation_stream.h:52]   --->   Operation 33 'partselect' 'trunc_ln1' <Predicate = true> <Delay = 0.00>
ST_1 : Operation 34 [1/1] (0.00ns)   --->   "%trunc_ln52_2 = partselect i4 @_ssdm_op_PartSelect.i4.i702.i32.i32, i702 %layer7_out_read, i32 26, i32 29" [firmware/nnet_utils/nnet_activation_stream.h:52]   --->   Operation 34 'partselect' 'trunc_ln52_2' <Predicate = true> <Delay = 0.00>
ST_1 : Operation 35 [1/1] (1.24ns)   --->   "%out_data_sroa_0_0_0 = select i1 %icmp_ln51, i8 %trunc_ln1, i8 0" [firmware/nnet_utils/nnet_activation_stream.h:51]   --->   Operation 35 'select' 'out_data_sroa_0_0_0' <Predicate = true> <Delay = 1.24> <CoreInst = "Sel">   --->   Core 73 'Sel' <Latency = 0> <II = 1> <Delay = 1.24> <FuncUnit> <Opcode : 'select'> <InPorts = 3> <OutPorts = 1>
ST_1 : Operation 36 [1/1] (1.02ns)   --->   "%empty = select i1 %icmp_ln51, i4 %trunc_ln52_2, i4 0" [firmware/nnet_utils/nnet_activation_stream.h:51]   --->   Operation 36 'select' 'empty' <Predicate = true> <Delay = 1.02> <CoreInst = "Sel">   --->   Core 73 'Sel' <Latency = 0> <II = 1> <Delay = 1.02> <FuncUnit> <Opcode : 'select'> <InPorts = 3> <OutPorts = 1>
ST_1 : Operation 37 [1/1] (2.83ns)   --->   "%icmp_ln51_1 = icmp_sgt  i39 %trunc_ln44_1, i39 0" [firmware/nnet_utils/nnet_activation_stream.h:51]   --->   Operation 37 'icmp' 'icmp_ln51_1' <Predicate = true> <Delay = 2.83> <CoreInst = "Cmp">   --->   Core 9 'Cmp' <Latency = 0> <II = 1> <Delay = 2.83> <FuncUnit> <Opcode : 'seteq' 'setne' 'setle' 'setge' 'setlt' 'setgt'> <InPorts = 2> <OutPorts = 1>
ST_1 : Operation 38 [1/1] (0.00ns)   --->   "%trunc_ln52_3 = partselect i8 @_ssdm_op_PartSelect.i8.i702.i32.i32, i702 %layer7_out_read, i32 49, i32 56" [firmware/nnet_utils/nnet_activation_stream.h:52]   --->   Operation 38 'partselect' 'trunc_ln52_3' <Predicate = true> <Delay = 0.00>
ST_1 : Operation 39 [1/1] (0.00ns)   --->   "%trunc_ln52_5 = partselect i4 @_ssdm_op_PartSelect.i4.i702.i32.i32, i702 %layer7_out_read, i32 65, i32 68" [firmware/nnet_utils/nnet_activation_stream.h:52]   --->   Operation 39 'partselect' 'trunc_ln52_5' <Predicate = true> <Delay = 0.00>
ST_1 : Operation 40 [1/1] (1.24ns)   --->   "%out_data_sroa_5130_0_0 = select i1 %icmp_ln51_1, i8 %trunc_ln52_3, i8 0" [firmware/nnet_utils/nnet_activation_stream.h:51]   --->   Operation 40 'select' 'out_data_sroa_5130_0_0' <Predicate = true> <Delay = 1.24> <CoreInst = "Sel">   --->   Core 73 'Sel' <Latency = 0> <II = 1> <Delay = 1.24> <FuncUnit> <Opcode : 'select'> <InPorts = 3> <OutPorts = 1>
ST_1 : Operation 41 [1/1] (1.02ns)   --->   "%empty_51 = select i1 %icmp_ln51_1, i4 %trunc_ln52_5, i4 0" [firmware/nnet_utils/nnet_activation_stream.h:51]   --->   Operation 41 'select' 'empty_51' <Predicate = true> <Delay = 1.02> <CoreInst = "Sel">   --->   Core 73 'Sel' <Latency = 0> <II = 1> <Delay = 1.02> <FuncUnit> <Opcode : 'select'> <InPorts = 3> <OutPorts = 1>
ST_1 : Operation 42 [1/1] (2.83ns)   --->   "%icmp_ln51_2 = icmp_sgt  i39 %trunc_ln44_2, i39 0" [firmware/nnet_utils/nnet_activation_stream.h:51]   --->   Operation 42 'icmp' 'icmp_ln51_2' <Predicate = true> <Delay = 2.83> <CoreInst = "Cmp">   --->   Core 9 'Cmp' <Latency = 0> <II = 1> <Delay = 2.83> <FuncUnit> <Opcode : 'seteq' 'setne' 'setle' 'setge' 'setlt' 'setgt'> <InPorts = 2> <OutPorts = 1>
ST_1 : Operation 43 [1/1] (0.00ns)   --->   "%trunc_ln52_6 = partselect i8 @_ssdm_op_PartSelect.i8.i702.i32.i32, i702 %layer7_out_read, i32 88, i32 95" [firmware/nnet_utils/nnet_activation_stream.h:52]   --->   Operation 43 'partselect' 'trunc_ln52_6' <Predicate = true> <Delay = 0.00>
ST_1 : Operation 44 [1/1] (0.00ns)   --->   "%trunc_ln52_8 = partselect i4 @_ssdm_op_PartSelect.i4.i702.i32.i32, i702 %layer7_out_read, i32 104, i32 107" [firmware/nnet_utils/nnet_activation_stream.h:52]   --->   Operation 44 'partselect' 'trunc_ln52_8' <Predicate = true> <Delay = 0.00>
ST_1 : Operation 45 [1/1] (1.24ns)   --->   "%out_data_sroa_8134_0_0 = select i1 %icmp_ln51_2, i8 %trunc_ln52_6, i8 0" [firmware/nnet_utils/nnet_activation_stream.h:51]   --->   Operation 45 'select' 'out_data_sroa_8134_0_0' <Predicate = true> <Delay = 1.24> <CoreInst = "Sel">   --->   Core 73 'Sel' <Latency = 0> <II = 1> <Delay = 1.24> <FuncUnit> <Opcode : 'select'> <InPorts = 3> <OutPorts = 1>
ST_1 : Operation 46 [1/1] (1.02ns)   --->   "%empty_52 = select i1 %icmp_ln51_2, i4 %trunc_ln52_8, i4 0" [firmware/nnet_utils/nnet_activation_stream.h:51]   --->   Operation 46 'select' 'empty_52' <Predicate = true> <Delay = 1.02> <CoreInst = "Sel">   --->   Core 73 'Sel' <Latency = 0> <II = 1> <Delay = 1.02> <FuncUnit> <Opcode : 'select'> <InPorts = 3> <OutPorts = 1>
ST_1 : Operation 47 [1/1] (2.83ns)   --->   "%icmp_ln51_3 = icmp_sgt  i39 %trunc_ln44_3, i39 0" [firmware/nnet_utils/nnet_activation_stream.h:51]   --->   Operation 47 'icmp' 'icmp_ln51_3' <Predicate = true> <Delay = 2.83> <CoreInst = "Cmp">   --->   Core 9 'Cmp' <Latency = 0> <II = 1> <Delay = 2.83> <FuncUnit> <Opcode : 'seteq' 'setne' 'setle' 'setge' 'setlt' 'setgt'> <InPorts = 2> <OutPorts = 1>
ST_1 : Operation 48 [1/1] (0.00ns)   --->   "%trunc_ln52_9 = partselect i8 @_ssdm_op_PartSelect.i8.i702.i32.i32, i702 %layer7_out_read, i32 127, i32 134" [firmware/nnet_utils/nnet_activation_stream.h:52]   --->   Operation 48 'partselect' 'trunc_ln52_9' <Predicate = true> <Delay = 0.00>
ST_1 : Operation 49 [1/1] (0.00ns)   --->   "%trunc_ln52_s = partselect i4 @_ssdm_op_PartSelect.i4.i702.i32.i32, i702 %layer7_out_read, i32 143, i32 146" [firmware/nnet_utils/nnet_activation_stream.h:52]   --->   Operation 49 'partselect' 'trunc_ln52_s' <Predicate = true> <Delay = 0.00>
ST_1 : Operation 50 [1/1] (1.24ns)   --->   "%out_data_sroa_11138_0_0 = select i1 %icmp_ln51_3, i8 %trunc_ln52_9, i8 0" [firmware/nnet_utils/nnet_activation_stream.h:51]   --->   Operation 50 'select' 'out_data_sroa_11138_0_0' <Predicate = true> <Delay = 1.24> <CoreInst = "Sel">   --->   Core 73 'Sel' <Latency = 0> <II = 1> <Delay = 1.24> <FuncUnit> <Opcode : 'select'> <InPorts = 3> <OutPorts = 1>
ST_1 : Operation 51 [1/1] (1.02ns)   --->   "%empty_53 = select i1 %icmp_ln51_3, i4 %trunc_ln52_s, i4 0" [firmware/nnet_utils/nnet_activation_stream.h:51]   --->   Operation 51 'select' 'empty_53' <Predicate = true> <Delay = 1.02> <CoreInst = "Sel">   --->   Core 73 'Sel' <Latency = 0> <II = 1> <Delay = 1.02> <FuncUnit> <Opcode : 'select'> <InPorts = 3> <OutPorts = 1>
ST_1 : Operation 52 [1/1] (2.83ns)   --->   "%icmp_ln51_4 = icmp_sgt  i39 %trunc_ln44_4, i39 0" [firmware/nnet_utils/nnet_activation_stream.h:51]   --->   Operation 52 'icmp' 'icmp_ln51_4' <Predicate = true> <Delay = 2.83> <CoreInst = "Cmp">   --->   Core 9 'Cmp' <Latency = 0> <II = 1> <Delay = 2.83> <FuncUnit> <Opcode : 'seteq' 'setne' 'setle' 'setge' 'setlt' 'setgt'> <InPorts = 2> <OutPorts = 1>
ST_1 : Operation 53 [1/1] (0.00ns)   --->   "%trunc_ln52_1 = partselect i8 @_ssdm_op_PartSelect.i8.i702.i32.i32, i702 %layer7_out_read, i32 166, i32 173" [firmware/nnet_utils/nnet_activation_stream.h:52]   --->   Operation 53 'partselect' 'trunc_ln52_1' <Predicate = true> <Delay = 0.00>
ST_1 : Operation 54 [1/1] (0.00ns)   --->   "%trunc_ln52_4 = partselect i4 @_ssdm_op_PartSelect.i4.i702.i32.i32, i702 %layer7_out_read, i32 182, i32 185" [firmware/nnet_utils/nnet_activation_stream.h:52]   --->   Operation 54 'partselect' 'trunc_ln52_4' <Predicate = true> <Delay = 0.00>
ST_1 : Operation 55 [1/1] (1.24ns)   --->   "%out_data_sroa_14142_0_0 = select i1 %icmp_ln51_4, i8 %trunc_ln52_1, i8 0" [firmware/nnet_utils/nnet_activation_stream.h:51]   --->   Operation 55 'select' 'out_data_sroa_14142_0_0' <Predicate = true> <Delay = 1.24> <CoreInst = "Sel">   --->   Core 73 'Sel' <Latency = 0> <II = 1> <Delay = 1.24> <FuncUnit> <Opcode : 'select'> <InPorts = 3> <OutPorts = 1>
ST_1 : Operation 56 [1/1] (1.02ns)   --->   "%empty_54 = select i1 %icmp_ln51_4, i4 %trunc_ln52_4, i4 0" [firmware/nnet_utils/nnet_activation_stream.h:51]   --->   Operation 56 'select' 'empty_54' <Predicate = true> <Delay = 1.02> <CoreInst = "Sel">   --->   Core 73 'Sel' <Latency = 0> <II = 1> <Delay = 1.02> <FuncUnit> <Opcode : 'select'> <InPorts = 3> <OutPorts = 1>
ST_1 : Operation 57 [1/1] (2.83ns)   --->   "%icmp_ln51_5 = icmp_sgt  i39 %trunc_ln44_5, i39 0" [firmware/nnet_utils/nnet_activation_stream.h:51]   --->   Operation 57 'icmp' 'icmp_ln51_5' <Predicate = true> <Delay = 2.83> <CoreInst = "Cmp">   --->   Core 9 'Cmp' <Latency = 0> <II = 1> <Delay = 2.83> <FuncUnit> <Opcode : 'seteq' 'setne' 'setle' 'setge' 'setlt' 'setgt'> <InPorts = 2> <OutPorts = 1>
ST_1 : Operation 58 [1/1] (0.00ns)   --->   "%trunc_ln52_7 = partselect i8 @_ssdm_op_PartSelect.i8.i702.i32.i32, i702 %layer7_out_read, i32 205, i32 212" [firmware/nnet_utils/nnet_activation_stream.h:52]   --->   Operation 58 'partselect' 'trunc_ln52_7' <Predicate = true> <Delay = 0.00>
ST_1 : Operation 59 [1/1] (0.00ns)   --->   "%trunc_ln52_10 = partselect i4 @_ssdm_op_PartSelect.i4.i702.i32.i32, i702 %layer7_out_read, i32 221, i32 224" [firmware/nnet_utils/nnet_activation_stream.h:52]   --->   Operation 59 'partselect' 'trunc_ln52_10' <Predicate = true> <Delay = 0.00>
ST_1 : Operation 60 [1/1] (1.24ns)   --->   "%out_data_sroa_17146_0_0 = select i1 %icmp_ln51_5, i8 %trunc_ln52_7, i8 0" [firmware/nnet_utils/nnet_activation_stream.h:51]   --->   Operation 60 'select' 'out_data_sroa_17146_0_0' <Predicate = true> <Delay = 1.24> <CoreInst = "Sel">   --->   Core 73 'Sel' <Latency = 0> <II = 1> <Delay = 1.24> <FuncUnit> <Opcode : 'select'> <InPorts = 3> <OutPorts = 1>
ST_1 : Operation 61 [1/1] (1.02ns)   --->   "%empty_55 = select i1 %icmp_ln51_5, i4 %trunc_ln52_10, i4 0" [firmware/nnet_utils/nnet_activation_stream.h:51]   --->   Operation 61 'select' 'empty_55' <Predicate = true> <Delay = 1.02> <CoreInst = "Sel">   --->   Core 73 'Sel' <Latency = 0> <II = 1> <Delay = 1.02> <FuncUnit> <Opcode : 'select'> <InPorts = 3> <OutPorts = 1>
ST_1 : Operation 62 [1/1] (2.83ns)   --->   "%icmp_ln51_6 = icmp_sgt  i39 %trunc_ln44_6, i39 0" [firmware/nnet_utils/nnet_activation_stream.h:51]   --->   Operation 62 'icmp' 'icmp_ln51_6' <Predicate = true> <Delay = 2.83> <CoreInst = "Cmp">   --->   Core 9 'Cmp' <Latency = 0> <II = 1> <Delay = 2.83> <FuncUnit> <Opcode : 'seteq' 'setne' 'setle' 'setge' 'setlt' 'setgt'> <InPorts = 2> <OutPorts = 1>
ST_1 : Operation 63 [1/1] (0.00ns)   --->   "%trunc_ln52_11 = partselect i8 @_ssdm_op_PartSelect.i8.i702.i32.i32, i702 %layer7_out_read, i32 244, i32 251" [firmware/nnet_utils/nnet_activation_stream.h:52]   --->   Operation 63 'partselect' 'trunc_ln52_11' <Predicate = true> <Delay = 0.00>
ST_1 : Operation 64 [1/1] (0.00ns)   --->   "%trunc_ln52_12 = partselect i4 @_ssdm_op_PartSelect.i4.i702.i32.i32, i702 %layer7_out_read, i32 260, i32 263" [firmware/nnet_utils/nnet_activation_stream.h:52]   --->   Operation 64 'partselect' 'trunc_ln52_12' <Predicate = true> <Delay = 0.00>
ST_1 : Operation 65 [1/1] (1.24ns)   --->   "%out_data_sroa_20150_0_0 = select i1 %icmp_ln51_6, i8 %trunc_ln52_11, i8 0" [firmware/nnet_utils/nnet_activation_stream.h:51]   --->   Operation 65 'select' 'out_data_sroa_20150_0_0' <Predicate = true> <Delay = 1.24> <CoreInst = "Sel">   --->   Core 73 'Sel' <Latency = 0> <II = 1> <Delay = 1.24> <FuncUnit> <Opcode : 'select'> <InPorts = 3> <OutPorts = 1>
ST_1 : Operation 66 [1/1] (1.02ns)   --->   "%empty_56 = select i1 %icmp_ln51_6, i4 %trunc_ln52_12, i4 0" [firmware/nnet_utils/nnet_activation_stream.h:51]   --->   Operation 66 'select' 'empty_56' <Predicate = true> <Delay = 1.02> <CoreInst = "Sel">   --->   Core 73 'Sel' <Latency = 0> <II = 1> <Delay = 1.02> <FuncUnit> <Opcode : 'select'> <InPorts = 3> <OutPorts = 1>
ST_1 : Operation 67 [1/1] (2.83ns)   --->   "%icmp_ln51_7 = icmp_sgt  i39 %trunc_ln44_7, i39 0" [firmware/nnet_utils/nnet_activation_stream.h:51]   --->   Operation 67 'icmp' 'icmp_ln51_7' <Predicate = true> <Delay = 2.83> <CoreInst = "Cmp">   --->   Core 9 'Cmp' <Latency = 0> <II = 1> <Delay = 2.83> <FuncUnit> <Opcode : 'seteq' 'setne' 'setle' 'setge' 'setlt' 'setgt'> <InPorts = 2> <OutPorts = 1>
ST_1 : Operation 68 [1/1] (0.00ns)   --->   "%trunc_ln52_13 = partselect i8 @_ssdm_op_PartSelect.i8.i702.i32.i32, i702 %layer7_out_read, i32 283, i32 290" [firmware/nnet_utils/nnet_activation_stream.h:52]   --->   Operation 68 'partselect' 'trunc_ln52_13' <Predicate = true> <Delay = 0.00>
ST_1 : Operation 69 [1/1] (0.00ns)   --->   "%trunc_ln52_14 = partselect i4 @_ssdm_op_PartSelect.i4.i702.i32.i32, i702 %layer7_out_read, i32 299, i32 302" [firmware/nnet_utils/nnet_activation_stream.h:52]   --->   Operation 69 'partselect' 'trunc_ln52_14' <Predicate = true> <Delay = 0.00>
ST_1 : Operation 70 [1/1] (1.24ns)   --->   "%out_data_sroa_23154_0_0 = select i1 %icmp_ln51_7, i8 %trunc_ln52_13, i8 0" [firmware/nnet_utils/nnet_activation_stream.h:51]   --->   Operation 70 'select' 'out_data_sroa_23154_0_0' <Predicate = true> <Delay = 1.24> <CoreInst = "Sel">   --->   Core 73 'Sel' <Latency = 0> <II = 1> <Delay = 1.24> <FuncUnit> <Opcode : 'select'> <InPorts = 3> <OutPorts = 1>
ST_1 : Operation 71 [1/1] (1.02ns)   --->   "%empty_57 = select i1 %icmp_ln51_7, i4 %trunc_ln52_14, i4 0" [firmware/nnet_utils/nnet_activation_stream.h:51]   --->   Operation 71 'select' 'empty_57' <Predicate = true> <Delay = 1.02> <CoreInst = "Sel">   --->   Core 73 'Sel' <Latency = 0> <II = 1> <Delay = 1.02> <FuncUnit> <Opcode : 'select'> <InPorts = 3> <OutPorts = 1>
ST_1 : Operation 72 [1/1] (2.83ns)   --->   "%icmp_ln51_8 = icmp_sgt  i39 %trunc_ln44_8, i39 0" [firmware/nnet_utils/nnet_activation_stream.h:51]   --->   Operation 72 'icmp' 'icmp_ln51_8' <Predicate = true> <Delay = 2.83> <CoreInst = "Cmp">   --->   Core 9 'Cmp' <Latency = 0> <II = 1> <Delay = 2.83> <FuncUnit> <Opcode : 'seteq' 'setne' 'setle' 'setge' 'setlt' 'setgt'> <InPorts = 2> <OutPorts = 1>
ST_1 : Operation 73 [1/1] (0.00ns)   --->   "%trunc_ln52_15 = partselect i8 @_ssdm_op_PartSelect.i8.i702.i32.i32, i702 %layer7_out_read, i32 322, i32 329" [firmware/nnet_utils/nnet_activation_stream.h:52]   --->   Operation 73 'partselect' 'trunc_ln52_15' <Predicate = true> <Delay = 0.00>
ST_1 : Operation 74 [1/1] (0.00ns)   --->   "%trunc_ln52_16 = partselect i4 @_ssdm_op_PartSelect.i4.i702.i32.i32, i702 %layer7_out_read, i32 338, i32 341" [firmware/nnet_utils/nnet_activation_stream.h:52]   --->   Operation 74 'partselect' 'trunc_ln52_16' <Predicate = true> <Delay = 0.00>
ST_1 : Operation 75 [1/1] (1.24ns)   --->   "%out_data_sroa_26158_0_0 = select i1 %icmp_ln51_8, i8 %trunc_ln52_15, i8 0" [firmware/nnet_utils/nnet_activation_stream.h:51]   --->   Operation 75 'select' 'out_data_sroa_26158_0_0' <Predicate = true> <Delay = 1.24> <CoreInst = "Sel">   --->   Core 73 'Sel' <Latency = 0> <II = 1> <Delay = 1.24> <FuncUnit> <Opcode : 'select'> <InPorts = 3> <OutPorts = 1>
ST_1 : Operation 76 [1/1] (1.02ns)   --->   "%empty_58 = select i1 %icmp_ln51_8, i4 %trunc_ln52_16, i4 0" [firmware/nnet_utils/nnet_activation_stream.h:51]   --->   Operation 76 'select' 'empty_58' <Predicate = true> <Delay = 1.02> <CoreInst = "Sel">   --->   Core 73 'Sel' <Latency = 0> <II = 1> <Delay = 1.02> <FuncUnit> <Opcode : 'select'> <InPorts = 3> <OutPorts = 1>
ST_1 : Operation 77 [1/1] (2.83ns)   --->   "%icmp_ln51_9 = icmp_sgt  i39 %trunc_ln44_9, i39 0" [firmware/nnet_utils/nnet_activation_stream.h:51]   --->   Operation 77 'icmp' 'icmp_ln51_9' <Predicate = true> <Delay = 2.83> <CoreInst = "Cmp">   --->   Core 9 'Cmp' <Latency = 0> <II = 1> <Delay = 2.83> <FuncUnit> <Opcode : 'seteq' 'setne' 'setle' 'setge' 'setlt' 'setgt'> <InPorts = 2> <OutPorts = 1>
ST_1 : Operation 78 [1/1] (0.00ns)   --->   "%trunc_ln52_17 = partselect i8 @_ssdm_op_PartSelect.i8.i702.i32.i32, i702 %layer7_out_read, i32 361, i32 368" [firmware/nnet_utils/nnet_activation_stream.h:52]   --->   Operation 78 'partselect' 'trunc_ln52_17' <Predicate = true> <Delay = 0.00>
ST_1 : Operation 79 [1/1] (0.00ns)   --->   "%trunc_ln52_18 = partselect i4 @_ssdm_op_PartSelect.i4.i702.i32.i32, i702 %layer7_out_read, i32 377, i32 380" [firmware/nnet_utils/nnet_activation_stream.h:52]   --->   Operation 79 'partselect' 'trunc_ln52_18' <Predicate = true> <Delay = 0.00>
ST_1 : Operation 80 [1/1] (1.24ns)   --->   "%out_data_sroa_29162_0_0 = select i1 %icmp_ln51_9, i8 %trunc_ln52_17, i8 0" [firmware/nnet_utils/nnet_activation_stream.h:51]   --->   Operation 80 'select' 'out_data_sroa_29162_0_0' <Predicate = true> <Delay = 1.24> <CoreInst = "Sel">   --->   Core 73 'Sel' <Latency = 0> <II = 1> <Delay = 1.24> <FuncUnit> <Opcode : 'select'> <InPorts = 3> <OutPorts = 1>
ST_1 : Operation 81 [1/1] (1.02ns)   --->   "%empty_59 = select i1 %icmp_ln51_9, i4 %trunc_ln52_18, i4 0" [firmware/nnet_utils/nnet_activation_stream.h:51]   --->   Operation 81 'select' 'empty_59' <Predicate = true> <Delay = 1.02> <CoreInst = "Sel">   --->   Core 73 'Sel' <Latency = 0> <II = 1> <Delay = 1.02> <FuncUnit> <Opcode : 'select'> <InPorts = 3> <OutPorts = 1>
ST_1 : Operation 82 [1/1] (2.83ns)   --->   "%icmp_ln51_10 = icmp_sgt  i39 %trunc_ln44_s, i39 0" [firmware/nnet_utils/nnet_activation_stream.h:51]   --->   Operation 82 'icmp' 'icmp_ln51_10' <Predicate = true> <Delay = 2.83> <CoreInst = "Cmp">   --->   Core 9 'Cmp' <Latency = 0> <II = 1> <Delay = 2.83> <FuncUnit> <Opcode : 'seteq' 'setne' 'setle' 'setge' 'setlt' 'setgt'> <InPorts = 2> <OutPorts = 1>
ST_1 : Operation 83 [1/1] (0.00ns)   --->   "%trunc_ln52_19 = partselect i8 @_ssdm_op_PartSelect.i8.i702.i32.i32, i702 %layer7_out_read, i32 400, i32 407" [firmware/nnet_utils/nnet_activation_stream.h:52]   --->   Operation 83 'partselect' 'trunc_ln52_19' <Predicate = true> <Delay = 0.00>
ST_1 : Operation 84 [1/1] (0.00ns)   --->   "%trunc_ln52_20 = partselect i4 @_ssdm_op_PartSelect.i4.i702.i32.i32, i702 %layer7_out_read, i32 416, i32 419" [firmware/nnet_utils/nnet_activation_stream.h:52]   --->   Operation 84 'partselect' 'trunc_ln52_20' <Predicate = true> <Delay = 0.00>
ST_1 : Operation 85 [1/1] (1.24ns)   --->   "%out_data_sroa_32166_0_0 = select i1 %icmp_ln51_10, i8 %trunc_ln52_19, i8 0" [firmware/nnet_utils/nnet_activation_stream.h:51]   --->   Operation 85 'select' 'out_data_sroa_32166_0_0' <Predicate = true> <Delay = 1.24> <CoreInst = "Sel">   --->   Core 73 'Sel' <Latency = 0> <II = 1> <Delay = 1.24> <FuncUnit> <Opcode : 'select'> <InPorts = 3> <OutPorts = 1>
ST_1 : Operation 86 [1/1] (1.02ns)   --->   "%empty_60 = select i1 %icmp_ln51_10, i4 %trunc_ln52_20, i4 0" [firmware/nnet_utils/nnet_activation_stream.h:51]   --->   Operation 86 'select' 'empty_60' <Predicate = true> <Delay = 1.02> <CoreInst = "Sel">   --->   Core 73 'Sel' <Latency = 0> <II = 1> <Delay = 1.02> <FuncUnit> <Opcode : 'select'> <InPorts = 3> <OutPorts = 1>
ST_1 : Operation 87 [1/1] (2.83ns)   --->   "%icmp_ln51_11 = icmp_sgt  i39 %trunc_ln44_10, i39 0" [firmware/nnet_utils/nnet_activation_stream.h:51]   --->   Operation 87 'icmp' 'icmp_ln51_11' <Predicate = true> <Delay = 2.83> <CoreInst = "Cmp">   --->   Core 9 'Cmp' <Latency = 0> <II = 1> <Delay = 2.83> <FuncUnit> <Opcode : 'seteq' 'setne' 'setle' 'setge' 'setlt' 'setgt'> <InPorts = 2> <OutPorts = 1>
ST_1 : Operation 88 [1/1] (0.00ns)   --->   "%trunc_ln52_21 = partselect i8 @_ssdm_op_PartSelect.i8.i702.i32.i32, i702 %layer7_out_read, i32 439, i32 446" [firmware/nnet_utils/nnet_activation_stream.h:52]   --->   Operation 88 'partselect' 'trunc_ln52_21' <Predicate = true> <Delay = 0.00>
ST_1 : Operation 89 [1/1] (0.00ns)   --->   "%trunc_ln52_22 = partselect i4 @_ssdm_op_PartSelect.i4.i702.i32.i32, i702 %layer7_out_read, i32 455, i32 458" [firmware/nnet_utils/nnet_activation_stream.h:52]   --->   Operation 89 'partselect' 'trunc_ln52_22' <Predicate = true> <Delay = 0.00>
ST_1 : Operation 90 [1/1] (1.24ns)   --->   "%out_data_sroa_35170_0_0 = select i1 %icmp_ln51_11, i8 %trunc_ln52_21, i8 0" [firmware/nnet_utils/nnet_activation_stream.h:51]   --->   Operation 90 'select' 'out_data_sroa_35170_0_0' <Predicate = true> <Delay = 1.24> <CoreInst = "Sel">   --->   Core 73 'Sel' <Latency = 0> <II = 1> <Delay = 1.24> <FuncUnit> <Opcode : 'select'> <InPorts = 3> <OutPorts = 1>
ST_1 : Operation 91 [1/1] (1.02ns)   --->   "%empty_61 = select i1 %icmp_ln51_11, i4 %trunc_ln52_22, i4 0" [firmware/nnet_utils/nnet_activation_stream.h:51]   --->   Operation 91 'select' 'empty_61' <Predicate = true> <Delay = 1.02> <CoreInst = "Sel">   --->   Core 73 'Sel' <Latency = 0> <II = 1> <Delay = 1.02> <FuncUnit> <Opcode : 'select'> <InPorts = 3> <OutPorts = 1>
ST_1 : Operation 92 [1/1] (2.83ns)   --->   "%icmp_ln51_12 = icmp_sgt  i39 %trunc_ln44_11, i39 0" [firmware/nnet_utils/nnet_activation_stream.h:51]   --->   Operation 92 'icmp' 'icmp_ln51_12' <Predicate = true> <Delay = 2.83> <CoreInst = "Cmp">   --->   Core 9 'Cmp' <Latency = 0> <II = 1> <Delay = 2.83> <FuncUnit> <Opcode : 'seteq' 'setne' 'setle' 'setge' 'setlt' 'setgt'> <InPorts = 2> <OutPorts = 1>
ST_1 : Operation 93 [1/1] (0.00ns)   --->   "%trunc_ln52_23 = partselect i8 @_ssdm_op_PartSelect.i8.i702.i32.i32, i702 %layer7_out_read, i32 478, i32 485" [firmware/nnet_utils/nnet_activation_stream.h:52]   --->   Operation 93 'partselect' 'trunc_ln52_23' <Predicate = true> <Delay = 0.00>
ST_1 : Operation 94 [1/1] (0.00ns)   --->   "%trunc_ln52_24 = partselect i4 @_ssdm_op_PartSelect.i4.i702.i32.i32, i702 %layer7_out_read, i32 494, i32 497" [firmware/nnet_utils/nnet_activation_stream.h:52]   --->   Operation 94 'partselect' 'trunc_ln52_24' <Predicate = true> <Delay = 0.00>
ST_1 : Operation 95 [1/1] (1.24ns)   --->   "%out_data_sroa_38174_0_0 = select i1 %icmp_ln51_12, i8 %trunc_ln52_23, i8 0" [firmware/nnet_utils/nnet_activation_stream.h:51]   --->   Operation 95 'select' 'out_data_sroa_38174_0_0' <Predicate = true> <Delay = 1.24> <CoreInst = "Sel">   --->   Core 73 'Sel' <Latency = 0> <II = 1> <Delay = 1.24> <FuncUnit> <Opcode : 'select'> <InPorts = 3> <OutPorts = 1>
ST_1 : Operation 96 [1/1] (1.02ns)   --->   "%empty_62 = select i1 %icmp_ln51_12, i4 %trunc_ln52_24, i4 0" [firmware/nnet_utils/nnet_activation_stream.h:51]   --->   Operation 96 'select' 'empty_62' <Predicate = true> <Delay = 1.02> <CoreInst = "Sel">   --->   Core 73 'Sel' <Latency = 0> <II = 1> <Delay = 1.02> <FuncUnit> <Opcode : 'select'> <InPorts = 3> <OutPorts = 1>
ST_1 : Operation 97 [1/1] (2.83ns)   --->   "%icmp_ln51_13 = icmp_sgt  i39 %trunc_ln44_12, i39 0" [firmware/nnet_utils/nnet_activation_stream.h:51]   --->   Operation 97 'icmp' 'icmp_ln51_13' <Predicate = true> <Delay = 2.83> <CoreInst = "Cmp">   --->   Core 9 'Cmp' <Latency = 0> <II = 1> <Delay = 2.83> <FuncUnit> <Opcode : 'seteq' 'setne' 'setle' 'setge' 'setlt' 'setgt'> <InPorts = 2> <OutPorts = 1>
ST_1 : Operation 98 [1/1] (0.00ns)   --->   "%trunc_ln52_25 = partselect i8 @_ssdm_op_PartSelect.i8.i702.i32.i32, i702 %layer7_out_read, i32 517, i32 524" [firmware/nnet_utils/nnet_activation_stream.h:52]   --->   Operation 98 'partselect' 'trunc_ln52_25' <Predicate = true> <Delay = 0.00>
ST_1 : Operation 99 [1/1] (0.00ns)   --->   "%trunc_ln52_26 = partselect i4 @_ssdm_op_PartSelect.i4.i702.i32.i32, i702 %layer7_out_read, i32 533, i32 536" [firmware/nnet_utils/nnet_activation_stream.h:52]   --->   Operation 99 'partselect' 'trunc_ln52_26' <Predicate = true> <Delay = 0.00>
ST_1 : Operation 100 [1/1] (1.24ns)   --->   "%out_data_sroa_41178_0_0 = select i1 %icmp_ln51_13, i8 %trunc_ln52_25, i8 0" [firmware/nnet_utils/nnet_activation_stream.h:51]   --->   Operation 100 'select' 'out_data_sroa_41178_0_0' <Predicate = true> <Delay = 1.24> <CoreInst = "Sel">   --->   Core 73 'Sel' <Latency = 0> <II = 1> <Delay = 1.24> <FuncUnit> <Opcode : 'select'> <InPorts = 3> <OutPorts = 1>
ST_1 : Operation 101 [1/1] (1.02ns)   --->   "%empty_63 = select i1 %icmp_ln51_13, i4 %trunc_ln52_26, i4 0" [firmware/nnet_utils/nnet_activation_stream.h:51]   --->   Operation 101 'select' 'empty_63' <Predicate = true> <Delay = 1.02> <CoreInst = "Sel">   --->   Core 73 'Sel' <Latency = 0> <II = 1> <Delay = 1.02> <FuncUnit> <Opcode : 'select'> <InPorts = 3> <OutPorts = 1>
ST_1 : Operation 102 [1/1] (2.83ns)   --->   "%icmp_ln51_14 = icmp_sgt  i39 %trunc_ln44_13, i39 0" [firmware/nnet_utils/nnet_activation_stream.h:51]   --->   Operation 102 'icmp' 'icmp_ln51_14' <Predicate = true> <Delay = 2.83> <CoreInst = "Cmp">   --->   Core 9 'Cmp' <Latency = 0> <II = 1> <Delay = 2.83> <FuncUnit> <Opcode : 'seteq' 'setne' 'setle' 'setge' 'setlt' 'setgt'> <InPorts = 2> <OutPorts = 1>
ST_1 : Operation 103 [1/1] (0.00ns)   --->   "%trunc_ln52_27 = partselect i8 @_ssdm_op_PartSelect.i8.i702.i32.i32, i702 %layer7_out_read, i32 556, i32 563" [firmware/nnet_utils/nnet_activation_stream.h:52]   --->   Operation 103 'partselect' 'trunc_ln52_27' <Predicate = true> <Delay = 0.00>
ST_1 : Operation 104 [1/1] (0.00ns)   --->   "%trunc_ln52_28 = partselect i4 @_ssdm_op_PartSelect.i4.i702.i32.i32, i702 %layer7_out_read, i32 572, i32 575" [firmware/nnet_utils/nnet_activation_stream.h:52]   --->   Operation 104 'partselect' 'trunc_ln52_28' <Predicate = true> <Delay = 0.00>
ST_1 : Operation 105 [1/1] (1.24ns)   --->   "%out_data_sroa_44182_0_0 = select i1 %icmp_ln51_14, i8 %trunc_ln52_27, i8 0" [firmware/nnet_utils/nnet_activation_stream.h:51]   --->   Operation 105 'select' 'out_data_sroa_44182_0_0' <Predicate = true> <Delay = 1.24> <CoreInst = "Sel">   --->   Core 73 'Sel' <Latency = 0> <II = 1> <Delay = 1.24> <FuncUnit> <Opcode : 'select'> <InPorts = 3> <OutPorts = 1>
ST_1 : Operation 106 [1/1] (1.02ns)   --->   "%empty_64 = select i1 %icmp_ln51_14, i4 %trunc_ln52_28, i4 0" [firmware/nnet_utils/nnet_activation_stream.h:51]   --->   Operation 106 'select' 'empty_64' <Predicate = true> <Delay = 1.02> <CoreInst = "Sel">   --->   Core 73 'Sel' <Latency = 0> <II = 1> <Delay = 1.02> <FuncUnit> <Opcode : 'select'> <InPorts = 3> <OutPorts = 1>
ST_1 : Operation 107 [1/1] (2.83ns)   --->   "%icmp_ln51_15 = icmp_sgt  i39 %trunc_ln44_14, i39 0" [firmware/nnet_utils/nnet_activation_stream.h:51]   --->   Operation 107 'icmp' 'icmp_ln51_15' <Predicate = true> <Delay = 2.83> <CoreInst = "Cmp">   --->   Core 9 'Cmp' <Latency = 0> <II = 1> <Delay = 2.83> <FuncUnit> <Opcode : 'seteq' 'setne' 'setle' 'setge' 'setlt' 'setgt'> <InPorts = 2> <OutPorts = 1>
ST_1 : Operation 108 [1/1] (0.00ns)   --->   "%trunc_ln52_29 = partselect i8 @_ssdm_op_PartSelect.i8.i702.i32.i32, i702 %layer7_out_read, i32 595, i32 602" [firmware/nnet_utils/nnet_activation_stream.h:52]   --->   Operation 108 'partselect' 'trunc_ln52_29' <Predicate = true> <Delay = 0.00>
ST_1 : Operation 109 [1/1] (0.00ns)   --->   "%trunc_ln52_30 = partselect i4 @_ssdm_op_PartSelect.i4.i702.i32.i32, i702 %layer7_out_read, i32 611, i32 614" [firmware/nnet_utils/nnet_activation_stream.h:52]   --->   Operation 109 'partselect' 'trunc_ln52_30' <Predicate = true> <Delay = 0.00>
ST_1 : Operation 110 [1/1] (1.24ns)   --->   "%out_data_sroa_47186_0_0 = select i1 %icmp_ln51_15, i8 %trunc_ln52_29, i8 0" [firmware/nnet_utils/nnet_activation_stream.h:51]   --->   Operation 110 'select' 'out_data_sroa_47186_0_0' <Predicate = true> <Delay = 1.24> <CoreInst = "Sel">   --->   Core 73 'Sel' <Latency = 0> <II = 1> <Delay = 1.24> <FuncUnit> <Opcode : 'select'> <InPorts = 3> <OutPorts = 1>
ST_1 : Operation 111 [1/1] (1.02ns)   --->   "%empty_65 = select i1 %icmp_ln51_15, i4 %trunc_ln52_30, i4 0" [firmware/nnet_utils/nnet_activation_stream.h:51]   --->   Operation 111 'select' 'empty_65' <Predicate = true> <Delay = 1.02> <CoreInst = "Sel">   --->   Core 73 'Sel' <Latency = 0> <II = 1> <Delay = 1.02> <FuncUnit> <Opcode : 'select'> <InPorts = 3> <OutPorts = 1>
ST_1 : Operation 112 [1/1] (2.83ns)   --->   "%icmp_ln51_16 = icmp_sgt  i39 %trunc_ln44_15, i39 0" [firmware/nnet_utils/nnet_activation_stream.h:51]   --->   Operation 112 'icmp' 'icmp_ln51_16' <Predicate = true> <Delay = 2.83> <CoreInst = "Cmp">   --->   Core 9 'Cmp' <Latency = 0> <II = 1> <Delay = 2.83> <FuncUnit> <Opcode : 'seteq' 'setne' 'setle' 'setge' 'setlt' 'setgt'> <InPorts = 2> <OutPorts = 1>
ST_1 : Operation 113 [1/1] (0.00ns)   --->   "%trunc_ln52_31 = partselect i8 @_ssdm_op_PartSelect.i8.i702.i32.i32, i702 %layer7_out_read, i32 634, i32 641" [firmware/nnet_utils/nnet_activation_stream.h:52]   --->   Operation 113 'partselect' 'trunc_ln52_31' <Predicate = true> <Delay = 0.00>
ST_1 : Operation 114 [1/1] (0.00ns)   --->   "%trunc_ln52_32 = partselect i4 @_ssdm_op_PartSelect.i4.i702.i32.i32, i702 %layer7_out_read, i32 650, i32 653" [firmware/nnet_utils/nnet_activation_stream.h:52]   --->   Operation 114 'partselect' 'trunc_ln52_32' <Predicate = true> <Delay = 0.00>
ST_1 : Operation 115 [1/1] (1.24ns)   --->   "%out_data_sroa_50190_0_0 = select i1 %icmp_ln51_16, i8 %trunc_ln52_31, i8 0" [firmware/nnet_utils/nnet_activation_stream.h:51]   --->   Operation 115 'select' 'out_data_sroa_50190_0_0' <Predicate = true> <Delay = 1.24> <CoreInst = "Sel">   --->   Core 73 'Sel' <Latency = 0> <II = 1> <Delay = 1.24> <FuncUnit> <Opcode : 'select'> <InPorts = 3> <OutPorts = 1>
ST_1 : Operation 116 [1/1] (1.02ns)   --->   "%empty_66 = select i1 %icmp_ln51_16, i4 %trunc_ln52_32, i4 0" [firmware/nnet_utils/nnet_activation_stream.h:51]   --->   Operation 116 'select' 'empty_66' <Predicate = true> <Delay = 1.02> <CoreInst = "Sel">   --->   Core 73 'Sel' <Latency = 0> <II = 1> <Delay = 1.02> <FuncUnit> <Opcode : 'select'> <InPorts = 3> <OutPorts = 1>
ST_1 : Operation 117 [1/1] (2.83ns)   --->   "%icmp_ln51_17 = icmp_sgt  i39 %trunc_ln44_16, i39 0" [firmware/nnet_utils/nnet_activation_stream.h:51]   --->   Operation 117 'icmp' 'icmp_ln51_17' <Predicate = true> <Delay = 2.83> <CoreInst = "Cmp">   --->   Core 9 'Cmp' <Latency = 0> <II = 1> <Delay = 2.83> <FuncUnit> <Opcode : 'seteq' 'setne' 'setle' 'setge' 'setlt' 'setgt'> <InPorts = 2> <OutPorts = 1>
ST_1 : Operation 118 [1/1] (0.00ns)   --->   "%trunc_ln52_33 = partselect i8 @_ssdm_op_PartSelect.i8.i702.i32.i32, i702 %layer7_out_read, i32 673, i32 680" [firmware/nnet_utils/nnet_activation_stream.h:52]   --->   Operation 118 'partselect' 'trunc_ln52_33' <Predicate = true> <Delay = 0.00>
ST_1 : Operation 119 [1/1] (0.00ns)   --->   "%trunc_ln52_34 = partselect i4 @_ssdm_op_PartSelect.i4.i702.i32.i32, i702 %layer7_out_read, i32 689, i32 692" [firmware/nnet_utils/nnet_activation_stream.h:52]   --->   Operation 119 'partselect' 'trunc_ln52_34' <Predicate = true> <Delay = 0.00>
ST_1 : Operation 120 [1/1] (1.24ns)   --->   "%out_data_sroa_53194_0_0 = select i1 %icmp_ln51_17, i8 %trunc_ln52_33, i8 0" [firmware/nnet_utils/nnet_activation_stream.h:51]   --->   Operation 120 'select' 'out_data_sroa_53194_0_0' <Predicate = true> <Delay = 1.24> <CoreInst = "Sel">   --->   Core 73 'Sel' <Latency = 0> <II = 1> <Delay = 1.24> <FuncUnit> <Opcode : 'select'> <InPorts = 3> <OutPorts = 1>
ST_1 : Operation 121 [1/1] (1.02ns)   --->   "%storemerge = select i1 %icmp_ln51_17, i4 %trunc_ln52_34, i4 0" [firmware/nnet_utils/nnet_activation_stream.h:51]   --->   Operation 121 'select' 'storemerge' <Predicate = true> <Delay = 1.02> <CoreInst = "Sel">   --->   Core 73 'Sel' <Latency = 0> <II = 1> <Delay = 1.02> <FuncUnit> <Opcode : 'select'> <InPorts = 3> <OutPorts = 1>
ST_1 : Operation 122 [1/1] (0.00ns)   --->   "%tmp = partselect i8 @_ssdm_op_PartSelect.i8.i702.i32.i32, i702 %layer7_out_read, i32 681, i32 688" [firmware/nnet_utils/nnet_activation_stream.h:57]   --->   Operation 122 'partselect' 'tmp' <Predicate = true> <Delay = 0.00>
ST_1 : Operation 123 [1/1] (1.24ns)   --->   "%empty_67 = select i1 %icmp_ln51_17, i8 %tmp, i8 0" [firmware/nnet_utils/nnet_activation_stream.h:51]   --->   Operation 123 'select' 'empty_67' <Predicate = true> <Delay = 1.24> <CoreInst = "Sel">   --->   Core 73 'Sel' <Latency = 0> <II = 1> <Delay = 1.24> <FuncUnit> <Opcode : 'select'> <InPorts = 3> <OutPorts = 1>
ST_1 : Operation 124 [1/1] (0.00ns)   --->   "%tmp_1 = partselect i8 @_ssdm_op_PartSelect.i8.i702.i32.i32, i702 %layer7_out_read, i32 642, i32 649" [firmware/nnet_utils/nnet_activation_stream.h:57]   --->   Operation 124 'partselect' 'tmp_1' <Predicate = true> <Delay = 0.00>
ST_1 : Operation 125 [1/1] (1.24ns)   --->   "%empty_68 = select i1 %icmp_ln51_16, i8 %tmp_1, i8 0" [firmware/nnet_utils/nnet_activation_stream.h:51]   --->   Operation 125 'select' 'empty_68' <Predicate = true> <Delay = 1.24> <CoreInst = "Sel">   --->   Core 73 'Sel' <Latency = 0> <II = 1> <Delay = 1.24> <FuncUnit> <Opcode : 'select'> <InPorts = 3> <OutPorts = 1>
ST_1 : Operation 126 [1/1] (0.00ns)   --->   "%tmp_2 = partselect i8 @_ssdm_op_PartSelect.i8.i702.i32.i32, i702 %layer7_out_read, i32 603, i32 610" [firmware/nnet_utils/nnet_activation_stream.h:57]   --->   Operation 126 'partselect' 'tmp_2' <Predicate = true> <Delay = 0.00>
ST_1 : Operation 127 [1/1] (1.24ns)   --->   "%empty_69 = select i1 %icmp_ln51_15, i8 %tmp_2, i8 0" [firmware/nnet_utils/nnet_activation_stream.h:51]   --->   Operation 127 'select' 'empty_69' <Predicate = true> <Delay = 1.24> <CoreInst = "Sel">   --->   Core 73 'Sel' <Latency = 0> <II = 1> <Delay = 1.24> <FuncUnit> <Opcode : 'select'> <InPorts = 3> <OutPorts = 1>
ST_1 : Operation 128 [1/1] (0.00ns)   --->   "%tmp_3 = partselect i8 @_ssdm_op_PartSelect.i8.i702.i32.i32, i702 %layer7_out_read, i32 564, i32 571" [firmware/nnet_utils/nnet_activation_stream.h:57]   --->   Operation 128 'partselect' 'tmp_3' <Predicate = true> <Delay = 0.00>
ST_1 : Operation 129 [1/1] (1.24ns)   --->   "%empty_70 = select i1 %icmp_ln51_14, i8 %tmp_3, i8 0" [firmware/nnet_utils/nnet_activation_stream.h:51]   --->   Operation 129 'select' 'empty_70' <Predicate = true> <Delay = 1.24> <CoreInst = "Sel">   --->   Core 73 'Sel' <Latency = 0> <II = 1> <Delay = 1.24> <FuncUnit> <Opcode : 'select'> <InPorts = 3> <OutPorts = 1>
ST_1 : Operation 130 [1/1] (0.00ns)   --->   "%tmp_4 = partselect i8 @_ssdm_op_PartSelect.i8.i702.i32.i32, i702 %layer7_out_read, i32 525, i32 532" [firmware/nnet_utils/nnet_activation_stream.h:57]   --->   Operation 130 'partselect' 'tmp_4' <Predicate = true> <Delay = 0.00>
ST_1 : Operation 131 [1/1] (1.24ns)   --->   "%empty_71 = select i1 %icmp_ln51_13, i8 %tmp_4, i8 0" [firmware/nnet_utils/nnet_activation_stream.h:51]   --->   Operation 131 'select' 'empty_71' <Predicate = true> <Delay = 1.24> <CoreInst = "Sel">   --->   Core 73 'Sel' <Latency = 0> <II = 1> <Delay = 1.24> <FuncUnit> <Opcode : 'select'> <InPorts = 3> <OutPorts = 1>
ST_1 : Operation 132 [1/1] (0.00ns)   --->   "%tmp_5 = partselect i8 @_ssdm_op_PartSelect.i8.i702.i32.i32, i702 %layer7_out_read, i32 486, i32 493" [firmware/nnet_utils/nnet_activation_stream.h:57]   --->   Operation 132 'partselect' 'tmp_5' <Predicate = true> <Delay = 0.00>
ST_1 : Operation 133 [1/1] (1.24ns)   --->   "%empty_72 = select i1 %icmp_ln51_12, i8 %tmp_5, i8 0" [firmware/nnet_utils/nnet_activation_stream.h:51]   --->   Operation 133 'select' 'empty_72' <Predicate = true> <Delay = 1.24> <CoreInst = "Sel">   --->   Core 73 'Sel' <Latency = 0> <II = 1> <Delay = 1.24> <FuncUnit> <Opcode : 'select'> <InPorts = 3> <OutPorts = 1>
ST_1 : Operation 134 [1/1] (0.00ns)   --->   "%tmp_6 = partselect i8 @_ssdm_op_PartSelect.i8.i702.i32.i32, i702 %layer7_out_read, i32 447, i32 454" [firmware/nnet_utils/nnet_activation_stream.h:57]   --->   Operation 134 'partselect' 'tmp_6' <Predicate = true> <Delay = 0.00>
ST_1 : Operation 135 [1/1] (1.24ns)   --->   "%empty_73 = select i1 %icmp_ln51_11, i8 %tmp_6, i8 0" [firmware/nnet_utils/nnet_activation_stream.h:51]   --->   Operation 135 'select' 'empty_73' <Predicate = true> <Delay = 1.24> <CoreInst = "Sel">   --->   Core 73 'Sel' <Latency = 0> <II = 1> <Delay = 1.24> <FuncUnit> <Opcode : 'select'> <InPorts = 3> <OutPorts = 1>
ST_1 : Operation 136 [1/1] (0.00ns)   --->   "%tmp_7 = partselect i8 @_ssdm_op_PartSelect.i8.i702.i32.i32, i702 %layer7_out_read, i32 408, i32 415" [firmware/nnet_utils/nnet_activation_stream.h:57]   --->   Operation 136 'partselect' 'tmp_7' <Predicate = true> <Delay = 0.00>
ST_1 : Operation 137 [1/1] (1.24ns)   --->   "%empty_74 = select i1 %icmp_ln51_10, i8 %tmp_7, i8 0" [firmware/nnet_utils/nnet_activation_stream.h:51]   --->   Operation 137 'select' 'empty_74' <Predicate = true> <Delay = 1.24> <CoreInst = "Sel">   --->   Core 73 'Sel' <Latency = 0> <II = 1> <Delay = 1.24> <FuncUnit> <Opcode : 'select'> <InPorts = 3> <OutPorts = 1>
ST_1 : Operation 138 [1/1] (0.00ns)   --->   "%tmp_8 = partselect i8 @_ssdm_op_PartSelect.i8.i702.i32.i32, i702 %layer7_out_read, i32 369, i32 376" [firmware/nnet_utils/nnet_activation_stream.h:57]   --->   Operation 138 'partselect' 'tmp_8' <Predicate = true> <Delay = 0.00>
ST_1 : Operation 139 [1/1] (1.24ns)   --->   "%empty_75 = select i1 %icmp_ln51_9, i8 %tmp_8, i8 0" [firmware/nnet_utils/nnet_activation_stream.h:51]   --->   Operation 139 'select' 'empty_75' <Predicate = true> <Delay = 1.24> <CoreInst = "Sel">   --->   Core 73 'Sel' <Latency = 0> <II = 1> <Delay = 1.24> <FuncUnit> <Opcode : 'select'> <InPorts = 3> <OutPorts = 1>
ST_1 : Operation 140 [1/1] (0.00ns)   --->   "%tmp_9 = partselect i8 @_ssdm_op_PartSelect.i8.i702.i32.i32, i702 %layer7_out_read, i32 330, i32 337" [firmware/nnet_utils/nnet_activation_stream.h:57]   --->   Operation 140 'partselect' 'tmp_9' <Predicate = true> <Delay = 0.00>
ST_1 : Operation 141 [1/1] (1.24ns)   --->   "%empty_76 = select i1 %icmp_ln51_8, i8 %tmp_9, i8 0" [firmware/nnet_utils/nnet_activation_stream.h:51]   --->   Operation 141 'select' 'empty_76' <Predicate = true> <Delay = 1.24> <CoreInst = "Sel">   --->   Core 73 'Sel' <Latency = 0> <II = 1> <Delay = 1.24> <FuncUnit> <Opcode : 'select'> <InPorts = 3> <OutPorts = 1>
ST_1 : Operation 142 [1/1] (0.00ns)   --->   "%tmp_s = partselect i8 @_ssdm_op_PartSelect.i8.i702.i32.i32, i702 %layer7_out_read, i32 291, i32 298" [firmware/nnet_utils/nnet_activation_stream.h:57]   --->   Operation 142 'partselect' 'tmp_s' <Predicate = true> <Delay = 0.00>
ST_1 : Operation 143 [1/1] (1.24ns)   --->   "%empty_77 = select i1 %icmp_ln51_7, i8 %tmp_s, i8 0" [firmware/nnet_utils/nnet_activation_stream.h:51]   --->   Operation 143 'select' 'empty_77' <Predicate = true> <Delay = 1.24> <CoreInst = "Sel">   --->   Core 73 'Sel' <Latency = 0> <II = 1> <Delay = 1.24> <FuncUnit> <Opcode : 'select'> <InPorts = 3> <OutPorts = 1>
ST_1 : Operation 144 [1/1] (0.00ns)   --->   "%tmp_10 = partselect i8 @_ssdm_op_PartSelect.i8.i702.i32.i32, i702 %layer7_out_read, i32 252, i32 259" [firmware/nnet_utils/nnet_activation_stream.h:57]   --->   Operation 144 'partselect' 'tmp_10' <Predicate = true> <Delay = 0.00>
ST_1 : Operation 145 [1/1] (1.24ns)   --->   "%empty_78 = select i1 %icmp_ln51_6, i8 %tmp_10, i8 0" [firmware/nnet_utils/nnet_activation_stream.h:51]   --->   Operation 145 'select' 'empty_78' <Predicate = true> <Delay = 1.24> <CoreInst = "Sel">   --->   Core 73 'Sel' <Latency = 0> <II = 1> <Delay = 1.24> <FuncUnit> <Opcode : 'select'> <InPorts = 3> <OutPorts = 1>
ST_1 : Operation 146 [1/1] (0.00ns)   --->   "%tmp_11 = partselect i8 @_ssdm_op_PartSelect.i8.i702.i32.i32, i702 %layer7_out_read, i32 213, i32 220" [firmware/nnet_utils/nnet_activation_stream.h:57]   --->   Operation 146 'partselect' 'tmp_11' <Predicate = true> <Delay = 0.00>
ST_1 : Operation 147 [1/1] (1.24ns)   --->   "%empty_79 = select i1 %icmp_ln51_5, i8 %tmp_11, i8 0" [firmware/nnet_utils/nnet_activation_stream.h:51]   --->   Operation 147 'select' 'empty_79' <Predicate = true> <Delay = 1.24> <CoreInst = "Sel">   --->   Core 73 'Sel' <Latency = 0> <II = 1> <Delay = 1.24> <FuncUnit> <Opcode : 'select'> <InPorts = 3> <OutPorts = 1>
ST_1 : Operation 148 [1/1] (0.00ns)   --->   "%tmp_12 = partselect i8 @_ssdm_op_PartSelect.i8.i702.i32.i32, i702 %layer7_out_read, i32 174, i32 181" [firmware/nnet_utils/nnet_activation_stream.h:57]   --->   Operation 148 'partselect' 'tmp_12' <Predicate = true> <Delay = 0.00>
ST_1 : Operation 149 [1/1] (1.24ns)   --->   "%empty_80 = select i1 %icmp_ln51_4, i8 %tmp_12, i8 0" [firmware/nnet_utils/nnet_activation_stream.h:51]   --->   Operation 149 'select' 'empty_80' <Predicate = true> <Delay = 1.24> <CoreInst = "Sel">   --->   Core 73 'Sel' <Latency = 0> <II = 1> <Delay = 1.24> <FuncUnit> <Opcode : 'select'> <InPorts = 3> <OutPorts = 1>
ST_1 : Operation 150 [1/1] (0.00ns)   --->   "%tmp_13 = partselect i8 @_ssdm_op_PartSelect.i8.i702.i32.i32, i702 %layer7_out_read, i32 135, i32 142" [firmware/nnet_utils/nnet_activation_stream.h:57]   --->   Operation 150 'partselect' 'tmp_13' <Predicate = true> <Delay = 0.00>
ST_1 : Operation 151 [1/1] (1.24ns)   --->   "%empty_81 = select i1 %icmp_ln51_3, i8 %tmp_13, i8 0" [firmware/nnet_utils/nnet_activation_stream.h:51]   --->   Operation 151 'select' 'empty_81' <Predicate = true> <Delay = 1.24> <CoreInst = "Sel">   --->   Core 73 'Sel' <Latency = 0> <II = 1> <Delay = 1.24> <FuncUnit> <Opcode : 'select'> <InPorts = 3> <OutPorts = 1>
ST_1 : Operation 152 [1/1] (0.00ns)   --->   "%tmp_14 = partselect i8 @_ssdm_op_PartSelect.i8.i702.i32.i32, i702 %layer7_out_read, i32 96, i32 103" [firmware/nnet_utils/nnet_activation_stream.h:57]   --->   Operation 152 'partselect' 'tmp_14' <Predicate = true> <Delay = 0.00>
ST_1 : Operation 153 [1/1] (1.24ns)   --->   "%empty_82 = select i1 %icmp_ln51_2, i8 %tmp_14, i8 0" [firmware/nnet_utils/nnet_activation_stream.h:51]   --->   Operation 153 'select' 'empty_82' <Predicate = true> <Delay = 1.24> <CoreInst = "Sel">   --->   Core 73 'Sel' <Latency = 0> <II = 1> <Delay = 1.24> <FuncUnit> <Opcode : 'select'> <InPorts = 3> <OutPorts = 1>
ST_1 : Operation 154 [1/1] (0.00ns)   --->   "%tmp_15 = partselect i8 @_ssdm_op_PartSelect.i8.i702.i32.i32, i702 %layer7_out_read, i32 57, i32 64" [firmware/nnet_utils/nnet_activation_stream.h:57]   --->   Operation 154 'partselect' 'tmp_15' <Predicate = true> <Delay = 0.00>
ST_1 : Operation 155 [1/1] (1.24ns)   --->   "%empty_83 = select i1 %icmp_ln51_1, i8 %tmp_15, i8 0" [firmware/nnet_utils/nnet_activation_stream.h:51]   --->   Operation 155 'select' 'empty_83' <Predicate = true> <Delay = 1.24> <CoreInst = "Sel">   --->   Core 73 'Sel' <Latency = 0> <II = 1> <Delay = 1.24> <FuncUnit> <Opcode : 'select'> <InPorts = 3> <OutPorts = 1>
ST_1 : Operation 156 [1/1] (0.00ns)   --->   "%tmp_16 = partselect i8 @_ssdm_op_PartSelect.i8.i702.i32.i32, i702 %layer7_out_read, i32 18, i32 25" [firmware/nnet_utils/nnet_activation_stream.h:57]   --->   Operation 156 'partselect' 'tmp_16' <Predicate = true> <Delay = 0.00>
ST_1 : Operation 157 [1/1] (1.24ns)   --->   "%empty_84 = select i1 %icmp_ln51, i8 %tmp_16, i8 0" [firmware/nnet_utils/nnet_activation_stream.h:51]   --->   Operation 157 'select' 'empty_84' <Predicate = true> <Delay = 1.24> <CoreInst = "Sel">   --->   Core 73 'Sel' <Latency = 0> <II = 1> <Delay = 1.24> <FuncUnit> <Opcode : 'select'> <InPorts = 3> <OutPorts = 1>
ST_1 : Operation 158 [1/1] (0.00ns)   --->   "%or_ln57_s = bitconcatenate i360 @_ssdm_op_BitConcatenate.i360.i4.i8.i8.i4.i8.i8.i4.i8.i8.i4.i8.i8.i4.i8.i8.i4.i8.i8.i4.i8.i8.i4.i8.i8.i4.i8.i8.i4.i8.i8.i4.i8.i8.i4.i8.i8.i4.i8.i8.i4.i8.i8.i4.i8.i8.i4.i8.i8.i4.i8.i8.i4.i8.i8, i4 %storemerge, i8 %empty_67, i8 %out_data_sroa_53194_0_0, i4 %empty_66, i8 %empty_68, i8 %out_data_sroa_50190_0_0, i4 %empty_65, i8 %empty_69, i8 %out_data_sroa_47186_0_0, i4 %empty_64, i8 %empty_70, i8 %out_data_sroa_44182_0_0, i4 %empty_63, i8 %empty_71, i8 %out_data_sroa_41178_0_0, i4 %empty_62, i8 %empty_72, i8 %out_data_sroa_38174_0_0, i4 %empty_61, i8 %empty_73, i8 %out_data_sroa_35170_0_0, i4 %empty_60, i8 %empty_74, i8 %out_data_sroa_32166_0_0, i4 %empty_59, i8 %empty_75, i8 %out_data_sroa_29162_0_0, i4 %empty_58, i8 %empty_76, i8 %out_data_sroa_26158_0_0, i4 %empty_57, i8 %empty_77, i8 %out_data_sroa_23154_0_0, i4 %empty_56, i8 %empty_78, i8 %out_data_sroa_20150_0_0, i4 %empty_55, i8 %empty_79, i8 %out_data_sroa_17146_0_0, i4 %empty_54, i8 %empty_80, i8 %out_data_sroa_14142_0_0, i4 %empty_53, i8 %empty_81, i8 %out_data_sroa_11138_0_0, i4 %empty_52, i8 %empty_82, i8 %out_data_sroa_8134_0_0, i4 %empty_51, i8 %empty_83, i8 %out_data_sroa_5130_0_0, i4 %empty, i8 %empty_84, i8 %out_data_sroa_0_0_0" [firmware/nnet_utils/nnet_activation_stream.h:57]   --->   Operation 158 'bitconcatenate' 'or_ln57_s' <Predicate = true> <Delay = 0.00>
ST_1 : Operation 159 [1/1] (3.54ns)   --->   "%write_ln57 = write void @_ssdm_op_Write.ap_fifo.volatile.i360P0A, i360 %layer8_out, i360 %or_ln57_s" [firmware/nnet_utils/nnet_activation_stream.h:57]   --->   Operation 159 'write' 'write_ln57' <Predicate = true> <Delay = 3.54> <CoreInst = "FIFO">   --->   Core 77 'FIFO' <Latency = 0> <II = 1> <Delay = 3.54> <Storage> <Opcode : 'read' 'write' 'nbread' 'nbwrite'> <Ports = 0> <Width = 360> <Depth = 250> <FIFO>
ST_1 : Operation 160 [1/1] (1.91ns)   --->   "%i = add i8 %i1_load, i8 1" [firmware/nnet_utils/nnet_activation_stream.h:41]   --->   Operation 160 'add' 'i' <Predicate = true> <Delay = 1.91> <CoreInst = "Adder">   --->   Core 1 'Adder' <Latency = 0> <II = 1> <Delay = 1.91> <FuncUnit> <Opcode : 'add' 'sub'> <InPorts = 2> <OutPorts = 1>
ST_1 : Operation 161 [1/1] (1.91ns)   --->   "%icmp_ln41 = icmp_eq  i8 %i1_load, i8 249" [firmware/nnet_utils/nnet_activation_stream.h:41]   --->   Operation 161 'icmp' 'icmp_ln41' <Predicate = true> <Delay = 1.91> <CoreInst = "Cmp">   --->   Core 9 'Cmp' <Latency = 0> <II = 1> <Delay = 1.91> <FuncUnit> <Opcode : 'seteq' 'setne' 'setle' 'setge' 'setlt' 'setgt'> <InPorts = 2> <OutPorts = 1>
ST_1 : Operation 162 [1/1] (1.58ns)   --->   "%store_ln41 = store i8 %i, i8 %i1" [firmware/nnet_utils/nnet_activation_stream.h:41]   --->   Operation 162 'store' 'store_ln41' <Predicate = true> <Delay = 1.58>
ST_1 : Operation 163 [1/1] (0.00ns)   --->   "%br_ln41 = br i1 %icmp_ln41, void %ReLUPackLoop.split_ifconv, void %for.end15" [firmware/nnet_utils/nnet_activation_stream.h:41]   --->   Operation 163 'br' 'br_ln41' <Predicate = true> <Delay = 0.00>
ST_1 : Operation 164 [1/1] (1.58ns)   --->   "%ret_ln59 = ret" [firmware/nnet_utils/nnet_activation_stream.h:59]   --->   Operation 164 'ret' 'ret_ln59' <Predicate = (icmp_ln41)> <Delay = 1.58>


============================================================
+ Verbose Summary: Timing violations
============================================================
Target clock period: 20.000ns, clock uncertainty: 5.400ns.

 <State 1>: 11.178ns
The critical path consists of the following:
	fifo read operation ('layer7_out_read', firmware/nnet_utils/nnet_activation_stream.h:44) on port 'layer7_out' (firmware/nnet_utils/nnet_activation_stream.h:44) [13]  (3.547 ns)
	'icmp' operation 1 bit ('icmp_ln51_6', firmware/nnet_utils/nnet_activation_stream.h:51) [62]  (2.837 ns)
	'select' operation 8 bit ('out_data_sroa_20150_0_0', firmware/nnet_utils/nnet_activation_stream.h:51) [65]  (1.248 ns)
	fifo write operation ('write_ln57', firmware/nnet_utils/nnet_activation_stream.h:57) on port 'layer8_out' (firmware/nnet_utils/nnet_activation_stream.h:57) [159]  (3.547 ns)


============================================================
+ Verbose Summary: Binding
============================================================
N/A
* FSMD analyzer results:
  - Output states:
 - Input state : 
  - Chain level:
	State 1


============================================================
+ Verbose Summary: Datapath Resource usage 
============================================================
N/A
