

================================================================
== Vitis HLS Report for 'relu_array_ap_fixed_12u_array_ap_fixed_20_10_5_3_0_12u_relu_config4_s'
================================================================
* Date:           Sun Aug 30 16:00:08 2026

* Version:        2024.1 (Build 5069499 on May 21 2024)
* Project:        myproject_prj
* Solution:       solution1 (Vivado IP Flow Target)
* Product family: zynq
* Target device:  xc7z020-clg400-1


================================================================
== Performance Estimates
================================================================
+ Timing: 
    * Summary: 
    +--------+----------+-----------+------------+
    |  Clock |  Target  | Estimated | Uncertainty|
    +--------+----------+-----------+------------+
    |ap_clk  |  20.00 ns|  11.125 ns|     5.40 ns|
    +--------+----------+-----------+------------+

+ Latency: 
    * Summary: 
    +---------+---------+-----------+-----------+------+------+-----------------------------------------------+
    |  Latency (cycles) |   Latency (absolute)  |   Interval  |                    Pipeline                   |
    |   min   |   max   |    min    |    max    |  min |  max |                      Type                     |
    +---------+---------+-----------+-----------+------+------+-----------------------------------------------+
    |     1021|     1021|  20.420 us|  20.420 us|  1020|  1020|  loop auto-rewind stp(delay=0 clock cycles(s))|
    +---------+---------+-----------+-----------+------+------+-----------------------------------------------+

    + Detail: 
        * Instance: 
        N/A

        * Loop: 
        +---------------+---------+---------+----------+-----------+-----------+------+----------+
        |               |  Latency (cycles) | Iteration|  Initiation Interval  | Trip |          |
        |   Loop Name   |   min   |   max   |  Latency |  achieved |   target  | Count| Pipelined|
        +---------------+---------+---------+----------+-----------+-----------+------+----------+
        |- ReLUActLoop  |     1019|     1019|         1|          1|          1|  1020|       yes|
        +---------------+---------+---------+----------+-----------+-----------+------+----------+

============================================================
+ Verbose Summary: Synthesis Manager
============================================================
InlineROM: 1
ExposeGlobal: 0
============================================================
+ Verbose Summary: CDFG Model
============================================================
IsTopModel: 0
ResetActiveHigh: 1
IsCombinational: 2
IsDatapathOnly: 0
HasWiredReturn: 1
HasMFsm: 2
HasVarLatency: 1
IsPipeline: 0
IsRtlPipelined: 0
IsInstanceOverlapped: 0
IsDontTouch: 0
HasImplIP: 0
IsGatedGlobalClock: 0

+ Individual pipeline summary: 
  * Pipeline-0: initiation interval (II) = 1, depth = 1


============================================================
+ Verbose Summary: Schedule
============================================================
* Number of FSM states : 1
* Pipeline : 1
  Pipeline-0 : II = 1, D = 1, States = { 1 }
* Dataflow Pipeline: 0

* FSM state transitions: 
1 --> 

* FSM state operations: 

State 1 <SV = 0> <Delay = 11.1>
ST_1 : Operation 4 [1/1] (0.00ns)   --->   "%i1 = alloca i32 1"   --->   Operation 4 'alloca' 'i1' <Predicate = true> <Delay = 0.00>
ST_1 : Operation 5 [1/1] (0.00ns)   --->   "%specinterface_ln0 = specinterface void @_ssdm_op_SpecInterface, i240 %layer4_out, void @empty_6, i32 0, i32 0, void @empty_5, i32 0, i32 0, void @empty_5, void @empty_5, void @empty_5, i32 0, i32 0, i32 0, i32 0, void @empty_5, void @empty_5, i32 4294967295, i32 0, i32 0"   --->   Operation 5 'specinterface' 'specinterface_ln0' <Predicate = true> <Delay = 0.00>
ST_1 : Operation 6 [1/1] (0.00ns)   --->   "%specinterface_ln0 = specinterface void @_ssdm_op_SpecInterface, i468 %layer3_out, void @empty_6, i32 0, i32 0, void @empty_5, i32 0, i32 0, void @empty_5, void @empty_5, void @empty_5, i32 0, i32 0, i32 0, i32 0, void @empty_5, void @empty_5, i32 4294967295, i32 0, i32 0"   --->   Operation 6 'specinterface' 'specinterface_ln0' <Predicate = true> <Delay = 0.00>
ST_1 : Operation 7 [1/1] (1.58ns)   --->   "%store_ln0 = store i10 0, i10 %i1"   --->   Operation 7 'store' 'store_ln0' <Predicate = true> <Delay = 1.58>
ST_1 : Operation 8 [1/1] (0.00ns)   --->   "%br_ln41 = br void %ReLUPackLoop.split_ifconv" [firmware/nnet_utils/nnet_activation_stream.h:41]   --->   Operation 8 'br' 'br_ln41' <Predicate = true> <Delay = 0.00>
ST_1 : Operation 9 [1/1] (0.00ns)   --->   "%i1_load = load i10 %i1" [firmware/nnet_utils/nnet_activation_stream.h:41]   --->   Operation 9 'load' 'i1_load' <Predicate = true> <Delay = 0.00>
ST_1 : Operation 10 [1/1] (0.00ns)   --->   "%specpipeline_ln42 = specpipeline void @_ssdm_op_SpecPipeline, i32 4294967295, i32 0, i32 0, i32 0, void @empty_5" [firmware/nnet_utils/nnet_activation_stream.h:42]   --->   Operation 10 'specpipeline' 'specpipeline_ln42' <Predicate = true> <Delay = 0.00>
ST_1 : Operation 11 [1/1] (0.00ns)   --->   "%speclooptripcount_ln41 = speclooptripcount void @_ssdm_op_SpecLoopTripCount, i64 1020, i64 1020, i64 1020" [firmware/nnet_utils/nnet_activation_stream.h:41]   --->   Operation 11 'speclooptripcount' 'speclooptripcount_ln41' <Predicate = true> <Delay = 0.00>
ST_1 : Operation 12 [1/1] (0.00ns)   --->   "%specloopname_ln41 = specloopname void @_ssdm_op_SpecLoopName, void @empty_2" [firmware/nnet_utils/nnet_activation_stream.h:41]   --->   Operation 12 'specloopname' 'specloopname_ln41' <Predicate = true> <Delay = 0.00>
ST_1 : Operation 13 [1/1] (3.52ns)   --->   "%layer3_out_read = read i468 @_ssdm_op_Read.ap_fifo.volatile.i468P0A, i468 %layer3_out" [firmware/nnet_utils/nnet_activation_stream.h:44]   --->   Operation 13 'read' 'layer3_out_read' <Predicate = true> <Delay = 3.52> <CoreInst = "FIFO">   --->   Core 77 'FIFO' <Latency = 0> <II = 1> <Delay = 3.52> <Storage> <Opcode : 'read' 'write' 'nbread' 'nbwrite'> <Ports = 0> <Width = 468> <Depth = 1020> <FIFO>
ST_1 : Operation 14 [1/1] (0.00ns)   --->   "%trunc_ln44 = trunc i468 %layer3_out_read" [firmware/nnet_utils/nnet_activation_stream.h:44]   --->   Operation 14 'trunc' 'trunc_ln44' <Predicate = true> <Delay = 0.00>
ST_1 : Operation 15 [1/1] (0.00ns)   --->   "%trunc_ln44_s = partselect i39 @_ssdm_op_PartSelect.i39.i468.i32.i32, i468 %layer3_out_read, i32 39, i32 77" [firmware/nnet_utils/nnet_activation_stream.h:44]   --->   Operation 15 'partselect' 'trunc_ln44_s' <Predicate = true> <Delay = 0.00>
ST_1 : Operation 16 [1/1] (0.00ns)   --->   "%trunc_ln44_17 = partselect i39 @_ssdm_op_PartSelect.i39.i468.i32.i32, i468 %layer3_out_read, i32 78, i32 116" [firmware/nnet_utils/nnet_activation_stream.h:44]   --->   Operation 16 'partselect' 'trunc_ln44_17' <Predicate = true> <Delay = 0.00>
ST_1 : Operation 17 [1/1] (0.00ns)   --->   "%trunc_ln44_18 = partselect i39 @_ssdm_op_PartSelect.i39.i468.i32.i32, i468 %layer3_out_read, i32 117, i32 155" [firmware/nnet_utils/nnet_activation_stream.h:44]   --->   Operation 17 'partselect' 'trunc_ln44_18' <Predicate = true> <Delay = 0.00>
ST_1 : Operation 18 [1/1] (0.00ns)   --->   "%trunc_ln44_19 = partselect i39 @_ssdm_op_PartSelect.i39.i468.i32.i32, i468 %layer3_out_read, i32 156, i32 194" [firmware/nnet_utils/nnet_activation_stream.h:44]   --->   Operation 18 'partselect' 'trunc_ln44_19' <Predicate = true> <Delay = 0.00>
ST_1 : Operation 19 [1/1] (0.00ns)   --->   "%trunc_ln44_20 = partselect i39 @_ssdm_op_PartSelect.i39.i468.i32.i32, i468 %layer3_out_read, i32 195, i32 233" [firmware/nnet_utils/nnet_activation_stream.h:44]   --->   Operation 19 'partselect' 'trunc_ln44_20' <Predicate = true> <Delay = 0.00>
ST_1 : Operation 20 [1/1] (0.00ns)   --->   "%trunc_ln44_21 = partselect i39 @_ssdm_op_PartSelect.i39.i468.i32.i32, i468 %layer3_out_read, i32 234, i32 272" [firmware/nnet_utils/nnet_activation_stream.h:44]   --->   Operation 20 'partselect' 'trunc_ln44_21' <Predicate = true> <Delay = 0.00>
ST_1 : Operation 21 [1/1] (0.00ns)   --->   "%trunc_ln44_22 = partselect i39 @_ssdm_op_PartSelect.i39.i468.i32.i32, i468 %layer3_out_read, i32 273, i32 311" [firmware/nnet_utils/nnet_activation_stream.h:44]   --->   Operation 21 'partselect' 'trunc_ln44_22' <Predicate = true> <Delay = 0.00>
ST_1 : Operation 22 [1/1] (0.00ns)   --->   "%trunc_ln44_23 = partselect i39 @_ssdm_op_PartSelect.i39.i468.i32.i32, i468 %layer3_out_read, i32 312, i32 350" [firmware/nnet_utils/nnet_activation_stream.h:44]   --->   Operation 22 'partselect' 'trunc_ln44_23' <Predicate = true> <Delay = 0.00>
ST_1 : Operation 23 [1/1] (0.00ns)   --->   "%trunc_ln44_24 = partselect i39 @_ssdm_op_PartSelect.i39.i468.i32.i32, i468 %layer3_out_read, i32 351, i32 389" [firmware/nnet_utils/nnet_activation_stream.h:44]   --->   Operation 23 'partselect' 'trunc_ln44_24' <Predicate = true> <Delay = 0.00>
ST_1 : Operation 24 [1/1] (0.00ns)   --->   "%trunc_ln44_25 = partselect i39 @_ssdm_op_PartSelect.i39.i468.i32.i32, i468 %layer3_out_read, i32 390, i32 428" [firmware/nnet_utils/nnet_activation_stream.h:44]   --->   Operation 24 'partselect' 'trunc_ln44_25' <Predicate = true> <Delay = 0.00>
ST_1 : Operation 25 [1/1] (0.00ns)   --->   "%trunc_ln44_26 = partselect i39 @_ssdm_op_PartSelect.i39.i468.i32.i32, i468 %layer3_out_read, i32 429, i32 467" [firmware/nnet_utils/nnet_activation_stream.h:44]   --->   Operation 25 'partselect' 'trunc_ln44_26' <Predicate = true> <Delay = 0.00>
ST_1 : Operation 26 [1/1] (2.83ns)   --->   "%icmp_ln51 = icmp_sgt  i39 %trunc_ln44, i39 0" [firmware/nnet_utils/nnet_activation_stream.h:51]   --->   Operation 26 'icmp' 'icmp_ln51' <Predicate = true> <Delay = 2.83> <CoreInst = "Cmp">   --->   Core 9 'Cmp' <Latency = 0> <II = 1> <Delay = 2.83> <FuncUnit> <Opcode : 'seteq' 'setne' 'setle' 'setge' 'setlt' 'setgt'> <InPorts = 2> <OutPorts = 1>
ST_1 : Operation 27 [1/1] (0.00ns)   --->   "%trunc_ln2 = partselect i8 @_ssdm_op_PartSelect.i8.i468.i32.i32, i468 %layer3_out_read, i32 10, i32 17" [firmware/nnet_utils/nnet_activation_stream.h:52]   --->   Operation 27 'partselect' 'trunc_ln2' <Predicate = true> <Delay = 0.00>
ST_1 : Operation 28 [1/1] (0.00ns)   --->   "%trunc_ln52_s = partselect i4 @_ssdm_op_PartSelect.i4.i468.i32.i32, i468 %layer3_out_read, i32 26, i32 29" [firmware/nnet_utils/nnet_activation_stream.h:52]   --->   Operation 28 'partselect' 'trunc_ln52_s' <Predicate = true> <Delay = 0.00>
ST_1 : Operation 29 [1/1] (1.24ns)   --->   "%out_data_sroa_0_0_0 = select i1 %icmp_ln51, i8 %trunc_ln2, i8 0" [firmware/nnet_utils/nnet_activation_stream.h:51]   --->   Operation 29 'select' 'out_data_sroa_0_0_0' <Predicate = true> <Delay = 1.24> <CoreInst = "Sel">   --->   Core 73 'Sel' <Latency = 0> <II = 1> <Delay = 1.24> <FuncUnit> <Opcode : 'select'> <InPorts = 3> <OutPorts = 1>
ST_1 : Operation 30 [1/1] (1.02ns)   --->   "%empty = select i1 %icmp_ln51, i4 %trunc_ln52_s, i4 0" [firmware/nnet_utils/nnet_activation_stream.h:51]   --->   Operation 30 'select' 'empty' <Predicate = true> <Delay = 1.02> <CoreInst = "Sel">   --->   Core 73 'Sel' <Latency = 0> <II = 1> <Delay = 1.02> <FuncUnit> <Opcode : 'select'> <InPorts = 3> <OutPorts = 1>
ST_1 : Operation 31 [1/1] (2.83ns)   --->   "%icmp_ln51_18 = icmp_sgt  i39 %trunc_ln44_s, i39 0" [firmware/nnet_utils/nnet_activation_stream.h:51]   --->   Operation 31 'icmp' 'icmp_ln51_18' <Predicate = true> <Delay = 2.83> <CoreInst = "Cmp">   --->   Core 9 'Cmp' <Latency = 0> <II = 1> <Delay = 2.83> <FuncUnit> <Opcode : 'seteq' 'setne' 'setle' 'setge' 'setlt' 'setgt'> <InPorts = 2> <OutPorts = 1>
ST_1 : Operation 32 [1/1] (0.00ns)   --->   "%trunc_ln52_35 = partselect i8 @_ssdm_op_PartSelect.i8.i468.i32.i32, i468 %layer3_out_read, i32 49, i32 56" [firmware/nnet_utils/nnet_activation_stream.h:52]   --->   Operation 32 'partselect' 'trunc_ln52_35' <Predicate = true> <Delay = 0.00>
ST_1 : Operation 33 [1/1] (0.00ns)   --->   "%trunc_ln52_36 = partselect i4 @_ssdm_op_PartSelect.i4.i468.i32.i32, i468 %layer3_out_read, i32 65, i32 68" [firmware/nnet_utils/nnet_activation_stream.h:52]   --->   Operation 33 'partselect' 'trunc_ln52_36' <Predicate = true> <Delay = 0.00>
ST_1 : Operation 34 [1/1] (1.24ns)   --->   "%out_data_sroa_5100_0_0 = select i1 %icmp_ln51_18, i8 %trunc_ln52_35, i8 0" [firmware/nnet_utils/nnet_activation_stream.h:51]   --->   Operation 34 'select' 'out_data_sroa_5100_0_0' <Predicate = true> <Delay = 1.24> <CoreInst = "Sel">   --->   Core 73 'Sel' <Latency = 0> <II = 1> <Delay = 1.24> <FuncUnit> <Opcode : 'select'> <InPorts = 3> <OutPorts = 1>
ST_1 : Operation 35 [1/1] (1.02ns)   --->   "%empty_85 = select i1 %icmp_ln51_18, i4 %trunc_ln52_36, i4 0" [firmware/nnet_utils/nnet_activation_stream.h:51]   --->   Operation 35 'select' 'empty_85' <Predicate = true> <Delay = 1.02> <CoreInst = "Sel">   --->   Core 73 'Sel' <Latency = 0> <II = 1> <Delay = 1.02> <FuncUnit> <Opcode : 'select'> <InPorts = 3> <OutPorts = 1>
ST_1 : Operation 36 [1/1] (2.83ns)   --->   "%icmp_ln51_19 = icmp_sgt  i39 %trunc_ln44_17, i39 0" [firmware/nnet_utils/nnet_activation_stream.h:51]   --->   Operation 36 'icmp' 'icmp_ln51_19' <Predicate = true> <Delay = 2.83> <CoreInst = "Cmp">   --->   Core 9 'Cmp' <Latency = 0> <II = 1> <Delay = 2.83> <FuncUnit> <Opcode : 'seteq' 'setne' 'setle' 'setge' 'setlt' 'setgt'> <InPorts = 2> <OutPorts = 1>
ST_1 : Operation 37 [1/1] (0.00ns)   --->   "%trunc_ln52_37 = partselect i8 @_ssdm_op_PartSelect.i8.i468.i32.i32, i468 %layer3_out_read, i32 88, i32 95" [firmware/nnet_utils/nnet_activation_stream.h:52]   --->   Operation 37 'partselect' 'trunc_ln52_37' <Predicate = true> <Delay = 0.00>
ST_1 : Operation 38 [1/1] (0.00ns)   --->   "%trunc_ln52_38 = partselect i4 @_ssdm_op_PartSelect.i4.i468.i32.i32, i468 %layer3_out_read, i32 104, i32 107" [firmware/nnet_utils/nnet_activation_stream.h:52]   --->   Operation 38 'partselect' 'trunc_ln52_38' <Predicate = true> <Delay = 0.00>
ST_1 : Operation 39 [1/1] (1.24ns)   --->   "%out_data_sroa_8104_0_0 = select i1 %icmp_ln51_19, i8 %trunc_ln52_37, i8 0" [firmware/nnet_utils/nnet_activation_stream.h:51]   --->   Operation 39 'select' 'out_data_sroa_8104_0_0' <Predicate = true> <Delay = 1.24> <CoreInst = "Sel">   --->   Core 73 'Sel' <Latency = 0> <II = 1> <Delay = 1.24> <FuncUnit> <Opcode : 'select'> <InPorts = 3> <OutPorts = 1>
ST_1 : Operation 40 [1/1] (1.02ns)   --->   "%empty_86 = select i1 %icmp_ln51_19, i4 %trunc_ln52_38, i4 0" [firmware/nnet_utils/nnet_activation_stream.h:51]   --->   Operation 40 'select' 'empty_86' <Predicate = true> <Delay = 1.02> <CoreInst = "Sel">   --->   Core 73 'Sel' <Latency = 0> <II = 1> <Delay = 1.02> <FuncUnit> <Opcode : 'select'> <InPorts = 3> <OutPorts = 1>
ST_1 : Operation 41 [1/1] (2.83ns)   --->   "%icmp_ln51_20 = icmp_sgt  i39 %trunc_ln44_18, i39 0" [firmware/nnet_utils/nnet_activation_stream.h:51]   --->   Operation 41 'icmp' 'icmp_ln51_20' <Predicate = true> <Delay = 2.83> <CoreInst = "Cmp">   --->   Core 9 'Cmp' <Latency = 0> <II = 1> <Delay = 2.83> <FuncUnit> <Opcode : 'seteq' 'setne' 'setle' 'setge' 'setlt' 'setgt'> <InPorts = 2> <OutPorts = 1>
ST_1 : Operation 42 [1/1] (0.00ns)   --->   "%trunc_ln52_39 = partselect i8 @_ssdm_op_PartSelect.i8.i468.i32.i32, i468 %layer3_out_read, i32 127, i32 134" [firmware/nnet_utils/nnet_activation_stream.h:52]   --->   Operation 42 'partselect' 'trunc_ln52_39' <Predicate = true> <Delay = 0.00>
ST_1 : Operation 43 [1/1] (0.00ns)   --->   "%trunc_ln52_40 = partselect i4 @_ssdm_op_PartSelect.i4.i468.i32.i32, i468 %layer3_out_read, i32 143, i32 146" [firmware/nnet_utils/nnet_activation_stream.h:52]   --->   Operation 43 'partselect' 'trunc_ln52_40' <Predicate = true> <Delay = 0.00>
ST_1 : Operation 44 [1/1] (1.24ns)   --->   "%out_data_sroa_11108_0_0 = select i1 %icmp_ln51_20, i8 %trunc_ln52_39, i8 0" [firmware/nnet_utils/nnet_activation_stream.h:51]   --->   Operation 44 'select' 'out_data_sroa_11108_0_0' <Predicate = true> <Delay = 1.24> <CoreInst = "Sel">   --->   Core 73 'Sel' <Latency = 0> <II = 1> <Delay = 1.24> <FuncUnit> <Opcode : 'select'> <InPorts = 3> <OutPorts = 1>
ST_1 : Operation 45 [1/1] (1.02ns)   --->   "%empty_87 = select i1 %icmp_ln51_20, i4 %trunc_ln52_40, i4 0" [firmware/nnet_utils/nnet_activation_stream.h:51]   --->   Operation 45 'select' 'empty_87' <Predicate = true> <Delay = 1.02> <CoreInst = "Sel">   --->   Core 73 'Sel' <Latency = 0> <II = 1> <Delay = 1.02> <FuncUnit> <Opcode : 'select'> <InPorts = 3> <OutPorts = 1>
ST_1 : Operation 46 [1/1] (2.83ns)   --->   "%icmp_ln51_21 = icmp_sgt  i39 %trunc_ln44_19, i39 0" [firmware/nnet_utils/nnet_activation_stream.h:51]   --->   Operation 46 'icmp' 'icmp_ln51_21' <Predicate = true> <Delay = 2.83> <CoreInst = "Cmp">   --->   Core 9 'Cmp' <Latency = 0> <II = 1> <Delay = 2.83> <FuncUnit> <Opcode : 'seteq' 'setne' 'setle' 'setge' 'setlt' 'setgt'> <InPorts = 2> <OutPorts = 1>
ST_1 : Operation 47 [1/1] (0.00ns)   --->   "%trunc_ln52_41 = partselect i8 @_ssdm_op_PartSelect.i8.i468.i32.i32, i468 %layer3_out_read, i32 166, i32 173" [firmware/nnet_utils/nnet_activation_stream.h:52]   --->   Operation 47 'partselect' 'trunc_ln52_41' <Predicate = true> <Delay = 0.00>
ST_1 : Operation 48 [1/1] (0.00ns)   --->   "%trunc_ln52_42 = partselect i4 @_ssdm_op_PartSelect.i4.i468.i32.i32, i468 %layer3_out_read, i32 182, i32 185" [firmware/nnet_utils/nnet_activation_stream.h:52]   --->   Operation 48 'partselect' 'trunc_ln52_42' <Predicate = true> <Delay = 0.00>
ST_1 : Operation 49 [1/1] (1.24ns)   --->   "%out_data_sroa_14112_0_0 = select i1 %icmp_ln51_21, i8 %trunc_ln52_41, i8 0" [firmware/nnet_utils/nnet_activation_stream.h:51]   --->   Operation 49 'select' 'out_data_sroa_14112_0_0' <Predicate = true> <Delay = 1.24> <CoreInst = "Sel">   --->   Core 73 'Sel' <Latency = 0> <II = 1> <Delay = 1.24> <FuncUnit> <Opcode : 'select'> <InPorts = 3> <OutPorts = 1>
ST_1 : Operation 50 [1/1] (1.02ns)   --->   "%empty_88 = select i1 %icmp_ln51_21, i4 %trunc_ln52_42, i4 0" [firmware/nnet_utils/nnet_activation_stream.h:51]   --->   Operation 50 'select' 'empty_88' <Predicate = true> <Delay = 1.02> <CoreInst = "Sel">   --->   Core 73 'Sel' <Latency = 0> <II = 1> <Delay = 1.02> <FuncUnit> <Opcode : 'select'> <InPorts = 3> <OutPorts = 1>
ST_1 : Operation 51 [1/1] (2.83ns)   --->   "%icmp_ln51_22 = icmp_sgt  i39 %trunc_ln44_20, i39 0" [firmware/nnet_utils/nnet_activation_stream.h:51]   --->   Operation 51 'icmp' 'icmp_ln51_22' <Predicate = true> <Delay = 2.83> <CoreInst = "Cmp">   --->   Core 9 'Cmp' <Latency = 0> <II = 1> <Delay = 2.83> <FuncUnit> <Opcode : 'seteq' 'setne' 'setle' 'setge' 'setlt' 'setgt'> <InPorts = 2> <OutPorts = 1>
ST_1 : Operation 52 [1/1] (0.00ns)   --->   "%trunc_ln52_43 = partselect i8 @_ssdm_op_PartSelect.i8.i468.i32.i32, i468 %layer3_out_read, i32 205, i32 212" [firmware/nnet_utils/nnet_activation_stream.h:52]   --->   Operation 52 'partselect' 'trunc_ln52_43' <Predicate = true> <Delay = 0.00>
ST_1 : Operation 53 [1/1] (0.00ns)   --->   "%trunc_ln52_44 = partselect i4 @_ssdm_op_PartSelect.i4.i468.i32.i32, i468 %layer3_out_read, i32 221, i32 224" [firmware/nnet_utils/nnet_activation_stream.h:52]   --->   Operation 53 'partselect' 'trunc_ln52_44' <Predicate = true> <Delay = 0.00>
ST_1 : Operation 54 [1/1] (1.24ns)   --->   "%out_data_sroa_17116_0_0 = select i1 %icmp_ln51_22, i8 %trunc_ln52_43, i8 0" [firmware/nnet_utils/nnet_activation_stream.h:51]   --->   Operation 54 'select' 'out_data_sroa_17116_0_0' <Predicate = true> <Delay = 1.24> <CoreInst = "Sel">   --->   Core 73 'Sel' <Latency = 0> <II = 1> <Delay = 1.24> <FuncUnit> <Opcode : 'select'> <InPorts = 3> <OutPorts = 1>
ST_1 : Operation 55 [1/1] (1.02ns)   --->   "%empty_89 = select i1 %icmp_ln51_22, i4 %trunc_ln52_44, i4 0" [firmware/nnet_utils/nnet_activation_stream.h:51]   --->   Operation 55 'select' 'empty_89' <Predicate = true> <Delay = 1.02> <CoreInst = "Sel">   --->   Core 73 'Sel' <Latency = 0> <II = 1> <Delay = 1.02> <FuncUnit> <Opcode : 'select'> <InPorts = 3> <OutPorts = 1>
ST_1 : Operation 56 [1/1] (2.83ns)   --->   "%icmp_ln51_23 = icmp_sgt  i39 %trunc_ln44_21, i39 0" [firmware/nnet_utils/nnet_activation_stream.h:51]   --->   Operation 56 'icmp' 'icmp_ln51_23' <Predicate = true> <Delay = 2.83> <CoreInst = "Cmp">   --->   Core 9 'Cmp' <Latency = 0> <II = 1> <Delay = 2.83> <FuncUnit> <Opcode : 'seteq' 'setne' 'setle' 'setge' 'setlt' 'setgt'> <InPorts = 2> <OutPorts = 1>
ST_1 : Operation 57 [1/1] (0.00ns)   --->   "%trunc_ln52_45 = partselect i8 @_ssdm_op_PartSelect.i8.i468.i32.i32, i468 %layer3_out_read, i32 244, i32 251" [firmware/nnet_utils/nnet_activation_stream.h:52]   --->   Operation 57 'partselect' 'trunc_ln52_45' <Predicate = true> <Delay = 0.00>
ST_1 : Operation 58 [1/1] (0.00ns)   --->   "%trunc_ln52_46 = partselect i4 @_ssdm_op_PartSelect.i4.i468.i32.i32, i468 %layer3_out_read, i32 260, i32 263" [firmware/nnet_utils/nnet_activation_stream.h:52]   --->   Operation 58 'partselect' 'trunc_ln52_46' <Predicate = true> <Delay = 0.00>
ST_1 : Operation 59 [1/1] (1.24ns)   --->   "%out_data_sroa_20120_0_0 = select i1 %icmp_ln51_23, i8 %trunc_ln52_45, i8 0" [firmware/nnet_utils/nnet_activation_stream.h:51]   --->   Operation 59 'select' 'out_data_sroa_20120_0_0' <Predicate = true> <Delay = 1.24> <CoreInst = "Sel">   --->   Core 73 'Sel' <Latency = 0> <II = 1> <Delay = 1.24> <FuncUnit> <Opcode : 'select'> <InPorts = 3> <OutPorts = 1>
ST_1 : Operation 60 [1/1] (1.02ns)   --->   "%empty_90 = select i1 %icmp_ln51_23, i4 %trunc_ln52_46, i4 0" [firmware/nnet_utils/nnet_activation_stream.h:51]   --->   Operation 60 'select' 'empty_90' <Predicate = true> <Delay = 1.02> <CoreInst = "Sel">   --->   Core 73 'Sel' <Latency = 0> <II = 1> <Delay = 1.02> <FuncUnit> <Opcode : 'select'> <InPorts = 3> <OutPorts = 1>
ST_1 : Operation 61 [1/1] (2.83ns)   --->   "%icmp_ln51_24 = icmp_sgt  i39 %trunc_ln44_22, i39 0" [firmware/nnet_utils/nnet_activation_stream.h:51]   --->   Operation 61 'icmp' 'icmp_ln51_24' <Predicate = true> <Delay = 2.83> <CoreInst = "Cmp">   --->   Core 9 'Cmp' <Latency = 0> <II = 1> <Delay = 2.83> <FuncUnit> <Opcode : 'seteq' 'setne' 'setle' 'setge' 'setlt' 'setgt'> <InPorts = 2> <OutPorts = 1>
ST_1 : Operation 62 [1/1] (0.00ns)   --->   "%trunc_ln52_47 = partselect i8 @_ssdm_op_PartSelect.i8.i468.i32.i32, i468 %layer3_out_read, i32 283, i32 290" [firmware/nnet_utils/nnet_activation_stream.h:52]   --->   Operation 62 'partselect' 'trunc_ln52_47' <Predicate = true> <Delay = 0.00>
ST_1 : Operation 63 [1/1] (0.00ns)   --->   "%trunc_ln52_48 = partselect i4 @_ssdm_op_PartSelect.i4.i468.i32.i32, i468 %layer3_out_read, i32 299, i32 302" [firmware/nnet_utils/nnet_activation_stream.h:52]   --->   Operation 63 'partselect' 'trunc_ln52_48' <Predicate = true> <Delay = 0.00>
ST_1 : Operation 64 [1/1] (1.24ns)   --->   "%out_data_sroa_23124_0_0 = select i1 %icmp_ln51_24, i8 %trunc_ln52_47, i8 0" [firmware/nnet_utils/nnet_activation_stream.h:51]   --->   Operation 64 'select' 'out_data_sroa_23124_0_0' <Predicate = true> <Delay = 1.24> <CoreInst = "Sel">   --->   Core 73 'Sel' <Latency = 0> <II = 1> <Delay = 1.24> <FuncUnit> <Opcode : 'select'> <InPorts = 3> <OutPorts = 1>
ST_1 : Operation 65 [1/1] (1.02ns)   --->   "%empty_91 = select i1 %icmp_ln51_24, i4 %trunc_ln52_48, i4 0" [firmware/nnet_utils/nnet_activation_stream.h:51]   --->   Operation 65 'select' 'empty_91' <Predicate = true> <Delay = 1.02> <CoreInst = "Sel">   --->   Core 73 'Sel' <Latency = 0> <II = 1> <Delay = 1.02> <FuncUnit> <Opcode : 'select'> <InPorts = 3> <OutPorts = 1>
ST_1 : Operation 66 [1/1] (2.83ns)   --->   "%icmp_ln51_25 = icmp_sgt  i39 %trunc_ln44_23, i39 0" [firmware/nnet_utils/nnet_activation_stream.h:51]   --->   Operation 66 'icmp' 'icmp_ln51_25' <Predicate = true> <Delay = 2.83> <CoreInst = "Cmp">   --->   Core 9 'Cmp' <Latency = 0> <II = 1> <Delay = 2.83> <FuncUnit> <Opcode : 'seteq' 'setne' 'setle' 'setge' 'setlt' 'setgt'> <InPorts = 2> <OutPorts = 1>
ST_1 : Operation 67 [1/1] (0.00ns)   --->   "%trunc_ln52_49 = partselect i8 @_ssdm_op_PartSelect.i8.i468.i32.i32, i468 %layer3_out_read, i32 322, i32 329" [firmware/nnet_utils/nnet_activation_stream.h:52]   --->   Operation 67 'partselect' 'trunc_ln52_49' <Predicate = true> <Delay = 0.00>
ST_1 : Operation 68 [1/1] (0.00ns)   --->   "%trunc_ln52_50 = partselect i4 @_ssdm_op_PartSelect.i4.i468.i32.i32, i468 %layer3_out_read, i32 338, i32 341" [firmware/nnet_utils/nnet_activation_stream.h:52]   --->   Operation 68 'partselect' 'trunc_ln52_50' <Predicate = true> <Delay = 0.00>
ST_1 : Operation 69 [1/1] (1.24ns)   --->   "%out_data_sroa_26128_0_0 = select i1 %icmp_ln51_25, i8 %trunc_ln52_49, i8 0" [firmware/nnet_utils/nnet_activation_stream.h:51]   --->   Operation 69 'select' 'out_data_sroa_26128_0_0' <Predicate = true> <Delay = 1.24> <CoreInst = "Sel">   --->   Core 73 'Sel' <Latency = 0> <II = 1> <Delay = 1.24> <FuncUnit> <Opcode : 'select'> <InPorts = 3> <OutPorts = 1>
ST_1 : Operation 70 [1/1] (1.02ns)   --->   "%empty_92 = select i1 %icmp_ln51_25, i4 %trunc_ln52_50, i4 0" [firmware/nnet_utils/nnet_activation_stream.h:51]   --->   Operation 70 'select' 'empty_92' <Predicate = true> <Delay = 1.02> <CoreInst = "Sel">   --->   Core 73 'Sel' <Latency = 0> <II = 1> <Delay = 1.02> <FuncUnit> <Opcode : 'select'> <InPorts = 3> <OutPorts = 1>
ST_1 : Operation 71 [1/1] (2.83ns)   --->   "%icmp_ln51_26 = icmp_sgt  i39 %trunc_ln44_24, i39 0" [firmware/nnet_utils/nnet_activation_stream.h:51]   --->   Operation 71 'icmp' 'icmp_ln51_26' <Predicate = true> <Delay = 2.83> <CoreInst = "Cmp">   --->   Core 9 'Cmp' <Latency = 0> <II = 1> <Delay = 2.83> <FuncUnit> <Opcode : 'seteq' 'setne' 'setle' 'setge' 'setlt' 'setgt'> <InPorts = 2> <OutPorts = 1>
ST_1 : Operation 72 [1/1] (0.00ns)   --->   "%trunc_ln52_51 = partselect i8 @_ssdm_op_PartSelect.i8.i468.i32.i32, i468 %layer3_out_read, i32 361, i32 368" [firmware/nnet_utils/nnet_activation_stream.h:52]   --->   Operation 72 'partselect' 'trunc_ln52_51' <Predicate = true> <Delay = 0.00>
ST_1 : Operation 73 [1/1] (0.00ns)   --->   "%trunc_ln52_52 = partselect i4 @_ssdm_op_PartSelect.i4.i468.i32.i32, i468 %layer3_out_read, i32 377, i32 380" [firmware/nnet_utils/nnet_activation_stream.h:52]   --->   Operation 73 'partselect' 'trunc_ln52_52' <Predicate = true> <Delay = 0.00>
ST_1 : Operation 74 [1/1] (1.24ns)   --->   "%out_data_sroa_29132_0_0 = select i1 %icmp_ln51_26, i8 %trunc_ln52_51, i8 0" [firmware/nnet_utils/nnet_activation_stream.h:51]   --->   Operation 74 'select' 'out_data_sroa_29132_0_0' <Predicate = true> <Delay = 1.24> <CoreInst = "Sel">   --->   Core 73 'Sel' <Latency = 0> <II = 1> <Delay = 1.24> <FuncUnit> <Opcode : 'select'> <InPorts = 3> <OutPorts = 1>
ST_1 : Operation 75 [1/1] (1.02ns)   --->   "%empty_93 = select i1 %icmp_ln51_26, i4 %trunc_ln52_52, i4 0" [firmware/nnet_utils/nnet_activation_stream.h:51]   --->   Operation 75 'select' 'empty_93' <Predicate = true> <Delay = 1.02> <CoreInst = "Sel">   --->   Core 73 'Sel' <Latency = 0> <II = 1> <Delay = 1.02> <FuncUnit> <Opcode : 'select'> <InPorts = 3> <OutPorts = 1>
ST_1 : Operation 76 [1/1] (2.83ns)   --->   "%icmp_ln51_27 = icmp_sgt  i39 %trunc_ln44_25, i39 0" [firmware/nnet_utils/nnet_activation_stream.h:51]   --->   Operation 76 'icmp' 'icmp_ln51_27' <Predicate = true> <Delay = 2.83> <CoreInst = "Cmp">   --->   Core 9 'Cmp' <Latency = 0> <II = 1> <Delay = 2.83> <FuncUnit> <Opcode : 'seteq' 'setne' 'setle' 'setge' 'setlt' 'setgt'> <InPorts = 2> <OutPorts = 1>
ST_1 : Operation 77 [1/1] (0.00ns)   --->   "%trunc_ln52_53 = partselect i8 @_ssdm_op_PartSelect.i8.i468.i32.i32, i468 %layer3_out_read, i32 400, i32 407" [firmware/nnet_utils/nnet_activation_stream.h:52]   --->   Operation 77 'partselect' 'trunc_ln52_53' <Predicate = true> <Delay = 0.00>
ST_1 : Operation 78 [1/1] (0.00ns)   --->   "%trunc_ln52_54 = partselect i4 @_ssdm_op_PartSelect.i4.i468.i32.i32, i468 %layer3_out_read, i32 416, i32 419" [firmware/nnet_utils/nnet_activation_stream.h:52]   --->   Operation 78 'partselect' 'trunc_ln52_54' <Predicate = true> <Delay = 0.00>
ST_1 : Operation 79 [1/1] (1.24ns)   --->   "%out_data_sroa_32136_0_0 = select i1 %icmp_ln51_27, i8 %trunc_ln52_53, i8 0" [firmware/nnet_utils/nnet_activation_stream.h:51]   --->   Operation 79 'select' 'out_data_sroa_32136_0_0' <Predicate = true> <Delay = 1.24> <CoreInst = "Sel">   --->   Core 73 'Sel' <Latency = 0> <II = 1> <Delay = 1.24> <FuncUnit> <Opcode : 'select'> <InPorts = 3> <OutPorts = 1>
ST_1 : Operation 80 [1/1] (1.02ns)   --->   "%empty_94 = select i1 %icmp_ln51_27, i4 %trunc_ln52_54, i4 0" [firmware/nnet_utils/nnet_activation_stream.h:51]   --->   Operation 80 'select' 'empty_94' <Predicate = true> <Delay = 1.02> <CoreInst = "Sel">   --->   Core 73 'Sel' <Latency = 0> <II = 1> <Delay = 1.02> <FuncUnit> <Opcode : 'select'> <InPorts = 3> <OutPorts = 1>
ST_1 : Operation 81 [1/1] (2.83ns)   --->   "%icmp_ln51_28 = icmp_sgt  i39 %trunc_ln44_26, i39 0" [firmware/nnet_utils/nnet_activation_stream.h:51]   --->   Operation 81 'icmp' 'icmp_ln51_28' <Predicate = true> <Delay = 2.83> <CoreInst = "Cmp">   --->   Core 9 'Cmp' <Latency = 0> <II = 1> <Delay = 2.83> <FuncUnit> <Opcode : 'seteq' 'setne' 'setle' 'setge' 'setlt' 'setgt'> <InPorts = 2> <OutPorts = 1>
ST_1 : Operation 82 [1/1] (0.00ns)   --->   "%trunc_ln52_55 = partselect i8 @_ssdm_op_PartSelect.i8.i468.i32.i32, i468 %layer3_out_read, i32 439, i32 446" [firmware/nnet_utils/nnet_activation_stream.h:52]   --->   Operation 82 'partselect' 'trunc_ln52_55' <Predicate = true> <Delay = 0.00>
ST_1 : Operation 83 [1/1] (0.00ns)   --->   "%trunc_ln52_56 = partselect i4 @_ssdm_op_PartSelect.i4.i468.i32.i32, i468 %layer3_out_read, i32 455, i32 458" [firmware/nnet_utils/nnet_activation_stream.h:52]   --->   Operation 83 'partselect' 'trunc_ln52_56' <Predicate = true> <Delay = 0.00>
ST_1 : Operation 84 [1/1] (1.24ns)   --->   "%out_data_sroa_35140_0_0 = select i1 %icmp_ln51_28, i8 %trunc_ln52_55, i8 0" [firmware/nnet_utils/nnet_activation_stream.h:51]   --->   Operation 84 'select' 'out_data_sroa_35140_0_0' <Predicate = true> <Delay = 1.24> <CoreInst = "Sel">   --->   Core 73 'Sel' <Latency = 0> <II = 1> <Delay = 1.24> <FuncUnit> <Opcode : 'select'> <InPorts = 3> <OutPorts = 1>
ST_1 : Operation 85 [1/1] (1.02ns)   --->   "%storemerge = select i1 %icmp_ln51_28, i4 %trunc_ln52_56, i4 0" [firmware/nnet_utils/nnet_activation_stream.h:51]   --->   Operation 85 'select' 'storemerge' <Predicate = true> <Delay = 1.02> <CoreInst = "Sel">   --->   Core 73 'Sel' <Latency = 0> <II = 1> <Delay = 1.02> <FuncUnit> <Opcode : 'select'> <InPorts = 3> <OutPorts = 1>
ST_1 : Operation 86 [1/1] (0.00ns)   --->   "%tmp = partselect i8 @_ssdm_op_PartSelect.i8.i468.i32.i32, i468 %layer3_out_read, i32 447, i32 454" [firmware/nnet_utils/nnet_activation_stream.h:57]   --->   Operation 86 'partselect' 'tmp' <Predicate = true> <Delay = 0.00>
ST_1 : Operation 87 [1/1] (1.24ns)   --->   "%empty_95 = select i1 %icmp_ln51_28, i8 %tmp, i8 0" [firmware/nnet_utils/nnet_activation_stream.h:51]   --->   Operation 87 'select' 'empty_95' <Predicate = true> <Delay = 1.24> <CoreInst = "Sel">   --->   Core 73 'Sel' <Latency = 0> <II = 1> <Delay = 1.24> <FuncUnit> <Opcode : 'select'> <InPorts = 3> <OutPorts = 1>
ST_1 : Operation 88 [1/1] (0.00ns)   --->   "%tmp_s = partselect i8 @_ssdm_op_PartSelect.i8.i468.i32.i32, i468 %layer3_out_read, i32 408, i32 415" [firmware/nnet_utils/nnet_activation_stream.h:57]   --->   Operation 88 'partselect' 'tmp_s' <Predicate = true> <Delay = 0.00>
ST_1 : Operation 89 [1/1] (1.24ns)   --->   "%empty_96 = select i1 %icmp_ln51_27, i8 %tmp_s, i8 0" [firmware/nnet_utils/nnet_activation_stream.h:51]   --->   Operation 89 'select' 'empty_96' <Predicate = true> <Delay = 1.24> <CoreInst = "Sel">   --->   Core 73 'Sel' <Latency = 0> <II = 1> <Delay = 1.24> <FuncUnit> <Opcode : 'select'> <InPorts = 3> <OutPorts = 1>
ST_1 : Operation 90 [1/1] (0.00ns)   --->   "%tmp_17 = partselect i8 @_ssdm_op_PartSelect.i8.i468.i32.i32, i468 %layer3_out_read, i32 369, i32 376" [firmware/nnet_utils/nnet_activation_stream.h:57]   --->   Operation 90 'partselect' 'tmp_17' <Predicate = true> <Delay = 0.00>
ST_1 : Operation 91 [1/1] (1.24ns)   --->   "%empty_97 = select i1 %icmp_ln51_26, i8 %tmp_17, i8 0" [firmware/nnet_utils/nnet_activation_stream.h:51]   --->   Operation 91 'select' 'empty_97' <Predicate = true> <Delay = 1.24> <CoreInst = "Sel">   --->   Core 73 'Sel' <Latency = 0> <II = 1> <Delay = 1.24> <FuncUnit> <Opcode : 'select'> <InPorts = 3> <OutPorts = 1>
ST_1 : Operation 92 [1/1] (0.00ns)   --->   "%tmp_18 = partselect i8 @_ssdm_op_PartSelect.i8.i468.i32.i32, i468 %layer3_out_read, i32 330, i32 337" [firmware/nnet_utils/nnet_activation_stream.h:57]   --->   Operation 92 'partselect' 'tmp_18' <Predicate = true> <Delay = 0.00>
ST_1 : Operation 93 [1/1] (1.24ns)   --->   "%empty_98 = select i1 %icmp_ln51_25, i8 %tmp_18, i8 0" [firmware/nnet_utils/nnet_activation_stream.h:51]   --->   Operation 93 'select' 'empty_98' <Predicate = true> <Delay = 1.24> <CoreInst = "Sel">   --->   Core 73 'Sel' <Latency = 0> <II = 1> <Delay = 1.24> <FuncUnit> <Opcode : 'select'> <InPorts = 3> <OutPorts = 1>
ST_1 : Operation 94 [1/1] (0.00ns)   --->   "%tmp_19 = partselect i8 @_ssdm_op_PartSelect.i8.i468.i32.i32, i468 %layer3_out_read, i32 291, i32 298" [firmware/nnet_utils/nnet_activation_stream.h:57]   --->   Operation 94 'partselect' 'tmp_19' <Predicate = true> <Delay = 0.00>
ST_1 : Operation 95 [1/1] (1.24ns)   --->   "%empty_99 = select i1 %icmp_ln51_24, i8 %tmp_19, i8 0" [firmware/nnet_utils/nnet_activation_stream.h:51]   --->   Operation 95 'select' 'empty_99' <Predicate = true> <Delay = 1.24> <CoreInst = "Sel">   --->   Core 73 'Sel' <Latency = 0> <II = 1> <Delay = 1.24> <FuncUnit> <Opcode : 'select'> <InPorts = 3> <OutPorts = 1>
ST_1 : Operation 96 [1/1] (0.00ns)   --->   "%tmp_20 = partselect i8 @_ssdm_op_PartSelect.i8.i468.i32.i32, i468 %layer3_out_read, i32 252, i32 259" [firmware/nnet_utils/nnet_activation_stream.h:57]   --->   Operation 96 'partselect' 'tmp_20' <Predicate = true> <Delay = 0.00>
ST_1 : Operation 97 [1/1] (1.24ns)   --->   "%empty_100 = select i1 %icmp_ln51_23, i8 %tmp_20, i8 0" [firmware/nnet_utils/nnet_activation_stream.h:51]   --->   Operation 97 'select' 'empty_100' <Predicate = true> <Delay = 1.24> <CoreInst = "Sel">   --->   Core 73 'Sel' <Latency = 0> <II = 1> <Delay = 1.24> <FuncUnit> <Opcode : 'select'> <InPorts = 3> <OutPorts = 1>
ST_1 : Operation 98 [1/1] (0.00ns)   --->   "%tmp_21 = partselect i8 @_ssdm_op_PartSelect.i8.i468.i32.i32, i468 %layer3_out_read, i32 213, i32 220" [firmware/nnet_utils/nnet_activation_stream.h:57]   --->   Operation 98 'partselect' 'tmp_21' <Predicate = true> <Delay = 0.00>
ST_1 : Operation 99 [1/1] (1.24ns)   --->   "%empty_101 = select i1 %icmp_ln51_22, i8 %tmp_21, i8 0" [firmware/nnet_utils/nnet_activation_stream.h:51]   --->   Operation 99 'select' 'empty_101' <Predicate = true> <Delay = 1.24> <CoreInst = "Sel">   --->   Core 73 'Sel' <Latency = 0> <II = 1> <Delay = 1.24> <FuncUnit> <Opcode : 'select'> <InPorts = 3> <OutPorts = 1>
ST_1 : Operation 100 [1/1] (0.00ns)   --->   "%tmp_22 = partselect i8 @_ssdm_op_PartSelect.i8.i468.i32.i32, i468 %layer3_out_read, i32 174, i32 181" [firmware/nnet_utils/nnet_activation_stream.h:57]   --->   Operation 100 'partselect' 'tmp_22' <Predicate = true> <Delay = 0.00>
ST_1 : Operation 101 [1/1] (1.24ns)   --->   "%empty_102 = select i1 %icmp_ln51_21, i8 %tmp_22, i8 0" [firmware/nnet_utils/nnet_activation_stream.h:51]   --->   Operation 101 'select' 'empty_102' <Predicate = true> <Delay = 1.24> <CoreInst = "Sel">   --->   Core 73 'Sel' <Latency = 0> <II = 1> <Delay = 1.24> <FuncUnit> <Opcode : 'select'> <InPorts = 3> <OutPorts = 1>
ST_1 : Operation 102 [1/1] (0.00ns)   --->   "%tmp_23 = partselect i8 @_ssdm_op_PartSelect.i8.i468.i32.i32, i468 %layer3_out_read, i32 135, i32 142" [firmware/nnet_utils/nnet_activation_stream.h:57]   --->   Operation 102 'partselect' 'tmp_23' <Predicate = true> <Delay = 0.00>
ST_1 : Operation 103 [1/1] (1.24ns)   --->   "%empty_103 = select i1 %icmp_ln51_20, i8 %tmp_23, i8 0" [firmware/nnet_utils/nnet_activation_stream.h:51]   --->   Operation 103 'select' 'empty_103' <Predicate = true> <Delay = 1.24> <CoreInst = "Sel">   --->   Core 73 'Sel' <Latency = 0> <II = 1> <Delay = 1.24> <FuncUnit> <Opcode : 'select'> <InPorts = 3> <OutPorts = 1>
ST_1 : Operation 104 [1/1] (0.00ns)   --->   "%tmp_24 = partselect i8 @_ssdm_op_PartSelect.i8.i468.i32.i32, i468 %layer3_out_read, i32 96, i32 103" [firmware/nnet_utils/nnet_activation_stream.h:57]   --->   Operation 104 'partselect' 'tmp_24' <Predicate = true> <Delay = 0.00>
ST_1 : Operation 105 [1/1] (1.24ns)   --->   "%empty_104 = select i1 %icmp_ln51_19, i8 %tmp_24, i8 0" [firmware/nnet_utils/nnet_activation_stream.h:51]   --->   Operation 105 'select' 'empty_104' <Predicate = true> <Delay = 1.24> <CoreInst = "Sel">   --->   Core 73 'Sel' <Latency = 0> <II = 1> <Delay = 1.24> <FuncUnit> <Opcode : 'select'> <InPorts = 3> <OutPorts = 1>
ST_1 : Operation 106 [1/1] (0.00ns)   --->   "%tmp_25 = partselect i8 @_ssdm_op_PartSelect.i8.i468.i32.i32, i468 %layer3_out_read, i32 57, i32 64" [firmware/nnet_utils/nnet_activation_stream.h:57]   --->   Operation 106 'partselect' 'tmp_25' <Predicate = true> <Delay = 0.00>
ST_1 : Operation 107 [1/1] (1.24ns)   --->   "%empty_105 = select i1 %icmp_ln51_18, i8 %tmp_25, i8 0" [firmware/nnet_utils/nnet_activation_stream.h:51]   --->   Operation 107 'select' 'empty_105' <Predicate = true> <Delay = 1.24> <CoreInst = "Sel">   --->   Core 73 'Sel' <Latency = 0> <II = 1> <Delay = 1.24> <FuncUnit> <Opcode : 'select'> <InPorts = 3> <OutPorts = 1>
ST_1 : Operation 108 [1/1] (0.00ns)   --->   "%tmp_26 = partselect i8 @_ssdm_op_PartSelect.i8.i468.i32.i32, i468 %layer3_out_read, i32 18, i32 25" [firmware/nnet_utils/nnet_activation_stream.h:57]   --->   Operation 108 'partselect' 'tmp_26' <Predicate = true> <Delay = 0.00>
ST_1 : Operation 109 [1/1] (1.24ns)   --->   "%empty_106 = select i1 %icmp_ln51, i8 %tmp_26, i8 0" [firmware/nnet_utils/nnet_activation_stream.h:51]   --->   Operation 109 'select' 'empty_106' <Predicate = true> <Delay = 1.24> <CoreInst = "Sel">   --->   Core 73 'Sel' <Latency = 0> <II = 1> <Delay = 1.24> <FuncUnit> <Opcode : 'select'> <InPorts = 3> <OutPorts = 1>
ST_1 : Operation 110 [1/1] (0.00ns)   --->   "%or_ln57_s = bitconcatenate i240 @_ssdm_op_BitConcatenate.i240.i4.i8.i8.i4.i8.i8.i4.i8.i8.i4.i8.i8.i4.i8.i8.i4.i8.i8.i4.i8.i8.i4.i8.i8.i4.i8.i8.i4.i8.i8.i4.i8.i8.i4.i8.i8, i4 %storemerge, i8 %empty_95, i8 %out_data_sroa_35140_0_0, i4 %empty_94, i8 %empty_96, i8 %out_data_sroa_32136_0_0, i4 %empty_93, i8 %empty_97, i8 %out_data_sroa_29132_0_0, i4 %empty_92, i8 %empty_98, i8 %out_data_sroa_26128_0_0, i4 %empty_91, i8 %empty_99, i8 %out_data_sroa_23124_0_0, i4 %empty_90, i8 %empty_100, i8 %out_data_sroa_20120_0_0, i4 %empty_89, i8 %empty_101, i8 %out_data_sroa_17116_0_0, i4 %empty_88, i8 %empty_102, i8 %out_data_sroa_14112_0_0, i4 %empty_87, i8 %empty_103, i8 %out_data_sroa_11108_0_0, i4 %empty_86, i8 %empty_104, i8 %out_data_sroa_8104_0_0, i4 %empty_85, i8 %empty_105, i8 %out_data_sroa_5100_0_0, i4 %empty, i8 %empty_106, i8 %out_data_sroa_0_0_0" [firmware/nnet_utils/nnet_activation_stream.h:57]   --->   Operation 110 'bitconcatenate' 'or_ln57_s' <Predicate = true> <Delay = 0.00>
ST_1 : Operation 111 [1/1] (3.52ns)   --->   "%write_ln57 = write void @_ssdm_op_Write.ap_fifo.volatile.i240P0A, i240 %layer4_out, i240 %or_ln57_s" [firmware/nnet_utils/nnet_activation_stream.h:57]   --->   Operation 111 'write' 'write_ln57' <Predicate = true> <Delay = 3.52> <CoreInst = "FIFO">   --->   Core 77 'FIFO' <Latency = 0> <II = 1> <Delay = 3.52> <Storage> <Opcode : 'read' 'write' 'nbread' 'nbwrite'> <Ports = 0> <Width = 240> <Depth = 1020> <FIFO>
ST_1 : Operation 112 [1/1] (1.73ns)   --->   "%i = add i10 %i1_load, i10 1" [firmware/nnet_utils/nnet_activation_stream.h:41]   --->   Operation 112 'add' 'i' <Predicate = true> <Delay = 1.73> <CoreInst = "Adder">   --->   Core 1 'Adder' <Latency = 0> <II = 1> <Delay = 1.73> <FuncUnit> <Opcode : 'add' 'sub'> <InPorts = 2> <OutPorts = 1>
ST_1 : Operation 113 [1/1] (1.73ns)   --->   "%icmp_ln41 = icmp_eq  i10 %i1_load, i10 1019" [firmware/nnet_utils/nnet_activation_stream.h:41]   --->   Operation 113 'icmp' 'icmp_ln41' <Predicate = true> <Delay = 1.73> <CoreInst = "Cmp">   --->   Core 9 'Cmp' <Latency = 0> <II = 1> <Delay = 1.73> <FuncUnit> <Opcode : 'seteq' 'setne' 'setle' 'setge' 'setlt' 'setgt'> <InPorts = 2> <OutPorts = 1>
ST_1 : Operation 114 [1/1] (1.58ns)   --->   "%store_ln41 = store i10 %i, i10 %i1" [firmware/nnet_utils/nnet_activation_stream.h:41]   --->   Operation 114 'store' 'store_ln41' <Predicate = true> <Delay = 1.58>
ST_1 : Operation 115 [1/1] (0.00ns)   --->   "%br_ln41 = br i1 %icmp_ln41, void %ReLUPackLoop.split_ifconv, void %for.end15" [firmware/nnet_utils/nnet_activation_stream.h:41]   --->   Operation 115 'br' 'br_ln41' <Predicate = true> <Delay = 0.00>
ST_1 : Operation 116 [1/1] (1.58ns)   --->   "%ret_ln59 = ret" [firmware/nnet_utils/nnet_activation_stream.h:59]   --->   Operation 116 'ret' 'ret_ln59' <Predicate = (icmp_ln41)> <Delay = 1.58>


============================================================
+ Verbose Summary: Timing violations
============================================================
Target clock period: 20.000ns, clock uncertainty: 5.400ns.

 <State 1>: 11.125ns
The critical path consists of the following:
	fifo read operation ('layer3_out_read', firmware/nnet_utils/nnet_activation_stream.h:44) on port 'layer3_out' (firmware/nnet_utils/nnet_activation_stream.h:44) [13]  (3.520 ns)
	'icmp' operation 1 bit ('icmp_ln51_20', firmware/nnet_utils/nnet_activation_stream.h:51) [41]  (2.837 ns)
	'select' operation 8 bit ('out_data_sroa_11108_0_0', firmware/nnet_utils/nnet_activation_stream.h:51) [44]  (1.248 ns)
	fifo write operation ('write_ln57', firmware/nnet_utils/nnet_activation_stream.h:57) on port 'layer4_out' (firmware/nnet_utils/nnet_activation_stream.h:57) [111]  (3.520 ns)


============================================================
+ Verbose Summary: Binding
============================================================
N/A
* FSMD analyzer results:
  - Output states:
 - Input state : 
  - Chain level:
	State 1


============================================================
+ Verbose Summary: Datapath Resource usage 
============================================================
N/A
