

================================================================
== Vitis HLS Report for 'zeropad2d_cl_array_array_ap_fixed_20_10_5_3_0_12u_config14_Pipeline_PadMain'
================================================================
* Date:           Sun Aug 30 16:00:10 2026

* Version:        2024.1 (Build 5069499 on May 21 2024)
* Project:        myproject_prj
* Solution:       solution1 (Vivado IP Flow Target)
* Product family: zynq
* Target device:  xc7z020-clg400-1


================================================================
== Performance Estimates
================================================================
+ Timing: 
    * Summary: 
    +--------+----------+----------+------------+
    |  Clock |  Target  | Estimated| Uncertainty|
    +--------+----------+----------+------------+
    |ap_clk  |  20.00 ns|  4.911 ns|     5.40 ns|
    +--------+----------+----------+------------+

+ Latency: 
    * Summary: 
    +---------+---------+----------+----------+-----+-----+-----------------------------------------------+
    |  Latency (cycles) |  Latency (absolute) |  Interval |                    Pipeline                   |
    |   min   |   max   |    min   |    max   | min | max |                      Type                     |
    +---------+---------+----------+----------+-----+-----+-----------------------------------------------+
    |      272|      272|  5.440 us|  5.440 us|  271|  271|  loop auto-rewind stp(delay=0 clock cycles(s))|
    +---------+---------+----------+----------+-----+-----+-----------------------------------------------+

    + Detail: 
        * Instance: 
        N/A

        * Loop: 
        +-----------+---------+---------+----------+-----------+-----------+------+----------+
        |           |  Latency (cycles) | Iteration|  Initiation Interval  | Trip |          |
        | Loop Name |   min   |   max   |  Latency |  achieved |   target  | Count| Pipelined|
        +-----------+---------+---------+----------+-----------+-----------+------+----------+
        |- PadMain  |      270|      270|        28|         27|          1|    10|       yes|
        +-----------+---------+---------+----------+-----------+-----------+------+----------+

============================================================
+ Verbose Summary: Synthesis Manager
============================================================
InlineROM: 1
ExposeGlobal: 0
============================================================
+ Verbose Summary: CDFG Model
============================================================
IsTopModel: 0
ResetActiveHigh: 1
IsCombinational: 0
IsDatapathOnly: 0
HasWiredReturn: 1
HasMFsm: 2
HasVarLatency: 1
IsPipeline: 0
IsRtlPipelined: 0
IsInstanceOverlapped: 0
IsDontTouch: 0
HasImplIP: 0
IsGatedGlobalClock: 0

+ Individual pipeline summary: 
  * Pipeline-0: initiation interval (II) = 27, depth = 28


============================================================
+ Verbose Summary: Schedule
============================================================
* Number of FSM states : 28
* Pipeline : 1
  Pipeline-0 : II = 27, D = 28, States = { 1 2 3 4 5 6 7 8 9 10 11 12 13 14 15 16 17 18 19 20 21 22 23 24 25 26 27 28 }
* Dataflow Pipeline: 0

* FSM state transitions: 
1 --> 2 
2 --> 3 
3 --> 4 
4 --> 5 
5 --> 6 
6 --> 7 
7 --> 8 
8 --> 9 
9 --> 10 
10 --> 11 
11 --> 12 
12 --> 13 
13 --> 14 
14 --> 15 
15 --> 16 
16 --> 17 
17 --> 18 
18 --> 19 
19 --> 20 
20 --> 21 
21 --> 22 
22 --> 23 
23 --> 24 
24 --> 25 
25 --> 26 
26 --> 27 
27 --> 28 
28 --> 

* FSM state operations: 

State 1 <SV = 0> <Delay = 4.91>
ST_1 : Operation 31 [1/1] (0.00ns)   --->   "%i = alloca i32 1" [firmware/nnet_utils/nnet_padding_stream.h:59]   --->   Operation 31 'alloca' 'i' <Predicate = true> <Delay = 0.00>
ST_1 : Operation 32 [1/1] (0.00ns)   --->   "%specinterface_ln0 = specinterface void @_ssdm_op_SpecInterface, i240 %layer5_out, void @empty_6, i32 0, i32 0, void @empty_5, i32 0, i32 0, void @empty_5, void @empty_5, void @empty_5, i32 0, i32 0, i32 0, i32 0, void @empty_5, void @empty_5, i32 4294967295, i32 0, i32 0"   --->   Operation 32 'specinterface' 'specinterface_ln0' <Predicate = true> <Delay = 0.00>
ST_1 : Operation 33 [1/1] (0.00ns)   --->   "%specinterface_ln0 = specinterface void @_ssdm_op_SpecInterface, i240 %layer14_out, void @empty_6, i32 0, i32 0, void @empty_5, i32 0, i32 0, void @empty_5, void @empty_5, void @empty_5, i32 0, i32 0, i32 0, i32 0, void @empty_5, void @empty_5, i32 4294967295, i32 0, i32 0"   --->   Operation 33 'specinterface' 'specinterface_ln0' <Predicate = true> <Delay = 0.00>
ST_1 : Operation 34 [1/1] (1.58ns)   --->   "%store_ln59 = store i4 0, i4 %i" [firmware/nnet_utils/nnet_padding_stream.h:59]   --->   Operation 34 'store' 'store_ln59' <Predicate = true> <Delay = 1.58>
ST_1 : Operation 35 [1/1] (0.00ns)   --->   "%br_ln59 = br void %PadLeft" [firmware/nnet_utils/nnet_padding_stream.h:59]   --->   Operation 35 'br' 'br_ln59' <Predicate = true> <Delay = 0.00>
ST_1 : Operation 36 [1/1] (0.00ns)   --->   "%i_3 = load i4 %i" [firmware/nnet_utils/nnet_padding_stream.h:59]   --->   Operation 36 'load' 'i_3' <Predicate = true> <Delay = 0.00>
ST_1 : Operation 37 [1/1] (1.73ns)   --->   "%icmp_ln59 = icmp_eq  i4 %i_3, i4 10" [firmware/nnet_utils/nnet_padding_stream.h:59]   --->   Operation 37 'icmp' 'icmp_ln59' <Predicate = true> <Delay = 1.73> <CoreInst = "Cmp">   --->   Core 9 'Cmp' <Latency = 0> <II = 1> <Delay = 1.73> <FuncUnit> <Opcode : 'seteq' 'setne' 'setle' 'setge' 'setlt' 'setgt'> <InPorts = 2> <OutPorts = 1>
ST_1 : Operation 38 [1/1] (1.73ns)   --->   "%i_4 = add i4 %i_3, i4 1" [firmware/nnet_utils/nnet_padding_stream.h:59]   --->   Operation 38 'add' 'i_4' <Predicate = true> <Delay = 1.73> <CoreInst = "Adder">   --->   Core 1 'Adder' <Latency = 0> <II = 1> <Delay = 1.73> <FuncUnit> <Opcode : 'add' 'sub'> <InPorts = 2> <OutPorts = 1>
ST_1 : Operation 39 [1/1] (0.00ns)   --->   "%br_ln59 = br i1 %icmp_ln59, void %PadLeft.split, void %for.inc50.preheader.exitStub" [firmware/nnet_utils/nnet_padding_stream.h:59]   --->   Operation 39 'br' 'br_ln59' <Predicate = true> <Delay = 0.00>
ST_1 : Operation 40 [1/1] (1.58ns)   --->   "%store_ln59 = store i4 %i_4, i4 %i" [firmware/nnet_utils/nnet_padding_stream.h:59]   --->   Operation 40 'store' 'store_ln59' <Predicate = (!icmp_ln59)> <Delay = 1.58>
ST_1 : Operation 97 [1/1] (1.58ns)   --->   "%ret_ln0 = ret"   --->   Operation 97 'ret' 'ret_ln0' <Predicate = (icmp_ln59)> <Delay = 1.58>

State 2 <SV = 1> <Delay = 3.59>
ST_2 : Operation 41 [1/1] (3.59ns)   --->   "%write_ln15 = write void @_ssdm_op_Write.ap_fifo.volatile.i240P0A, i240 %layer14_out, i240 0" [firmware/nnet_utils/nnet_padding_stream.h:15->firmware/nnet_utils/nnet_padding_stream.h:62]   --->   Operation 41 'write' 'write_ln15' <Predicate = (!icmp_ln59)> <Delay = 3.59> <CoreInst = "FIFO">   --->   Core 77 'FIFO' <Latency = 0> <II = 1> <Delay = 3.59> <Storage> <Opcode : 'read' 'write' 'nbread' 'nbwrite'> <Ports = 0> <Width = 240> <Depth = 324> <FIFO>
ST_2 : Operation 42 [1/1] (3.54ns)   --->   "%layer5_out_read = read i240 @_ssdm_op_Read.ap_fifo.volatile.i240P0A, i240 %layer5_out" [firmware/nnet_utils/nnet_padding_stream.h:20->firmware/nnet_utils/nnet_padding_stream.h:66]   --->   Operation 42 'read' 'layer5_out_read' <Predicate = (!icmp_ln59)> <Delay = 3.54> <CoreInst = "FIFO">   --->   Core 77 'FIFO' <Latency = 0> <II = 1> <Delay = 3.54> <Storage> <Opcode : 'read' 'write' 'nbread' 'nbwrite'> <Ports = 0> <Width = 240> <Depth = 250> <FIFO>

State 3 <SV = 2> <Delay = 3.59>
ST_3 : Operation 43 [1/1] (3.59ns)   --->   "%write_ln26 = write void @_ssdm_op_Write.ap_fifo.volatile.i240P0A, i240 %layer14_out, i240 %layer5_out_read" [firmware/nnet_utils/nnet_padding_stream.h:26->firmware/nnet_utils/nnet_padding_stream.h:66]   --->   Operation 43 'write' 'write_ln26' <Predicate = (!icmp_ln59)> <Delay = 3.59> <CoreInst = "FIFO">   --->   Core 77 'FIFO' <Latency = 0> <II = 1> <Delay = 3.59> <Storage> <Opcode : 'read' 'write' 'nbread' 'nbwrite'> <Ports = 0> <Width = 240> <Depth = 324> <FIFO>
ST_3 : Operation 44 [1/1] (3.54ns)   --->   "%layer5_out_read_1 = read i240 @_ssdm_op_Read.ap_fifo.volatile.i240P0A, i240 %layer5_out" [firmware/nnet_utils/nnet_padding_stream.h:20->firmware/nnet_utils/nnet_padding_stream.h:66]   --->   Operation 44 'read' 'layer5_out_read_1' <Predicate = (!icmp_ln59)> <Delay = 3.54> <CoreInst = "FIFO">   --->   Core 77 'FIFO' <Latency = 0> <II = 1> <Delay = 3.54> <Storage> <Opcode : 'read' 'write' 'nbread' 'nbwrite'> <Ports = 0> <Width = 240> <Depth = 250> <FIFO>

State 4 <SV = 3> <Delay = 3.59>
ST_4 : Operation 45 [1/1] (3.59ns)   --->   "%write_ln26 = write void @_ssdm_op_Write.ap_fifo.volatile.i240P0A, i240 %layer14_out, i240 %layer5_out_read_1" [firmware/nnet_utils/nnet_padding_stream.h:26->firmware/nnet_utils/nnet_padding_stream.h:66]   --->   Operation 45 'write' 'write_ln26' <Predicate = (!icmp_ln59)> <Delay = 3.59> <CoreInst = "FIFO">   --->   Core 77 'FIFO' <Latency = 0> <II = 1> <Delay = 3.59> <Storage> <Opcode : 'read' 'write' 'nbread' 'nbwrite'> <Ports = 0> <Width = 240> <Depth = 324> <FIFO>
ST_4 : Operation 46 [1/1] (3.54ns)   --->   "%layer5_out_read_2 = read i240 @_ssdm_op_Read.ap_fifo.volatile.i240P0A, i240 %layer5_out" [firmware/nnet_utils/nnet_padding_stream.h:20->firmware/nnet_utils/nnet_padding_stream.h:66]   --->   Operation 46 'read' 'layer5_out_read_2' <Predicate = (!icmp_ln59)> <Delay = 3.54> <CoreInst = "FIFO">   --->   Core 77 'FIFO' <Latency = 0> <II = 1> <Delay = 3.54> <Storage> <Opcode : 'read' 'write' 'nbread' 'nbwrite'> <Ports = 0> <Width = 240> <Depth = 250> <FIFO>

State 5 <SV = 4> <Delay = 3.59>
ST_5 : Operation 47 [1/1] (3.59ns)   --->   "%write_ln26 = write void @_ssdm_op_Write.ap_fifo.volatile.i240P0A, i240 %layer14_out, i240 %layer5_out_read_2" [firmware/nnet_utils/nnet_padding_stream.h:26->firmware/nnet_utils/nnet_padding_stream.h:66]   --->   Operation 47 'write' 'write_ln26' <Predicate = (!icmp_ln59)> <Delay = 3.59> <CoreInst = "FIFO">   --->   Core 77 'FIFO' <Latency = 0> <II = 1> <Delay = 3.59> <Storage> <Opcode : 'read' 'write' 'nbread' 'nbwrite'> <Ports = 0> <Width = 240> <Depth = 324> <FIFO>
ST_5 : Operation 48 [1/1] (3.54ns)   --->   "%layer5_out_read_3 = read i240 @_ssdm_op_Read.ap_fifo.volatile.i240P0A, i240 %layer5_out" [firmware/nnet_utils/nnet_padding_stream.h:20->firmware/nnet_utils/nnet_padding_stream.h:66]   --->   Operation 48 'read' 'layer5_out_read_3' <Predicate = (!icmp_ln59)> <Delay = 3.54> <CoreInst = "FIFO">   --->   Core 77 'FIFO' <Latency = 0> <II = 1> <Delay = 3.54> <Storage> <Opcode : 'read' 'write' 'nbread' 'nbwrite'> <Ports = 0> <Width = 240> <Depth = 250> <FIFO>

State 6 <SV = 5> <Delay = 3.59>
ST_6 : Operation 49 [1/1] (3.59ns)   --->   "%write_ln26 = write void @_ssdm_op_Write.ap_fifo.volatile.i240P0A, i240 %layer14_out, i240 %layer5_out_read_3" [firmware/nnet_utils/nnet_padding_stream.h:26->firmware/nnet_utils/nnet_padding_stream.h:66]   --->   Operation 49 'write' 'write_ln26' <Predicate = (!icmp_ln59)> <Delay = 3.59> <CoreInst = "FIFO">   --->   Core 77 'FIFO' <Latency = 0> <II = 1> <Delay = 3.59> <Storage> <Opcode : 'read' 'write' 'nbread' 'nbwrite'> <Ports = 0> <Width = 240> <Depth = 324> <FIFO>
ST_6 : Operation 50 [1/1] (3.54ns)   --->   "%layer5_out_read_4 = read i240 @_ssdm_op_Read.ap_fifo.volatile.i240P0A, i240 %layer5_out" [firmware/nnet_utils/nnet_padding_stream.h:20->firmware/nnet_utils/nnet_padding_stream.h:66]   --->   Operation 50 'read' 'layer5_out_read_4' <Predicate = (!icmp_ln59)> <Delay = 3.54> <CoreInst = "FIFO">   --->   Core 77 'FIFO' <Latency = 0> <II = 1> <Delay = 3.54> <Storage> <Opcode : 'read' 'write' 'nbread' 'nbwrite'> <Ports = 0> <Width = 240> <Depth = 250> <FIFO>

State 7 <SV = 6> <Delay = 3.59>
ST_7 : Operation 51 [1/1] (3.59ns)   --->   "%write_ln26 = write void @_ssdm_op_Write.ap_fifo.volatile.i240P0A, i240 %layer14_out, i240 %layer5_out_read_4" [firmware/nnet_utils/nnet_padding_stream.h:26->firmware/nnet_utils/nnet_padding_stream.h:66]   --->   Operation 51 'write' 'write_ln26' <Predicate = (!icmp_ln59)> <Delay = 3.59> <CoreInst = "FIFO">   --->   Core 77 'FIFO' <Latency = 0> <II = 1> <Delay = 3.59> <Storage> <Opcode : 'read' 'write' 'nbread' 'nbwrite'> <Ports = 0> <Width = 240> <Depth = 324> <FIFO>
ST_7 : Operation 52 [1/1] (3.54ns)   --->   "%layer5_out_read_5 = read i240 @_ssdm_op_Read.ap_fifo.volatile.i240P0A, i240 %layer5_out" [firmware/nnet_utils/nnet_padding_stream.h:20->firmware/nnet_utils/nnet_padding_stream.h:66]   --->   Operation 52 'read' 'layer5_out_read_5' <Predicate = (!icmp_ln59)> <Delay = 3.54> <CoreInst = "FIFO">   --->   Core 77 'FIFO' <Latency = 0> <II = 1> <Delay = 3.54> <Storage> <Opcode : 'read' 'write' 'nbread' 'nbwrite'> <Ports = 0> <Width = 240> <Depth = 250> <FIFO>

State 8 <SV = 7> <Delay = 3.59>
ST_8 : Operation 53 [1/1] (3.59ns)   --->   "%write_ln26 = write void @_ssdm_op_Write.ap_fifo.volatile.i240P0A, i240 %layer14_out, i240 %layer5_out_read_5" [firmware/nnet_utils/nnet_padding_stream.h:26->firmware/nnet_utils/nnet_padding_stream.h:66]   --->   Operation 53 'write' 'write_ln26' <Predicate = (!icmp_ln59)> <Delay = 3.59> <CoreInst = "FIFO">   --->   Core 77 'FIFO' <Latency = 0> <II = 1> <Delay = 3.59> <Storage> <Opcode : 'read' 'write' 'nbread' 'nbwrite'> <Ports = 0> <Width = 240> <Depth = 324> <FIFO>
ST_8 : Operation 54 [1/1] (3.54ns)   --->   "%layer5_out_read_6 = read i240 @_ssdm_op_Read.ap_fifo.volatile.i240P0A, i240 %layer5_out" [firmware/nnet_utils/nnet_padding_stream.h:20->firmware/nnet_utils/nnet_padding_stream.h:66]   --->   Operation 54 'read' 'layer5_out_read_6' <Predicate = (!icmp_ln59)> <Delay = 3.54> <CoreInst = "FIFO">   --->   Core 77 'FIFO' <Latency = 0> <II = 1> <Delay = 3.54> <Storage> <Opcode : 'read' 'write' 'nbread' 'nbwrite'> <Ports = 0> <Width = 240> <Depth = 250> <FIFO>

State 9 <SV = 8> <Delay = 3.59>
ST_9 : Operation 55 [1/1] (3.59ns)   --->   "%write_ln26 = write void @_ssdm_op_Write.ap_fifo.volatile.i240P0A, i240 %layer14_out, i240 %layer5_out_read_6" [firmware/nnet_utils/nnet_padding_stream.h:26->firmware/nnet_utils/nnet_padding_stream.h:66]   --->   Operation 55 'write' 'write_ln26' <Predicate = (!icmp_ln59)> <Delay = 3.59> <CoreInst = "FIFO">   --->   Core 77 'FIFO' <Latency = 0> <II = 1> <Delay = 3.59> <Storage> <Opcode : 'read' 'write' 'nbread' 'nbwrite'> <Ports = 0> <Width = 240> <Depth = 324> <FIFO>
ST_9 : Operation 56 [1/1] (3.54ns)   --->   "%layer5_out_read_7 = read i240 @_ssdm_op_Read.ap_fifo.volatile.i240P0A, i240 %layer5_out" [firmware/nnet_utils/nnet_padding_stream.h:20->firmware/nnet_utils/nnet_padding_stream.h:66]   --->   Operation 56 'read' 'layer5_out_read_7' <Predicate = (!icmp_ln59)> <Delay = 3.54> <CoreInst = "FIFO">   --->   Core 77 'FIFO' <Latency = 0> <II = 1> <Delay = 3.54> <Storage> <Opcode : 'read' 'write' 'nbread' 'nbwrite'> <Ports = 0> <Width = 240> <Depth = 250> <FIFO>

State 10 <SV = 9> <Delay = 3.59>
ST_10 : Operation 57 [1/1] (3.59ns)   --->   "%write_ln26 = write void @_ssdm_op_Write.ap_fifo.volatile.i240P0A, i240 %layer14_out, i240 %layer5_out_read_7" [firmware/nnet_utils/nnet_padding_stream.h:26->firmware/nnet_utils/nnet_padding_stream.h:66]   --->   Operation 57 'write' 'write_ln26' <Predicate = (!icmp_ln59)> <Delay = 3.59> <CoreInst = "FIFO">   --->   Core 77 'FIFO' <Latency = 0> <II = 1> <Delay = 3.59> <Storage> <Opcode : 'read' 'write' 'nbread' 'nbwrite'> <Ports = 0> <Width = 240> <Depth = 324> <FIFO>
ST_10 : Operation 58 [1/1] (3.54ns)   --->   "%layer5_out_read_8 = read i240 @_ssdm_op_Read.ap_fifo.volatile.i240P0A, i240 %layer5_out" [firmware/nnet_utils/nnet_padding_stream.h:20->firmware/nnet_utils/nnet_padding_stream.h:66]   --->   Operation 58 'read' 'layer5_out_read_8' <Predicate = (!icmp_ln59)> <Delay = 3.54> <CoreInst = "FIFO">   --->   Core 77 'FIFO' <Latency = 0> <II = 1> <Delay = 3.54> <Storage> <Opcode : 'read' 'write' 'nbread' 'nbwrite'> <Ports = 0> <Width = 240> <Depth = 250> <FIFO>

State 11 <SV = 10> <Delay = 3.59>
ST_11 : Operation 59 [1/1] (3.59ns)   --->   "%write_ln26 = write void @_ssdm_op_Write.ap_fifo.volatile.i240P0A, i240 %layer14_out, i240 %layer5_out_read_8" [firmware/nnet_utils/nnet_padding_stream.h:26->firmware/nnet_utils/nnet_padding_stream.h:66]   --->   Operation 59 'write' 'write_ln26' <Predicate = (!icmp_ln59)> <Delay = 3.59> <CoreInst = "FIFO">   --->   Core 77 'FIFO' <Latency = 0> <II = 1> <Delay = 3.59> <Storage> <Opcode : 'read' 'write' 'nbread' 'nbwrite'> <Ports = 0> <Width = 240> <Depth = 324> <FIFO>
ST_11 : Operation 60 [1/1] (3.54ns)   --->   "%layer5_out_read_9 = read i240 @_ssdm_op_Read.ap_fifo.volatile.i240P0A, i240 %layer5_out" [firmware/nnet_utils/nnet_padding_stream.h:20->firmware/nnet_utils/nnet_padding_stream.h:66]   --->   Operation 60 'read' 'layer5_out_read_9' <Predicate = (!icmp_ln59)> <Delay = 3.54> <CoreInst = "FIFO">   --->   Core 77 'FIFO' <Latency = 0> <II = 1> <Delay = 3.54> <Storage> <Opcode : 'read' 'write' 'nbread' 'nbwrite'> <Ports = 0> <Width = 240> <Depth = 250> <FIFO>

State 12 <SV = 11> <Delay = 3.59>
ST_12 : Operation 61 [1/1] (3.59ns)   --->   "%write_ln26 = write void @_ssdm_op_Write.ap_fifo.volatile.i240P0A, i240 %layer14_out, i240 %layer5_out_read_9" [firmware/nnet_utils/nnet_padding_stream.h:26->firmware/nnet_utils/nnet_padding_stream.h:66]   --->   Operation 61 'write' 'write_ln26' <Predicate = (!icmp_ln59)> <Delay = 3.59> <CoreInst = "FIFO">   --->   Core 77 'FIFO' <Latency = 0> <II = 1> <Delay = 3.59> <Storage> <Opcode : 'read' 'write' 'nbread' 'nbwrite'> <Ports = 0> <Width = 240> <Depth = 324> <FIFO>
ST_12 : Operation 62 [1/1] (3.54ns)   --->   "%layer5_out_read_10 = read i240 @_ssdm_op_Read.ap_fifo.volatile.i240P0A, i240 %layer5_out" [firmware/nnet_utils/nnet_padding_stream.h:20->firmware/nnet_utils/nnet_padding_stream.h:66]   --->   Operation 62 'read' 'layer5_out_read_10' <Predicate = (!icmp_ln59)> <Delay = 3.54> <CoreInst = "FIFO">   --->   Core 77 'FIFO' <Latency = 0> <II = 1> <Delay = 3.54> <Storage> <Opcode : 'read' 'write' 'nbread' 'nbwrite'> <Ports = 0> <Width = 240> <Depth = 250> <FIFO>

State 13 <SV = 12> <Delay = 3.59>
ST_13 : Operation 63 [1/1] (3.59ns)   --->   "%write_ln26 = write void @_ssdm_op_Write.ap_fifo.volatile.i240P0A, i240 %layer14_out, i240 %layer5_out_read_10" [firmware/nnet_utils/nnet_padding_stream.h:26->firmware/nnet_utils/nnet_padding_stream.h:66]   --->   Operation 63 'write' 'write_ln26' <Predicate = (!icmp_ln59)> <Delay = 3.59> <CoreInst = "FIFO">   --->   Core 77 'FIFO' <Latency = 0> <II = 1> <Delay = 3.59> <Storage> <Opcode : 'read' 'write' 'nbread' 'nbwrite'> <Ports = 0> <Width = 240> <Depth = 324> <FIFO>
ST_13 : Operation 64 [1/1] (3.54ns)   --->   "%layer5_out_read_11 = read i240 @_ssdm_op_Read.ap_fifo.volatile.i240P0A, i240 %layer5_out" [firmware/nnet_utils/nnet_padding_stream.h:20->firmware/nnet_utils/nnet_padding_stream.h:66]   --->   Operation 64 'read' 'layer5_out_read_11' <Predicate = (!icmp_ln59)> <Delay = 3.54> <CoreInst = "FIFO">   --->   Core 77 'FIFO' <Latency = 0> <II = 1> <Delay = 3.54> <Storage> <Opcode : 'read' 'write' 'nbread' 'nbwrite'> <Ports = 0> <Width = 240> <Depth = 250> <FIFO>

State 14 <SV = 13> <Delay = 3.59>
ST_14 : Operation 65 [1/1] (3.59ns)   --->   "%write_ln26 = write void @_ssdm_op_Write.ap_fifo.volatile.i240P0A, i240 %layer14_out, i240 %layer5_out_read_11" [firmware/nnet_utils/nnet_padding_stream.h:26->firmware/nnet_utils/nnet_padding_stream.h:66]   --->   Operation 65 'write' 'write_ln26' <Predicate = (!icmp_ln59)> <Delay = 3.59> <CoreInst = "FIFO">   --->   Core 77 'FIFO' <Latency = 0> <II = 1> <Delay = 3.59> <Storage> <Opcode : 'read' 'write' 'nbread' 'nbwrite'> <Ports = 0> <Width = 240> <Depth = 324> <FIFO>
ST_14 : Operation 66 [1/1] (3.54ns)   --->   "%layer5_out_read_12 = read i240 @_ssdm_op_Read.ap_fifo.volatile.i240P0A, i240 %layer5_out" [firmware/nnet_utils/nnet_padding_stream.h:20->firmware/nnet_utils/nnet_padding_stream.h:66]   --->   Operation 66 'read' 'layer5_out_read_12' <Predicate = (!icmp_ln59)> <Delay = 3.54> <CoreInst = "FIFO">   --->   Core 77 'FIFO' <Latency = 0> <II = 1> <Delay = 3.54> <Storage> <Opcode : 'read' 'write' 'nbread' 'nbwrite'> <Ports = 0> <Width = 240> <Depth = 250> <FIFO>

State 15 <SV = 14> <Delay = 3.59>
ST_15 : Operation 67 [1/1] (3.59ns)   --->   "%write_ln26 = write void @_ssdm_op_Write.ap_fifo.volatile.i240P0A, i240 %layer14_out, i240 %layer5_out_read_12" [firmware/nnet_utils/nnet_padding_stream.h:26->firmware/nnet_utils/nnet_padding_stream.h:66]   --->   Operation 67 'write' 'write_ln26' <Predicate = (!icmp_ln59)> <Delay = 3.59> <CoreInst = "FIFO">   --->   Core 77 'FIFO' <Latency = 0> <II = 1> <Delay = 3.59> <Storage> <Opcode : 'read' 'write' 'nbread' 'nbwrite'> <Ports = 0> <Width = 240> <Depth = 324> <FIFO>
ST_15 : Operation 68 [1/1] (3.54ns)   --->   "%layer5_out_read_13 = read i240 @_ssdm_op_Read.ap_fifo.volatile.i240P0A, i240 %layer5_out" [firmware/nnet_utils/nnet_padding_stream.h:20->firmware/nnet_utils/nnet_padding_stream.h:66]   --->   Operation 68 'read' 'layer5_out_read_13' <Predicate = (!icmp_ln59)> <Delay = 3.54> <CoreInst = "FIFO">   --->   Core 77 'FIFO' <Latency = 0> <II = 1> <Delay = 3.54> <Storage> <Opcode : 'read' 'write' 'nbread' 'nbwrite'> <Ports = 0> <Width = 240> <Depth = 250> <FIFO>

State 16 <SV = 15> <Delay = 3.59>
ST_16 : Operation 69 [1/1] (3.59ns)   --->   "%write_ln26 = write void @_ssdm_op_Write.ap_fifo.volatile.i240P0A, i240 %layer14_out, i240 %layer5_out_read_13" [firmware/nnet_utils/nnet_padding_stream.h:26->firmware/nnet_utils/nnet_padding_stream.h:66]   --->   Operation 69 'write' 'write_ln26' <Predicate = (!icmp_ln59)> <Delay = 3.59> <CoreInst = "FIFO">   --->   Core 77 'FIFO' <Latency = 0> <II = 1> <Delay = 3.59> <Storage> <Opcode : 'read' 'write' 'nbread' 'nbwrite'> <Ports = 0> <Width = 240> <Depth = 324> <FIFO>
ST_16 : Operation 70 [1/1] (3.54ns)   --->   "%layer5_out_read_14 = read i240 @_ssdm_op_Read.ap_fifo.volatile.i240P0A, i240 %layer5_out" [firmware/nnet_utils/nnet_padding_stream.h:20->firmware/nnet_utils/nnet_padding_stream.h:66]   --->   Operation 70 'read' 'layer5_out_read_14' <Predicate = (!icmp_ln59)> <Delay = 3.54> <CoreInst = "FIFO">   --->   Core 77 'FIFO' <Latency = 0> <II = 1> <Delay = 3.54> <Storage> <Opcode : 'read' 'write' 'nbread' 'nbwrite'> <Ports = 0> <Width = 240> <Depth = 250> <FIFO>

State 17 <SV = 16> <Delay = 3.59>
ST_17 : Operation 71 [1/1] (3.59ns)   --->   "%write_ln26 = write void @_ssdm_op_Write.ap_fifo.volatile.i240P0A, i240 %layer14_out, i240 %layer5_out_read_14" [firmware/nnet_utils/nnet_padding_stream.h:26->firmware/nnet_utils/nnet_padding_stream.h:66]   --->   Operation 71 'write' 'write_ln26' <Predicate = (!icmp_ln59)> <Delay = 3.59> <CoreInst = "FIFO">   --->   Core 77 'FIFO' <Latency = 0> <II = 1> <Delay = 3.59> <Storage> <Opcode : 'read' 'write' 'nbread' 'nbwrite'> <Ports = 0> <Width = 240> <Depth = 324> <FIFO>
ST_17 : Operation 72 [1/1] (3.54ns)   --->   "%layer5_out_read_15 = read i240 @_ssdm_op_Read.ap_fifo.volatile.i240P0A, i240 %layer5_out" [firmware/nnet_utils/nnet_padding_stream.h:20->firmware/nnet_utils/nnet_padding_stream.h:66]   --->   Operation 72 'read' 'layer5_out_read_15' <Predicate = (!icmp_ln59)> <Delay = 3.54> <CoreInst = "FIFO">   --->   Core 77 'FIFO' <Latency = 0> <II = 1> <Delay = 3.54> <Storage> <Opcode : 'read' 'write' 'nbread' 'nbwrite'> <Ports = 0> <Width = 240> <Depth = 250> <FIFO>

State 18 <SV = 17> <Delay = 3.59>
ST_18 : Operation 73 [1/1] (3.59ns)   --->   "%write_ln26 = write void @_ssdm_op_Write.ap_fifo.volatile.i240P0A, i240 %layer14_out, i240 %layer5_out_read_15" [firmware/nnet_utils/nnet_padding_stream.h:26->firmware/nnet_utils/nnet_padding_stream.h:66]   --->   Operation 73 'write' 'write_ln26' <Predicate = (!icmp_ln59)> <Delay = 3.59> <CoreInst = "FIFO">   --->   Core 77 'FIFO' <Latency = 0> <II = 1> <Delay = 3.59> <Storage> <Opcode : 'read' 'write' 'nbread' 'nbwrite'> <Ports = 0> <Width = 240> <Depth = 324> <FIFO>
ST_18 : Operation 74 [1/1] (3.54ns)   --->   "%layer5_out_read_16 = read i240 @_ssdm_op_Read.ap_fifo.volatile.i240P0A, i240 %layer5_out" [firmware/nnet_utils/nnet_padding_stream.h:20->firmware/nnet_utils/nnet_padding_stream.h:66]   --->   Operation 74 'read' 'layer5_out_read_16' <Predicate = (!icmp_ln59)> <Delay = 3.54> <CoreInst = "FIFO">   --->   Core 77 'FIFO' <Latency = 0> <II = 1> <Delay = 3.54> <Storage> <Opcode : 'read' 'write' 'nbread' 'nbwrite'> <Ports = 0> <Width = 240> <Depth = 250> <FIFO>

State 19 <SV = 18> <Delay = 3.59>
ST_19 : Operation 75 [1/1] (3.59ns)   --->   "%write_ln26 = write void @_ssdm_op_Write.ap_fifo.volatile.i240P0A, i240 %layer14_out, i240 %layer5_out_read_16" [firmware/nnet_utils/nnet_padding_stream.h:26->firmware/nnet_utils/nnet_padding_stream.h:66]   --->   Operation 75 'write' 'write_ln26' <Predicate = (!icmp_ln59)> <Delay = 3.59> <CoreInst = "FIFO">   --->   Core 77 'FIFO' <Latency = 0> <II = 1> <Delay = 3.59> <Storage> <Opcode : 'read' 'write' 'nbread' 'nbwrite'> <Ports = 0> <Width = 240> <Depth = 324> <FIFO>
ST_19 : Operation 76 [1/1] (3.54ns)   --->   "%layer5_out_read_17 = read i240 @_ssdm_op_Read.ap_fifo.volatile.i240P0A, i240 %layer5_out" [firmware/nnet_utils/nnet_padding_stream.h:20->firmware/nnet_utils/nnet_padding_stream.h:66]   --->   Operation 76 'read' 'layer5_out_read_17' <Predicate = (!icmp_ln59)> <Delay = 3.54> <CoreInst = "FIFO">   --->   Core 77 'FIFO' <Latency = 0> <II = 1> <Delay = 3.54> <Storage> <Opcode : 'read' 'write' 'nbread' 'nbwrite'> <Ports = 0> <Width = 240> <Depth = 250> <FIFO>

State 20 <SV = 19> <Delay = 3.59>
ST_20 : Operation 77 [1/1] (3.59ns)   --->   "%write_ln26 = write void @_ssdm_op_Write.ap_fifo.volatile.i240P0A, i240 %layer14_out, i240 %layer5_out_read_17" [firmware/nnet_utils/nnet_padding_stream.h:26->firmware/nnet_utils/nnet_padding_stream.h:66]   --->   Operation 77 'write' 'write_ln26' <Predicate = (!icmp_ln59)> <Delay = 3.59> <CoreInst = "FIFO">   --->   Core 77 'FIFO' <Latency = 0> <II = 1> <Delay = 3.59> <Storage> <Opcode : 'read' 'write' 'nbread' 'nbwrite'> <Ports = 0> <Width = 240> <Depth = 324> <FIFO>
ST_20 : Operation 78 [1/1] (3.54ns)   --->   "%layer5_out_read_18 = read i240 @_ssdm_op_Read.ap_fifo.volatile.i240P0A, i240 %layer5_out" [firmware/nnet_utils/nnet_padding_stream.h:20->firmware/nnet_utils/nnet_padding_stream.h:66]   --->   Operation 78 'read' 'layer5_out_read_18' <Predicate = (!icmp_ln59)> <Delay = 3.54> <CoreInst = "FIFO">   --->   Core 77 'FIFO' <Latency = 0> <II = 1> <Delay = 3.54> <Storage> <Opcode : 'read' 'write' 'nbread' 'nbwrite'> <Ports = 0> <Width = 240> <Depth = 250> <FIFO>

State 21 <SV = 20> <Delay = 3.59>
ST_21 : Operation 79 [1/1] (3.59ns)   --->   "%write_ln26 = write void @_ssdm_op_Write.ap_fifo.volatile.i240P0A, i240 %layer14_out, i240 %layer5_out_read_18" [firmware/nnet_utils/nnet_padding_stream.h:26->firmware/nnet_utils/nnet_padding_stream.h:66]   --->   Operation 79 'write' 'write_ln26' <Predicate = (!icmp_ln59)> <Delay = 3.59> <CoreInst = "FIFO">   --->   Core 77 'FIFO' <Latency = 0> <II = 1> <Delay = 3.59> <Storage> <Opcode : 'read' 'write' 'nbread' 'nbwrite'> <Ports = 0> <Width = 240> <Depth = 324> <FIFO>
ST_21 : Operation 80 [1/1] (3.54ns)   --->   "%layer5_out_read_19 = read i240 @_ssdm_op_Read.ap_fifo.volatile.i240P0A, i240 %layer5_out" [firmware/nnet_utils/nnet_padding_stream.h:20->firmware/nnet_utils/nnet_padding_stream.h:66]   --->   Operation 80 'read' 'layer5_out_read_19' <Predicate = (!icmp_ln59)> <Delay = 3.54> <CoreInst = "FIFO">   --->   Core 77 'FIFO' <Latency = 0> <II = 1> <Delay = 3.54> <Storage> <Opcode : 'read' 'write' 'nbread' 'nbwrite'> <Ports = 0> <Width = 240> <Depth = 250> <FIFO>

State 22 <SV = 21> <Delay = 3.59>
ST_22 : Operation 81 [1/1] (3.59ns)   --->   "%write_ln26 = write void @_ssdm_op_Write.ap_fifo.volatile.i240P0A, i240 %layer14_out, i240 %layer5_out_read_19" [firmware/nnet_utils/nnet_padding_stream.h:26->firmware/nnet_utils/nnet_padding_stream.h:66]   --->   Operation 81 'write' 'write_ln26' <Predicate = (!icmp_ln59)> <Delay = 3.59> <CoreInst = "FIFO">   --->   Core 77 'FIFO' <Latency = 0> <II = 1> <Delay = 3.59> <Storage> <Opcode : 'read' 'write' 'nbread' 'nbwrite'> <Ports = 0> <Width = 240> <Depth = 324> <FIFO>
ST_22 : Operation 82 [1/1] (3.54ns)   --->   "%layer5_out_read_20 = read i240 @_ssdm_op_Read.ap_fifo.volatile.i240P0A, i240 %layer5_out" [firmware/nnet_utils/nnet_padding_stream.h:20->firmware/nnet_utils/nnet_padding_stream.h:66]   --->   Operation 82 'read' 'layer5_out_read_20' <Predicate = (!icmp_ln59)> <Delay = 3.54> <CoreInst = "FIFO">   --->   Core 77 'FIFO' <Latency = 0> <II = 1> <Delay = 3.54> <Storage> <Opcode : 'read' 'write' 'nbread' 'nbwrite'> <Ports = 0> <Width = 240> <Depth = 250> <FIFO>

State 23 <SV = 22> <Delay = 3.59>
ST_23 : Operation 83 [1/1] (3.59ns)   --->   "%write_ln26 = write void @_ssdm_op_Write.ap_fifo.volatile.i240P0A, i240 %layer14_out, i240 %layer5_out_read_20" [firmware/nnet_utils/nnet_padding_stream.h:26->firmware/nnet_utils/nnet_padding_stream.h:66]   --->   Operation 83 'write' 'write_ln26' <Predicate = (!icmp_ln59)> <Delay = 3.59> <CoreInst = "FIFO">   --->   Core 77 'FIFO' <Latency = 0> <II = 1> <Delay = 3.59> <Storage> <Opcode : 'read' 'write' 'nbread' 'nbwrite'> <Ports = 0> <Width = 240> <Depth = 324> <FIFO>
ST_23 : Operation 84 [1/1] (3.54ns)   --->   "%layer5_out_read_21 = read i240 @_ssdm_op_Read.ap_fifo.volatile.i240P0A, i240 %layer5_out" [firmware/nnet_utils/nnet_padding_stream.h:20->firmware/nnet_utils/nnet_padding_stream.h:66]   --->   Operation 84 'read' 'layer5_out_read_21' <Predicate = (!icmp_ln59)> <Delay = 3.54> <CoreInst = "FIFO">   --->   Core 77 'FIFO' <Latency = 0> <II = 1> <Delay = 3.54> <Storage> <Opcode : 'read' 'write' 'nbread' 'nbwrite'> <Ports = 0> <Width = 240> <Depth = 250> <FIFO>

State 24 <SV = 23> <Delay = 3.59>
ST_24 : Operation 85 [1/1] (3.59ns)   --->   "%write_ln26 = write void @_ssdm_op_Write.ap_fifo.volatile.i240P0A, i240 %layer14_out, i240 %layer5_out_read_21" [firmware/nnet_utils/nnet_padding_stream.h:26->firmware/nnet_utils/nnet_padding_stream.h:66]   --->   Operation 85 'write' 'write_ln26' <Predicate = (!icmp_ln59)> <Delay = 3.59> <CoreInst = "FIFO">   --->   Core 77 'FIFO' <Latency = 0> <II = 1> <Delay = 3.59> <Storage> <Opcode : 'read' 'write' 'nbread' 'nbwrite'> <Ports = 0> <Width = 240> <Depth = 324> <FIFO>
ST_24 : Operation 86 [1/1] (3.54ns)   --->   "%layer5_out_read_22 = read i240 @_ssdm_op_Read.ap_fifo.volatile.i240P0A, i240 %layer5_out" [firmware/nnet_utils/nnet_padding_stream.h:20->firmware/nnet_utils/nnet_padding_stream.h:66]   --->   Operation 86 'read' 'layer5_out_read_22' <Predicate = (!icmp_ln59)> <Delay = 3.54> <CoreInst = "FIFO">   --->   Core 77 'FIFO' <Latency = 0> <II = 1> <Delay = 3.54> <Storage> <Opcode : 'read' 'write' 'nbread' 'nbwrite'> <Ports = 0> <Width = 240> <Depth = 250> <FIFO>

State 25 <SV = 24> <Delay = 3.59>
ST_25 : Operation 87 [1/1] (3.59ns)   --->   "%write_ln26 = write void @_ssdm_op_Write.ap_fifo.volatile.i240P0A, i240 %layer14_out, i240 %layer5_out_read_22" [firmware/nnet_utils/nnet_padding_stream.h:26->firmware/nnet_utils/nnet_padding_stream.h:66]   --->   Operation 87 'write' 'write_ln26' <Predicate = (!icmp_ln59)> <Delay = 3.59> <CoreInst = "FIFO">   --->   Core 77 'FIFO' <Latency = 0> <II = 1> <Delay = 3.59> <Storage> <Opcode : 'read' 'write' 'nbread' 'nbwrite'> <Ports = 0> <Width = 240> <Depth = 324> <FIFO>
ST_25 : Operation 88 [1/1] (3.54ns)   --->   "%layer5_out_read_23 = read i240 @_ssdm_op_Read.ap_fifo.volatile.i240P0A, i240 %layer5_out" [firmware/nnet_utils/nnet_padding_stream.h:20->firmware/nnet_utils/nnet_padding_stream.h:66]   --->   Operation 88 'read' 'layer5_out_read_23' <Predicate = (!icmp_ln59)> <Delay = 3.54> <CoreInst = "FIFO">   --->   Core 77 'FIFO' <Latency = 0> <II = 1> <Delay = 3.54> <Storage> <Opcode : 'read' 'write' 'nbread' 'nbwrite'> <Ports = 0> <Width = 240> <Depth = 250> <FIFO>

State 26 <SV = 25> <Delay = 3.59>
ST_26 : Operation 89 [1/1] (3.59ns)   --->   "%write_ln26 = write void @_ssdm_op_Write.ap_fifo.volatile.i240P0A, i240 %layer14_out, i240 %layer5_out_read_23" [firmware/nnet_utils/nnet_padding_stream.h:26->firmware/nnet_utils/nnet_padding_stream.h:66]   --->   Operation 89 'write' 'write_ln26' <Predicate = (!icmp_ln59)> <Delay = 3.59> <CoreInst = "FIFO">   --->   Core 77 'FIFO' <Latency = 0> <II = 1> <Delay = 3.59> <Storage> <Opcode : 'read' 'write' 'nbread' 'nbwrite'> <Ports = 0> <Width = 240> <Depth = 324> <FIFO>
ST_26 : Operation 90 [1/1] (3.54ns)   --->   "%layer5_out_read_24 = read i240 @_ssdm_op_Read.ap_fifo.volatile.i240P0A, i240 %layer5_out" [firmware/nnet_utils/nnet_padding_stream.h:20->firmware/nnet_utils/nnet_padding_stream.h:66]   --->   Operation 90 'read' 'layer5_out_read_24' <Predicate = (!icmp_ln59)> <Delay = 3.54> <CoreInst = "FIFO">   --->   Core 77 'FIFO' <Latency = 0> <II = 1> <Delay = 3.54> <Storage> <Opcode : 'read' 'write' 'nbread' 'nbwrite'> <Ports = 0> <Width = 240> <Depth = 250> <FIFO>

State 27 <SV = 26> <Delay = 3.59>
ST_27 : Operation 91 [1/1] (3.59ns)   --->   "%write_ln26 = write void @_ssdm_op_Write.ap_fifo.volatile.i240P0A, i240 %layer14_out, i240 %layer5_out_read_24" [firmware/nnet_utils/nnet_padding_stream.h:26->firmware/nnet_utils/nnet_padding_stream.h:66]   --->   Operation 91 'write' 'write_ln26' <Predicate = (!icmp_ln59)> <Delay = 3.59> <CoreInst = "FIFO">   --->   Core 77 'FIFO' <Latency = 0> <II = 1> <Delay = 3.59> <Storage> <Opcode : 'read' 'write' 'nbread' 'nbwrite'> <Ports = 0> <Width = 240> <Depth = 324> <FIFO>

State 28 <SV = 27> <Delay = 3.59>
ST_28 : Operation 92 [1/1] (0.00ns)   --->   "%specpipeline_ln59 = specpipeline void @_ssdm_op_SpecPipeline, i32 4294967295, i32 0, i32 0, i32 0, void @empty_5" [firmware/nnet_utils/nnet_padding_stream.h:59]   --->   Operation 92 'specpipeline' 'specpipeline_ln59' <Predicate = true> <Delay = 0.00>
ST_28 : Operation 93 [1/1] (0.00ns)   --->   "%speclooptripcount_ln59 = speclooptripcount void @_ssdm_op_SpecLoopTripCount, i64 10, i64 10, i64 10" [firmware/nnet_utils/nnet_padding_stream.h:59]   --->   Operation 93 'speclooptripcount' 'speclooptripcount_ln59' <Predicate = true> <Delay = 0.00>
ST_28 : Operation 94 [1/1] (0.00ns)   --->   "%specloopname_ln59 = specloopname void @_ssdm_op_SpecLoopName, void @empty_11" [firmware/nnet_utils/nnet_padding_stream.h:59]   --->   Operation 94 'specloopname' 'specloopname_ln59' <Predicate = true> <Delay = 0.00>
ST_28 : Operation 95 [1/1] (3.59ns)   --->   "%write_ln15 = write void @_ssdm_op_Write.ap_fifo.volatile.i240P0A, i240 %layer14_out, i240 0" [firmware/nnet_utils/nnet_padding_stream.h:15->firmware/nnet_utils/nnet_padding_stream.h:70]   --->   Operation 95 'write' 'write_ln15' <Predicate = true> <Delay = 3.59> <CoreInst = "FIFO">   --->   Core 77 'FIFO' <Latency = 0> <II = 1> <Delay = 3.59> <Storage> <Opcode : 'read' 'write' 'nbread' 'nbwrite'> <Ports = 0> <Width = 240> <Depth = 324> <FIFO>
ST_28 : Operation 96 [1/1] (0.00ns)   --->   "%br_ln59 = br void %PadLeft" [firmware/nnet_utils/nnet_padding_stream.h:59]   --->   Operation 96 'br' 'br_ln59' <Predicate = true> <Delay = 0.00>


============================================================
+ Verbose Summary: Binding
============================================================
STG Binding: 
---------------- STG Properties BEGIN ----------------
- Is combinational: 0
- Is one-state seq: 0
- Is datapath-only: 0
- Is pipelined: 0
- Is top level: 0
Port [ Return ] is wired: 1; IO mode=ap_ctrl_hs:ce=0
Port [ layer14_out]:  wired=1; compound=1; hidden=0; nouse=0; global=0; static=0; extern=0; dir=1; type=3; pingpong=0; private_global=0; IO mode=ap_fifo:ce=0
Port [ layer5_out]:  wired=1; compound=1; hidden=0; nouse=0; global=0; static=0; extern=0; dir=0; type=3; pingpong=0; private_global=0; IO mode=ap_fifo:ce=0
---------------- STG Properties END ------------------

---------------- Datapath Model BEGIN ----------------

<LifeTime>
<method=bitvector/>
i                      (alloca           ) [ 01000000000000000000000000000]
specinterface_ln0      (specinterface    ) [ 00000000000000000000000000000]
specinterface_ln0      (specinterface    ) [ 00000000000000000000000000000]
store_ln59             (store            ) [ 00000000000000000000000000000]
br_ln59                (br               ) [ 00000000000000000000000000000]
i_3                    (load             ) [ 00000000000000000000000000000]
icmp_ln59              (icmp             ) [ 01111111111111111111111111110]
i_4                    (add              ) [ 00000000000000000000000000000]
br_ln59                (br               ) [ 00000000000000000000000000000]
store_ln59             (store            ) [ 00000000000000000000000000000]
write_ln15             (write            ) [ 00000000000000000000000000000]
layer5_out_read        (read             ) [ 00010000000000000000000000000]
write_ln26             (write            ) [ 00000000000000000000000000000]
layer5_out_read_1      (read             ) [ 00001000000000000000000000000]
write_ln26             (write            ) [ 00000000000000000000000000000]
layer5_out_read_2      (read             ) [ 00000100000000000000000000000]
write_ln26             (write            ) [ 00000000000000000000000000000]
layer5_out_read_3      (read             ) [ 00000010000000000000000000000]
write_ln26             (write            ) [ 00000000000000000000000000000]
layer5_out_read_4      (read             ) [ 00000001000000000000000000000]
write_ln26             (write            ) [ 00000000000000000000000000000]
layer5_out_read_5      (read             ) [ 00000000100000000000000000000]
write_ln26             (write            ) [ 00000000000000000000000000000]
layer5_out_read_6      (read             ) [ 00000000010000000000000000000]
write_ln26             (write            ) [ 00000000000000000000000000000]
layer5_out_read_7      (read             ) [ 00000000001000000000000000000]
write_ln26             (write            ) [ 00000000000000000000000000000]
layer5_out_read_8      (read             ) [ 00000000000100000000000000000]
write_ln26             (write            ) [ 00000000000000000000000000000]
layer5_out_read_9      (read             ) [ 00000000000010000000000000000]
write_ln26             (write            ) [ 00000000000000000000000000000]
layer5_out_read_10     (read             ) [ 00000000000001000000000000000]
write_ln26             (write            ) [ 00000000000000000000000000000]
layer5_out_read_11     (read             ) [ 00000000000000100000000000000]
write_ln26             (write            ) [ 00000000000000000000000000000]
layer5_out_read_12     (read             ) [ 00000000000000010000000000000]
write_ln26             (write            ) [ 00000000000000000000000000000]
layer5_out_read_13     (read             ) [ 00000000000000001000000000000]
write_ln26             (write            ) [ 00000000000000000000000000000]
layer5_out_read_14     (read             ) [ 00000000000000000100000000000]
write_ln26             (write            ) [ 00000000000000000000000000000]
layer5_out_read_15     (read             ) [ 00000000000000000010000000000]
write_ln26             (write            ) [ 00000000000000000000000000000]
layer5_out_read_16     (read             ) [ 00000000000000000001000000000]
write_ln26             (write            ) [ 00000000000000000000000000000]
layer5_out_read_17     (read             ) [ 00000000000000000000100000000]
write_ln26             (write            ) [ 00000000000000000000000000000]
layer5_out_read_18     (read             ) [ 00000000000000000000010000000]
write_ln26             (write            ) [ 00000000000000000000000000000]
layer5_out_read_19     (read             ) [ 00000000000000000000001000000]
write_ln26             (write            ) [ 00000000000000000000000000000]
layer5_out_read_20     (read             ) [ 00000000000000000000000100000]
write_ln26             (write            ) [ 00000000000000000000000000000]
layer5_out_read_21     (read             ) [ 00000000000000000000000010000]
write_ln26             (write            ) [ 00000000000000000000000000000]
layer5_out_read_22     (read             ) [ 00000000000000000000000001000]
write_ln26             (write            ) [ 00000000000000000000000000000]
layer5_out_read_23     (read             ) [ 00000000000000000000000000100]
write_ln26             (write            ) [ 00000000000000000000000000000]
layer5_out_read_24     (read             ) [ 00000000000000000000000000010]
write_ln26             (write            ) [ 00000000000000000000000000000]
specpipeline_ln59      (specpipeline     ) [ 00000000000000000000000000000]
speclooptripcount_ln59 (speclooptripcount) [ 00000000000000000000000000000]
specloopname_ln59      (specloopname     ) [ 00000000000000000000000000000]
write_ln15             (write            ) [ 00000000000000000000000000000]
br_ln59                (br               ) [ 00000000000000000000000000000]
ret_ln0                (ret              ) [ 00000000000000000000000000000]
</LifeTime>

<model>

<comp_list>
<comp id="0" class="1000" name="layer14_out">
<pin_list>
<pin id="1" dir="1" index="0" bw="1" slack="0"/>
</pin_list>
<bind>
<StgValue><ssdm name="layer14_out"/></StgValue>
</bind>
</comp>

<comp id="2" class="1000" name="layer5_out">
<pin_list>
<pin id="3" dir="1" index="0" bw="1" slack="0"/>
</pin_list>
<bind>
<StgValue><ssdm name="layer5_out"/></StgValue>
</bind>
</comp>

<comp id="4" class="1001" name="const_4">
<pin_list>
<pin id="5" dir="1" index="0" bw="1" slack="0"/>
</pin_list>
<bind>
<StgValue><ssdm name=""/></StgValue>
</bind>
</comp>

<comp id="6" class="1001" name="const_6">
<pin_list>
<pin id="7" dir="1" index="0" bw="1" slack="2147483647"/>
</pin_list>
<bind>
<StgValue><ssdm name="_ssdm_op_SpecInterface"/></StgValue>
</bind>
</comp>

<comp id="8" class="1001" name="const_8">
<pin_list>
<pin id="9" dir="1" index="0" bw="1" slack="2147483647"/>
</pin_list>
<bind>
<StgValue><ssdm name="empty_6"/></StgValue>
</bind>
</comp>

<comp id="10" class="1001" name="const_10">
<pin_list>
<pin id="11" dir="1" index="0" bw="1" slack="2147483647"/>
</pin_list>
<bind>
<StgValue><ssdm name=""/></StgValue>
</bind>
</comp>

<comp id="12" class="1001" name="const_12">
<pin_list>
<pin id="13" dir="1" index="0" bw="1" slack="2147483647"/>
</pin_list>
<bind>
<StgValue><ssdm name="empty_5"/></StgValue>
</bind>
</comp>

<comp id="14" class="1001" name="const_14">
<pin_list>
<pin id="15" dir="1" index="0" bw="1" slack="2147483647"/>
</pin_list>
<bind>
<StgValue><ssdm name=""/></StgValue>
</bind>
</comp>

<comp id="16" class="1001" name="const_16">
<pin_list>
<pin id="17" dir="1" index="0" bw="1" slack="0"/>
</pin_list>
<bind>
<StgValue><ssdm name=""/></StgValue>
</bind>
</comp>

<comp id="18" class="1001" name="const_18">
<pin_list>
<pin id="19" dir="1" index="0" bw="1" slack="0"/>
</pin_list>
<bind>
<StgValue><ssdm name=""/></StgValue>
</bind>
</comp>

<comp id="20" class="1001" name="const_20">
<pin_list>
<pin id="21" dir="1" index="0" bw="1" slack="0"/>
</pin_list>
<bind>
<StgValue><ssdm name=""/></StgValue>
</bind>
</comp>

<comp id="22" class="1001" name="const_22">
<pin_list>
<pin id="23" dir="1" index="0" bw="1" slack="0"/>
</pin_list>
<bind>
<StgValue><ssdm name="_ssdm_op_Write.ap_fifo.volatile.i240P0A"/></StgValue>
</bind>
</comp>

<comp id="24" class="1001" name="const_24">
<pin_list>
<pin id="25" dir="1" index="0" bw="1" slack="0"/>
</pin_list>
<bind>
<StgValue><ssdm name=""/></StgValue>
</bind>
</comp>

<comp id="26" class="1001" name="const_26">
<pin_list>
<pin id="27" dir="1" index="0" bw="1" slack="0"/>
</pin_list>
<bind>
<StgValue><ssdm name="_ssdm_op_Read.ap_fifo.volatile.i240P0A"/></StgValue>
</bind>
</comp>

<comp id="28" class="1001" name="const_28">
<pin_list>
<pin id="29" dir="1" index="0" bw="1" slack="2147483647"/>
</pin_list>
<bind>
<StgValue><ssdm name="_ssdm_op_SpecPipeline"/></StgValue>
</bind>
</comp>

<comp id="30" class="1001" name="const_30">
<pin_list>
<pin id="31" dir="1" index="0" bw="1" slack="2147483647"/>
</pin_list>
<bind>
<StgValue><ssdm name="_ssdm_op_SpecLoopTripCount"/></StgValue>
</bind>
</comp>

<comp id="32" class="1001" name="const_32">
<pin_list>
<pin id="33" dir="1" index="0" bw="1" slack="2147483647"/>
</pin_list>
<bind>
<StgValue><ssdm name=""/></StgValue>
</bind>
</comp>

<comp id="34" class="1001" name="const_34">
<pin_list>
<pin id="35" dir="1" index="0" bw="1" slack="2147483647"/>
</pin_list>
<bind>
<StgValue><ssdm name="_ssdm_op_SpecLoopName"/></StgValue>
</bind>
</comp>

<comp id="36" class="1001" name="const_36">
<pin_list>
<pin id="37" dir="1" index="0" bw="1" slack="2147483647"/>
</pin_list>
<bind>
<StgValue><ssdm name="empty_11"/></StgValue>
</bind>
</comp>

<comp id="38" class="1004" name="i_fu_38">
<pin_list>
<pin id="39" dir="0" index="0" bw="1" slack="0"/>
<pin id="40" dir="1" index="1" bw="4" slack="0"/>
</pin_list>
<bind>
<opcode="alloca(26) " fcode="alloca"/>
<opset="i/1 "/>
</bind>
</comp>

<comp id="42" class="1004" name="grp_write_fu_42">
<pin_list>
<pin id="43" dir="0" index="0" bw="0" slack="0"/>
<pin id="44" dir="0" index="1" bw="240" slack="0"/>
<pin id="45" dir="0" index="2" bw="240" slack="0"/>
<pin id="46" dir="1" index="3" bw="0" slack="2147483647"/>
</pin_list>
<bind>
<opcode="write(1151) " fcode="write"/>
<opset="write_ln15/2 write_ln26/3 write_ln26/4 write_ln26/5 write_ln26/6 write_ln26/7 write_ln26/8 write_ln26/9 write_ln26/10 write_ln26/11 write_ln26/12 write_ln26/13 write_ln26/14 write_ln26/15 write_ln26/16 write_ln26/17 write_ln26/18 write_ln26/19 write_ln26/20 write_ln26/21 write_ln26/22 write_ln26/23 write_ln26/24 write_ln26/25 write_ln26/26 write_ln26/27 write_ln15/28 "/>
</bind>
</comp>

<comp id="50" class="1004" name="grp_read_fu_50">
<pin_list>
<pin id="51" dir="0" index="0" bw="240" slack="0"/>
<pin id="52" dir="0" index="1" bw="240" slack="0"/>
<pin id="53" dir="1" index="2" bw="240" slack="1"/>
</pin_list>
<bind>
<opcode="read(1150) " fcode="read"/>
<opset="layer5_out_read/2 layer5_out_read_1/3 layer5_out_read_2/4 layer5_out_read_3/5 layer5_out_read_4/6 layer5_out_read_5/7 layer5_out_read_6/8 layer5_out_read_7/9 layer5_out_read_8/10 layer5_out_read_9/11 layer5_out_read_10/12 layer5_out_read_11/13 layer5_out_read_12/14 layer5_out_read_13/15 layer5_out_read_14/16 layer5_out_read_15/17 layer5_out_read_16/18 layer5_out_read_17/19 layer5_out_read_18/20 layer5_out_read_19/21 layer5_out_read_20/22 layer5_out_read_21/23 layer5_out_read_22/24 layer5_out_read_23/25 layer5_out_read_24/26 "/>
</bind>
</comp>

<comp id="56" class="1005" name="reg_56">
<pin_list>
<pin id="57" dir="0" index="0" bw="240" slack="1"/>
<pin id="58" dir="1" index="1" bw="240" slack="1"/>
</pin_list>
<bind>
<opset="layer5_out_read layer5_out_read_1 layer5_out_read_2 layer5_out_read_3 layer5_out_read_4 layer5_out_read_5 layer5_out_read_6 layer5_out_read_7 layer5_out_read_8 layer5_out_read_9 layer5_out_read_10 layer5_out_read_11 layer5_out_read_12 layer5_out_read_13 layer5_out_read_14 layer5_out_read_15 layer5_out_read_16 layer5_out_read_17 layer5_out_read_18 layer5_out_read_19 layer5_out_read_20 layer5_out_read_21 layer5_out_read_22 layer5_out_read_23 layer5_out_read_24 "/>
</bind>
</comp>

<comp id="61" class="1004" name="store_ln59_store_fu_61">
<pin_list>
<pin id="62" dir="0" index="0" bw="1" slack="0"/>
<pin id="63" dir="0" index="1" bw="4" slack="0"/>
<pin id="64" dir="1" index="2" bw="0" slack="2147483647"/>
</pin_list>
<bind>
<opcode="store(28) " fcode="store"/>
<opset="store_ln59/1 "/>
</bind>
</comp>

<comp id="66" class="1004" name="i_3_load_fu_66">
<pin_list>
<pin id="67" dir="0" index="0" bw="4" slack="0"/>
<pin id="68" dir="1" index="1" bw="4" slack="0"/>
</pin_list>
<bind>
<opcode="load(27) " fcode="load"/>
<opset="i_3/1 "/>
</bind>
</comp>

<comp id="69" class="1004" name="icmp_ln59_fu_69">
<pin_list>
<pin id="70" dir="0" index="0" bw="4" slack="0"/>
<pin id="71" dir="0" index="1" bw="4" slack="0"/>
<pin id="72" dir="1" index="2" bw="1" slack="1"/>
</pin_list>
<bind>
<opcode="icmp(45) " fcode="icmp"/>
<opset="icmp_ln59/1 "/>
</bind>
</comp>

<comp id="75" class="1004" name="i_4_fu_75">
<pin_list>
<pin id="76" dir="0" index="0" bw="4" slack="0"/>
<pin id="77" dir="0" index="1" bw="1" slack="0"/>
<pin id="78" dir="1" index="2" bw="4" slack="0"/>
</pin_list>
<bind>
<opcode="add(8) " fcode="add"/>
<opset="i_4/1 "/>
</bind>
</comp>

<comp id="81" class="1004" name="store_ln59_store_fu_81">
<pin_list>
<pin id="82" dir="0" index="0" bw="4" slack="0"/>
<pin id="83" dir="0" index="1" bw="4" slack="0"/>
<pin id="84" dir="1" index="2" bw="0" slack="2147483647"/>
</pin_list>
<bind>
<opcode="store(28) " fcode="store"/>
<opset="store_ln59/1 "/>
</bind>
</comp>

<comp id="86" class="1005" name="i_reg_86">
<pin_list>
<pin id="87" dir="0" index="0" bw="4" slack="0"/>
<pin id="88" dir="1" index="1" bw="4" slack="0"/>
</pin_list>
<bind>
<opset="i "/>
</bind>
</comp>

<comp id="93" class="1005" name="icmp_ln59_reg_93">
<pin_list>
<pin id="94" dir="0" index="0" bw="1" slack="1"/>
<pin id="95" dir="1" index="1" bw="1" slack="2147483647"/>
</pin_list>
<bind>
<opset="icmp_ln59 "/>
</bind>
</comp>

</comp_list>

<net_list>
<net id="41"><net_src comp="4" pin="0"/><net_sink comp="38" pin=0"/></net>

<net id="47"><net_src comp="22" pin="0"/><net_sink comp="42" pin=0"/></net>

<net id="48"><net_src comp="0" pin="0"/><net_sink comp="42" pin=1"/></net>

<net id="49"><net_src comp="24" pin="0"/><net_sink comp="42" pin=2"/></net>

<net id="54"><net_src comp="26" pin="0"/><net_sink comp="50" pin=0"/></net>

<net id="55"><net_src comp="2" pin="0"/><net_sink comp="50" pin=1"/></net>

<net id="59"><net_src comp="50" pin="2"/><net_sink comp="56" pin=0"/></net>

<net id="60"><net_src comp="56" pin="1"/><net_sink comp="42" pin=2"/></net>

<net id="65"><net_src comp="16" pin="0"/><net_sink comp="61" pin=0"/></net>

<net id="73"><net_src comp="66" pin="1"/><net_sink comp="69" pin=0"/></net>

<net id="74"><net_src comp="18" pin="0"/><net_sink comp="69" pin=1"/></net>

<net id="79"><net_src comp="66" pin="1"/><net_sink comp="75" pin=0"/></net>

<net id="80"><net_src comp="20" pin="0"/><net_sink comp="75" pin=1"/></net>

<net id="85"><net_src comp="75" pin="2"/><net_sink comp="81" pin=0"/></net>

<net id="89"><net_src comp="38" pin="1"/><net_sink comp="86" pin=0"/></net>

<net id="90"><net_src comp="86" pin="1"/><net_sink comp="61" pin=1"/></net>

<net id="91"><net_src comp="86" pin="1"/><net_sink comp="66" pin=0"/></net>

<net id="92"><net_src comp="86" pin="1"/><net_sink comp="81" pin=1"/></net>

<net id="96"><net_src comp="69" pin="2"/><net_sink comp="93" pin=0"/></net>

</net_list>

</model> 
---------------- Datapath Model END ------------------

* FSMD analyzer results:
  - Output states:
	Port: layer14_out | {2 3 4 5 6 7 8 9 10 11 12 13 14 15 16 17 18 19 20 21 22 23 24 25 26 27 28 }
 - Input state : 
	Port: zeropad2d_cl<array,array<ap_fixed<20,10,5,3,0>,12u>,config14>_Pipeline_PadMain : layer5_out | {2 3 4 5 6 7 8 9 10 11 12 13 14 15 16 17 18 19 20 21 22 23 24 25 26 }
  - Chain level:
	State 1
		store_ln59 : 1
		i_3 : 1
		icmp_ln59 : 2
		i_4 : 2
		br_ln59 : 3
		store_ln59 : 3
	State 2
	State 3
	State 4
	State 5
	State 6
	State 7
	State 8
	State 9
	State 10
	State 11
	State 12
	State 13
	State 14
	State 15
	State 16
	State 17
	State 18
	State 19
	State 20
	State 21
	State 22
	State 23
	State 24
	State 25
	State 26
	State 27
	State 28


============================================================
+ Verbose Summary: Datapath Resource usage 
============================================================

* Functional unit list:
|----------|-----------------|---------|---------|
| Operation| Functional Unit |    FF   |   LUT   |
|----------|-----------------|---------|---------|
|   icmp   | icmp_ln59_fu_69 |    0    |    13   |
|----------|-----------------|---------|---------|
|    add   |    i_4_fu_75    |    0    |    13   |
|----------|-----------------|---------|---------|
|   write  | grp_write_fu_42 |    0    |    0    |
|----------|-----------------|---------|---------|
|   read   |  grp_read_fu_50 |    0    |    0    |
|----------|-----------------|---------|---------|
|   Total  |                 |    0    |    26   |
|----------|-----------------|---------|---------|

Memories:
N/A

* Register list:
+----------------+--------+
|                |   FF   |
+----------------+--------+
|    i_reg_86    |    4   |
|icmp_ln59_reg_93|    1   |
|     reg_56     |   240  |
+----------------+--------+
|      Total     |   245  |
+----------------+--------+

* Multiplexer (MUX) list: 
|-----------------|------|------|------|--------||---------||---------||---------|
|       Comp      |  Pin | Size |  BW  | S x BW ||  Delay  ||    FF   ||   LUT   |
|-----------------|------|------|------|--------||---------||---------||---------|
| grp_write_fu_42 |  p2  |   2  |  240 |   480  ||    0    ||    9    |
|-----------------|------|------|------|--------||---------||---------||---------|
|      Total      |      |      |      |   480  ||  1.588  ||    0    ||    9    |
|-----------------|------|------|------|--------||---------||---------||---------|



* Summary:
+-----------+--------+--------+--------+
|           |  Delay |   FF   |   LUT  |
+-----------+--------+--------+--------+
|  Function |    -   |    0   |   26   |
|   Memory  |    -   |    -   |    -   |
|Multiplexer|    1   |    0   |    9   |
|  Register |    -   |   245  |    -   |
+-----------+--------+--------+--------+
|   Total   |    1   |   245  |   35   |
+-----------+--------+--------+--------+
