

================================================================
== Vitis HLS Report for 'zeropad2d_cl_array_array_ap_fixed_18_8_5_3_0_1u_config13_Pipeline_CopyMain'
================================================================
* Date:           Sun Aug 30 07:27:23 2026

* Version:        2024.1 (Build 5069499 on May 21 2024)
* Project:        myproject_prj
* Solution:       solution1 (Vivado IP Flow Target)
* Product family: zynq
* Target device:  xc7z020-clg400-1


================================================================
== Performance Estimates
================================================================
+ Timing: 
    * Summary: 
    +--------+----------+----------+------------+
    |  Clock |  Target  | Estimated| Uncertainty|
    +--------+----------+----------+------------+
    |ap_clk  |  20.00 ns|  5.046 ns|     5.40 ns|
    +--------+----------+----------+------------+

+ Latency: 
    * Summary: 
    +---------+---------+----------+----------+-----+-----+-----------------------------------------------+
    |  Latency (cycles) |  Latency (absolute) |  Interval |                    Pipeline                   |
    |   min   |   max   |    min   |    max   | min | max |                      Type                     |
    +---------+---------+----------+----------+-----+-----+-----------------------------------------------+
    |      103|      103|  2.060 us|  2.060 us|  102|  102|  loop auto-rewind stp(delay=0 clock cycles(s))|
    +---------+---------+----------+----------+-----+-----+-----------------------------------------------+

    + Detail: 
        * Instance: 
        N/A

        * Loop: 
        +------------+---------+---------+----------+-----------+-----------+------+----------+
        |            |  Latency (cycles) | Iteration|  Initiation Interval  | Trip |          |
        |  Loop Name |   min   |   max   |  Latency |  achieved |   target  | Count| Pipelined|
        +------------+---------+---------+----------+-----------+-----------+------+----------+
        |- CopyMain  |      101|      101|         2|          1|          1|   101|       yes|
        +------------+---------+---------+----------+-----------+-----------+------+----------+



================================================================
== Utilization Estimates
================================================================
* Summary: 
+-----------------+---------+-----+--------+-------+-----+
|       Name      | BRAM_18K| DSP |   FF   |  LUT  | URAM|
+-----------------+---------+-----+--------+-------+-----+
|DSP              |        -|    -|       -|      -|    -|
|Expression       |        -|    -|       0|     34|    -|
|FIFO             |        -|    -|       -|      -|    -|
|Instance         |        -|    -|       -|      -|    -|
|Memory           |        -|    -|       -|      -|    -|
|Multiplexer      |        -|    -|       0|     54|    -|
|Register         |        -|    -|      28|      -|    -|
+-----------------+---------+-----+--------+-------+-----+
|Total            |        0|    0|      28|     88|    0|
+-----------------+---------+-----+--------+-------+-----+
|Available        |      280|  220|  106400|  53200|    0|
+-----------------+---------+-----+--------+-------+-----+
|Utilization (%)  |        0|    0|      ~0|     ~0|    0|
+-----------------+---------+-----+--------+-------+-----+

+ Detail: 
    * Instance: 
    N/A

    * DSP: 
    N/A

    * Memory: 
    N/A

    * FIFO: 
    N/A

    * Expression: 
    +----------------------------------+----------+----+---+----+------------+------------+
    |           Variable Name          | Operation| DSP| FF| LUT| Bitwidth P0| Bitwidth P1|
    +----------------------------------+----------+----+---+----+------------+------------+
    |j_2_fu_71_p2                      |         +|   0|  0|  14|           7|           1|
    |ap_block_state1_pp0_stage0_iter0  |       and|   0|  0|   2|           1|           1|
    |icmp_ln65_fu_65_p2                |      icmp|   0|  0|  14|           7|           6|
    |ap_block_pp0_stage0_01001         |        or|   0|  0|   2|           1|           1|
    |ap_enable_pp0                     |       xor|   0|  0|   2|           1|           2|
    +----------------------------------+----------+----+---+----+------------+------------+
    |Total                             |          |   0|  0|  34|          17|          11|
    +----------------------------------+----------+----+---+----+------------+------------+

    * Multiplexer: 
    +-------------------------+----+-----------+-----+-----------+
    |           Name          | LUT| Input Size| Bits| Total Bits|
    +-------------------------+----+-----------+-----+-----------+
    |ap_done_int              |   9|          2|    1|          2|
    |ap_enable_reg_pp0_iter1  |   9|          2|    1|          2|
    |ap_sig_allocacmp_j_1     |   9|          2|    7|         14|
    |j_fu_40                  |   9|          2|    7|         14|
    |layer13_out_blk_n        |   9|          2|    1|          2|
    |mfcc_input_TDATA_blk_n   |   9|          2|    1|          2|
    +-------------------------+----+-----------+-----+-----------+
    |Total                    |  54|         12|   18|         36|
    +-------------------------+----+-----------+-----+-----------+

    * Register: 
    +-------------------------+----+----+-----+-----------+
    |           Name          | FF | LUT| Bits| Const Bits|
    +-------------------------+----+----+-----+-----------+
    |ap_CS_fsm                |   1|   0|    1|          0|
    |ap_done_reg              |   1|   0|    1|          0|
    |ap_enable_reg_pp0_iter1  |   1|   0|    1|          0|
    |j_fu_40                  |   7|   0|    7|          0|
    |trunc_ln26_reg_96        |  18|   0|   18|          0|
    +-------------------------+----+----+-----+-----------+
    |Total                    |  28|   0|   28|          0|
    +-------------------------+----+----+-----+-----------+



================================================================
== Interface
================================================================
* Summary: 
+----------------------------+-----+-----+------------+-------------------------------------------------------------------------------+--------------+
|          RTL Ports         | Dir | Bits|  Protocol  |                                 Source Object                                 |    C Type    |
+----------------------------+-----+-----+------------+-------------------------------------------------------------------------------+--------------+
|ap_clk                      |   in|    1|  ap_ctrl_hs|  zeropad2d_cl<array,array<ap_fixed<18,8,5,3,0>,1u>,config13>_Pipeline_CopyMain|  return value|
|ap_rst                      |   in|    1|  ap_ctrl_hs|  zeropad2d_cl<array,array<ap_fixed<18,8,5,3,0>,1u>,config13>_Pipeline_CopyMain|  return value|
|ap_start                    |   in|    1|  ap_ctrl_hs|  zeropad2d_cl<array,array<ap_fixed<18,8,5,3,0>,1u>,config13>_Pipeline_CopyMain|  return value|
|ap_done                     |  out|    1|  ap_ctrl_hs|  zeropad2d_cl<array,array<ap_fixed<18,8,5,3,0>,1u>,config13>_Pipeline_CopyMain|  return value|
|ap_idle                     |  out|    1|  ap_ctrl_hs|  zeropad2d_cl<array,array<ap_fixed<18,8,5,3,0>,1u>,config13>_Pipeline_CopyMain|  return value|
|ap_ready                    |  out|    1|  ap_ctrl_hs|  zeropad2d_cl<array,array<ap_fixed<18,8,5,3,0>,1u>,config13>_Pipeline_CopyMain|  return value|
|mfcc_input_TVALID           |   in|    1|        axis|                                                                     mfcc_input|       pointer|
|mfcc_input_TDATA            |   in|   32|        axis|                                                                     mfcc_input|       pointer|
|mfcc_input_TREADY           |  out|    1|        axis|                                                                     mfcc_input|       pointer|
|layer13_out_din             |  out|   18|     ap_fifo|                                                                    layer13_out|       pointer|
|layer13_out_num_data_valid  |   in|   14|     ap_fifo|                                                                    layer13_out|       pointer|
|layer13_out_fifo_cap        |   in|   14|     ap_fifo|                                                                    layer13_out|       pointer|
|layer13_out_full_n          |   in|    1|     ap_fifo|                                                                    layer13_out|       pointer|
|layer13_out_write           |  out|    1|     ap_fifo|                                                                    layer13_out|       pointer|
+----------------------------+-----+-----+------------+-------------------------------------------------------------------------------+--------------+

============================================================
+ Verbose Summary: Synthesis Manager
============================================================
InlineROM: 1
ExposeGlobal: 0
============================================================
+ Verbose Summary: CDFG Model
============================================================
IsTopModel: 0
ResetActiveHigh: 1
IsCombinational: 2
IsDatapathOnly: 2
HasWiredReturn: 1
HasMFsm: 2
HasVarLatency: 1
IsPipeline: 0
IsRtlPipelined: 0
IsInstanceOverlapped: 0
IsDontTouch: 0
HasImplIP: 0
IsGatedGlobalClock: 0

+ Individual pipeline summary: 
  * Pipeline-0: initiation interval (II) = 1, depth = 2


============================================================
+ Verbose Summary: Schedule
============================================================
* Number of FSM states : 2
* Pipeline : 1
  Pipeline-0 : II = 1, D = 2, States = { 1 2 }
* Dataflow Pipeline: 0

* FSM state transitions: 
1 --> 2 
2 --> 

* FSM state operations: 

State 1 <SV = 0> <Delay = 5.04>
ST_1 : Operation 5 [1/1] (0.00ns)   --->   "%j = alloca i32 1" [firmware/nnet_utils/nnet_padding_stream.h:65]   --->   Operation 5 'alloca' 'j' <Predicate = true> <Delay = 0.00>
ST_1 : Operation 6 [1/1] (0.00ns)   --->   "%specinterface_ln0 = specinterface void @_ssdm_op_SpecInterface, i32 %mfcc_input, void @empty_13, i32 0, i32 0, void @empty_1, i32 0, i32 0, void @empty_5, void @empty_5, void @empty_5, i32 0, i32 0, i32 0, i32 0, void @empty_5, void @empty_5, i32 4294967295, i32 0, i32 0"   --->   Operation 6 'specinterface' 'specinterface_ln0' <Predicate = true> <Delay = 0.00>
ST_1 : Operation 7 [1/1] (0.00ns)   --->   "%specinterface_ln0 = specinterface void @_ssdm_op_SpecInterface, i18 %layer13_out, void @empty_6, i32 0, i32 0, void @empty_5, i32 0, i32 0, void @empty_5, void @empty_5, void @empty_5, i32 0, i32 0, i32 0, i32 0, void @empty_5, void @empty_5, i32 4294967295, i32 0, i32 0"   --->   Operation 7 'specinterface' 'specinterface_ln0' <Predicate = true> <Delay = 0.00>
ST_1 : Operation 8 [1/1] (1.58ns)   --->   "%store_ln65 = store i7 0, i7 %j" [firmware/nnet_utils/nnet_padding_stream.h:65]   --->   Operation 8 'store' 'store_ln65' <Predicate = true> <Delay = 1.58>
ST_1 : Operation 9 [1/1] (0.00ns)   --->   "%br_ln65 = br void %for.body25" [firmware/nnet_utils/nnet_padding_stream.h:65]   --->   Operation 9 'br' 'br_ln65' <Predicate = true> <Delay = 0.00>
ST_1 : Operation 10 [1/1] (0.00ns)   --->   "%j_1 = load i7 %j" [firmware/nnet_utils/nnet_padding_stream.h:65]   --->   Operation 10 'load' 'j_1' <Predicate = true> <Delay = 0.00>
ST_1 : Operation 11 [1/1] (1.87ns)   --->   "%icmp_ln65 = icmp_eq  i7 %j_1, i7 101" [firmware/nnet_utils/nnet_padding_stream.h:65]   --->   Operation 11 'icmp' 'icmp_ln65' <Predicate = true> <Delay = 1.87> <CoreInst = "Cmp">   --->   Core 9 'Cmp' <Latency = 0> <II = 1> <Delay = 1.87> <FuncUnit> <Opcode : 'seteq' 'setne' 'setle' 'setge' 'setlt' 'setgt'> <InPorts = 2> <OutPorts = 1>
ST_1 : Operation 12 [1/1] (1.87ns)   --->   "%j_2 = add i7 %j_1, i7 1" [firmware/nnet_utils/nnet_padding_stream.h:65]   --->   Operation 12 'add' 'j_2' <Predicate = true> <Delay = 1.87> <CoreInst = "Adder">   --->   Core 1 'Adder' <Latency = 0> <II = 1> <Delay = 1.87> <FuncUnit> <Opcode : 'add' 'sub'> <InPorts = 2> <OutPorts = 1>
ST_1 : Operation 13 [1/1] (0.00ns)   --->   "%br_ln65 = br i1 %icmp_ln65, void %for.body25.split, void %for.inc34.exitStub" [firmware/nnet_utils/nnet_padding_stream.h:65]   --->   Operation 13 'br' 'br_ln65' <Predicate = true> <Delay = 0.00>
ST_1 : Operation 14 [1/1] (0.51ns)   --->   "%mfcc_input_read = read i32 @_ssdm_op_Read.axis.volatile.i32P128A, i32 %mfcc_input" [firmware/nnet_utils/nnet_padding_stream.h:20->firmware/nnet_utils/nnet_padding_stream.h:66]   --->   Operation 14 'read' 'mfcc_input_read' <Predicate = (!icmp_ln65)> <Delay = 0.51> <CoreInst = "regslice">   --->   Core 136 'regslice' <Latency = 0> <II = 1> <Delay = 1.86> <Adapter> <Opcode : 'read' 'write'>
ST_1 : Operation 15 [1/1] (0.00ns)   --->   "%trunc_ln26 = trunc i32 %mfcc_input_read" [firmware/nnet_utils/nnet_padding_stream.h:26->firmware/nnet_utils/nnet_padding_stream.h:66]   --->   Operation 15 'trunc' 'trunc_ln26' <Predicate = (!icmp_ln65)> <Delay = 0.00>
ST_1 : Operation 16 [1/1] (1.58ns)   --->   "%store_ln65 = store i7 %j_2, i7 %j" [firmware/nnet_utils/nnet_padding_stream.h:65]   --->   Operation 16 'store' 'store_ln65' <Predicate = (!icmp_ln65)> <Delay = 1.58>
ST_1 : Operation 22 [1/1] (1.58ns)   --->   "%ret_ln0 = ret"   --->   Operation 22 'ret' 'ret_ln0' <Predicate = (icmp_ln65)> <Delay = 1.58>

State 2 <SV = 1> <Delay = 3.50>
ST_2 : Operation 17 [1/1] (0.00ns)   --->   "%specpipeline_ln18 = specpipeline void @_ssdm_op_SpecPipeline, i32 4294967295, i32 0, i32 0, i32 0, void @empty_5" [firmware/nnet_utils/nnet_padding_stream.h:18->firmware/nnet_utils/nnet_padding_stream.h:66]   --->   Operation 17 'specpipeline' 'specpipeline_ln18' <Predicate = true> <Delay = 0.00>
ST_2 : Operation 18 [1/1] (0.00ns)   --->   "%speclooptripcount_ln18 = speclooptripcount void @_ssdm_op_SpecLoopTripCount, i64 101, i64 101, i64 101" [firmware/nnet_utils/nnet_padding_stream.h:18->firmware/nnet_utils/nnet_padding_stream.h:66]   --->   Operation 18 'speclooptripcount' 'speclooptripcount_ln18' <Predicate = true> <Delay = 0.00>
ST_2 : Operation 19 [1/1] (0.00ns)   --->   "%specloopname_ln65 = specloopname void @_ssdm_op_SpecLoopName, void @empty" [firmware/nnet_utils/nnet_padding_stream.h:65]   --->   Operation 19 'specloopname' 'specloopname_ln65' <Predicate = true> <Delay = 0.00>
ST_2 : Operation 20 [1/1] (3.50ns)   --->   "%write_ln26 = write void @_ssdm_op_Write.ap_fifo.volatile.i18P0A, i18 %layer13_out, i18 %trunc_ln26" [firmware/nnet_utils/nnet_padding_stream.h:26->firmware/nnet_utils/nnet_padding_stream.h:66]   --->   Operation 20 'write' 'write_ln26' <Predicate = true> <Delay = 3.50> <CoreInst = "FIFO">   --->   Core 77 'FIFO' <Latency = 0> <II = 1> <Delay = 3.50> <Storage> <Opcode : 'read' 'write' 'nbread' 'nbwrite'> <Ports = 0> <Width = 18> <Depth = 4223> <FIFO>
ST_2 : Operation 21 [1/1] (0.00ns)   --->   "%br_ln65 = br void %for.body25" [firmware/nnet_utils/nnet_padding_stream.h:65]   --->   Operation 21 'br' 'br_ln65' <Predicate = true> <Delay = 0.00>


============================================================
+ Verbose Summary: Binding
============================================================
STG Binding: 
---------------- STG Properties BEGIN ----------------
- Is combinational: 0
- Is one-state seq: 0
- Is datapath-only: 0
- Is pipelined: 0
- Is top level: 0
Port [ Return ] is wired: 1; IO mode=ap_ctrl_hs:ce=0
Port [ mfcc_input]:  wired=1; compound=1; hidden=0; nouse=0; global=0; static=0; extern=0; dir=0; type=0; pingpong=0; private_global=0; IO mode=axis:ce=0
Port [ layer13_out]:  wired=1; compound=1; hidden=0; nouse=0; global=0; static=0; extern=0; dir=1; type=3; pingpong=0; private_global=0; IO mode=ap_fifo:ce=0
---------------- STG Properties END ------------------

---------------- Datapath Model BEGIN ----------------

<LifeTime>
<method=bitvector/>
j                      (alloca           ) [ 010]
specinterface_ln0      (specinterface    ) [ 000]
specinterface_ln0      (specinterface    ) [ 000]
store_ln65             (store            ) [ 000]
br_ln65                (br               ) [ 000]
j_1                    (load             ) [ 000]
icmp_ln65              (icmp             ) [ 010]
j_2                    (add              ) [ 000]
br_ln65                (br               ) [ 000]
mfcc_input_read        (read             ) [ 000]
trunc_ln26             (trunc            ) [ 011]
store_ln65             (store            ) [ 000]
specpipeline_ln18      (specpipeline     ) [ 000]
speclooptripcount_ln18 (speclooptripcount) [ 000]
specloopname_ln65      (specloopname     ) [ 000]
write_ln26             (write            ) [ 000]
br_ln65                (br               ) [ 000]
ret_ln0                (ret              ) [ 000]
</LifeTime>

<model>

<comp_list>
<comp id="0" class="1000" name="mfcc_input">
<pin_list>
<pin id="1" dir="1" index="0" bw="1" slack="0"/>
</pin_list>
<bind>
<StgValue><ssdm name="mfcc_input"/></StgValue>
</bind>
</comp>

<comp id="2" class="1000" name="layer13_out">
<pin_list>
<pin id="3" dir="1" index="0" bw="1" slack="0"/>
</pin_list>
<bind>
<StgValue><ssdm name="layer13_out"/></StgValue>
</bind>
</comp>

<comp id="4" class="1001" name="const_4">
<pin_list>
<pin id="5" dir="1" index="0" bw="1" slack="0"/>
</pin_list>
<bind>
<StgValue><ssdm name=""/></StgValue>
</bind>
</comp>

<comp id="6" class="1001" name="const_6">
<pin_list>
<pin id="7" dir="1" index="0" bw="1" slack="2147483647"/>
</pin_list>
<bind>
<StgValue><ssdm name="_ssdm_op_SpecInterface"/></StgValue>
</bind>
</comp>

<comp id="8" class="1001" name="const_8">
<pin_list>
<pin id="9" dir="1" index="0" bw="1" slack="2147483647"/>
</pin_list>
<bind>
<StgValue><ssdm name="empty_13"/></StgValue>
</bind>
</comp>

<comp id="10" class="1001" name="const_10">
<pin_list>
<pin id="11" dir="1" index="0" bw="1" slack="2147483647"/>
</pin_list>
<bind>
<StgValue><ssdm name=""/></StgValue>
</bind>
</comp>

<comp id="12" class="1001" name="const_12">
<pin_list>
<pin id="13" dir="1" index="0" bw="1" slack="2147483647"/>
</pin_list>
<bind>
<StgValue><ssdm name="empty_1"/></StgValue>
</bind>
</comp>

<comp id="14" class="1001" name="const_14">
<pin_list>
<pin id="15" dir="1" index="0" bw="1" slack="2147483647"/>
</pin_list>
<bind>
<StgValue><ssdm name="empty_5"/></StgValue>
</bind>
</comp>

<comp id="16" class="1001" name="const_16">
<pin_list>
<pin id="17" dir="1" index="0" bw="1" slack="2147483647"/>
</pin_list>
<bind>
<StgValue><ssdm name=""/></StgValue>
</bind>
</comp>

<comp id="18" class="1001" name="const_18">
<pin_list>
<pin id="19" dir="1" index="0" bw="1" slack="2147483647"/>
</pin_list>
<bind>
<StgValue><ssdm name="empty_6"/></StgValue>
</bind>
</comp>

<comp id="20" class="1001" name="const_20">
<pin_list>
<pin id="21" dir="1" index="0" bw="1" slack="0"/>
</pin_list>
<bind>
<StgValue><ssdm name=""/></StgValue>
</bind>
</comp>

<comp id="22" class="1001" name="const_22">
<pin_list>
<pin id="23" dir="1" index="0" bw="1" slack="0"/>
</pin_list>
<bind>
<StgValue><ssdm name=""/></StgValue>
</bind>
</comp>

<comp id="24" class="1001" name="const_24">
<pin_list>
<pin id="25" dir="1" index="0" bw="1" slack="0"/>
</pin_list>
<bind>
<StgValue><ssdm name=""/></StgValue>
</bind>
</comp>

<comp id="26" class="1001" name="const_26">
<pin_list>
<pin id="27" dir="1" index="0" bw="1" slack="0"/>
</pin_list>
<bind>
<StgValue><ssdm name="_ssdm_op_Read.axis.volatile.i32P128A"/></StgValue>
</bind>
</comp>

<comp id="28" class="1001" name="const_28">
<pin_list>
<pin id="29" dir="1" index="0" bw="1" slack="2147483647"/>
</pin_list>
<bind>
<StgValue><ssdm name="_ssdm_op_SpecPipeline"/></StgValue>
</bind>
</comp>

<comp id="30" class="1001" name="const_30">
<pin_list>
<pin id="31" dir="1" index="0" bw="1" slack="2147483647"/>
</pin_list>
<bind>
<StgValue><ssdm name="_ssdm_op_SpecLoopTripCount"/></StgValue>
</bind>
</comp>

<comp id="32" class="1001" name="const_32">
<pin_list>
<pin id="33" dir="1" index="0" bw="1" slack="2147483647"/>
</pin_list>
<bind>
<StgValue><ssdm name=""/></StgValue>
</bind>
</comp>

<comp id="34" class="1001" name="const_34">
<pin_list>
<pin id="35" dir="1" index="0" bw="1" slack="2147483647"/>
</pin_list>
<bind>
<StgValue><ssdm name="_ssdm_op_SpecLoopName"/></StgValue>
</bind>
</comp>

<comp id="36" class="1001" name="const_36">
<pin_list>
<pin id="37" dir="1" index="0" bw="1" slack="2147483647"/>
</pin_list>
<bind>
<StgValue><ssdm name="empty"/></StgValue>
</bind>
</comp>

<comp id="38" class="1001" name="const_38">
<pin_list>
<pin id="39" dir="1" index="0" bw="1" slack="0"/>
</pin_list>
<bind>
<StgValue><ssdm name="_ssdm_op_Write.ap_fifo.volatile.i18P0A"/></StgValue>
</bind>
</comp>

<comp id="40" class="1004" name="j_fu_40">
<pin_list>
<pin id="41" dir="0" index="0" bw="1" slack="0"/>
<pin id="42" dir="1" index="1" bw="7" slack="0"/>
</pin_list>
<bind>
<opcode="alloca(26) " fcode="alloca"/>
<opset="j/1 "/>
</bind>
</comp>

<comp id="44" class="1004" name="mfcc_input_read_read_fu_44">
<pin_list>
<pin id="45" dir="0" index="0" bw="32" slack="0"/>
<pin id="46" dir="0" index="1" bw="32" slack="0"/>
<pin id="47" dir="1" index="2" bw="32" slack="0"/>
</pin_list>
<bind>
<opcode="read(1150) " fcode="read"/>
<opset="mfcc_input_read/1 "/>
</bind>
</comp>

<comp id="50" class="1004" name="write_ln26_write_fu_50">
<pin_list>
<pin id="51" dir="0" index="0" bw="0" slack="0"/>
<pin id="52" dir="0" index="1" bw="18" slack="0"/>
<pin id="53" dir="0" index="2" bw="18" slack="1"/>
<pin id="54" dir="1" index="3" bw="0" slack="2147483647"/>
</pin_list>
<bind>
<opcode="write(1151) " fcode="write"/>
<opset="write_ln26/2 "/>
</bind>
</comp>

<comp id="57" class="1004" name="store_ln65_store_fu_57">
<pin_list>
<pin id="58" dir="0" index="0" bw="1" slack="0"/>
<pin id="59" dir="0" index="1" bw="7" slack="0"/>
<pin id="60" dir="1" index="2" bw="0" slack="2147483647"/>
</pin_list>
<bind>
<opcode="store(28) " fcode="store"/>
<opset="store_ln65/1 "/>
</bind>
</comp>

<comp id="62" class="1004" name="j_1_load_fu_62">
<pin_list>
<pin id="63" dir="0" index="0" bw="7" slack="0"/>
<pin id="64" dir="1" index="1" bw="7" slack="0"/>
</pin_list>
<bind>
<opcode="load(27) " fcode="load"/>
<opset="j_1/1 "/>
</bind>
</comp>

<comp id="65" class="1004" name="icmp_ln65_fu_65">
<pin_list>
<pin id="66" dir="0" index="0" bw="7" slack="0"/>
<pin id="67" dir="0" index="1" bw="7" slack="0"/>
<pin id="68" dir="1" index="2" bw="1" slack="2147483647"/>
</pin_list>
<bind>
<opcode="icmp(45) " fcode="icmp"/>
<opset="icmp_ln65/1 "/>
</bind>
</comp>

<comp id="71" class="1004" name="j_2_fu_71">
<pin_list>
<pin id="72" dir="0" index="0" bw="7" slack="0"/>
<pin id="73" dir="0" index="1" bw="1" slack="0"/>
<pin id="74" dir="1" index="2" bw="7" slack="0"/>
</pin_list>
<bind>
<opcode="add(8) " fcode="add"/>
<opset="j_2/1 "/>
</bind>
</comp>

<comp id="77" class="1004" name="trunc_ln26_fu_77">
<pin_list>
<pin id="78" dir="0" index="0" bw="32" slack="0"/>
<pin id="79" dir="1" index="1" bw="18" slack="1"/>
</pin_list>
<bind>
<opcode="trunc(33) " fcode="trunc"/>
<opset="trunc_ln26/1 "/>
</bind>
</comp>

<comp id="81" class="1004" name="store_ln65_store_fu_81">
<pin_list>
<pin id="82" dir="0" index="0" bw="7" slack="0"/>
<pin id="83" dir="0" index="1" bw="7" slack="0"/>
<pin id="84" dir="1" index="2" bw="0" slack="2147483647"/>
</pin_list>
<bind>
<opcode="store(28) " fcode="store"/>
<opset="store_ln65/1 "/>
</bind>
</comp>

<comp id="86" class="1005" name="j_reg_86">
<pin_list>
<pin id="87" dir="0" index="0" bw="7" slack="0"/>
<pin id="88" dir="1" index="1" bw="7" slack="0"/>
</pin_list>
<bind>
<opset="j "/>
</bind>
</comp>

<comp id="96" class="1005" name="trunc_ln26_reg_96">
<pin_list>
<pin id="97" dir="0" index="0" bw="18" slack="1"/>
<pin id="98" dir="1" index="1" bw="18" slack="1"/>
</pin_list>
<bind>
<opset="trunc_ln26 "/>
</bind>
</comp>

</comp_list>

<net_list>
<net id="43"><net_src comp="4" pin="0"/><net_sink comp="40" pin=0"/></net>

<net id="48"><net_src comp="26" pin="0"/><net_sink comp="44" pin=0"/></net>

<net id="49"><net_src comp="0" pin="0"/><net_sink comp="44" pin=1"/></net>

<net id="55"><net_src comp="38" pin="0"/><net_sink comp="50" pin=0"/></net>

<net id="56"><net_src comp="2" pin="0"/><net_sink comp="50" pin=1"/></net>

<net id="61"><net_src comp="20" pin="0"/><net_sink comp="57" pin=0"/></net>

<net id="69"><net_src comp="62" pin="1"/><net_sink comp="65" pin=0"/></net>

<net id="70"><net_src comp="22" pin="0"/><net_sink comp="65" pin=1"/></net>

<net id="75"><net_src comp="62" pin="1"/><net_sink comp="71" pin=0"/></net>

<net id="76"><net_src comp="24" pin="0"/><net_sink comp="71" pin=1"/></net>

<net id="80"><net_src comp="44" pin="2"/><net_sink comp="77" pin=0"/></net>

<net id="85"><net_src comp="71" pin="2"/><net_sink comp="81" pin=0"/></net>

<net id="89"><net_src comp="40" pin="1"/><net_sink comp="86" pin=0"/></net>

<net id="90"><net_src comp="86" pin="1"/><net_sink comp="57" pin=1"/></net>

<net id="91"><net_src comp="86" pin="1"/><net_sink comp="62" pin=0"/></net>

<net id="92"><net_src comp="86" pin="1"/><net_sink comp="81" pin=1"/></net>

<net id="99"><net_src comp="77" pin="1"/><net_sink comp="96" pin=0"/></net>

<net id="100"><net_src comp="96" pin="1"/><net_sink comp="50" pin=2"/></net>

</net_list>

</model> 
---------------- Datapath Model END ------------------

* FSMD analyzer results:
  - Output states:
	Port: mfcc_input | {}
	Port: layer13_out | {2 }
 - Input state : 
	Port: zeropad2d_cl<array,array<ap_fixed<18,8,5,3,0>,1u>,config13>_Pipeline_CopyMain : mfcc_input | {1 }
	Port: zeropad2d_cl<array,array<ap_fixed<18,8,5,3,0>,1u>,config13>_Pipeline_CopyMain : layer13_out | {}
  - Chain level:
	State 1
		store_ln65 : 1
		j_1 : 1
		icmp_ln65 : 2
		j_2 : 2
		br_ln65 : 3
		store_ln65 : 3
	State 2


============================================================
+ Verbose Summary: Datapath Resource usage 
============================================================

* Functional unit list:
|----------|----------------------------|---------|---------|
| Operation|       Functional Unit      |    FF   |   LUT   |
|----------|----------------------------|---------|---------|
|   icmp   |       icmp_ln65_fu_65      |    0    |    14   |
|----------|----------------------------|---------|---------|
|    add   |          j_2_fu_71         |    0    |    14   |
|----------|----------------------------|---------|---------|
|   read   | mfcc_input_read_read_fu_44 |    0    |    0    |
|----------|----------------------------|---------|---------|
|   write  |   write_ln26_write_fu_50   |    0    |    0    |
|----------|----------------------------|---------|---------|
|   trunc  |      trunc_ln26_fu_77      |    0    |    0    |
|----------|----------------------------|---------|---------|
|   Total  |                            |    0    |    28   |
|----------|----------------------------|---------|---------|

Memories:
N/A

* Register list:
+-----------------+--------+
|                 |   FF   |
+-----------------+--------+
|     j_reg_86    |    7   |
|trunc_ln26_reg_96|   18   |
+-----------------+--------+
|      Total      |   25   |
+-----------------+--------+

* Multiplexer (MUX) list: 
|--------|------|------|------|--------|
|  Comp  |  Pin | Size |  BW  | S x BW |
|--------|------|------|------|--------|
|  Total |      |      |      |    0   |
|--------|------|------|------|--------|



* Summary:
+-----------+--------+--------+
|           |   FF   |   LUT  |
+-----------+--------+--------+
|  Function |    0   |   28   |
|   Memory  |    -   |    -   |
|Multiplexer|    -   |    -   |
|  Register |   25   |    -   |
+-----------+--------+--------+
|   Total   |   25   |   28   |
+-----------+--------+--------+
