

================================================================
== Vitis HLS Report for 'zeropad2d_cl_array_ap_fixed_1u_array_ap_fixed_18_8_5_3_0_1u_config13_s'
================================================================
* Date:           Sun Aug 30 07:27:02 2026

* Version:        2024.1 (Build 5069499 on May 21 2024)
* Project:        myproject_prj
* Solution:       solution1 (Vivado IP Flow Target)
* Product family: zynq
* Target device:  xc7z020-clg400-1


================================================================
== Performance Estimates
================================================================
+ Timing: 
    * Summary: 
    +--------+----------+----------+------------+
    |  Clock |  Target  | Estimated| Uncertainty|
    +--------+----------+----------+------------+
    |ap_clk  |  20.00 ns|  5.332 ns|     5.40 ns|
    +--------+----------+----------+------------+

+ Latency: 
    * Summary: 
    +---------+---------+-----------+-----------+------+------+---------+
    |  Latency (cycles) |   Latency (absolute)  |   Interval  | Pipeline|
    |   min   |   max   |    min    |    max    |  min |  max |   Type  |
    +---------+---------+-----------+-----------+------+------+---------+
    |     4387|     4387|  87.740 us|  87.740 us|  4387|  4387|       no|
    +---------+---------+-----------+-----------+------+------+---------+

    + Detail: 
        * Instance: 
        N/A

        * Loop: 
        +-----------+---------+---------+----------+-----------+-----------+------+----------+
        |           |  Latency (cycles) | Iteration|  Initiation Interval  | Trip |          |
        | Loop Name |   min   |   max   |  Latency |  achieved |   target  | Count| Pipelined|
        +-----------+---------+---------+----------+-----------+-----------+------+----------+
        |- PadMain  |     4280|     4280|       107|          -|          -|    40|        no|
        +-----------+---------+---------+----------+-----------+-----------+------+----------+

============================================================
+ Verbose Summary: Synthesis Manager
============================================================
InlineROM: 1
ExposeGlobal: 0
============================================================
+ Verbose Summary: CDFG Model
============================================================
IsTopModel: 0
ResetActiveHigh: 1
IsCombinational: 2
IsDatapathOnly: 0
HasWiredReturn: 1
HasMFsm: 0
HasVarLatency: 1
IsPipeline: 0
IsRtlPipelined: 0
IsInstanceOverlapped: 0
IsDontTouch: 0
HasImplIP: 0
IsGatedGlobalClock: 0


============================================================
+ Verbose Summary: Schedule
============================================================
* Number of FSM states : 6
* Pipeline : 0
* Dataflow Pipeline: 0

* FSM state transitions: 
1 --> 2 
2 --> 3 6 
3 --> 4 
4 --> 5 
5 --> 2 
6 --> 

* FSM state operations: 

State 1 <SV = 0> <Delay = 1.58>
ST_1 : Operation 7 [1/1] (0.00ns)   --->   "%i = alloca i32 1" [firmware/nnet_utils/nnet_padding_stream.h:59]   --->   Operation 7 'alloca' 'i' <Predicate = true> <Delay = 0.00>
ST_1 : Operation 8 [1/1] (0.00ns)   --->   "%specinterface_ln0 = specinterface void @_ssdm_op_SpecInterface, i18 %layer13_out, void @empty_6, i32 0, i32 0, void @empty_5, i32 0, i32 0, void @empty_5, void @empty_5, void @empty_5, i32 0, i32 0, i32 0, i32 0, void @empty_5, void @empty_5, i32 4294967295, i32 0, i32 0"   --->   Operation 8 'specinterface' 'specinterface_ln0' <Predicate = true> <Delay = 0.00>
ST_1 : Operation 9 [1/1] (0.00ns)   --->   "%specinterface_ln0 = specinterface void @_ssdm_op_SpecInterface, i32 %mfcc_input, void @empty_13, i32 1, i32 1, void @empty_1, i32 0, i32 0, void @empty_5, void @empty_5, void @empty_5, i32 0, i32 0, i32 0, i32 0, void @empty_5, void @empty_5, i32 4294967295, i32 0, i32 0"   --->   Operation 9 'specinterface' 'specinterface_ln0' <Predicate = true> <Delay = 0.00>
ST_1 : Operation 10 [1/1] (1.58ns)   --->   "%store_ln59 = store i6 0, i6 %i" [firmware/nnet_utils/nnet_padding_stream.h:59]   --->   Operation 10 'store' 'store_ln59' <Predicate = true> <Delay = 1.58>
ST_1 : Operation 11 [1/1] (0.00ns)   --->   "%br_ln59 = br void %PadLeft" [firmware/nnet_utils/nnet_padding_stream.h:59]   --->   Operation 11 'br' 'br_ln59' <Predicate = true> <Delay = 0.00>

State 2 <SV = 1> <Delay = 5.33>
ST_2 : Operation 12 [1/1] (0.00ns)   --->   "%i_1 = load i6 %i" [firmware/nnet_utils/nnet_padding_stream.h:59]   --->   Operation 12 'load' 'i_1' <Predicate = true> <Delay = 0.00>
ST_2 : Operation 13 [1/1] (1.82ns)   --->   "%icmp_ln59 = icmp_eq  i6 %i_1, i6 40" [firmware/nnet_utils/nnet_padding_stream.h:59]   --->   Operation 13 'icmp' 'icmp_ln59' <Predicate = true> <Delay = 1.82> <CoreInst = "Cmp">   --->   Core 9 'Cmp' <Latency = 0> <II = 1> <Delay = 1.82> <FuncUnit> <Opcode : 'seteq' 'setne' 'setle' 'setge' 'setlt' 'setgt'> <InPorts = 2> <OutPorts = 1>
ST_2 : Operation 14 [1/1] (1.82ns)   --->   "%i_2 = add i6 %i_1, i6 1" [firmware/nnet_utils/nnet_padding_stream.h:59]   --->   Operation 14 'add' 'i_2' <Predicate = true> <Delay = 1.82> <CoreInst = "Adder">   --->   Core 1 'Adder' <Latency = 0> <II = 1> <Delay = 1.82> <FuncUnit> <Opcode : 'add' 'sub'> <InPorts = 2> <OutPorts = 1>
ST_2 : Operation 15 [1/1] (0.00ns)   --->   "%br_ln59 = br i1 %icmp_ln59, void %PadLeft.split, void %for.inc50.preheader" [firmware/nnet_utils/nnet_padding_stream.h:59]   --->   Operation 15 'br' 'br_ln59' <Predicate = true> <Delay = 0.00>
ST_2 : Operation 16 [1/1] (3.50ns)   --->   "%write_ln15 = write void @_ssdm_op_Write.ap_fifo.volatile.i18P0A, i18 %layer13_out, i18 0" [firmware/nnet_utils/nnet_padding_stream.h:15->firmware/nnet_utils/nnet_padding_stream.h:62]   --->   Operation 16 'write' 'write_ln15' <Predicate = (!icmp_ln59)> <Delay = 3.50> <CoreInst = "FIFO">   --->   Core 77 'FIFO' <Latency = 0> <II = 1> <Delay = 3.50> <Storage> <Opcode : 'read' 'write' 'nbread' 'nbwrite'> <Ports = 0> <Width = 18> <Depth = 4223> <FIFO>
ST_2 : Operation 17 [1/1] (1.58ns)   --->   "%store_ln59 = store i6 %i_2, i6 %i" [firmware/nnet_utils/nnet_padding_stream.h:59]   --->   Operation 17 'store' 'store_ln59' <Predicate = (!icmp_ln59)> <Delay = 1.58>
ST_2 : Operation 18 [1/1] (0.00ns)   --->   "%empty = wait i32 @_ssdm_op_Wait"   --->   Operation 18 'wait' 'empty' <Predicate = (icmp_ln59)> <Delay = 0.00>
ST_2 : Operation 19 [2/2] (0.00ns)   --->   "%call_ln0 = call void @zeropad2d_cl<array,array<ap_fixed,1u>,config13>_Pipeline_PadBottomWidth, i18 %layer13_out"   --->   Operation 19 'call' 'call_ln0' <Predicate = (icmp_ln59)> <Delay = 0.00> <CoreType = "Generic">   --->   Core 0 '' <Latency = 0> <II = 1> <Delay = 1.00> <Generic> <Opcode : >

State 3 <SV = 2> <Delay = 0.51>
ST_3 : Operation 20 [1/1] (0.00ns)   --->   "%empty_41 = wait i32 @_ssdm_op_Wait"   --->   Operation 20 'wait' 'empty_41' <Predicate = true> <Delay = 0.00>
ST_3 : Operation 21 [2/2] (0.51ns)   --->   "%call_ln0 = call void @zeropad2d_cl<array,array<ap_fixed<18,8,5,3,0>,1u>,config13>_Pipeline_CopyMain, i32 %mfcc_input, i18 %layer13_out"   --->   Operation 21 'call' 'call_ln0' <Predicate = true> <Delay = 0.51> <CoreType = "Generic">   --->   Core 0 '' <Latency = 0> <II = 1> <Delay = 1.00> <Generic> <Opcode : >

State 4 <SV = 3> <Delay = 5.04>
ST_4 : Operation 22 [1/2] (5.04ns)   --->   "%call_ln0 = call void @zeropad2d_cl<array,array<ap_fixed<18,8,5,3,0>,1u>,config13>_Pipeline_CopyMain, i32 %mfcc_input, i18 %layer13_out"   --->   Operation 22 'call' 'call_ln0' <Predicate = true> <Delay = 5.04> <CoreType = "Generic">   --->   Core 0 '' <Latency = 0> <II = 1> <Delay = 1.00> <Generic> <Opcode : >

State 5 <SV = 4> <Delay = 3.50>
ST_5 : Operation 23 [1/1] (0.00ns)   --->   "%speclooptripcount_ln59 = speclooptripcount void @_ssdm_op_SpecLoopTripCount, i64 40, i64 40, i64 40" [firmware/nnet_utils/nnet_padding_stream.h:59]   --->   Operation 23 'speclooptripcount' 'speclooptripcount_ln59' <Predicate = true> <Delay = 0.00>
ST_5 : Operation 24 [1/1] (0.00ns)   --->   "%specloopname_ln59 = specloopname void @_ssdm_op_SpecLoopName, void @empty_11" [firmware/nnet_utils/nnet_padding_stream.h:59]   --->   Operation 24 'specloopname' 'specloopname_ln59' <Predicate = true> <Delay = 0.00>
ST_5 : Operation 25 [1/1] (0.00ns)   --->   "%empty_42 = wait i32 @_ssdm_op_Wait"   --->   Operation 25 'wait' 'empty_42' <Predicate = true> <Delay = 0.00>
ST_5 : Operation 26 [1/1] (3.50ns)   --->   "%write_ln15 = write void @_ssdm_op_Write.ap_fifo.volatile.i18P0A, i18 %layer13_out, i18 0" [firmware/nnet_utils/nnet_padding_stream.h:15->firmware/nnet_utils/nnet_padding_stream.h:70]   --->   Operation 26 'write' 'write_ln15' <Predicate = true> <Delay = 3.50> <CoreInst = "FIFO">   --->   Core 77 'FIFO' <Latency = 0> <II = 1> <Delay = 3.50> <Storage> <Opcode : 'read' 'write' 'nbread' 'nbwrite'> <Ports = 0> <Width = 18> <Depth = 4223> <FIFO>
ST_5 : Operation 27 [1/1] (0.00ns)   --->   "%br_ln59 = br void %PadLeft" [firmware/nnet_utils/nnet_padding_stream.h:59]   --->   Operation 27 'br' 'br_ln59' <Predicate = true> <Delay = 0.00>

State 6 <SV = 2> <Delay = 5.04>
ST_6 : Operation 28 [1/2] (5.04ns)   --->   "%call_ln0 = call void @zeropad2d_cl<array,array<ap_fixed,1u>,config13>_Pipeline_PadBottomWidth, i18 %layer13_out"   --->   Operation 28 'call' 'call_ln0' <Predicate = true> <Delay = 5.04> <CoreType = "Generic">   --->   Core 0 '' <Latency = 0> <II = 1> <Delay = 1.00> <Generic> <Opcode : >
ST_6 : Operation 29 [1/1] (0.00ns)   --->   "%ret_ln81 = ret" [firmware/nnet_utils/nnet_padding_stream.h:81]   --->   Operation 29 'ret' 'ret_ln81' <Predicate = true> <Delay = 0.00>


============================================================
+ Verbose Summary: Timing violations
============================================================
Target clock period: 20.000ns, clock uncertainty: 5.400ns.

 <State 1>: 1.588ns
The critical path consists of the following:
	'alloca' operation 6 bit ('i', firmware/nnet_utils/nnet_padding_stream.h:59) [3]  (0.000 ns)
	'store' operation 0 bit ('store_ln59', firmware/nnet_utils/nnet_padding_stream.h:59) of constant 0 on local variable 'i', firmware/nnet_utils/nnet_padding_stream.h:59 [6]  (1.588 ns)

 <State 2>: 5.332ns
The critical path consists of the following:
	'load' operation 6 bit ('i', firmware/nnet_utils/nnet_padding_stream.h:59) on local variable 'i', firmware/nnet_utils/nnet_padding_stream.h:59 [9]  (0.000 ns)
	'icmp' operation 1 bit ('icmp_ln59', firmware/nnet_utils/nnet_padding_stream.h:59) [10]  (1.825 ns)
	fifo write operation ('write_ln15', firmware/nnet_utils/nnet_padding_stream.h:15->firmware/nnet_utils/nnet_padding_stream.h:62) on port 'layer13_out' (firmware/nnet_utils/nnet_padding_stream.h:15->firmware/nnet_utils/nnet_padding_stream.h:62) [16]  (3.507 ns)

 <State 3>: 0.518ns
The critical path consists of the following:
	'call' operation 0 bit ('call_ln0') to 'zeropad2d_cl<array,array<ap_fixed<18,8,5,3,0>,1u>,config13>_Pipeline_CopyMain' [18]  (0.518 ns)

 <State 4>: 5.046ns
The critical path consists of the following:
	'call' operation 0 bit ('call_ln0') to 'zeropad2d_cl<array,array<ap_fixed<18,8,5,3,0>,1u>,config13>_Pipeline_CopyMain' [18]  (5.046 ns)

 <State 5>: 3.507ns
The critical path consists of the following:
	fifo write operation ('write_ln15', firmware/nnet_utils/nnet_padding_stream.h:15->firmware/nnet_utils/nnet_padding_stream.h:70) on port 'layer13_out' (firmware/nnet_utils/nnet_padding_stream.h:15->firmware/nnet_utils/nnet_padding_stream.h:70) [20]  (3.507 ns)

 <State 6>: 5.046ns
The critical path consists of the following:
	'call' operation 0 bit ('call_ln0') to 'zeropad2d_cl<array,array<ap_fixed,1u>,config13>_Pipeline_PadBottomWidth' [25]  (5.046 ns)


============================================================
+ Verbose Summary: Binding
============================================================
N/A
* FSMD analyzer results:
  - Output states:
 - Input state : 
  - Chain level:
	State 1
	State 2
	State 3
	State 4
	State 5
	State 6


============================================================
+ Verbose Summary: Datapath Resource usage 
============================================================
N/A
