

================================================================
== Vitis HLS Report for 'zeropad2d_cl_array_array_ap_fixed_20_10_5_3_0_12u_config14_Pipeline_PadMain'
================================================================
* Date:           Sun Aug 30 16:00:10 2026

* Version:        2024.1 (Build 5069499 on May 21 2024)
* Project:        myproject_prj
* Solution:       solution1 (Vivado IP Flow Target)
* Product family: zynq
* Target device:  xc7z020-clg400-1


================================================================
== Performance Estimates
================================================================
+ Timing: 
    * Summary: 
    +--------+----------+----------+------------+
    |  Clock |  Target  | Estimated| Uncertainty|
    +--------+----------+----------+------------+
    |ap_clk  |  20.00 ns|  4.911 ns|     5.40 ns|
    +--------+----------+----------+------------+

+ Latency: 
    * Summary: 
    +---------+---------+----------+----------+-----+-----+-----------------------------------------------+
    |  Latency (cycles) |  Latency (absolute) |  Interval |                    Pipeline                   |
    |   min   |   max   |    min   |    max   | min | max |                      Type                     |
    +---------+---------+----------+----------+-----+-----+-----------------------------------------------+
    |      272|      272|  5.440 us|  5.440 us|  271|  271|  loop auto-rewind stp(delay=0 clock cycles(s))|
    +---------+---------+----------+----------+-----+-----+-----------------------------------------------+

    + Detail: 
        * Instance: 
        N/A

        * Loop: 
        +-----------+---------+---------+----------+-----------+-----------+------+----------+
        |           |  Latency (cycles) | Iteration|  Initiation Interval  | Trip |          |
        | Loop Name |   min   |   max   |  Latency |  achieved |   target  | Count| Pipelined|
        +-----------+---------+---------+----------+-----------+-----------+------+----------+
        |- PadMain  |      270|      270|        28|         27|          1|    10|       yes|
        +-----------+---------+---------+----------+-----------+-----------+------+----------+

============================================================
+ Verbose Summary: Synthesis Manager
============================================================
InlineROM: 1
ExposeGlobal: 0
============================================================
+ Verbose Summary: CDFG Model
============================================================
IsTopModel: 0
ResetActiveHigh: 1
IsCombinational: 0
IsDatapathOnly: 0
HasWiredReturn: 1
HasMFsm: 2
HasVarLatency: 1
IsPipeline: 0
IsRtlPipelined: 0
IsInstanceOverlapped: 0
IsDontTouch: 0
HasImplIP: 0
IsGatedGlobalClock: 0

+ Individual pipeline summary: 
  * Pipeline-0: initiation interval (II) = 27, depth = 28


============================================================
+ Verbose Summary: Schedule
============================================================
* Number of FSM states : 28
* Pipeline : 1
  Pipeline-0 : II = 27, D = 28, States = { 1 2 3 4 5 6 7 8 9 10 11 12 13 14 15 16 17 18 19 20 21 22 23 24 25 26 27 28 }
* Dataflow Pipeline: 0

* FSM state transitions: 
1 --> 2 
2 --> 3 
3 --> 4 
4 --> 5 
5 --> 6 
6 --> 7 
7 --> 8 
8 --> 9 
9 --> 10 
10 --> 11 
11 --> 12 
12 --> 13 
13 --> 14 
14 --> 15 
15 --> 16 
16 --> 17 
17 --> 18 
18 --> 19 
19 --> 20 
20 --> 21 
21 --> 22 
22 --> 23 
23 --> 24 
24 --> 25 
25 --> 26 
26 --> 27 
27 --> 28 
28 --> 

* FSM state operations: 

State 1 <SV = 0> <Delay = 4.91>
ST_1 : Operation 31 [1/1] (0.00ns)   --->   "%i = alloca i32 1" [firmware/nnet_utils/nnet_padding_stream.h:59]   --->   Operation 31 'alloca' 'i' <Predicate = true> <Delay = 0.00>
ST_1 : Operation 32 [1/1] (0.00ns)   --->   "%specinterface_ln0 = specinterface void @_ssdm_op_SpecInterface, i240 %layer5_out, void @empty_6, i32 0, i32 0, void @empty_5, i32 0, i32 0, void @empty_5, void @empty_5, void @empty_5, i32 0, i32 0, i32 0, i32 0, void @empty_5, void @empty_5, i32 4294967295, i32 0, i32 0"   --->   Operation 32 'specinterface' 'specinterface_ln0' <Predicate = true> <Delay = 0.00>
ST_1 : Operation 33 [1/1] (0.00ns)   --->   "%specinterface_ln0 = specinterface void @_ssdm_op_SpecInterface, i240 %layer14_out, void @empty_6, i32 0, i32 0, void @empty_5, i32 0, i32 0, void @empty_5, void @empty_5, void @empty_5, i32 0, i32 0, i32 0, i32 0, void @empty_5, void @empty_5, i32 4294967295, i32 0, i32 0"   --->   Operation 33 'specinterface' 'specinterface_ln0' <Predicate = true> <Delay = 0.00>
ST_1 : Operation 34 [1/1] (1.58ns)   --->   "%store_ln59 = store i4 0, i4 %i" [firmware/nnet_utils/nnet_padding_stream.h:59]   --->   Operation 34 'store' 'store_ln59' <Predicate = true> <Delay = 1.58>
ST_1 : Operation 35 [1/1] (0.00ns)   --->   "%br_ln59 = br void %PadLeft" [firmware/nnet_utils/nnet_padding_stream.h:59]   --->   Operation 35 'br' 'br_ln59' <Predicate = true> <Delay = 0.00>
ST_1 : Operation 36 [1/1] (0.00ns)   --->   "%i_3 = load i4 %i" [firmware/nnet_utils/nnet_padding_stream.h:59]   --->   Operation 36 'load' 'i_3' <Predicate = true> <Delay = 0.00>
ST_1 : Operation 37 [1/1] (1.73ns)   --->   "%icmp_ln59 = icmp_eq  i4 %i_3, i4 10" [firmware/nnet_utils/nnet_padding_stream.h:59]   --->   Operation 37 'icmp' 'icmp_ln59' <Predicate = true> <Delay = 1.73> <CoreInst = "Cmp">   --->   Core 9 'Cmp' <Latency = 0> <II = 1> <Delay = 1.73> <FuncUnit> <Opcode : 'seteq' 'setne' 'setle' 'setge' 'setlt' 'setgt'> <InPorts = 2> <OutPorts = 1>
ST_1 : Operation 38 [1/1] (1.73ns)   --->   "%i_4 = add i4 %i_3, i4 1" [firmware/nnet_utils/nnet_padding_stream.h:59]   --->   Operation 38 'add' 'i_4' <Predicate = true> <Delay = 1.73> <CoreInst = "Adder">   --->   Core 1 'Adder' <Latency = 0> <II = 1> <Delay = 1.73> <FuncUnit> <Opcode : 'add' 'sub'> <InPorts = 2> <OutPorts = 1>
ST_1 : Operation 39 [1/1] (0.00ns)   --->   "%br_ln59 = br i1 %icmp_ln59, void %PadLeft.split, void %for.inc50.preheader.exitStub" [firmware/nnet_utils/nnet_padding_stream.h:59]   --->   Operation 39 'br' 'br_ln59' <Predicate = true> <Delay = 0.00>
ST_1 : Operation 40 [1/1] (1.58ns)   --->   "%store_ln59 = store i4 %i_4, i4 %i" [firmware/nnet_utils/nnet_padding_stream.h:59]   --->   Operation 40 'store' 'store_ln59' <Predicate = (!icmp_ln59)> <Delay = 1.58>
ST_1 : Operation 97 [1/1] (1.58ns)   --->   "%ret_ln0 = ret"   --->   Operation 97 'ret' 'ret_ln0' <Predicate = (icmp_ln59)> <Delay = 1.58>

State 2 <SV = 1> <Delay = 3.59>
ST_2 : Operation 41 [1/1] (3.59ns)   --->   "%write_ln15 = write void @_ssdm_op_Write.ap_fifo.volatile.i240P0A, i240 %layer14_out, i240 0" [firmware/nnet_utils/nnet_padding_stream.h:15->firmware/nnet_utils/nnet_padding_stream.h:62]   --->   Operation 41 'write' 'write_ln15' <Predicate = (!icmp_ln59)> <Delay = 3.59> <CoreInst = "FIFO">   --->   Core 77 'FIFO' <Latency = 0> <II = 1> <Delay = 3.59> <Storage> <Opcode : 'read' 'write' 'nbread' 'nbwrite'> <Ports = 0> <Width = 240> <Depth = 324> <FIFO>
ST_2 : Operation 42 [1/1] (3.54ns)   --->   "%layer5_out_read = read i240 @_ssdm_op_Read.ap_fifo.volatile.i240P0A, i240 %layer5_out" [firmware/nnet_utils/nnet_padding_stream.h:20->firmware/nnet_utils/nnet_padding_stream.h:66]   --->   Operation 42 'read' 'layer5_out_read' <Predicate = (!icmp_ln59)> <Delay = 3.54> <CoreInst = "FIFO">   --->   Core 77 'FIFO' <Latency = 0> <II = 1> <Delay = 3.54> <Storage> <Opcode : 'read' 'write' 'nbread' 'nbwrite'> <Ports = 0> <Width = 240> <Depth = 250> <FIFO>

State 3 <SV = 2> <Delay = 3.59>
ST_3 : Operation 43 [1/1] (3.59ns)   --->   "%write_ln26 = write void @_ssdm_op_Write.ap_fifo.volatile.i240P0A, i240 %layer14_out, i240 %layer5_out_read" [firmware/nnet_utils/nnet_padding_stream.h:26->firmware/nnet_utils/nnet_padding_stream.h:66]   --->   Operation 43 'write' 'write_ln26' <Predicate = (!icmp_ln59)> <Delay = 3.59> <CoreInst = "FIFO">   --->   Core 77 'FIFO' <Latency = 0> <II = 1> <Delay = 3.59> <Storage> <Opcode : 'read' 'write' 'nbread' 'nbwrite'> <Ports = 0> <Width = 240> <Depth = 324> <FIFO>
ST_3 : Operation 44 [1/1] (3.54ns)   --->   "%layer5_out_read_1 = read i240 @_ssdm_op_Read.ap_fifo.volatile.i240P0A, i240 %layer5_out" [firmware/nnet_utils/nnet_padding_stream.h:20->firmware/nnet_utils/nnet_padding_stream.h:66]   --->   Operation 44 'read' 'layer5_out_read_1' <Predicate = (!icmp_ln59)> <Delay = 3.54> <CoreInst = "FIFO">   --->   Core 77 'FIFO' <Latency = 0> <II = 1> <Delay = 3.54> <Storage> <Opcode : 'read' 'write' 'nbread' 'nbwrite'> <Ports = 0> <Width = 240> <Depth = 250> <FIFO>

State 4 <SV = 3> <Delay = 3.59>
ST_4 : Operation 45 [1/1] (3.59ns)   --->   "%write_ln26 = write void @_ssdm_op_Write.ap_fifo.volatile.i240P0A, i240 %layer14_out, i240 %layer5_out_read_1" [firmware/nnet_utils/nnet_padding_stream.h:26->firmware/nnet_utils/nnet_padding_stream.h:66]   --->   Operation 45 'write' 'write_ln26' <Predicate = (!icmp_ln59)> <Delay = 3.59> <CoreInst = "FIFO">   --->   Core 77 'FIFO' <Latency = 0> <II = 1> <Delay = 3.59> <Storage> <Opcode : 'read' 'write' 'nbread' 'nbwrite'> <Ports = 0> <Width = 240> <Depth = 324> <FIFO>
ST_4 : Operation 46 [1/1] (3.54ns)   --->   "%layer5_out_read_2 = read i240 @_ssdm_op_Read.ap_fifo.volatile.i240P0A, i240 %layer5_out" [firmware/nnet_utils/nnet_padding_stream.h:20->firmware/nnet_utils/nnet_padding_stream.h:66]   --->   Operation 46 'read' 'layer5_out_read_2' <Predicate = (!icmp_ln59)> <Delay = 3.54> <CoreInst = "FIFO">   --->   Core 77 'FIFO' <Latency = 0> <II = 1> <Delay = 3.54> <Storage> <Opcode : 'read' 'write' 'nbread' 'nbwrite'> <Ports = 0> <Width = 240> <Depth = 250> <FIFO>

State 5 <SV = 4> <Delay = 3.59>
ST_5 : Operation 47 [1/1] (3.59ns)   --->   "%write_ln26 = write void @_ssdm_op_Write.ap_fifo.volatile.i240P0A, i240 %layer14_out, i240 %layer5_out_read_2" [firmware/nnet_utils/nnet_padding_stream.h:26->firmware/nnet_utils/nnet_padding_stream.h:66]   --->   Operation 47 'write' 'write_ln26' <Predicate = (!icmp_ln59)> <Delay = 3.59> <CoreInst = "FIFO">   --->   Core 77 'FIFO' <Latency = 0> <II = 1> <Delay = 3.59> <Storage> <Opcode : 'read' 'write' 'nbread' 'nbwrite'> <Ports = 0> <Width = 240> <Depth = 324> <FIFO>
ST_5 : Operation 48 [1/1] (3.54ns)   --->   "%layer5_out_read_3 = read i240 @_ssdm_op_Read.ap_fifo.volatile.i240P0A, i240 %layer5_out" [firmware/nnet_utils/nnet_padding_stream.h:20->firmware/nnet_utils/nnet_padding_stream.h:66]   --->   Operation 48 'read' 'layer5_out_read_3' <Predicate = (!icmp_ln59)> <Delay = 3.54> <CoreInst = "FIFO">   --->   Core 77 'FIFO' <Latency = 0> <II = 1> <Delay = 3.54> <Storage> <Opcode : 'read' 'write' 'nbread' 'nbwrite'> <Ports = 0> <Width = 240> <Depth = 250> <FIFO>

State 6 <SV = 5> <Delay = 3.59>
ST_6 : Operation 49 [1/1] (3.59ns)   --->   "%write_ln26 = write void @_ssdm_op_Write.ap_fifo.volatile.i240P0A, i240 %layer14_out, i240 %layer5_out_read_3" [firmware/nnet_utils/nnet_padding_stream.h:26->firmware/nnet_utils/nnet_padding_stream.h:66]   --->   Operation 49 'write' 'write_ln26' <Predicate = (!icmp_ln59)> <Delay = 3.59> <CoreInst = "FIFO">   --->   Core 77 'FIFO' <Latency = 0> <II = 1> <Delay = 3.59> <Storage> <Opcode : 'read' 'write' 'nbread' 'nbwrite'> <Ports = 0> <Width = 240> <Depth = 324> <FIFO>
ST_6 : Operation 50 [1/1] (3.54ns)   --->   "%layer5_out_read_4 = read i240 @_ssdm_op_Read.ap_fifo.volatile.i240P0A, i240 %layer5_out" [firmware/nnet_utils/nnet_padding_stream.h:20->firmware/nnet_utils/nnet_padding_stream.h:66]   --->   Operation 50 'read' 'layer5_out_read_4' <Predicate = (!icmp_ln59)> <Delay = 3.54> <CoreInst = "FIFO">   --->   Core 77 'FIFO' <Latency = 0> <II = 1> <Delay = 3.54> <Storage> <Opcode : 'read' 'write' 'nbread' 'nbwrite'> <Ports = 0> <Width = 240> <Depth = 250> <FIFO>

State 7 <SV = 6> <Delay = 3.59>
ST_7 : Operation 51 [1/1] (3.59ns)   --->   "%write_ln26 = write void @_ssdm_op_Write.ap_fifo.volatile.i240P0A, i240 %layer14_out, i240 %layer5_out_read_4" [firmware/nnet_utils/nnet_padding_stream.h:26->firmware/nnet_utils/nnet_padding_stream.h:66]   --->   Operation 51 'write' 'write_ln26' <Predicate = (!icmp_ln59)> <Delay = 3.59> <CoreInst = "FIFO">   --->   Core 77 'FIFO' <Latency = 0> <II = 1> <Delay = 3.59> <Storage> <Opcode : 'read' 'write' 'nbread' 'nbwrite'> <Ports = 0> <Width = 240> <Depth = 324> <FIFO>
ST_7 : Operation 52 [1/1] (3.54ns)   --->   "%layer5_out_read_5 = read i240 @_ssdm_op_Read.ap_fifo.volatile.i240P0A, i240 %layer5_out" [firmware/nnet_utils/nnet_padding_stream.h:20->firmware/nnet_utils/nnet_padding_stream.h:66]   --->   Operation 52 'read' 'layer5_out_read_5' <Predicate = (!icmp_ln59)> <Delay = 3.54> <CoreInst = "FIFO">   --->   Core 77 'FIFO' <Latency = 0> <II = 1> <Delay = 3.54> <Storage> <Opcode : 'read' 'write' 'nbread' 'nbwrite'> <Ports = 0> <Width = 240> <Depth = 250> <FIFO>

State 8 <SV = 7> <Delay = 3.59>
ST_8 : Operation 53 [1/1] (3.59ns)   --->   "%write_ln26 = write void @_ssdm_op_Write.ap_fifo.volatile.i240P0A, i240 %layer14_out, i240 %layer5_out_read_5" [firmware/nnet_utils/nnet_padding_stream.h:26->firmware/nnet_utils/nnet_padding_stream.h:66]   --->   Operation 53 'write' 'write_ln26' <Predicate = (!icmp_ln59)> <Delay = 3.59> <CoreInst = "FIFO">   --->   Core 77 'FIFO' <Latency = 0> <II = 1> <Delay = 3.59> <Storage> <Opcode : 'read' 'write' 'nbread' 'nbwrite'> <Ports = 0> <Width = 240> <Depth = 324> <FIFO>
ST_8 : Operation 54 [1/1] (3.54ns)   --->   "%layer5_out_read_6 = read i240 @_ssdm_op_Read.ap_fifo.volatile.i240P0A, i240 %layer5_out" [firmware/nnet_utils/nnet_padding_stream.h:20->firmware/nnet_utils/nnet_padding_stream.h:66]   --->   Operation 54 'read' 'layer5_out_read_6' <Predicate = (!icmp_ln59)> <Delay = 3.54> <CoreInst = "FIFO">   --->   Core 77 'FIFO' <Latency = 0> <II = 1> <Delay = 3.54> <Storage> <Opcode : 'read' 'write' 'nbread' 'nbwrite'> <Ports = 0> <Width = 240> <Depth = 250> <FIFO>

State 9 <SV = 8> <Delay = 3.59>
ST_9 : Operation 55 [1/1] (3.59ns)   --->   "%write_ln26 = write void @_ssdm_op_Write.ap_fifo.volatile.i240P0A, i240 %layer14_out, i240 %layer5_out_read_6" [firmware/nnet_utils/nnet_padding_stream.h:26->firmware/nnet_utils/nnet_padding_stream.h:66]   --->   Operation 55 'write' 'write_ln26' <Predicate = (!icmp_ln59)> <Delay = 3.59> <CoreInst = "FIFO">   --->   Core 77 'FIFO' <Latency = 0> <II = 1> <Delay = 3.59> <Storage> <Opcode : 'read' 'write' 'nbread' 'nbwrite'> <Ports = 0> <Width = 240> <Depth = 324> <FIFO>
ST_9 : Operation 56 [1/1] (3.54ns)   --->   "%layer5_out_read_7 = read i240 @_ssdm_op_Read.ap_fifo.volatile.i240P0A, i240 %layer5_out" [firmware/nnet_utils/nnet_padding_stream.h:20->firmware/nnet_utils/nnet_padding_stream.h:66]   --->   Operation 56 'read' 'layer5_out_read_7' <Predicate = (!icmp_ln59)> <Delay = 3.54> <CoreInst = "FIFO">   --->   Core 77 'FIFO' <Latency = 0> <II = 1> <Delay = 3.54> <Storage> <Opcode : 'read' 'write' 'nbread' 'nbwrite'> <Ports = 0> <Width = 240> <Depth = 250> <FIFO>

State 10 <SV = 9> <Delay = 3.59>
ST_10 : Operation 57 [1/1] (3.59ns)   --->   "%write_ln26 = write void @_ssdm_op_Write.ap_fifo.volatile.i240P0A, i240 %layer14_out, i240 %layer5_out_read_7" [firmware/nnet_utils/nnet_padding_stream.h:26->firmware/nnet_utils/nnet_padding_stream.h:66]   --->   Operation 57 'write' 'write_ln26' <Predicate = (!icmp_ln59)> <Delay = 3.59> <CoreInst = "FIFO">   --->   Core 77 'FIFO' <Latency = 0> <II = 1> <Delay = 3.59> <Storage> <Opcode : 'read' 'write' 'nbread' 'nbwrite'> <Ports = 0> <Width = 240> <Depth = 324> <FIFO>
ST_10 : Operation 58 [1/1] (3.54ns)   --->   "%layer5_out_read_8 = read i240 @_ssdm_op_Read.ap_fifo.volatile.i240P0A, i240 %layer5_out" [firmware/nnet_utils/nnet_padding_stream.h:20->firmware/nnet_utils/nnet_padding_stream.h:66]   --->   Operation 58 'read' 'layer5_out_read_8' <Predicate = (!icmp_ln59)> <Delay = 3.54> <CoreInst = "FIFO">   --->   Core 77 'FIFO' <Latency = 0> <II = 1> <Delay = 3.54> <Storage> <Opcode : 'read' 'write' 'nbread' 'nbwrite'> <Ports = 0> <Width = 240> <Depth = 250> <FIFO>

State 11 <SV = 10> <Delay = 3.59>
ST_11 : Operation 59 [1/1] (3.59ns)   --->   "%write_ln26 = write void @_ssdm_op_Write.ap_fifo.volatile.i240P0A, i240 %layer14_out, i240 %layer5_out_read_8" [firmware/nnet_utils/nnet_padding_stream.h:26->firmware/nnet_utils/nnet_padding_stream.h:66]   --->   Operation 59 'write' 'write_ln26' <Predicate = (!icmp_ln59)> <Delay = 3.59> <CoreInst = "FIFO">   --->   Core 77 'FIFO' <Latency = 0> <II = 1> <Delay = 3.59> <Storage> <Opcode : 'read' 'write' 'nbread' 'nbwrite'> <Ports = 0> <Width = 240> <Depth = 324> <FIFO>
ST_11 : Operation 60 [1/1] (3.54ns)   --->   "%layer5_out_read_9 = read i240 @_ssdm_op_Read.ap_fifo.volatile.i240P0A, i240 %layer5_out" [firmware/nnet_utils/nnet_padding_stream.h:20->firmware/nnet_utils/nnet_padding_stream.h:66]   --->   Operation 60 'read' 'layer5_out_read_9' <Predicate = (!icmp_ln59)> <Delay = 3.54> <CoreInst = "FIFO">   --->   Core 77 'FIFO' <Latency = 0> <II = 1> <Delay = 3.54> <Storage> <Opcode : 'read' 'write' 'nbread' 'nbwrite'> <Ports = 0> <Width = 240> <Depth = 250> <FIFO>

State 12 <SV = 11> <Delay = 3.59>
ST_12 : Operation 61 [1/1] (3.59ns)   --->   "%write_ln26 = write void @_ssdm_op_Write.ap_fifo.volatile.i240P0A, i240 %layer14_out, i240 %layer5_out_read_9" [firmware/nnet_utils/nnet_padding_stream.h:26->firmware/nnet_utils/nnet_padding_stream.h:66]   --->   Operation 61 'write' 'write_ln26' <Predicate = (!icmp_ln59)> <Delay = 3.59> <CoreInst = "FIFO">   --->   Core 77 'FIFO' <Latency = 0> <II = 1> <Delay = 3.59> <Storage> <Opcode : 'read' 'write' 'nbread' 'nbwrite'> <Ports = 0> <Width = 240> <Depth = 324> <FIFO>
ST_12 : Operation 62 [1/1] (3.54ns)   --->   "%layer5_out_read_10 = read i240 @_ssdm_op_Read.ap_fifo.volatile.i240P0A, i240 %layer5_out" [firmware/nnet_utils/nnet_padding_stream.h:20->firmware/nnet_utils/nnet_padding_stream.h:66]   --->   Operation 62 'read' 'layer5_out_read_10' <Predicate = (!icmp_ln59)> <Delay = 3.54> <CoreInst = "FIFO">   --->   Core 77 'FIFO' <Latency = 0> <II = 1> <Delay = 3.54> <Storage> <Opcode : 'read' 'write' 'nbread' 'nbwrite'> <Ports = 0> <Width = 240> <Depth = 250> <FIFO>

State 13 <SV = 12> <Delay = 3.59>
ST_13 : Operation 63 [1/1] (3.59ns)   --->   "%write_ln26 = write void @_ssdm_op_Write.ap_fifo.volatile.i240P0A, i240 %layer14_out, i240 %layer5_out_read_10" [firmware/nnet_utils/nnet_padding_stream.h:26->firmware/nnet_utils/nnet_padding_stream.h:66]   --->   Operation 63 'write' 'write_ln26' <Predicate = (!icmp_ln59)> <Delay = 3.59> <CoreInst = "FIFO">   --->   Core 77 'FIFO' <Latency = 0> <II = 1> <Delay = 3.59> <Storage> <Opcode : 'read' 'write' 'nbread' 'nbwrite'> <Ports = 0> <Width = 240> <Depth = 324> <FIFO>
ST_13 : Operation 64 [1/1] (3.54ns)   --->   "%layer5_out_read_11 = read i240 @_ssdm_op_Read.ap_fifo.volatile.i240P0A, i240 %layer5_out" [firmware/nnet_utils/nnet_padding_stream.h:20->firmware/nnet_utils/nnet_padding_stream.h:66]   --->   Operation 64 'read' 'layer5_out_read_11' <Predicate = (!icmp_ln59)> <Delay = 3.54> <CoreInst = "FIFO">   --->   Core 77 'FIFO' <Latency = 0> <II = 1> <Delay = 3.54> <Storage> <Opcode : 'read' 'write' 'nbread' 'nbwrite'> <Ports = 0> <Width = 240> <Depth = 250> <FIFO>

State 14 <SV = 13> <Delay = 3.59>
ST_14 : Operation 65 [1/1] (3.59ns)   --->   "%write_ln26 = write void @_ssdm_op_Write.ap_fifo.volatile.i240P0A, i240 %layer14_out, i240 %layer5_out_read_11" [firmware/nnet_utils/nnet_padding_stream.h:26->firmware/nnet_utils/nnet_padding_stream.h:66]   --->   Operation 65 'write' 'write_ln26' <Predicate = (!icmp_ln59)> <Delay = 3.59> <CoreInst = "FIFO">   --->   Core 77 'FIFO' <Latency = 0> <II = 1> <Delay = 3.59> <Storage> <Opcode : 'read' 'write' 'nbread' 'nbwrite'> <Ports = 0> <Width = 240> <Depth = 324> <FIFO>
ST_14 : Operation 66 [1/1] (3.54ns)   --->   "%layer5_out_read_12 = read i240 @_ssdm_op_Read.ap_fifo.volatile.i240P0A, i240 %layer5_out" [firmware/nnet_utils/nnet_padding_stream.h:20->firmware/nnet_utils/nnet_padding_stream.h:66]   --->   Operation 66 'read' 'layer5_out_read_12' <Predicate = (!icmp_ln59)> <Delay = 3.54> <CoreInst = "FIFO">   --->   Core 77 'FIFO' <Latency = 0> <II = 1> <Delay = 3.54> <Storage> <Opcode : 'read' 'write' 'nbread' 'nbwrite'> <Ports = 0> <Width = 240> <Depth = 250> <FIFO>

State 15 <SV = 14> <Delay = 3.59>
ST_15 : Operation 67 [1/1] (3.59ns)   --->   "%write_ln26 = write void @_ssdm_op_Write.ap_fifo.volatile.i240P0A, i240 %layer14_out, i240 %layer5_out_read_12" [firmware/nnet_utils/nnet_padding_stream.h:26->firmware/nnet_utils/nnet_padding_stream.h:66]   --->   Operation 67 'write' 'write_ln26' <Predicate = (!icmp_ln59)> <Delay = 3.59> <CoreInst = "FIFO">   --->   Core 77 'FIFO' <Latency = 0> <II = 1> <Delay = 3.59> <Storage> <Opcode : 'read' 'write' 'nbread' 'nbwrite'> <Ports = 0> <Width = 240> <Depth = 324> <FIFO>
ST_15 : Operation 68 [1/1] (3.54ns)   --->   "%layer5_out_read_13 = read i240 @_ssdm_op_Read.ap_fifo.volatile.i240P0A, i240 %layer5_out" [firmware/nnet_utils/nnet_padding_stream.h:20->firmware/nnet_utils/nnet_padding_stream.h:66]   --->   Operation 68 'read' 'layer5_out_read_13' <Predicate = (!icmp_ln59)> <Delay = 3.54> <CoreInst = "FIFO">   --->   Core 77 'FIFO' <Latency = 0> <II = 1> <Delay = 3.54> <Storage> <Opcode : 'read' 'write' 'nbread' 'nbwrite'> <Ports = 0> <Width = 240> <Depth = 250> <FIFO>

State 16 <SV = 15> <Delay = 3.59>
ST_16 : Operation 69 [1/1] (3.59ns)   --->   "%write_ln26 = write void @_ssdm_op_Write.ap_fifo.volatile.i240P0A, i240 %layer14_out, i240 %layer5_out_read_13" [firmware/nnet_utils/nnet_padding_stream.h:26->firmware/nnet_utils/nnet_padding_stream.h:66]   --->   Operation 69 'write' 'write_ln26' <Predicate = (!icmp_ln59)> <Delay = 3.59> <CoreInst = "FIFO">   --->   Core 77 'FIFO' <Latency = 0> <II = 1> <Delay = 3.59> <Storage> <Opcode : 'read' 'write' 'nbread' 'nbwrite'> <Ports = 0> <Width = 240> <Depth = 324> <FIFO>
ST_16 : Operation 70 [1/1] (3.54ns)   --->   "%layer5_out_read_14 = read i240 @_ssdm_op_Read.ap_fifo.volatile.i240P0A, i240 %layer5_out" [firmware/nnet_utils/nnet_padding_stream.h:20->firmware/nnet_utils/nnet_padding_stream.h:66]   --->   Operation 70 'read' 'layer5_out_read_14' <Predicate = (!icmp_ln59)> <Delay = 3.54> <CoreInst = "FIFO">   --->   Core 77 'FIFO' <Latency = 0> <II = 1> <Delay = 3.54> <Storage> <Opcode : 'read' 'write' 'nbread' 'nbwrite'> <Ports = 0> <Width = 240> <Depth = 250> <FIFO>

State 17 <SV = 16> <Delay = 3.59>
ST_17 : Operation 71 [1/1] (3.59ns)   --->   "%write_ln26 = write void @_ssdm_op_Write.ap_fifo.volatile.i240P0A, i240 %layer14_out, i240 %layer5_out_read_14" [firmware/nnet_utils/nnet_padding_stream.h:26->firmware/nnet_utils/nnet_padding_stream.h:66]   --->   Operation 71 'write' 'write_ln26' <Predicate = (!icmp_ln59)> <Delay = 3.59> <CoreInst = "FIFO">   --->   Core 77 'FIFO' <Latency = 0> <II = 1> <Delay = 3.59> <Storage> <Opcode : 'read' 'write' 'nbread' 'nbwrite'> <Ports = 0> <Width = 240> <Depth = 324> <FIFO>
ST_17 : Operation 72 [1/1] (3.54ns)   --->   "%layer5_out_read_15 = read i240 @_ssdm_op_Read.ap_fifo.volatile.i240P0A, i240 %layer5_out" [firmware/nnet_utils/nnet_padding_stream.h:20->firmware/nnet_utils/nnet_padding_stream.h:66]   --->   Operation 72 'read' 'layer5_out_read_15' <Predicate = (!icmp_ln59)> <Delay = 3.54> <CoreInst = "FIFO">   --->   Core 77 'FIFO' <Latency = 0> <II = 1> <Delay = 3.54> <Storage> <Opcode : 'read' 'write' 'nbread' 'nbwrite'> <Ports = 0> <Width = 240> <Depth = 250> <FIFO>

State 18 <SV = 17> <Delay = 3.59>
ST_18 : Operation 73 [1/1] (3.59ns)   --->   "%write_ln26 = write void @_ssdm_op_Write.ap_fifo.volatile.i240P0A, i240 %layer14_out, i240 %layer5_out_read_15" [firmware/nnet_utils/nnet_padding_stream.h:26->firmware/nnet_utils/nnet_padding_stream.h:66]   --->   Operation 73 'write' 'write_ln26' <Predicate = (!icmp_ln59)> <Delay = 3.59> <CoreInst = "FIFO">   --->   Core 77 'FIFO' <Latency = 0> <II = 1> <Delay = 3.59> <Storage> <Opcode : 'read' 'write' 'nbread' 'nbwrite'> <Ports = 0> <Width = 240> <Depth = 324> <FIFO>
ST_18 : Operation 74 [1/1] (3.54ns)   --->   "%layer5_out_read_16 = read i240 @_ssdm_op_Read.ap_fifo.volatile.i240P0A, i240 %layer5_out" [firmware/nnet_utils/nnet_padding_stream.h:20->firmware/nnet_utils/nnet_padding_stream.h:66]   --->   Operation 74 'read' 'layer5_out_read_16' <Predicate = (!icmp_ln59)> <Delay = 3.54> <CoreInst = "FIFO">   --->   Core 77 'FIFO' <Latency = 0> <II = 1> <Delay = 3.54> <Storage> <Opcode : 'read' 'write' 'nbread' 'nbwrite'> <Ports = 0> <Width = 240> <Depth = 250> <FIFO>

State 19 <SV = 18> <Delay = 3.59>
ST_19 : Operation 75 [1/1] (3.59ns)   --->   "%write_ln26 = write void @_ssdm_op_Write.ap_fifo.volatile.i240P0A, i240 %layer14_out, i240 %layer5_out_read_16" [firmware/nnet_utils/nnet_padding_stream.h:26->firmware/nnet_utils/nnet_padding_stream.h:66]   --->   Operation 75 'write' 'write_ln26' <Predicate = (!icmp_ln59)> <Delay = 3.59> <CoreInst = "FIFO">   --->   Core 77 'FIFO' <Latency = 0> <II = 1> <Delay = 3.59> <Storage> <Opcode : 'read' 'write' 'nbread' 'nbwrite'> <Ports = 0> <Width = 240> <Depth = 324> <FIFO>
ST_19 : Operation 76 [1/1] (3.54ns)   --->   "%layer5_out_read_17 = read i240 @_ssdm_op_Read.ap_fifo.volatile.i240P0A, i240 %layer5_out" [firmware/nnet_utils/nnet_padding_stream.h:20->firmware/nnet_utils/nnet_padding_stream.h:66]   --->   Operation 76 'read' 'layer5_out_read_17' <Predicate = (!icmp_ln59)> <Delay = 3.54> <CoreInst = "FIFO">   --->   Core 77 'FIFO' <Latency = 0> <II = 1> <Delay = 3.54> <Storage> <Opcode : 'read' 'write' 'nbread' 'nbwrite'> <Ports = 0> <Width = 240> <Depth = 250> <FIFO>

State 20 <SV = 19> <Delay = 3.59>
ST_20 : Operation 77 [1/1] (3.59ns)   --->   "%write_ln26 = write void @_ssdm_op_Write.ap_fifo.volatile.i240P0A, i240 %layer14_out, i240 %layer5_out_read_17" [firmware/nnet_utils/nnet_padding_stream.h:26->firmware/nnet_utils/nnet_padding_stream.h:66]   --->   Operation 77 'write' 'write_ln26' <Predicate = (!icmp_ln59)> <Delay = 3.59> <CoreInst = "FIFO">   --->   Core 77 'FIFO' <Latency = 0> <II = 1> <Delay = 3.59> <Storage> <Opcode : 'read' 'write' 'nbread' 'nbwrite'> <Ports = 0> <Width = 240> <Depth = 324> <FIFO>
ST_20 : Operation 78 [1/1] (3.54ns)   --->   "%layer5_out_read_18 = read i240 @_ssdm_op_Read.ap_fifo.volatile.i240P0A, i240 %layer5_out" [firmware/nnet_utils/nnet_padding_stream.h:20->firmware/nnet_utils/nnet_padding_stream.h:66]   --->   Operation 78 'read' 'layer5_out_read_18' <Predicate = (!icmp_ln59)> <Delay = 3.54> <CoreInst = "FIFO">   --->   Core 77 'FIFO' <Latency = 0> <II = 1> <Delay = 3.54> <Storage> <Opcode : 'read' 'write' 'nbread' 'nbwrite'> <Ports = 0> <Width = 240> <Depth = 250> <FIFO>

State 21 <SV = 20> <Delay = 3.59>
ST_21 : Operation 79 [1/1] (3.59ns)   --->   "%write_ln26 = write void @_ssdm_op_Write.ap_fifo.volatile.i240P0A, i240 %layer14_out, i240 %layer5_out_read_18" [firmware/nnet_utils/nnet_padding_stream.h:26->firmware/nnet_utils/nnet_padding_stream.h:66]   --->   Operation 79 'write' 'write_ln26' <Predicate = (!icmp_ln59)> <Delay = 3.59> <CoreInst = "FIFO">   --->   Core 77 'FIFO' <Latency = 0> <II = 1> <Delay = 3.59> <Storage> <Opcode : 'read' 'write' 'nbread' 'nbwrite'> <Ports = 0> <Width = 240> <Depth = 324> <FIFO>
ST_21 : Operation 80 [1/1] (3.54ns)   --->   "%layer5_out_read_19 = read i240 @_ssdm_op_Read.ap_fifo.volatile.i240P0A, i240 %layer5_out" [firmware/nnet_utils/nnet_padding_stream.h:20->firmware/nnet_utils/nnet_padding_stream.h:66]   --->   Operation 80 'read' 'layer5_out_read_19' <Predicate = (!icmp_ln59)> <Delay = 3.54> <CoreInst = "FIFO">   --->   Core 77 'FIFO' <Latency = 0> <II = 1> <Delay = 3.54> <Storage> <Opcode : 'read' 'write' 'nbread' 'nbwrite'> <Ports = 0> <Width = 240> <Depth = 250> <FIFO>

State 22 <SV = 21> <Delay = 3.59>
ST_22 : Operation 81 [1/1] (3.59ns)   --->   "%write_ln26 = write void @_ssdm_op_Write.ap_fifo.volatile.i240P0A, i240 %layer14_out, i240 %layer5_out_read_19" [firmware/nnet_utils/nnet_padding_stream.h:26->firmware/nnet_utils/nnet_padding_stream.h:66]   --->   Operation 81 'write' 'write_ln26' <Predicate = (!icmp_ln59)> <Delay = 3.59> <CoreInst = "FIFO">   --->   Core 77 'FIFO' <Latency = 0> <II = 1> <Delay = 3.59> <Storage> <Opcode : 'read' 'write' 'nbread' 'nbwrite'> <Ports = 0> <Width = 240> <Depth = 324> <FIFO>
ST_22 : Operation 82 [1/1] (3.54ns)   --->   "%layer5_out_read_20 = read i240 @_ssdm_op_Read.ap_fifo.volatile.i240P0A, i240 %layer5_out" [firmware/nnet_utils/nnet_padding_stream.h:20->firmware/nnet_utils/nnet_padding_stream.h:66]   --->   Operation 82 'read' 'layer5_out_read_20' <Predicate = (!icmp_ln59)> <Delay = 3.54> <CoreInst = "FIFO">   --->   Core 77 'FIFO' <Latency = 0> <II = 1> <Delay = 3.54> <Storage> <Opcode : 'read' 'write' 'nbread' 'nbwrite'> <Ports = 0> <Width = 240> <Depth = 250> <FIFO>

State 23 <SV = 22> <Delay = 3.59>
ST_23 : Operation 83 [1/1] (3.59ns)   --->   "%write_ln26 = write void @_ssdm_op_Write.ap_fifo.volatile.i240P0A, i240 %layer14_out, i240 %layer5_out_read_20" [firmware/nnet_utils/nnet_padding_stream.h:26->firmware/nnet_utils/nnet_padding_stream.h:66]   --->   Operation 83 'write' 'write_ln26' <Predicate = (!icmp_ln59)> <Delay = 3.59> <CoreInst = "FIFO">   --->   Core 77 'FIFO' <Latency = 0> <II = 1> <Delay = 3.59> <Storage> <Opcode : 'read' 'write' 'nbread' 'nbwrite'> <Ports = 0> <Width = 240> <Depth = 324> <FIFO>
ST_23 : Operation 84 [1/1] (3.54ns)   --->   "%layer5_out_read_21 = read i240 @_ssdm_op_Read.ap_fifo.volatile.i240P0A, i240 %layer5_out" [firmware/nnet_utils/nnet_padding_stream.h:20->firmware/nnet_utils/nnet_padding_stream.h:66]   --->   Operation 84 'read' 'layer5_out_read_21' <Predicate = (!icmp_ln59)> <Delay = 3.54> <CoreInst = "FIFO">   --->   Core 77 'FIFO' <Latency = 0> <II = 1> <Delay = 3.54> <Storage> <Opcode : 'read' 'write' 'nbread' 'nbwrite'> <Ports = 0> <Width = 240> <Depth = 250> <FIFO>

State 24 <SV = 23> <Delay = 3.59>
ST_24 : Operation 85 [1/1] (3.59ns)   --->   "%write_ln26 = write void @_ssdm_op_Write.ap_fifo.volatile.i240P0A, i240 %layer14_out, i240 %layer5_out_read_21" [firmware/nnet_utils/nnet_padding_stream.h:26->firmware/nnet_utils/nnet_padding_stream.h:66]   --->   Operation 85 'write' 'write_ln26' <Predicate = (!icmp_ln59)> <Delay = 3.59> <CoreInst = "FIFO">   --->   Core 77 'FIFO' <Latency = 0> <II = 1> <Delay = 3.59> <Storage> <Opcode : 'read' 'write' 'nbread' 'nbwrite'> <Ports = 0> <Width = 240> <Depth = 324> <FIFO>
ST_24 : Operation 86 [1/1] (3.54ns)   --->   "%layer5_out_read_22 = read i240 @_ssdm_op_Read.ap_fifo.volatile.i240P0A, i240 %layer5_out" [firmware/nnet_utils/nnet_padding_stream.h:20->firmware/nnet_utils/nnet_padding_stream.h:66]   --->   Operation 86 'read' 'layer5_out_read_22' <Predicate = (!icmp_ln59)> <Delay = 3.54> <CoreInst = "FIFO">   --->   Core 77 'FIFO' <Latency = 0> <II = 1> <Delay = 3.54> <Storage> <Opcode : 'read' 'write' 'nbread' 'nbwrite'> <Ports = 0> <Width = 240> <Depth = 250> <FIFO>

State 25 <SV = 24> <Delay = 3.59>
ST_25 : Operation 87 [1/1] (3.59ns)   --->   "%write_ln26 = write void @_ssdm_op_Write.ap_fifo.volatile.i240P0A, i240 %layer14_out, i240 %layer5_out_read_22" [firmware/nnet_utils/nnet_padding_stream.h:26->firmware/nnet_utils/nnet_padding_stream.h:66]   --->   Operation 87 'write' 'write_ln26' <Predicate = (!icmp_ln59)> <Delay = 3.59> <CoreInst = "FIFO">   --->   Core 77 'FIFO' <Latency = 0> <II = 1> <Delay = 3.59> <Storage> <Opcode : 'read' 'write' 'nbread' 'nbwrite'> <Ports = 0> <Width = 240> <Depth = 324> <FIFO>
ST_25 : Operation 88 [1/1] (3.54ns)   --->   "%layer5_out_read_23 = read i240 @_ssdm_op_Read.ap_fifo.volatile.i240P0A, i240 %layer5_out" [firmware/nnet_utils/nnet_padding_stream.h:20->firmware/nnet_utils/nnet_padding_stream.h:66]   --->   Operation 88 'read' 'layer5_out_read_23' <Predicate = (!icmp_ln59)> <Delay = 3.54> <CoreInst = "FIFO">   --->   Core 77 'FIFO' <Latency = 0> <II = 1> <Delay = 3.54> <Storage> <Opcode : 'read' 'write' 'nbread' 'nbwrite'> <Ports = 0> <Width = 240> <Depth = 250> <FIFO>

State 26 <SV = 25> <Delay = 3.59>
ST_26 : Operation 89 [1/1] (3.59ns)   --->   "%write_ln26 = write void @_ssdm_op_Write.ap_fifo.volatile.i240P0A, i240 %layer14_out, i240 %layer5_out_read_23" [firmware/nnet_utils/nnet_padding_stream.h:26->firmware/nnet_utils/nnet_padding_stream.h:66]   --->   Operation 89 'write' 'write_ln26' <Predicate = (!icmp_ln59)> <Delay = 3.59> <CoreInst = "FIFO">   --->   Core 77 'FIFO' <Latency = 0> <II = 1> <Delay = 3.59> <Storage> <Opcode : 'read' 'write' 'nbread' 'nbwrite'> <Ports = 0> <Width = 240> <Depth = 324> <FIFO>
ST_26 : Operation 90 [1/1] (3.54ns)   --->   "%layer5_out_read_24 = read i240 @_ssdm_op_Read.ap_fifo.volatile.i240P0A, i240 %layer5_out" [firmware/nnet_utils/nnet_padding_stream.h:20->firmware/nnet_utils/nnet_padding_stream.h:66]   --->   Operation 90 'read' 'layer5_out_read_24' <Predicate = (!icmp_ln59)> <Delay = 3.54> <CoreInst = "FIFO">   --->   Core 77 'FIFO' <Latency = 0> <II = 1> <Delay = 3.54> <Storage> <Opcode : 'read' 'write' 'nbread' 'nbwrite'> <Ports = 0> <Width = 240> <Depth = 250> <FIFO>

State 27 <SV = 26> <Delay = 3.59>
ST_27 : Operation 91 [1/1] (3.59ns)   --->   "%write_ln26 = write void @_ssdm_op_Write.ap_fifo.volatile.i240P0A, i240 %layer14_out, i240 %layer5_out_read_24" [firmware/nnet_utils/nnet_padding_stream.h:26->firmware/nnet_utils/nnet_padding_stream.h:66]   --->   Operation 91 'write' 'write_ln26' <Predicate = (!icmp_ln59)> <Delay = 3.59> <CoreInst = "FIFO">   --->   Core 77 'FIFO' <Latency = 0> <II = 1> <Delay = 3.59> <Storage> <Opcode : 'read' 'write' 'nbread' 'nbwrite'> <Ports = 0> <Width = 240> <Depth = 324> <FIFO>

State 28 <SV = 27> <Delay = 3.59>
ST_28 : Operation 92 [1/1] (0.00ns)   --->   "%specpipeline_ln59 = specpipeline void @_ssdm_op_SpecPipeline, i32 4294967295, i32 0, i32 0, i32 0, void @empty_5" [firmware/nnet_utils/nnet_padding_stream.h:59]   --->   Operation 92 'specpipeline' 'specpipeline_ln59' <Predicate = true> <Delay = 0.00>
ST_28 : Operation 93 [1/1] (0.00ns)   --->   "%speclooptripcount_ln59 = speclooptripcount void @_ssdm_op_SpecLoopTripCount, i64 10, i64 10, i64 10" [firmware/nnet_utils/nnet_padding_stream.h:59]   --->   Operation 93 'speclooptripcount' 'speclooptripcount_ln59' <Predicate = true> <Delay = 0.00>
ST_28 : Operation 94 [1/1] (0.00ns)   --->   "%specloopname_ln59 = specloopname void @_ssdm_op_SpecLoopName, void @empty_11" [firmware/nnet_utils/nnet_padding_stream.h:59]   --->   Operation 94 'specloopname' 'specloopname_ln59' <Predicate = true> <Delay = 0.00>
ST_28 : Operation 95 [1/1] (3.59ns)   --->   "%write_ln15 = write void @_ssdm_op_Write.ap_fifo.volatile.i240P0A, i240 %layer14_out, i240 0" [firmware/nnet_utils/nnet_padding_stream.h:15->firmware/nnet_utils/nnet_padding_stream.h:70]   --->   Operation 95 'write' 'write_ln15' <Predicate = true> <Delay = 3.59> <CoreInst = "FIFO">   --->   Core 77 'FIFO' <Latency = 0> <II = 1> <Delay = 3.59> <Storage> <Opcode : 'read' 'write' 'nbread' 'nbwrite'> <Ports = 0> <Width = 240> <Depth = 324> <FIFO>
ST_28 : Operation 96 [1/1] (0.00ns)   --->   "%br_ln59 = br void %PadLeft" [firmware/nnet_utils/nnet_padding_stream.h:59]   --->   Operation 96 'br' 'br_ln59' <Predicate = true> <Delay = 0.00>


============================================================
+ Verbose Summary: Timing violations
============================================================
Target clock period: 20.000ns, clock uncertainty: 5.400ns.

 <State 1>: 4.911ns
The critical path consists of the following:
	'store' operation 0 bit ('store_ln59', firmware/nnet_utils/nnet_padding_stream.h:59) of constant 0 on local variable 'i', firmware/nnet_utils/nnet_padding_stream.h:59 [6]  (1.588 ns)
	'load' operation 4 bit ('i', firmware/nnet_utils/nnet_padding_stream.h:59) on local variable 'i', firmware/nnet_utils/nnet_padding_stream.h:59 [9]  (0.000 ns)
	'add' operation 4 bit ('i', firmware/nnet_utils/nnet_padding_stream.h:59) [11]  (1.735 ns)
	'store' operation 0 bit ('store_ln59', firmware/nnet_utils/nnet_padding_stream.h:59) of variable 'i', firmware/nnet_utils/nnet_padding_stream.h:59 on local variable 'i', firmware/nnet_utils/nnet_padding_stream.h:59 [69]  (1.588 ns)

 <State 2>: 3.599ns
The critical path consists of the following:
	fifo write operation ('write_ln15', firmware/nnet_utils/nnet_padding_stream.h:15->firmware/nnet_utils/nnet_padding_stream.h:62) on port 'layer14_out' (firmware/nnet_utils/nnet_padding_stream.h:15->firmware/nnet_utils/nnet_padding_stream.h:62) [17]  (3.599 ns)

 <State 3>: 3.599ns
The critical path consists of the following:
	fifo write operation ('write_ln26', firmware/nnet_utils/nnet_padding_stream.h:26->firmware/nnet_utils/nnet_padding_stream.h:66) on port 'layer14_out' (firmware/nnet_utils/nnet_padding_stream.h:26->firmware/nnet_utils/nnet_padding_stream.h:66) [19]  (3.599 ns)

 <State 4>: 3.599ns
The critical path consists of the following:
	fifo write operation ('write_ln26', firmware/nnet_utils/nnet_padding_stream.h:26->firmware/nnet_utils/nnet_padding_stream.h:66) on port 'layer14_out' (firmware/nnet_utils/nnet_padding_stream.h:26->firmware/nnet_utils/nnet_padding_stream.h:66) [21]  (3.599 ns)

 <State 5>: 3.599ns
The critical path consists of the following:
	fifo write operation ('write_ln26', firmware/nnet_utils/nnet_padding_stream.h:26->firmware/nnet_utils/nnet_padding_stream.h:66) on port 'layer14_out' (firmware/nnet_utils/nnet_padding_stream.h:26->firmware/nnet_utils/nnet_padding_stream.h:66) [23]  (3.599 ns)

 <State 6>: 3.599ns
The critical path consists of the following:
	fifo write operation ('write_ln26', firmware/nnet_utils/nnet_padding_stream.h:26->firmware/nnet_utils/nnet_padding_stream.h:66) on port 'layer14_out' (firmware/nnet_utils/nnet_padding_stream.h:26->firmware/nnet_utils/nnet_padding_stream.h:66) [25]  (3.599 ns)

 <State 7>: 3.599ns
The critical path consists of the following:
	fifo write operation ('write_ln26', firmware/nnet_utils/nnet_padding_stream.h:26->firmware/nnet_utils/nnet_padding_stream.h:66) on port 'layer14_out' (firmware/nnet_utils/nnet_padding_stream.h:26->firmware/nnet_utils/nnet_padding_stream.h:66) [27]  (3.599 ns)

 <State 8>: 3.599ns
The critical path consists of the following:
	fifo write operation ('write_ln26', firmware/nnet_utils/nnet_padding_stream.h:26->firmware/nnet_utils/nnet_padding_stream.h:66) on port 'layer14_out' (firmware/nnet_utils/nnet_padding_stream.h:26->firmware/nnet_utils/nnet_padding_stream.h:66) [29]  (3.599 ns)

 <State 9>: 3.599ns
The critical path consists of the following:
	fifo write operation ('write_ln26', firmware/nnet_utils/nnet_padding_stream.h:26->firmware/nnet_utils/nnet_padding_stream.h:66) on port 'layer14_out' (firmware/nnet_utils/nnet_padding_stream.h:26->firmware/nnet_utils/nnet_padding_stream.h:66) [31]  (3.599 ns)

 <State 10>: 3.599ns
The critical path consists of the following:
	fifo write operation ('write_ln26', firmware/nnet_utils/nnet_padding_stream.h:26->firmware/nnet_utils/nnet_padding_stream.h:66) on port 'layer14_out' (firmware/nnet_utils/nnet_padding_stream.h:26->firmware/nnet_utils/nnet_padding_stream.h:66) [33]  (3.599 ns)

 <State 11>: 3.599ns
The critical path consists of the following:
	fifo write operation ('write_ln26', firmware/nnet_utils/nnet_padding_stream.h:26->firmware/nnet_utils/nnet_padding_stream.h:66) on port 'layer14_out' (firmware/nnet_utils/nnet_padding_stream.h:26->firmware/nnet_utils/nnet_padding_stream.h:66) [35]  (3.599 ns)

 <State 12>: 3.599ns
The critical path consists of the following:
	fifo write operation ('write_ln26', firmware/nnet_utils/nnet_padding_stream.h:26->firmware/nnet_utils/nnet_padding_stream.h:66) on port 'layer14_out' (firmware/nnet_utils/nnet_padding_stream.h:26->firmware/nnet_utils/nnet_padding_stream.h:66) [37]  (3.599 ns)

 <State 13>: 3.599ns
The critical path consists of the following:
	fifo write operation ('write_ln26', firmware/nnet_utils/nnet_padding_stream.h:26->firmware/nnet_utils/nnet_padding_stream.h:66) on port 'layer14_out' (firmware/nnet_utils/nnet_padding_stream.h:26->firmware/nnet_utils/nnet_padding_stream.h:66) [39]  (3.599 ns)

 <State 14>: 3.599ns
The critical path consists of the following:
	fifo write operation ('write_ln26', firmware/nnet_utils/nnet_padding_stream.h:26->firmware/nnet_utils/nnet_padding_stream.h:66) on port 'layer14_out' (firmware/nnet_utils/nnet_padding_stream.h:26->firmware/nnet_utils/nnet_padding_stream.h:66) [41]  (3.599 ns)

 <State 15>: 3.599ns
The critical path consists of the following:
	fifo write operation ('write_ln26', firmware/nnet_utils/nnet_padding_stream.h:26->firmware/nnet_utils/nnet_padding_stream.h:66) on port 'layer14_out' (firmware/nnet_utils/nnet_padding_stream.h:26->firmware/nnet_utils/nnet_padding_stream.h:66) [43]  (3.599 ns)

 <State 16>: 3.599ns
The critical path consists of the following:
	fifo write operation ('write_ln26', firmware/nnet_utils/nnet_padding_stream.h:26->firmware/nnet_utils/nnet_padding_stream.h:66) on port 'layer14_out' (firmware/nnet_utils/nnet_padding_stream.h:26->firmware/nnet_utils/nnet_padding_stream.h:66) [45]  (3.599 ns)

 <State 17>: 3.599ns
The critical path consists of the following:
	fifo write operation ('write_ln26', firmware/nnet_utils/nnet_padding_stream.h:26->firmware/nnet_utils/nnet_padding_stream.h:66) on port 'layer14_out' (firmware/nnet_utils/nnet_padding_stream.h:26->firmware/nnet_utils/nnet_padding_stream.h:66) [47]  (3.599 ns)

 <State 18>: 3.599ns
The critical path consists of the following:
	fifo write operation ('write_ln26', firmware/nnet_utils/nnet_padding_stream.h:26->firmware/nnet_utils/nnet_padding_stream.h:66) on port 'layer14_out' (firmware/nnet_utils/nnet_padding_stream.h:26->firmware/nnet_utils/nnet_padding_stream.h:66) [49]  (3.599 ns)

 <State 19>: 3.599ns
The critical path consists of the following:
	fifo write operation ('write_ln26', firmware/nnet_utils/nnet_padding_stream.h:26->firmware/nnet_utils/nnet_padding_stream.h:66) on port 'layer14_out' (firmware/nnet_utils/nnet_padding_stream.h:26->firmware/nnet_utils/nnet_padding_stream.h:66) [51]  (3.599 ns)

 <State 20>: 3.599ns
The critical path consists of the following:
	fifo write operation ('write_ln26', firmware/nnet_utils/nnet_padding_stream.h:26->firmware/nnet_utils/nnet_padding_stream.h:66) on port 'layer14_out' (firmware/nnet_utils/nnet_padding_stream.h:26->firmware/nnet_utils/nnet_padding_stream.h:66) [53]  (3.599 ns)

 <State 21>: 3.599ns
The critical path consists of the following:
	fifo write operation ('write_ln26', firmware/nnet_utils/nnet_padding_stream.h:26->firmware/nnet_utils/nnet_padding_stream.h:66) on port 'layer14_out' (firmware/nnet_utils/nnet_padding_stream.h:26->firmware/nnet_utils/nnet_padding_stream.h:66) [55]  (3.599 ns)

 <State 22>: 3.599ns
The critical path consists of the following:
	fifo write operation ('write_ln26', firmware/nnet_utils/nnet_padding_stream.h:26->firmware/nnet_utils/nnet_padding_stream.h:66) on port 'layer14_out' (firmware/nnet_utils/nnet_padding_stream.h:26->firmware/nnet_utils/nnet_padding_stream.h:66) [57]  (3.599 ns)

 <State 23>: 3.599ns
The critical path consists of the following:
	fifo write operation ('write_ln26', firmware/nnet_utils/nnet_padding_stream.h:26->firmware/nnet_utils/nnet_padding_stream.h:66) on port 'layer14_out' (firmware/nnet_utils/nnet_padding_stream.h:26->firmware/nnet_utils/nnet_padding_stream.h:66) [59]  (3.599 ns)

 <State 24>: 3.599ns
The critical path consists of the following:
	fifo write operation ('write_ln26', firmware/nnet_utils/nnet_padding_stream.h:26->firmware/nnet_utils/nnet_padding_stream.h:66) on port 'layer14_out' (firmware/nnet_utils/nnet_padding_stream.h:26->firmware/nnet_utils/nnet_padding_stream.h:66) [61]  (3.599 ns)

 <State 25>: 3.599ns
The critical path consists of the following:
	fifo write operation ('write_ln26', firmware/nnet_utils/nnet_padding_stream.h:26->firmware/nnet_utils/nnet_padding_stream.h:66) on port 'layer14_out' (firmware/nnet_utils/nnet_padding_stream.h:26->firmware/nnet_utils/nnet_padding_stream.h:66) [63]  (3.599 ns)

 <State 26>: 3.599ns
The critical path consists of the following:
	fifo write operation ('write_ln26', firmware/nnet_utils/nnet_padding_stream.h:26->firmware/nnet_utils/nnet_padding_stream.h:66) on port 'layer14_out' (firmware/nnet_utils/nnet_padding_stream.h:26->firmware/nnet_utils/nnet_padding_stream.h:66) [65]  (3.599 ns)

 <State 27>: 3.599ns
The critical path consists of the following:
	fifo write operation ('write_ln26', firmware/nnet_utils/nnet_padding_stream.h:26->firmware/nnet_utils/nnet_padding_stream.h:66) on port 'layer14_out' (firmware/nnet_utils/nnet_padding_stream.h:26->firmware/nnet_utils/nnet_padding_stream.h:66) [67]  (3.599 ns)

 <State 28>: 3.599ns
The critical path consists of the following:
	fifo write operation ('write_ln15', firmware/nnet_utils/nnet_padding_stream.h:15->firmware/nnet_utils/nnet_padding_stream.h:70) on port 'layer14_out' (firmware/nnet_utils/nnet_padding_stream.h:15->firmware/nnet_utils/nnet_padding_stream.h:70) [68]  (3.599 ns)


============================================================
+ Verbose Summary: Binding
============================================================
N/A
* FSMD analyzer results:
  - Output states:
 - Input state : 
  - Chain level:
	State 1
	State 2
	State 3
	State 4
	State 5
	State 6
	State 7
	State 8
	State 9
	State 10
	State 11
	State 12
	State 13
	State 14
	State 15
	State 16
	State 17
	State 18
	State 19
	State 20
	State 21
	State 22
	State 23
	State 24
	State 25
	State 26
	State 27
	State 28


============================================================
+ Verbose Summary: Datapath Resource usage 
============================================================
N/A
