

================================================================
== Vitis HLS Report for 'zeropad2d_cl_array_array_ap_fixed_20_10_5_3_0_1u_config13_s'
================================================================
* Date:           Sun Aug 30 16:00:05 2026

* Version:        2024.1 (Build 5069499 on May 21 2024)
* Project:        myproject_prj
* Solution:       solution1 (Vivado IP Flow Target)
* Product family: zynq
* Target device:  xc7z020-clg400-1


================================================================
== Performance Estimates
================================================================
+ Timing: 
    * Summary: 
    +--------+----------+----------+------------+
    |  Clock |  Target  | Estimated| Uncertainty|
    +--------+----------+----------+------------+
    |ap_clk  |  20.00 ns|  5.332 ns|     5.40 ns|
    +--------+----------+----------+------------+

+ Latency: 
    * Summary: 
    +---------+---------+-----------+-----------+------+------+---------+
    |  Latency (cycles) |   Latency (absolute)  |   Interval  | Pipeline|
    |   min   |   max   |    min    |    max    |  min |  max |   Type  |
    +---------+---------+-----------+-----------+------+------+---------+
    |     4387|     4387|  87.740 us|  87.740 us|  4387|  4387|       no|
    +---------+---------+-----------+-----------+------+------+---------+

    + Detail: 
        * Instance: 
        +---------------------------------------------------------------------------------------+-----------------------------------------------------------------------------+---------+---------+----------+----------+-----+-----+-----------------------------------------------+
        |                                                                                       |                                                                             |  Latency (cycles) |  Latency (absolute) |  Interval |                    Pipeline                   |
        |                                        Instance                                       |                                    Module                                   |   min   |   max   |    min   |    max   | min | max |                      Type                     |
        +---------------------------------------------------------------------------------------+-----------------------------------------------------------------------------+---------+---------+----------+----------+-----+-----+-----------------------------------------------+
        |grp_zeropad2d_cl_array_array_ap_fixed_1u_config13_Pipeline_PadBottomWidth_fu_56        |zeropad2d_cl_array_array_ap_fixed_1u_config13_Pipeline_PadBottomWidth        |      105|      105|  2.100 us|  2.100 us|  104|  104|  loop auto-rewind stp(delay=0 clock cycles(s))|
        |grp_zeropad2d_cl_array_array_ap_fixed_20_10_5_3_0_1u_config13_Pipeline_CopyMain_fu_62  |zeropad2d_cl_array_array_ap_fixed_20_10_5_3_0_1u_config13_Pipeline_CopyMain  |      103|      103|  2.060 us|  2.060 us|  102|  102|  loop auto-rewind stp(delay=0 clock cycles(s))|
        +---------------------------------------------------------------------------------------+-----------------------------------------------------------------------------+---------+---------+----------+----------+-----+-----+-----------------------------------------------+

        * Loop: 
        +-----------+---------+---------+----------+-----------+-----------+------+----------+
        |           |  Latency (cycles) | Iteration|  Initiation Interval  | Trip |          |
        | Loop Name |   min   |   max   |  Latency |  achieved |   target  | Count| Pipelined|
        +-----------+---------+---------+----------+-----------+-----------+------+----------+
        |- PadMain  |     4280|     4280|       107|          -|          -|    40|        no|
        +-----------+---------+---------+----------+-----------+-----------+------+----------+

============================================================
+ Verbose Summary: Synthesis Manager
============================================================
InlineROM: 1
ExposeGlobal: 0
============================================================
+ Verbose Summary: CDFG Model
============================================================
IsTopModel: 0
ResetActiveHigh: 1
IsCombinational: 2
IsDatapathOnly: 0
HasWiredReturn: 1
HasMFsm: 0
HasVarLatency: 1
IsPipeline: 0
IsRtlPipelined: 0
IsInstanceOverlapped: 0
IsDontTouch: 0
HasImplIP: 0
IsGatedGlobalClock: 0


============================================================
+ Verbose Summary: Schedule
============================================================
* Number of FSM states : 6
* Pipeline : 0
* Dataflow Pipeline: 0

* FSM state transitions: 
1 --> 2 
2 --> 3 6 
3 --> 4 
4 --> 5 
5 --> 2 
6 --> 

* FSM state operations: 

State 1 <SV = 0> <Delay = 1.58>
ST_1 : Operation 7 [1/1] (0.00ns)   --->   "%i = alloca i32 1" [firmware/nnet_utils/nnet_padding_stream.h:59]   --->   Operation 7 'alloca' 'i' <Predicate = true> <Delay = 0.00>
ST_1 : Operation 8 [1/1] (0.00ns)   --->   "%specinterface_ln0 = specinterface void @_ssdm_op_SpecInterface, i20 %layer13_out, void @empty_6, i32 0, i32 0, void @empty_5, i32 0, i32 0, void @empty_5, void @empty_5, void @empty_5, i32 0, i32 0, i32 0, i32 0, void @empty_5, void @empty_5, i32 4294967295, i32 0, i32 0"   --->   Operation 8 'specinterface' 'specinterface_ln0' <Predicate = true> <Delay = 0.00>
ST_1 : Operation 9 [1/1] (0.00ns)   --->   "%specinterface_ln0 = specinterface void @_ssdm_op_SpecInterface, i32 %mfcc_input, void @empty_13, i32 1, i32 1, void @empty_1, i32 0, i32 0, void @empty_5, void @empty_5, void @empty_5, i32 0, i32 0, i32 0, i32 0, void @empty_5, void @empty_5, i32 4294967295, i32 0, i32 0"   --->   Operation 9 'specinterface' 'specinterface_ln0' <Predicate = true> <Delay = 0.00>
ST_1 : Operation 10 [1/1] (1.58ns)   --->   "%store_ln59 = store i6 0, i6 %i" [firmware/nnet_utils/nnet_padding_stream.h:59]   --->   Operation 10 'store' 'store_ln59' <Predicate = true> <Delay = 1.58>
ST_1 : Operation 11 [1/1] (0.00ns)   --->   "%br_ln59 = br void %PadLeft" [firmware/nnet_utils/nnet_padding_stream.h:59]   --->   Operation 11 'br' 'br_ln59' <Predicate = true> <Delay = 0.00>

State 2 <SV = 1> <Delay = 5.33>
ST_2 : Operation 12 [1/1] (0.00ns)   --->   "%i_1 = load i6 %i" [firmware/nnet_utils/nnet_padding_stream.h:59]   --->   Operation 12 'load' 'i_1' <Predicate = true> <Delay = 0.00>
ST_2 : Operation 13 [1/1] (1.82ns)   --->   "%icmp_ln59 = icmp_eq  i6 %i_1, i6 40" [firmware/nnet_utils/nnet_padding_stream.h:59]   --->   Operation 13 'icmp' 'icmp_ln59' <Predicate = true> <Delay = 1.82> <CoreInst = "Cmp">   --->   Core 9 'Cmp' <Latency = 0> <II = 1> <Delay = 1.82> <FuncUnit> <Opcode : 'seteq' 'setne' 'setle' 'setge' 'setlt' 'setgt'> <InPorts = 2> <OutPorts = 1>
ST_2 : Operation 14 [1/1] (1.82ns)   --->   "%i_2 = add i6 %i_1, i6 1" [firmware/nnet_utils/nnet_padding_stream.h:59]   --->   Operation 14 'add' 'i_2' <Predicate = true> <Delay = 1.82> <CoreInst = "Adder">   --->   Core 1 'Adder' <Latency = 0> <II = 1> <Delay = 1.82> <FuncUnit> <Opcode : 'add' 'sub'> <InPorts = 2> <OutPorts = 1>
ST_2 : Operation 15 [1/1] (0.00ns)   --->   "%br_ln59 = br i1 %icmp_ln59, void %PadLeft.split, void %for.inc50.preheader" [firmware/nnet_utils/nnet_padding_stream.h:59]   --->   Operation 15 'br' 'br_ln59' <Predicate = true> <Delay = 0.00>
ST_2 : Operation 16 [1/1] (3.50ns)   --->   "%write_ln15 = write void @_ssdm_op_Write.ap_fifo.volatile.i20P0A, i20 %layer13_out, i20 0" [firmware/nnet_utils/nnet_padding_stream.h:15->firmware/nnet_utils/nnet_padding_stream.h:62]   --->   Operation 16 'write' 'write_ln15' <Predicate = (!icmp_ln59)> <Delay = 3.50> <CoreInst = "FIFO">   --->   Core 77 'FIFO' <Latency = 0> <II = 1> <Delay = 3.50> <Storage> <Opcode : 'read' 'write' 'nbread' 'nbwrite'> <Ports = 0> <Width = 20> <Depth = 4223> <FIFO>
ST_2 : Operation 17 [1/1] (1.58ns)   --->   "%store_ln59 = store i6 %i_2, i6 %i" [firmware/nnet_utils/nnet_padding_stream.h:59]   --->   Operation 17 'store' 'store_ln59' <Predicate = (!icmp_ln59)> <Delay = 1.58>
ST_2 : Operation 18 [1/1] (0.00ns)   --->   "%empty = wait i32 @_ssdm_op_Wait"   --->   Operation 18 'wait' 'empty' <Predicate = (icmp_ln59)> <Delay = 0.00>
ST_2 : Operation 19 [2/2] (0.00ns)   --->   "%call_ln0 = call void @zeropad2d_cl<array,array<ap_fixed,1u>,config13>_Pipeline_PadBottomWidth, i20 %layer13_out"   --->   Operation 19 'call' 'call_ln0' <Predicate = (icmp_ln59)> <Delay = 0.00> <CoreType = "Generic">   --->   Core 0 '' <Latency = 0> <II = 1> <Delay = 1.00> <Generic> <Opcode : >

State 3 <SV = 2> <Delay = 0.51>
ST_3 : Operation 20 [1/1] (0.00ns)   --->   "%empty_45 = wait i32 @_ssdm_op_Wait"   --->   Operation 20 'wait' 'empty_45' <Predicate = true> <Delay = 0.00>
ST_3 : Operation 21 [2/2] (0.51ns)   --->   "%call_ln0 = call void @zeropad2d_cl<array,array<ap_fixed<20,10,5,3,0>,1u>,config13>_Pipeline_CopyMain, i32 %mfcc_input, i20 %layer13_out"   --->   Operation 21 'call' 'call_ln0' <Predicate = true> <Delay = 0.51> <CoreType = "Generic">   --->   Core 0 '' <Latency = 0> <II = 1> <Delay = 1.00> <Generic> <Opcode : >

State 4 <SV = 3> <Delay = 5.04>
ST_4 : Operation 22 [1/2] (5.04ns)   --->   "%call_ln0 = call void @zeropad2d_cl<array,array<ap_fixed<20,10,5,3,0>,1u>,config13>_Pipeline_CopyMain, i32 %mfcc_input, i20 %layer13_out"   --->   Operation 22 'call' 'call_ln0' <Predicate = true> <Delay = 5.04> <CoreType = "Generic">   --->   Core 0 '' <Latency = 0> <II = 1> <Delay = 1.00> <Generic> <Opcode : >

State 5 <SV = 4> <Delay = 3.50>
ST_5 : Operation 23 [1/1] (0.00ns)   --->   "%speclooptripcount_ln59 = speclooptripcount void @_ssdm_op_SpecLoopTripCount, i64 40, i64 40, i64 40" [firmware/nnet_utils/nnet_padding_stream.h:59]   --->   Operation 23 'speclooptripcount' 'speclooptripcount_ln59' <Predicate = true> <Delay = 0.00>
ST_5 : Operation 24 [1/1] (0.00ns)   --->   "%specloopname_ln59 = specloopname void @_ssdm_op_SpecLoopName, void @empty_11" [firmware/nnet_utils/nnet_padding_stream.h:59]   --->   Operation 24 'specloopname' 'specloopname_ln59' <Predicate = true> <Delay = 0.00>
ST_5 : Operation 25 [1/1] (0.00ns)   --->   "%empty_46 = wait i32 @_ssdm_op_Wait"   --->   Operation 25 'wait' 'empty_46' <Predicate = true> <Delay = 0.00>
ST_5 : Operation 26 [1/1] (3.50ns)   --->   "%write_ln15 = write void @_ssdm_op_Write.ap_fifo.volatile.i20P0A, i20 %layer13_out, i20 0" [firmware/nnet_utils/nnet_padding_stream.h:15->firmware/nnet_utils/nnet_padding_stream.h:70]   --->   Operation 26 'write' 'write_ln15' <Predicate = true> <Delay = 3.50> <CoreInst = "FIFO">   --->   Core 77 'FIFO' <Latency = 0> <II = 1> <Delay = 3.50> <Storage> <Opcode : 'read' 'write' 'nbread' 'nbwrite'> <Ports = 0> <Width = 20> <Depth = 4223> <FIFO>
ST_5 : Operation 27 [1/1] (0.00ns)   --->   "%br_ln59 = br void %PadLeft" [firmware/nnet_utils/nnet_padding_stream.h:59]   --->   Operation 27 'br' 'br_ln59' <Predicate = true> <Delay = 0.00>

State 6 <SV = 2> <Delay = 5.04>
ST_6 : Operation 28 [1/2] (5.04ns)   --->   "%call_ln0 = call void @zeropad2d_cl<array,array<ap_fixed,1u>,config13>_Pipeline_PadBottomWidth, i20 %layer13_out"   --->   Operation 28 'call' 'call_ln0' <Predicate = true> <Delay = 5.04> <CoreType = "Generic">   --->   Core 0 '' <Latency = 0> <II = 1> <Delay = 1.00> <Generic> <Opcode : >
ST_6 : Operation 29 [1/1] (0.00ns)   --->   "%ret_ln81 = ret" [firmware/nnet_utils/nnet_padding_stream.h:81]   --->   Operation 29 'ret' 'ret_ln81' <Predicate = true> <Delay = 0.00>


============================================================
+ Verbose Summary: Binding
============================================================
STG Binding: 
---------------- STG Properties BEGIN ----------------
- Is combinational: 0
- Is one-state seq: 0
- Is datapath-only: 0
- Is pipelined: 0
- Is top level: 0
Port [ Return ] is wired: 1; IO mode=ap_ctrl_hs:ce=0
Port [ mfcc_input]:  wired=1; compound=1; hidden=0; nouse=0; global=0; static=0; extern=0; dir=0; type=0; pingpong=0; private_global=0; IO mode=axis:ce=0
Port [ layer13_out]:  wired=1; compound=1; hidden=0; nouse=0; global=0; static=0; extern=0; dir=1; type=3; pingpong=0; private_global=0; IO mode=ap_fifo:ce=0
---------------- STG Properties END ------------------

---------------- Datapath Model BEGIN ----------------

<LifeTime>
<method=bitvector/>
i                      (alloca           ) [ 0111110]
specinterface_ln0      (specinterface    ) [ 0000000]
specinterface_ln0      (specinterface    ) [ 0000000]
store_ln59             (store            ) [ 0000000]
br_ln59                (br               ) [ 0000000]
i_1                    (load             ) [ 0000000]
icmp_ln59              (icmp             ) [ 0011110]
i_2                    (add              ) [ 0000000]
br_ln59                (br               ) [ 0000000]
write_ln15             (write            ) [ 0000000]
store_ln59             (store            ) [ 0000000]
empty                  (wait             ) [ 0000000]
empty_45               (wait             ) [ 0000000]
call_ln0               (call             ) [ 0000000]
speclooptripcount_ln59 (speclooptripcount) [ 0000000]
specloopname_ln59      (specloopname     ) [ 0000000]
empty_46               (wait             ) [ 0000000]
write_ln15             (write            ) [ 0000000]
br_ln59                (br               ) [ 0000000]
call_ln0               (call             ) [ 0000000]
ret_ln81               (ret              ) [ 0000000]
</LifeTime>

<model>

<comp_list>
<comp id="0" class="1000" name="mfcc_input">
<pin_list>
<pin id="1" dir="1" index="0" bw="1" slack="0"/>
</pin_list>
<bind>
<StgValue><ssdm name="mfcc_input"/></StgValue>
</bind>
</comp>

<comp id="2" class="1000" name="layer13_out">
<pin_list>
<pin id="3" dir="1" index="0" bw="1" slack="0"/>
</pin_list>
<bind>
<StgValue><ssdm name="layer13_out"/></StgValue>
</bind>
</comp>

<comp id="4" class="1001" name="const_4">
<pin_list>
<pin id="5" dir="1" index="0" bw="1" slack="0"/>
</pin_list>
<bind>
<StgValue><ssdm name=""/></StgValue>
</bind>
</comp>

<comp id="6" class="1001" name="const_6">
<pin_list>
<pin id="7" dir="1" index="0" bw="1" slack="2147483647"/>
</pin_list>
<bind>
<StgValue><ssdm name="_ssdm_op_SpecInterface"/></StgValue>
</bind>
</comp>

<comp id="8" class="1001" name="const_8">
<pin_list>
<pin id="9" dir="1" index="0" bw="1" slack="2147483647"/>
</pin_list>
<bind>
<StgValue><ssdm name="empty_6"/></StgValue>
</bind>
</comp>

<comp id="10" class="1001" name="const_10">
<pin_list>
<pin id="11" dir="1" index="0" bw="1" slack="2147483647"/>
</pin_list>
<bind>
<StgValue><ssdm name=""/></StgValue>
</bind>
</comp>

<comp id="12" class="1001" name="const_12">
<pin_list>
<pin id="13" dir="1" index="0" bw="1" slack="2147483647"/>
</pin_list>
<bind>
<StgValue><ssdm name="empty_5"/></StgValue>
</bind>
</comp>

<comp id="14" class="1001" name="const_14">
<pin_list>
<pin id="15" dir="1" index="0" bw="1" slack="2147483647"/>
</pin_list>
<bind>
<StgValue><ssdm name=""/></StgValue>
</bind>
</comp>

<comp id="16" class="1001" name="const_16">
<pin_list>
<pin id="17" dir="1" index="0" bw="1" slack="2147483647"/>
</pin_list>
<bind>
<StgValue><ssdm name="empty_13"/></StgValue>
</bind>
</comp>

<comp id="18" class="1001" name="const_18">
<pin_list>
<pin id="19" dir="1" index="0" bw="1" slack="2147483647"/>
</pin_list>
<bind>
<StgValue><ssdm name="empty_1"/></StgValue>
</bind>
</comp>

<comp id="20" class="1001" name="const_20">
<pin_list>
<pin id="21" dir="1" index="0" bw="1" slack="0"/>
</pin_list>
<bind>
<StgValue><ssdm name=""/></StgValue>
</bind>
</comp>

<comp id="22" class="1001" name="const_22">
<pin_list>
<pin id="23" dir="1" index="0" bw="1" slack="0"/>
</pin_list>
<bind>
<StgValue><ssdm name=""/></StgValue>
</bind>
</comp>

<comp id="24" class="1001" name="const_24">
<pin_list>
<pin id="25" dir="1" index="0" bw="1" slack="0"/>
</pin_list>
<bind>
<StgValue><ssdm name=""/></StgValue>
</bind>
</comp>

<comp id="26" class="1001" name="const_26">
<pin_list>
<pin id="27" dir="1" index="0" bw="1" slack="0"/>
</pin_list>
<bind>
<StgValue><ssdm name="_ssdm_op_Write.ap_fifo.volatile.i20P0A"/></StgValue>
</bind>
</comp>

<comp id="28" class="1001" name="const_28">
<pin_list>
<pin id="29" dir="1" index="0" bw="1" slack="0"/>
</pin_list>
<bind>
<StgValue><ssdm name=""/></StgValue>
</bind>
</comp>

<comp id="30" class="1001" name="const_30">
<pin_list>
<pin id="31" dir="1" index="0" bw="1" slack="2147483647"/>
</pin_list>
<bind>
<StgValue><ssdm name="_ssdm_op_Wait"/></StgValue>
</bind>
</comp>

<comp id="32" class="1001" name="const_32">
<pin_list>
<pin id="33" dir="1" index="0" bw="1" slack="0"/>
</pin_list>
<bind>
<StgValue><ssdm name="zeropad2d_cl<array,array<ap_fixed,1u>,config13>_Pipeline_PadBottomWidth"/></StgValue>
</bind>
</comp>

<comp id="34" class="1001" name="const_34">
<pin_list>
<pin id="35" dir="1" index="0" bw="1" slack="0"/>
</pin_list>
<bind>
<StgValue><ssdm name="zeropad2d_cl<array,array<ap_fixed<20,10,5,3,0>,1u>,config13>_Pipeline_CopyMain"/></StgValue>
</bind>
</comp>

<comp id="36" class="1001" name="const_36">
<pin_list>
<pin id="37" dir="1" index="0" bw="1" slack="2147483647"/>
</pin_list>
<bind>
<StgValue><ssdm name="_ssdm_op_SpecLoopTripCount"/></StgValue>
</bind>
</comp>

<comp id="38" class="1001" name="const_38">
<pin_list>
<pin id="39" dir="1" index="0" bw="1" slack="2147483647"/>
</pin_list>
<bind>
<StgValue><ssdm name=""/></StgValue>
</bind>
</comp>

<comp id="40" class="1001" name="const_40">
<pin_list>
<pin id="41" dir="1" index="0" bw="1" slack="2147483647"/>
</pin_list>
<bind>
<StgValue><ssdm name="_ssdm_op_SpecLoopName"/></StgValue>
</bind>
</comp>

<comp id="42" class="1001" name="const_42">
<pin_list>
<pin id="43" dir="1" index="0" bw="1" slack="2147483647"/>
</pin_list>
<bind>
<StgValue><ssdm name="empty_11"/></StgValue>
</bind>
</comp>

<comp id="44" class="1004" name="i_fu_44">
<pin_list>
<pin id="45" dir="0" index="0" bw="1" slack="0"/>
<pin id="46" dir="1" index="1" bw="6" slack="0"/>
</pin_list>
<bind>
<opcode="alloca(26) " fcode="alloca"/>
<opset="i/1 "/>
</bind>
</comp>

<comp id="48" class="1004" name="grp_write_fu_48">
<pin_list>
<pin id="49" dir="0" index="0" bw="0" slack="0"/>
<pin id="50" dir="0" index="1" bw="20" slack="0"/>
<pin id="51" dir="0" index="2" bw="1" slack="0"/>
<pin id="52" dir="1" index="3" bw="0" slack="2147483647"/>
</pin_list>
<bind>
<opcode="write(1151) " fcode="write"/>
<opset="write_ln15/2 write_ln15/5 "/>
</bind>
</comp>

<comp id="56" class="1004" name="grp_zeropad2d_cl_array_array_ap_fixed_1u_config13_Pipeline_PadBottomWidth_fu_56">
<pin_list>
<pin id="57" dir="0" index="0" bw="0" slack="0"/>
<pin id="58" dir="0" index="1" bw="20" slack="0"/>
<pin id="59" dir="1" index="2" bw="0" slack="2147483647"/>
</pin_list>
<bind>
<opcode="call(48) " fcode="call"/>
<opset="call_ln0/2 "/>
</bind>
</comp>

<comp id="62" class="1004" name="grp_zeropad2d_cl_array_array_ap_fixed_20_10_5_3_0_1u_config13_Pipeline_CopyMain_fu_62">
<pin_list>
<pin id="63" dir="0" index="0" bw="0" slack="0"/>
<pin id="64" dir="0" index="1" bw="32" slack="0"/>
<pin id="65" dir="0" index="2" bw="20" slack="0"/>
<pin id="66" dir="1" index="3" bw="0" slack="2147483647"/>
</pin_list>
<bind>
<opcode="call(48) " fcode="call"/>
<opset="call_ln0/3 "/>
</bind>
</comp>

<comp id="70" class="1004" name="store_ln59_store_fu_70">
<pin_list>
<pin id="71" dir="0" index="0" bw="1" slack="0"/>
<pin id="72" dir="0" index="1" bw="6" slack="0"/>
<pin id="73" dir="1" index="2" bw="0" slack="2147483647"/>
</pin_list>
<bind>
<opcode="store(28) " fcode="store"/>
<opset="store_ln59/1 "/>
</bind>
</comp>

<comp id="75" class="1004" name="i_1_load_fu_75">
<pin_list>
<pin id="76" dir="0" index="0" bw="6" slack="1"/>
<pin id="77" dir="1" index="1" bw="6" slack="0"/>
</pin_list>
<bind>
<opcode="load(27) " fcode="load"/>
<opset="i_1/2 "/>
</bind>
</comp>

<comp id="78" class="1004" name="icmp_ln59_fu_78">
<pin_list>
<pin id="79" dir="0" index="0" bw="6" slack="0"/>
<pin id="80" dir="0" index="1" bw="6" slack="0"/>
<pin id="81" dir="1" index="2" bw="1" slack="2147483647"/>
</pin_list>
<bind>
<opcode="icmp(45) " fcode="icmp"/>
<opset="icmp_ln59/2 "/>
</bind>
</comp>

<comp id="84" class="1004" name="i_2_fu_84">
<pin_list>
<pin id="85" dir="0" index="0" bw="6" slack="0"/>
<pin id="86" dir="0" index="1" bw="1" slack="0"/>
<pin id="87" dir="1" index="2" bw="6" slack="0"/>
</pin_list>
<bind>
<opcode="add(8) " fcode="add"/>
<opset="i_2/2 "/>
</bind>
</comp>

<comp id="90" class="1004" name="store_ln59_store_fu_90">
<pin_list>
<pin id="91" dir="0" index="0" bw="6" slack="0"/>
<pin id="92" dir="0" index="1" bw="6" slack="1"/>
<pin id="93" dir="1" index="2" bw="0" slack="2147483647"/>
</pin_list>
<bind>
<opcode="store(28) " fcode="store"/>
<opset="store_ln59/2 "/>
</bind>
</comp>

<comp id="95" class="1005" name="i_reg_95">
<pin_list>
<pin id="96" dir="0" index="0" bw="6" slack="0"/>
<pin id="97" dir="1" index="1" bw="6" slack="0"/>
</pin_list>
<bind>
<opset="i "/>
</bind>
</comp>

</comp_list>

<net_list>
<net id="47"><net_src comp="4" pin="0"/><net_sink comp="44" pin=0"/></net>

<net id="53"><net_src comp="26" pin="0"/><net_sink comp="48" pin=0"/></net>

<net id="54"><net_src comp="2" pin="0"/><net_sink comp="48" pin=1"/></net>

<net id="55"><net_src comp="28" pin="0"/><net_sink comp="48" pin=2"/></net>

<net id="60"><net_src comp="32" pin="0"/><net_sink comp="56" pin=0"/></net>

<net id="61"><net_src comp="2" pin="0"/><net_sink comp="56" pin=1"/></net>

<net id="67"><net_src comp="34" pin="0"/><net_sink comp="62" pin=0"/></net>

<net id="68"><net_src comp="0" pin="0"/><net_sink comp="62" pin=1"/></net>

<net id="69"><net_src comp="2" pin="0"/><net_sink comp="62" pin=2"/></net>

<net id="74"><net_src comp="20" pin="0"/><net_sink comp="70" pin=0"/></net>

<net id="82"><net_src comp="75" pin="1"/><net_sink comp="78" pin=0"/></net>

<net id="83"><net_src comp="22" pin="0"/><net_sink comp="78" pin=1"/></net>

<net id="88"><net_src comp="75" pin="1"/><net_sink comp="84" pin=0"/></net>

<net id="89"><net_src comp="24" pin="0"/><net_sink comp="84" pin=1"/></net>

<net id="94"><net_src comp="84" pin="2"/><net_sink comp="90" pin=0"/></net>

<net id="98"><net_src comp="44" pin="1"/><net_sink comp="95" pin=0"/></net>

<net id="99"><net_src comp="95" pin="1"/><net_sink comp="70" pin=1"/></net>

<net id="100"><net_src comp="95" pin="1"/><net_sink comp="75" pin=0"/></net>

<net id="101"><net_src comp="95" pin="1"/><net_sink comp="90" pin=1"/></net>

</net_list>

</model> 
---------------- Datapath Model END ------------------

* FSMD analyzer results:
  - Output states:
	Port: layer13_out | {2 3 4 5 6 }
 - Input state : 
	Port: zeropad2d_cl<array,array<ap_fixed<20,10,5,3,0>,1u>,config13> : mfcc_input | {3 4 }
  - Chain level:
	State 1
		store_ln59 : 1
	State 2
		icmp_ln59 : 1
		i_2 : 1
		br_ln59 : 2
		store_ln59 : 2
	State 3
	State 4
	State 5
	State 6


============================================================
+ Verbose Summary: Datapath Resource usage 
============================================================

* Functional unit list:
|----------|---------------------------------------------------------------------------------------|---------|---------|
| Operation|                                    Functional Unit                                    |    FF   |   LUT   |
|----------|---------------------------------------------------------------------------------------|---------|---------|
|   call   |    grp_zeropad2d_cl_array_array_ap_fixed_1u_config13_Pipeline_PadBottomWidth_fu_56    |    7    |    28   |
|          | grp_zeropad2d_cl_array_array_ap_fixed_20_10_5_3_0_1u_config13_Pipeline_CopyMain_fu_62 |    27   |    28   |
|----------|---------------------------------------------------------------------------------------|---------|---------|
|   icmp   |                                    icmp_ln59_fu_78                                    |    0    |    14   |
|----------|---------------------------------------------------------------------------------------|---------|---------|
|    add   |                                       i_2_fu_84                                       |    0    |    14   |
|----------|---------------------------------------------------------------------------------------|---------|---------|
|   write  |                                    grp_write_fu_48                                    |    0    |    0    |
|----------|---------------------------------------------------------------------------------------|---------|---------|
|   Total  |                                                                                       |    34   |    84   |
|----------|---------------------------------------------------------------------------------------|---------|---------|

Memories:
N/A

* Register list:
+--------+--------+
|        |   FF   |
+--------+--------+
|i_reg_95|    6   |
+--------+--------+
|  Total |    6   |
+--------+--------+

* Multiplexer (MUX) list: 
|--------|------|------|------|--------|
|  Comp  |  Pin | Size |  BW  | S x BW |
|--------|------|------|------|--------|
|  Total |      |      |      |    0   |
|--------|------|------|------|--------|



* Summary:
+-----------+--------+--------+
|           |   FF   |   LUT  |
+-----------+--------+--------+
|  Function |   34   |   84   |
|   Memory  |    -   |    -   |
|Multiplexer|    -   |    -   |
|  Register |    6   |    -   |
+-----------+--------+--------+
|   Total   |   40   |   84   |
+-----------+--------+--------+
