

================================================================
== Vitis HLS Report for 'Block_entry_split_split_split_split_split_split_split_split_split_split_split_sp'
================================================================
* Date:           Sun Aug 30 16:00:57 2026

* Version:        2024.1 (Build 5069499 on May 21 2024)
* Project:        myproject_prj
* Solution:       solution1 (Vivado IP Flow Target)
* Product family: zynq
* Target device:  xc7z020-clg400-1


================================================================
== Performance Estimates
================================================================
+ Timing: 
    * Summary: 
    +--------+----------+----------+------------+
    |  Clock |  Target  | Estimated| Uncertainty|
    +--------+----------+----------+------------+
    |ap_clk  |  20.00 ns|  5.401 ns|     5.40 ns|
    +--------+----------+----------+------------+

+ Latency: 
    * Summary: 
    +---------+---------+-----------+-----------+-----+-----+---------+
    |  Latency (cycles) |   Latency (absolute)  |  Interval | Pipeline|
    |   min   |   max   |    min    |    max    | min | max |   Type  |
    +---------+---------+-----------+-----------+-----+-----+---------+
    |        1|        1|  20.000 ns|  20.000 ns|    1|    1|       no|
    +---------+---------+-----------+-----------+-----+-----+---------+

    + Detail: 
        * Instance: 
        N/A

        * Loop: 
        N/A



================================================================
== Utilization Estimates
================================================================
* Summary: 
+-----------------+---------+-----+--------+-------+-----+
|       Name      | BRAM_18K| DSP |   FF   |  LUT  | URAM|
+-----------------+---------+-----+--------+-------+-----+
|DSP              |        -|    -|       -|      -|    -|
|Expression       |        -|    -|       0|      4|    -|
|FIFO             |        -|    -|       -|      -|    -|
|Instance         |        -|    -|       -|      -|    -|
|Memory           |        -|    -|       -|      -|    -|
|Multiplexer      |        -|    -|       0|     41|    -|
|Register         |        -|    -|       3|      -|    -|
+-----------------+---------+-----+--------+-------+-----+
|Total            |        0|    0|       3|     45|    0|
+-----------------+---------+-----+--------+-------+-----+
|Available        |      280|  220|  106400|  53200|    0|
+-----------------+---------+-----+--------+-------+-----+
|Utilization (%)  |        0|    0|      ~0|     ~0|    0|
+-----------------+---------+-----+--------+-------+-----+

+ Detail: 
    * Instance: 
    N/A

    * DSP: 
    N/A

    * Memory: 
    N/A

    * FIFO: 
    N/A

    * Expression: 
    +-----------------+----------+----+---+----+------------+------------+
    |  Variable Name  | Operation| DSP| FF| LUT| Bitwidth P0| Bitwidth P1|
    +-----------------+----------+----+---+----+------------+------------+
    |ap_block_state1  |        or|   0|  0|   2|           1|           1|
    |ap_block_state2  |        or|   0|  0|   2|           1|           1|
    +-----------------+----------+----+---+----+------------+------------+
    |Total            |          |   0|  0|   4|           2|           2|
    +-----------------+----------+----+---+----+------------+------------+

    * Multiplexer: 
    +-------------------------+----+-----------+-----+-----------+
    |           Name          | LUT| Input Size| Bits| Total Bits|
    +-------------------------+----+-----------+-----+-----------+
    |ap_NS_fsm                |  14|          3|    1|          3|
    |ap_done                  |   9|          2|    1|          2|
    |layer12_out_TDATA_blk_n  |   9|          2|    1|          2|
    |local_output_blk_n       |   9|          2|    1|          2|
    +-------------------------+----+-----------+-----+-----------+
    |Total                    |  41|          9|    4|          9|
    +-------------------------+----+-----------+-----+-----------+

    * Register: 
    +-------------+---+----+-----+-----------+
    |     Name    | FF| LUT| Bits| Const Bits|
    +-------------+---+----+-----+-----------+
    |ap_CS_fsm    |  2|   0|    2|          0|
    |ap_done_reg  |  1|   0|    1|          0|
    +-------------+---+----+-----+-----------+
    |Total        |  3|   0|    3|          0|
    +-------------+---+----+-----+-----------+



================================================================
== Interface
================================================================
* Summary: 
+-----------------------------+-----+-----+------------+----------------------------------------------------------------------------------+--------------+
|          RTL Ports          | Dir | Bits|  Protocol  |                                   Source Object                                  |    C Type    |
+-----------------------------+-----+-----+------------+----------------------------------------------------------------------------------+--------------+
|ap_clk                       |   in|    1|  ap_ctrl_hs|  Block_entry.split.split.split.split.split.split.split.split.split.split.split.sp|  return value|
|ap_rst                       |   in|    1|  ap_ctrl_hs|  Block_entry.split.split.split.split.split.split.split.split.split.split.split.sp|  return value|
|ap_start                     |   in|    1|  ap_ctrl_hs|  Block_entry.split.split.split.split.split.split.split.split.split.split.split.sp|  return value|
|ap_done                      |  out|    1|  ap_ctrl_hs|  Block_entry.split.split.split.split.split.split.split.split.split.split.split.sp|  return value|
|ap_continue                  |   in|    1|  ap_ctrl_hs|  Block_entry.split.split.split.split.split.split.split.split.split.split.split.sp|  return value|
|ap_idle                      |  out|    1|  ap_ctrl_hs|  Block_entry.split.split.split.split.split.split.split.split.split.split.split.sp|  return value|
|ap_ready                     |  out|    1|  ap_ctrl_hs|  Block_entry.split.split.split.split.split.split.split.split.split.split.split.sp|  return value|
|local_output_dout            |   in|  168|     ap_fifo|                                                                      local_output|       pointer|
|local_output_num_data_valid  |   in|    3|     ap_fifo|                                                                      local_output|       pointer|
|local_output_fifo_cap        |   in|    3|     ap_fifo|                                                                      local_output|       pointer|
|local_output_empty_n         |   in|    1|     ap_fifo|                                                                      local_output|       pointer|
|local_output_read            |  out|    1|     ap_fifo|                                                                      local_output|       pointer|
|layer12_out_TDATA            |  out|  168|        axis|                                                              layer12_out_V_data_V|       pointer|
|layer12_out_TVALID           |  out|    1|        axis|                                                              layer12_out_V_last_V|       pointer|
|layer12_out_TREADY           |   in|    1|        axis|                                                              layer12_out_V_last_V|       pointer|
|layer12_out_TLAST            |  out|    1|        axis|                                                              layer12_out_V_last_V|       pointer|
|layer12_out_TKEEP            |  out|   21|        axis|                                                              layer12_out_V_keep_V|       pointer|
|layer12_out_TSTRB            |  out|   21|        axis|                                                              layer12_out_V_strb_V|       pointer|
+-----------------------------+-----+-----+------------+----------------------------------------------------------------------------------+--------------+

