

================================================================
== Vitis HLS Report for 'compute_output_buffer_2d_array_array_ap_fixed_18_8_5_3_0_18u_config6_s'
================================================================
* Date:           Sun Aug 30 16:00:38 2026

* Version:        2024.1 (Build 5069499 on May 21 2024)
* Project:        myproject_prj
* Solution:       solution1 (Vivado IP Flow Target)
* Product family: zynq
* Target device:  xc7z020-clg400-1


================================================================
== Performance Estimates
================================================================
+ Timing: 
    * Summary: 
    +--------+----------+-----------+------------+
    |  Clock |  Target  | Estimated | Uncertainty|
    +--------+----------+-----------+------------+
    |ap_clk  |  20.00 ns|  11.291 ns|     5.40 ns|
    +--------+----------+-----------+------------+

+ Latency: 
    * Summary: 
    +---------+---------+-----------+-----------+-----+------+---------+
    |  Latency (cycles) |   Latency (absolute)  |  Interval  | Pipeline|
    |   min   |   max   |    min    |    max    | min |  max |   Type  |
    +---------+---------+-----------+-----------+-----+------+---------+
    |        2|     1949|  40.000 ns|  38.980 us|    2|  1949|       no|
    +---------+---------+-----------+-----------+-----+------+---------+

    + Detail: 
        * Instance: 
        +--------------------------------------------------------------------------------------+---------------------------------------------------------------------------+---------+---------+-----------+-----------+------+------+------------------------------------------+
        |                                                                                      |                                                                           |  Latency (cycles) |   Latency (absolute)  |   Interval  |                 Pipeline                 |
        |                                       Instance                                       |                                   Module                                  |   min   |   max   |    min    |    max    |  min |  max |                   Type                   |
        +--------------------------------------------------------------------------------------+---------------------------------------------------------------------------+---------+---------+-----------+-----------+------+------+------------------------------------------+
        |call_ln281_shift_line_buffer_array_ap_fixed_20_10_5_3_0_12u_config6_s_fu_425          |shift_line_buffer_array_ap_fixed_20_10_5_3_0_12u_config6_s                 |        0|        0|       0 ns|       0 ns|     1|     1|                                       yes|
        |grp_dense_resource_rf_gt_nin_rem0_ap_fixed_ap_fixed_18_8_5_3_0_config6_mult_s_fu_717  |dense_resource_rf_gt_nin_rem0_ap_fixed_ap_fixed_18_8_5_3_0_config6_mult_s  |     1945|     1946|  38.900 us|  38.920 us|  1944|  1944|  loop rewind stp(delay=0 clock cycles(s))|
        +--------------------------------------------------------------------------------------+---------------------------------------------------------------------------+---------+---------+-----------+-----------+------+------+------------------------------------------+

        * Loop: 
        N/A



================================================================
== Utilization Estimates
================================================================
* Summary: 
+-----------------+---------+-----+--------+-------+-----+
|       Name      | BRAM_18K| DSP |   FF   |  LUT  | URAM|
+-----------------+---------+-----+--------+-------+-----+
|DSP              |        -|    -|       -|      -|    -|
|Expression       |        -|    -|       0|    501|    -|
|FIFO             |        -|    -|       -|      -|    -|
|Instance         |        3|    1|    6777|   6275|    -|
|Memory           |        -|    -|       -|      -|    -|
|Multiplexer      |        -|    -|       0|     75|    -|
|Register         |        -|    -|    2619|      -|    -|
+-----------------+---------+-----+--------+-------+-----+
|Total            |        3|    1|    9396|   6851|    0|
+-----------------+---------+-----+--------+-------+-----+
|Available        |      280|  220|  106400|  53200|    0|
+-----------------+---------+-----+--------+-------+-----+
|Utilization (%)  |        1|   ~0|       8|     12|    0|
+-----------------+---------+-----+--------+-------+-----+

+ Detail: 
    * Instance: 
    +--------------------------------------------------------------------------------------+---------------------------------------------------------------------------+---------+----+------+------+-----+
    |                                       Instance                                       |                                   Module                                  | BRAM_18K| DSP|  FF  |  LUT | URAM|
    +--------------------------------------------------------------------------------------+---------------------------------------------------------------------------+---------+----+------+------+-----+
    |grp_dense_resource_rf_gt_nin_rem0_ap_fixed_ap_fixed_18_8_5_3_0_config6_mult_s_fu_717  |dense_resource_rf_gt_nin_rem0_ap_fixed_ap_fixed_18_8_5_3_0_config6_mult_s  |        3|   1|  5240|  4859|    0|
    |call_ln281_shift_line_buffer_array_ap_fixed_20_10_5_3_0_12u_config6_s_fu_425          |shift_line_buffer_array_ap_fixed_20_10_5_3_0_12u_config6_s                 |        0|   0|  1537|  1416|    0|
    +--------------------------------------------------------------------------------------+---------------------------------------------------------------------------+---------+----+------+------+-----+
    |Total                                                                                 |                                                                           |        3|   1|  6777|  6275|    0|
    +--------------------------------------------------------------------------------------+---------------------------------------------------------------------------+---------+----+------+------+-----+

    * DSP: 
    N/A

    * Memory: 
    N/A

    * FIFO: 
    N/A

    * Expression: 
    +--------------------------------+----------+----+---+----+------------+------------+
    |          Variable Name         | Operation| DSP| FF| LUT| Bitwidth P0| Bitwidth P1|
    +--------------------------------+----------+----+---+----+------------+------------+
    |add_ln303_fu_1108_p2            |         +|   0|  0|  39|          32|           1|
    |add_ln307_fu_1155_p2            |         +|   0|  0|  39|          32|           1|
    |add_ln313_fu_1177_p2            |         +|   0|  0|  39|          32|           1|
    |add_ln318_fu_1125_p2            |         +|   0|  0|  39|          32|           1|
    |and_ln284_1_fu_1007_p2          |       and|   0|  0|   2|           1|           1|
    |and_ln284_fu_1001_p2            |       and|   0|  0|   2|           1|           1|
    |ap_block_state4                 |       and|   0|  0|   2|           1|           1|
    |ap_condition_921                |       and|   0|  0|   2|           1|           1|
    |ap_predicate_op54_write_state4  |       and|   0|  0|   2|           1|           1|
    |icmp_ln284_1_fu_963_p2          |      icmp|   0|  0|  39|          32|           2|
    |icmp_ln284_2_fu_979_p2          |      icmp|   0|  0|  38|          31|           1|
    |icmp_ln284_3_fu_995_p2          |      icmp|   0|  0|  38|          31|           1|
    |icmp_ln284_fu_945_p2            |      icmp|   0|  0|  39|          32|           2|
    |icmp_ln303_fu_1113_p2           |      icmp|   0|  0|  39|          32|           5|
    |icmp_ln307_fu_1160_p2           |      icmp|   0|  0|  39|          32|           4|
    |icmp_ln313_fu_1172_p2           |      icmp|   0|  0|  39|          32|           2|
    |select_ln313_fu_1182_p3         |    select|   0|  0|  32|           1|           2|
    |select_ln318_fu_1130_p3         |    select|   0|  0|  32|           1|           2|
    +--------------------------------+----------+----+---+----+------------+------------+
    |Total                           |          |   0|  0| 501|         357|          30|
    +--------------------------------+----------+----+---+----+------------+------------+

    * Multiplexer: 
    +-------------------------------------+----+-----------+-----+-----------+
    |                 Name                | LUT| Input Size| Bits| Total Bits|
    +-------------------------------------+----+-----------+-----+-----------+
    |ap_NS_fsm                            |  25|          5|    1|          5|
    |ap_phi_mux_storemerge_phi_fu_418_p4  |  14|          3|   32|         96|
    |layer6_out_blk_n                     |   9|          2|    1|          2|
    |pX_3                                 |   9|          2|   32|         64|
    |pY_3                                 |   9|          2|   32|         64|
    |sX_3                                 |   9|          2|   32|         64|
    +-------------------------------------+----+-----------+-----+-----------+
    |Total                                |  75|         16|  130|        295|
    +-------------------------------------+----+-----------+-----+-----------+

    * Register: 
    +---------------------------------------------------------------------------------------------------+----+----+-----+-----------+
    |                                                Name                                               | FF | LUT| Bits| Const Bits|
    +---------------------------------------------------------------------------------------------------+----+----+-----+-----------+
    |and_ln284_1_reg_1220                                                                               |   1|   0|    1|          0|
    |ap_CS_fsm                                                                                          |   4|   0|    4|          0|
    |grp_dense_resource_rf_gt_nin_rem0_ap_fixed_ap_fixed_18_8_5_3_0_config6_mult_s_fu_717_ap_start_reg  |   1|   0|    1|          0|
    |icmp_ln284_reg_1206                                                                                |   1|   0|    1|          0|
    |pX_3                                                                                               |  32|   0|   32|          0|
    |pY_3                                                                                               |  32|   0|   32|          0|
    |p_ZZN4nnet24compute_output_buffer_2dINS_5arrayI8ap_fixedILi20ELi10EL9ap_q_mode5EL                  |  20|   0|   20|          0|
    |p_ZZN4nnet24compute_output_buffer_2dINS_5arrayI8ap_fixedILi20ELi10EL9ap_q_mode5EL_1                |  20|   0|   20|          0|
    |p_ZZN4nnet24compute_output_buffer_2dINS_5arrayI8ap_fixedILi20ELi10EL9ap_q_mode5EL_10               |  20|   0|   20|          0|
    |p_ZZN4nnet24compute_output_buffer_2dINS_5arrayI8ap_fixedILi20ELi10EL9ap_q_mode5EL_11               |  20|   0|   20|          0|
    |p_ZZN4nnet24compute_output_buffer_2dINS_5arrayI8ap_fixedILi20ELi10EL9ap_q_mode5EL_12               |  20|   0|   20|          0|
    |p_ZZN4nnet24compute_output_buffer_2dINS_5arrayI8ap_fixedILi20ELi10EL9ap_q_mode5EL_13               |  20|   0|   20|          0|
    |p_ZZN4nnet24compute_output_buffer_2dINS_5arrayI8ap_fixedILi20ELi10EL9ap_q_mode5EL_14               |  20|   0|   20|          0|
    |p_ZZN4nnet24compute_output_buffer_2dINS_5arrayI8ap_fixedILi20ELi10EL9ap_q_mode5EL_15               |  20|   0|   20|          0|
    |p_ZZN4nnet24compute_output_buffer_2dINS_5arrayI8ap_fixedILi20ELi10EL9ap_q_mode5EL_16               |  20|   0|   20|          0|
    |p_ZZN4nnet24compute_output_buffer_2dINS_5arrayI8ap_fixedILi20ELi10EL9ap_q_mode5EL_17               |  20|   0|   20|          0|
    |p_ZZN4nnet24compute_output_buffer_2dINS_5arrayI8ap_fixedILi20ELi10EL9ap_q_mode5EL_18               |  20|   0|   20|          0|
    |p_ZZN4nnet24compute_output_buffer_2dINS_5arrayI8ap_fixedILi20ELi10EL9ap_q_mode5EL_19               |  20|   0|   20|          0|
    |p_ZZN4nnet24compute_output_buffer_2dINS_5arrayI8ap_fixedILi20ELi10EL9ap_q_mode5EL_2                |  20|   0|   20|          0|
    |p_ZZN4nnet24compute_output_buffer_2dINS_5arrayI8ap_fixedILi20ELi10EL9ap_q_mode5EL_20               |  20|   0|   20|          0|
    |p_ZZN4nnet24compute_output_buffer_2dINS_5arrayI8ap_fixedILi20ELi10EL9ap_q_mode5EL_21               |  20|   0|   20|          0|
    |p_ZZN4nnet24compute_output_buffer_2dINS_5arrayI8ap_fixedILi20ELi10EL9ap_q_mode5EL_22               |  20|   0|   20|          0|
    |p_ZZN4nnet24compute_output_buffer_2dINS_5arrayI8ap_fixedILi20ELi10EL9ap_q_mode5EL_23               |  20|   0|   20|          0|
    |p_ZZN4nnet24compute_output_buffer_2dINS_5arrayI8ap_fixedILi20ELi10EL9ap_q_mode5EL_24               |  20|   0|   20|          0|
    |p_ZZN4nnet24compute_output_buffer_2dINS_5arrayI8ap_fixedILi20ELi10EL9ap_q_mode5EL_25               |  20|   0|   20|          0|
    |p_ZZN4nnet24compute_output_buffer_2dINS_5arrayI8ap_fixedILi20ELi10EL9ap_q_mode5EL_26               |  20|   0|   20|          0|
    |p_ZZN4nnet24compute_output_buffer_2dINS_5arrayI8ap_fixedILi20ELi10EL9ap_q_mode5EL_27               |  20|   0|   20|          0|
    |p_ZZN4nnet24compute_output_buffer_2dINS_5arrayI8ap_fixedILi20ELi10EL9ap_q_mode5EL_28               |  20|   0|   20|          0|
    |p_ZZN4nnet24compute_output_buffer_2dINS_5arrayI8ap_fixedILi20ELi10EL9ap_q_mode5EL_29               |  20|   0|   20|          0|
    |p_ZZN4nnet24compute_output_buffer_2dINS_5arrayI8ap_fixedILi20ELi10EL9ap_q_mode5EL_3                |  20|   0|   20|          0|
    |p_ZZN4nnet24compute_output_buffer_2dINS_5arrayI8ap_fixedILi20ELi10EL9ap_q_mode5EL_30               |  20|   0|   20|          0|
    |p_ZZN4nnet24compute_output_buffer_2dINS_5arrayI8ap_fixedILi20ELi10EL9ap_q_mode5EL_31               |  20|   0|   20|          0|
    |p_ZZN4nnet24compute_output_buffer_2dINS_5arrayI8ap_fixedILi20ELi10EL9ap_q_mode5EL_32               |  20|   0|   20|          0|
    |p_ZZN4nnet24compute_output_buffer_2dINS_5arrayI8ap_fixedILi20ELi10EL9ap_q_mode5EL_33               |  20|   0|   20|          0|
    |p_ZZN4nnet24compute_output_buffer_2dINS_5arrayI8ap_fixedILi20ELi10EL9ap_q_mode5EL_34               |  20|   0|   20|          0|
    |p_ZZN4nnet24compute_output_buffer_2dINS_5arrayI8ap_fixedILi20ELi10EL9ap_q_mode5EL_35               |  20|   0|   20|          0|
    |p_ZZN4nnet24compute_output_buffer_2dINS_5arrayI8ap_fixedILi20ELi10EL9ap_q_mode5EL_36               |  20|   0|   20|          0|
    |p_ZZN4nnet24compute_output_buffer_2dINS_5arrayI8ap_fixedILi20ELi10EL9ap_q_mode5EL_37               |  20|   0|   20|          0|
    |p_ZZN4nnet24compute_output_buffer_2dINS_5arrayI8ap_fixedILi20ELi10EL9ap_q_mode5EL_38               |  20|   0|   20|          0|
    |p_ZZN4nnet24compute_output_buffer_2dINS_5arrayI8ap_fixedILi20ELi10EL9ap_q_mode5EL_39               |  20|   0|   20|          0|
    |p_ZZN4nnet24compute_output_buffer_2dINS_5arrayI8ap_fixedILi20ELi10EL9ap_q_mode5EL_4                |  20|   0|   20|          0|
    |p_ZZN4nnet24compute_output_buffer_2dINS_5arrayI8ap_fixedILi20ELi10EL9ap_q_mode5EL_40               |  20|   0|   20|          0|
    |p_ZZN4nnet24compute_output_buffer_2dINS_5arrayI8ap_fixedILi20ELi10EL9ap_q_mode5EL_41               |  20|   0|   20|          0|
    |p_ZZN4nnet24compute_output_buffer_2dINS_5arrayI8ap_fixedILi20ELi10EL9ap_q_mode5EL_42               |  20|   0|   20|          0|
    |p_ZZN4nnet24compute_output_buffer_2dINS_5arrayI8ap_fixedILi20ELi10EL9ap_q_mode5EL_43               |  20|   0|   20|          0|
    |p_ZZN4nnet24compute_output_buffer_2dINS_5arrayI8ap_fixedILi20ELi10EL9ap_q_mode5EL_44               |  20|   0|   20|          0|
    |p_ZZN4nnet24compute_output_buffer_2dINS_5arrayI8ap_fixedILi20ELi10EL9ap_q_mode5EL_45               |  20|   0|   20|          0|
    |p_ZZN4nnet24compute_output_buffer_2dINS_5arrayI8ap_fixedILi20ELi10EL9ap_q_mode5EL_46               |  20|   0|   20|          0|
    |p_ZZN4nnet24compute_output_buffer_2dINS_5arrayI8ap_fixedILi20ELi10EL9ap_q_mode5EL_47               |  20|   0|   20|          0|
    |p_ZZN4nnet24compute_output_buffer_2dINS_5arrayI8ap_fixedILi20ELi10EL9ap_q_mode5EL_48               |  20|   0|   20|          0|
    |p_ZZN4nnet24compute_output_buffer_2dINS_5arrayI8ap_fixedILi20ELi10EL9ap_q_mode5EL_49               |  20|   0|   20|          0|
    |p_ZZN4nnet24compute_output_buffer_2dINS_5arrayI8ap_fixedILi20ELi10EL9ap_q_mode5EL_5                |  20|   0|   20|          0|
    |p_ZZN4nnet24compute_output_buffer_2dINS_5arrayI8ap_fixedILi20ELi10EL9ap_q_mode5EL_50               |  20|   0|   20|          0|
    |p_ZZN4nnet24compute_output_buffer_2dINS_5arrayI8ap_fixedILi20ELi10EL9ap_q_mode5EL_51               |  20|   0|   20|          0|
    |p_ZZN4nnet24compute_output_buffer_2dINS_5arrayI8ap_fixedILi20ELi10EL9ap_q_mode5EL_52               |  20|   0|   20|          0|
    |p_ZZN4nnet24compute_output_buffer_2dINS_5arrayI8ap_fixedILi20ELi10EL9ap_q_mode5EL_53               |  20|   0|   20|          0|
    |p_ZZN4nnet24compute_output_buffer_2dINS_5arrayI8ap_fixedILi20ELi10EL9ap_q_mode5EL_54               |  20|   0|   20|          0|
    |p_ZZN4nnet24compute_output_buffer_2dINS_5arrayI8ap_fixedILi20ELi10EL9ap_q_mode5EL_55               |  20|   0|   20|          0|
    |p_ZZN4nnet24compute_output_buffer_2dINS_5arrayI8ap_fixedILi20ELi10EL9ap_q_mode5EL_56               |  20|   0|   20|          0|
    |p_ZZN4nnet24compute_output_buffer_2dINS_5arrayI8ap_fixedILi20ELi10EL9ap_q_mode5EL_57               |  20|   0|   20|          0|
    |p_ZZN4nnet24compute_output_buffer_2dINS_5arrayI8ap_fixedILi20ELi10EL9ap_q_mode5EL_58               |  20|   0|   20|          0|
    |p_ZZN4nnet24compute_output_buffer_2dINS_5arrayI8ap_fixedILi20ELi10EL9ap_q_mode5EL_59               |  20|   0|   20|          0|
    |p_ZZN4nnet24compute_output_buffer_2dINS_5arrayI8ap_fixedILi20ELi10EL9ap_q_mode5EL_6                |  20|   0|   20|          0|
    |p_ZZN4nnet24compute_output_buffer_2dINS_5arrayI8ap_fixedILi20ELi10EL9ap_q_mode5EL_60               |  20|   0|   20|          0|
    |p_ZZN4nnet24compute_output_buffer_2dINS_5arrayI8ap_fixedILi20ELi10EL9ap_q_mode5EL_61               |  20|   0|   20|          0|
    |p_ZZN4nnet24compute_output_buffer_2dINS_5arrayI8ap_fixedILi20ELi10EL9ap_q_mode5EL_62               |  20|   0|   20|          0|
    |p_ZZN4nnet24compute_output_buffer_2dINS_5arrayI8ap_fixedILi20ELi10EL9ap_q_mode5EL_63               |  20|   0|   20|          0|
    |p_ZZN4nnet24compute_output_buffer_2dINS_5arrayI8ap_fixedILi20ELi10EL9ap_q_mode5EL_64               |  20|   0|   20|          0|
    |p_ZZN4nnet24compute_output_buffer_2dINS_5arrayI8ap_fixedILi20ELi10EL9ap_q_mode5EL_65               |  20|   0|   20|          0|
    |p_ZZN4nnet24compute_output_buffer_2dINS_5arrayI8ap_fixedILi20ELi10EL9ap_q_mode5EL_66               |  20|   0|   20|          0|
    |p_ZZN4nnet24compute_output_buffer_2dINS_5arrayI8ap_fixedILi20ELi10EL9ap_q_mode5EL_67               |  20|   0|   20|          0|
    |p_ZZN4nnet24compute_output_buffer_2dINS_5arrayI8ap_fixedILi20ELi10EL9ap_q_mode5EL_68               |  20|   0|   20|          0|
    |p_ZZN4nnet24compute_output_buffer_2dINS_5arrayI8ap_fixedILi20ELi10EL9ap_q_mode5EL_69               |  20|   0|   20|          0|
    |p_ZZN4nnet24compute_output_buffer_2dINS_5arrayI8ap_fixedILi20ELi10EL9ap_q_mode5EL_7                |  20|   0|   20|          0|
    |p_ZZN4nnet24compute_output_buffer_2dINS_5arrayI8ap_fixedILi20ELi10EL9ap_q_mode5EL_70               |  20|   0|   20|          0|
    |p_ZZN4nnet24compute_output_buffer_2dINS_5arrayI8ap_fixedILi20ELi10EL9ap_q_mode5EL_71               |  20|   0|   20|          0|
    |p_ZZN4nnet24compute_output_buffer_2dINS_5arrayI8ap_fixedILi20ELi10EL9ap_q_mode5EL_72               |  20|   0|   20|          0|
    |p_ZZN4nnet24compute_output_buffer_2dINS_5arrayI8ap_fixedILi20ELi10EL9ap_q_mode5EL_73               |  20|   0|   20|          0|
    |p_ZZN4nnet24compute_output_buffer_2dINS_5arrayI8ap_fixedILi20ELi10EL9ap_q_mode5EL_74               |  20|   0|   20|          0|
    |p_ZZN4nnet24compute_output_buffer_2dINS_5arrayI8ap_fixedILi20ELi10EL9ap_q_mode5EL_75               |  20|   0|   20|          0|
    |p_ZZN4nnet24compute_output_buffer_2dINS_5arrayI8ap_fixedILi20ELi10EL9ap_q_mode5EL_76               |  20|   0|   20|          0|
    |p_ZZN4nnet24compute_output_buffer_2dINS_5arrayI8ap_fixedILi20ELi10EL9ap_q_mode5EL_77               |  20|   0|   20|          0|
    |p_ZZN4nnet24compute_output_buffer_2dINS_5arrayI8ap_fixedILi20ELi10EL9ap_q_mode5EL_78               |  20|   0|   20|          0|
    |p_ZZN4nnet24compute_output_buffer_2dINS_5arrayI8ap_fixedILi20ELi10EL9ap_q_mode5EL_79               |  20|   0|   20|          0|
    |p_ZZN4nnet24compute_output_buffer_2dINS_5arrayI8ap_fixedILi20ELi10EL9ap_q_mode5EL_8                |  20|   0|   20|          0|
    |p_ZZN4nnet24compute_output_buffer_2dINS_5arrayI8ap_fixedILi20ELi10EL9ap_q_mode5EL_80               |  20|   0|   20|          0|
    |p_ZZN4nnet24compute_output_buffer_2dINS_5arrayI8ap_fixedILi20ELi10EL9ap_q_mode5EL_81               |  20|   0|   20|          0|
    |p_ZZN4nnet24compute_output_buffer_2dINS_5arrayI8ap_fixedILi20ELi10EL9ap_q_mode5EL_82               |  20|   0|   20|          0|
    |p_ZZN4nnet24compute_output_buffer_2dINS_5arrayI8ap_fixedILi20ELi10EL9ap_q_mode5EL_83               |  20|   0|   20|          0|
    |p_ZZN4nnet24compute_output_buffer_2dINS_5arrayI8ap_fixedILi20ELi10EL9ap_q_mode5EL_84               |  20|   0|   20|          0|
    |p_ZZN4nnet24compute_output_buffer_2dINS_5arrayI8ap_fixedILi20ELi10EL9ap_q_mode5EL_85               |  20|   0|   20|          0|
    |p_ZZN4nnet24compute_output_buffer_2dINS_5arrayI8ap_fixedILi20ELi10EL9ap_q_mode5EL_86               |  20|   0|   20|          0|
    |p_ZZN4nnet24compute_output_buffer_2dINS_5arrayI8ap_fixedILi20ELi10EL9ap_q_mode5EL_87               |  20|   0|   20|          0|
    |p_ZZN4nnet24compute_output_buffer_2dINS_5arrayI8ap_fixedILi20ELi10EL9ap_q_mode5EL_88               |  20|   0|   20|          0|
    |p_ZZN4nnet24compute_output_buffer_2dINS_5arrayI8ap_fixedILi20ELi10EL9ap_q_mode5EL_89               |  20|   0|   20|          0|
    |p_ZZN4nnet24compute_output_buffer_2dINS_5arrayI8ap_fixedILi20ELi10EL9ap_q_mode5EL_9                |  20|   0|   20|          0|
    |p_ZZN4nnet24compute_output_buffer_2dINS_5arrayI8ap_fixedILi20ELi10EL9ap_q_mode5EL_90               |  20|   0|   20|          0|
    |p_ZZN4nnet24compute_output_buffer_2dINS_5arrayI8ap_fixedILi20ELi10EL9ap_q_mode5EL_91               |  20|   0|   20|          0|
    |p_ZZN4nnet24compute_output_buffer_2dINS_5arrayI8ap_fixedILi20ELi10EL9ap_q_mode5EL_92               |  20|   0|   20|          0|
    |p_ZZN4nnet24compute_output_buffer_2dINS_5arrayI8ap_fixedILi20ELi10EL9ap_q_mode5EL_93               |  20|   0|   20|          0|
    |p_ZZN4nnet24compute_output_buffer_2dINS_5arrayI8ap_fixedILi20ELi10EL9ap_q_mode5EL_94               |  20|   0|   20|          0|
    |p_ZZN4nnet24compute_output_buffer_2dINS_5arrayI8ap_fixedILi20ELi10EL9ap_q_mode5EL_95               |  20|   0|   20|          0|
    |p_ZZN4nnet24compute_output_buffer_2dINS_5arrayI8ap_fixedILi20ELi10EL9ap_q_mode5EL_96               |  20|   0|   20|          0|
    |p_ZZN4nnet24compute_output_buffer_2dINS_5arrayI8ap_fixedILi20ELi10EL9ap_q_mode5EL_97               |  20|   0|   20|          0|
    |res_out_10_reg_1274                                                                                |  18|   0|   18|          0|
    |res_out_11_reg_1279                                                                                |  18|   0|   18|          0|
    |res_out_12_reg_1284                                                                                |  18|   0|   18|          0|
    |res_out_13_reg_1289                                                                                |  18|   0|   18|          0|
    |res_out_14_reg_1294                                                                                |  18|   0|   18|          0|
    |res_out_15_reg_1299                                                                                |  18|   0|   18|          0|
    |res_out_16_reg_1304                                                                                |  18|   0|   18|          0|
    |res_out_17_reg_1309                                                                                |  18|   0|   18|          0|
    |res_out_1_reg_1229                                                                                 |  18|   0|   18|          0|
    |res_out_2_reg_1234                                                                                 |  18|   0|   18|          0|
    |res_out_3_reg_1239                                                                                 |  18|   0|   18|          0|
    |res_out_4_reg_1244                                                                                 |  18|   0|   18|          0|
    |res_out_5_reg_1249                                                                                 |  18|   0|   18|          0|
    |res_out_6_reg_1254                                                                                 |  18|   0|   18|          0|
    |res_out_7_reg_1259                                                                                 |  18|   0|   18|          0|
    |res_out_8_reg_1264                                                                                 |  18|   0|   18|          0|
    |res_out_9_reg_1269                                                                                 |  18|   0|   18|          0|
    |res_out_reg_1224                                                                                   |  18|   0|   18|          0|
    |sX_3                                                                                               |  32|   0|   32|          0|
    |sY_3                                                                                               |  32|   0|   32|          0|
    |void_compute_output_buffer_2d_array_const_ap_shift_reg_n_chan_stream_weig_10                       |  20|   0|   20|          0|
    |void_compute_output_buffer_2d_array_const_ap_shift_reg_n_chan_stream_weig_11                       |  20|   0|   20|          0|
    |void_compute_output_buffer_2d_array_const_ap_shift_reg_n_chan_stream_weig_12                       |  20|   0|   20|          0|
    |void_compute_output_buffer_2d_array_const_ap_shift_reg_n_chan_stream_weig_13                       |  20|   0|   20|          0|
    |void_compute_output_buffer_2d_array_const_ap_shift_reg_n_chan_stream_weig_14                       |  20|   0|   20|          0|
    |void_compute_output_buffer_2d_array_const_ap_shift_reg_n_chan_stream_weig_15                       |  20|   0|   20|          0|
    |void_compute_output_buffer_2d_array_const_ap_shift_reg_n_chan_stream_weig_16                       |  20|   0|   20|          0|
    |void_compute_output_buffer_2d_array_const_ap_shift_reg_n_chan_stream_weig_17                       |  20|   0|   20|          0|
    |void_compute_output_buffer_2d_array_const_ap_shift_reg_n_chan_stream_weig_18                       |  20|   0|   20|          0|
    |void_compute_output_buffer_2d_array_const_ap_shift_reg_n_chan_stream_weig_9                        |  20|   0|   20|          0|
    +---------------------------------------------------------------------------------------------------+----+----+-----+-----------+
    |Total                                                                                              |2619|   0| 2619|          0|
    +---------------------------------------------------------------------------------------------------+----+----+-----+-----------+



================================================================
== Interface
================================================================
* Summary: 
+---------------------------+-----+-----+------------+-------------------------------------------------------------------------+--------------+
|         RTL Ports         | Dir | Bits|  Protocol  |                              Source Object                              |    C Type    |
+---------------------------+-----+-----+------------+-------------------------------------------------------------------------+--------------+
|ap_clk                     |   in|    1|  ap_ctrl_hs|  compute_output_buffer_2d<array,array<ap_fixed<18,8,5,3,0>,18u>,config6>|  return value|
|ap_rst                     |   in|    1|  ap_ctrl_hs|  compute_output_buffer_2d<array,array<ap_fixed<18,8,5,3,0>,18u>,config6>|  return value|
|ap_start                   |   in|    1|  ap_ctrl_hs|  compute_output_buffer_2d<array,array<ap_fixed<18,8,5,3,0>,18u>,config6>|  return value|
|ap_done                    |  out|    1|  ap_ctrl_hs|  compute_output_buffer_2d<array,array<ap_fixed<18,8,5,3,0>,18u>,config6>|  return value|
|ap_idle                    |  out|    1|  ap_ctrl_hs|  compute_output_buffer_2d<array,array<ap_fixed<18,8,5,3,0>,18u>,config6>|  return value|
|ap_ready                   |  out|    1|  ap_ctrl_hs|  compute_output_buffer_2d<array,array<ap_fixed<18,8,5,3,0>,18u>,config6>|  return value|
|p_read                     |   in|   20|     ap_none|                                                                   p_read|        scalar|
|p_read1                    |   in|   20|     ap_none|                                                                  p_read1|        scalar|
|p_read2                    |   in|   20|     ap_none|                                                                  p_read2|        scalar|
|p_read3                    |   in|   20|     ap_none|                                                                  p_read3|        scalar|
|p_read4                    |   in|   20|     ap_none|                                                                  p_read4|        scalar|
|p_read5                    |   in|   20|     ap_none|                                                                  p_read5|        scalar|
|p_read6                    |   in|   20|     ap_none|                                                                  p_read6|        scalar|
|p_read7                    |   in|   20|     ap_none|                                                                  p_read7|        scalar|
|p_read8                    |   in|   20|     ap_none|                                                                  p_read8|        scalar|
|p_read9                    |   in|   20|     ap_none|                                                                  p_read9|        scalar|
|p_read10                   |   in|   20|     ap_none|                                                                 p_read10|        scalar|
|p_read11                   |   in|   20|     ap_none|                                                                 p_read11|        scalar|
|layer6_out_din             |  out|  324|     ap_fifo|                                                               layer6_out|       pointer|
|layer6_out_num_data_valid  |   in|    9|     ap_fifo|                                                               layer6_out|       pointer|
|layer6_out_fifo_cap        |   in|    9|     ap_fifo|                                                               layer6_out|       pointer|
|layer6_out_full_n          |   in|    1|     ap_fifo|                                                               layer6_out|       pointer|
|layer6_out_write           |  out|    1|     ap_fifo|                                                               layer6_out|       pointer|
+---------------------------+-----+-----+------------+-------------------------------------------------------------------------+--------------+

