

================================================================
== Vitis HLS Report for 'compute_output_buffer_2d_array_array_ap_fixed_18_8_5_3_0_12u_config2_s'
================================================================
* Date:           Sun Aug 30 16:00:24 2026

* Version:        2024.1 (Build 5069499 on May 21 2024)
* Project:        myproject_prj
* Solution:       solution1 (Vivado IP Flow Target)
* Product family: zynq
* Target device:  xc7z020-clg400-1


================================================================
== Performance Estimates
================================================================
+ Timing: 
    * Summary: 
    +--------+----------+-----------+------------+
    |  Clock |  Target  | Estimated | Uncertainty|
    +--------+----------+-----------+------------+
    |ap_clk  |  20.00 ns|  14.552 ns|     5.40 ns|
    +--------+----------+-----------+------------+

+ Latency: 
    * Summary: 
    +---------+---------+-----------+----------+-----+-----+---------+
    |  Latency (cycles) |  Latency (absolute)  |  Interval | Pipeline|
    |   min   |   max   |    min    |    max   | min | max |   Type  |
    +---------+---------+-----------+----------+-----+-----+---------+
    |        2|      112|  40.000 ns|  2.240 us|    2|  112|       no|
    +---------+---------+-----------+----------+-----+-----+---------+

    + Detail: 
        * Instance: 
        +--------------------------------------------------------------------------------------+---------------------------------------------------------------------------+---------+---------+----------+----------+-----+-----+------------------------------------------+
        |                                                                                      |                                                                           |  Latency (cycles) |  Latency (absolute) |  Interval |                 Pipeline                 |
        |                                       Instance                                       |                                   Module                                  |   min   |   max   |    min   |    max   | min | max |                   Type                   |
        +--------------------------------------------------------------------------------------+---------------------------------------------------------------------------+---------+---------+----------+----------+-----+-----+------------------------------------------+
        |call_ln281_shift_line_buffer_array_ap_fixed_20_10_5_3_0_1u_config2_s_fu_95            |shift_line_buffer_array_ap_fixed_20_10_5_3_0_1u_config2_s                  |        0|        0|      0 ns|      0 ns|    1|    1|                                       yes|
        |grp_dense_resource_rf_gt_nin_rem0_ap_fixed_ap_fixed_18_8_5_3_0_config2_mult_s_fu_123  |dense_resource_rf_gt_nin_rem0_ap_fixed_ap_fixed_18_8_5_3_0_config2_mult_s  |      109|      110|  2.180 us|  2.200 us|  108|  108|  loop rewind stp(delay=0 clock cycles(s))|
        +--------------------------------------------------------------------------------------+---------------------------------------------------------------------------+---------+---------+----------+----------+-----+-----+------------------------------------------+

        * Loop: 
        N/A



================================================================
== Utilization Estimates
================================================================
* Summary: 
+-----------------+---------+-----+--------+-------+-----+
|       Name      | BRAM_18K| DSP |   FF   |  LUT  | URAM|
+-----------------+---------+-----+--------+-------+-----+
|DSP              |        -|    -|       -|      -|    -|
|Expression       |        -|    -|       0|    445|    -|
|FIFO             |        -|    -|       -|      -|    -|
|Instance         |        1|    1|    1139|   1443|    -|
|Memory           |        -|    -|       -|      -|    -|
|Multiplexer      |        -|    -|       0|     70|    -|
|Register         |        -|    -|     314|      -|    -|
+-----------------+---------+-----+--------+-------+-----+
|Total            |        1|    1|    1453|   1958|    0|
+-----------------+---------+-----+--------+-------+-----+
|Available        |      280|  220|  106400|  53200|    0|
+-----------------+---------+-----+--------+-------+-----+
|Utilization (%)  |       ~0|   ~0|       1|      3|    0|
+-----------------+---------+-----+--------+-------+-----+

+ Detail: 
    * Instance: 
    +--------------------------------------------------------------------------------------+---------------------------------------------------------------------------+---------+----+------+------+-----+
    |                                       Instance                                       |                                   Module                                  | BRAM_18K| DSP|  FF  |  LUT | URAM|
    +--------------------------------------------------------------------------------------+---------------------------------------------------------------------------+---------+----+------+------+-----+
    |grp_dense_resource_rf_gt_nin_rem0_ap_fixed_ap_fixed_18_8_5_3_0_config2_mult_s_fu_123  |dense_resource_rf_gt_nin_rem0_ap_fixed_ap_fixed_18_8_5_3_0_config2_mult_s  |        1|   1|  1010|  1325|    0|
    |call_ln281_shift_line_buffer_array_ap_fixed_20_10_5_3_0_1u_config2_s_fu_95            |shift_line_buffer_array_ap_fixed_20_10_5_3_0_1u_config2_s                  |        0|   0|   129|   118|    0|
    +--------------------------------------------------------------------------------------+---------------------------------------------------------------------------+---------+----+------+------+-----+
    |Total                                                                                 |                                                                           |        1|   1|  1139|  1443|    0|
    +--------------------------------------------------------------------------------------+---------------------------------------------------------------------------+---------+----+------+------+-----+

    * DSP: 
    N/A

    * Memory: 
    N/A

    * FIFO: 
    N/A

    * Expression: 
    +---------------------------------+----------+----+---+----+------------+------------+
    |          Variable Name          | Operation| DSP| FF| LUT| Bitwidth P0| Bitwidth P1|
    +---------------------------------+----------+----+---+----+------------+------------+
    |add_ln303_fu_298_p2              |         +|   0|  0|  39|          32|           1|
    |add_ln307_fu_345_p2              |         +|   0|  0|  39|          32|           1|
    |add_ln313_fu_375_p2              |         +|   0|  0|  39|          32|          32|
    |add_ln318_fu_322_p2              |         +|   0|  0|  39|          32|          32|
    |and_ln284_1_fu_215_p2            |       and|   0|  0|   2|           1|           1|
    |and_ln284_fu_209_p2              |       and|   0|  0|   2|           1|           1|
    |ap_block_state3                  |       and|   0|  0|   2|           1|           1|
    |ap_block_state3_on_subcall_done  |       and|   0|  0|   2|           1|           1|
    |ap_condition_142                 |       and|   0|  0|   2|           1|           1|
    |ap_condition_188                 |       and|   0|  0|   2|           1|           1|
    |ap_predicate_op22_call_state3    |       and|   0|  0|   2|           1|           1|
    |icmp_ln284_1_fu_171_p2           |      icmp|   0|  0|  39|          32|           2|
    |icmp_ln284_4_fu_187_p2           |      icmp|   0|  0|  38|          31|           1|
    |icmp_ln284_5_fu_203_p2           |      icmp|   0|  0|  38|          31|           1|
    |icmp_ln284_fu_153_p2             |      icmp|   0|  0|  39|          32|           2|
    |icmp_ln303_fu_303_p2             |      icmp|   0|  0|  39|          32|           7|
    |icmp_ln307_fu_350_p2             |      icmp|   0|  0|  39|          32|           6|
    |icmp_ln313_fu_362_p2             |      icmp|   0|  0|  39|          32|           2|
    |select_ln313_fu_367_p3           |    select|   0|  0|   2|           1|           2|
    |select_ln318_fu_315_p3           |    select|   0|  0|   2|           1|           2|
    +---------------------------------+----------+----+---+----+------------+------------+
    |Total                            |          |   0|  0| 445|         359|          98|
    +---------------------------------+----------+----+---+----+------------+------------+

    * Multiplexer: 
    +------------------------------------+----+-----------+-----+-----------+
    |                Name                | LUT| Input Size| Bits| Total Bits|
    +------------------------------------+----+-----------+-----+-----------+
    |ap_NS_fsm                           |  20|          4|    1|          4|
    |ap_phi_mux_storemerge_phi_fu_88_p4  |  14|          3|   32|         96|
    |layer2_out_blk_n                    |   9|          2|    1|          2|
    |pX_2                                |   9|          2|   32|         64|
    |pY_2                                |   9|          2|   32|         64|
    |sX_2                                |   9|          2|   32|         64|
    +------------------------------------+----+-----------+-----+-----------+
    |Total                               |  70|         15|  130|        294|
    +------------------------------------+----+-----------+-----+-----------+

    * Register: 
    +---------------------------------------------------------------------------------------------------+----+----+-----+-----------+
    |                                                Name                                               | FF | LUT| Bits| Const Bits|
    +---------------------------------------------------------------------------------------------------+----+----+-----+-----------+
    |and_ln284_1_reg_410                                                                                |   1|   0|    1|          0|
    |ap_CS_fsm                                                                                          |   3|   0|    3|          0|
    |grp_dense_resource_rf_gt_nin_rem0_ap_fixed_ap_fixed_18_8_5_3_0_config2_mult_s_fu_123_ap_start_reg  |   1|   0|    1|          0|
    |icmp_ln284_reg_396                                                                                 |   1|   0|    1|          0|
    |pX_2                                                                                               |  32|   0|   32|          0|
    |pY_2                                                                                               |  32|   0|   32|          0|
    |sX_2                                                                                               |  32|   0|   32|          0|
    |sY_2                                                                                               |  32|   0|   32|          0|
    |void_compute_output_buffer_2d_array_const_ap_shift_reg_n_chan_stream_weig                          |  20|   0|   20|          0|
    |void_compute_output_buffer_2d_array_const_ap_shift_reg_n_chan_stream_weig_1                        |  20|   0|   20|          0|
    |void_compute_output_buffer_2d_array_const_ap_shift_reg_n_chan_stream_weig_2                        |  20|   0|   20|          0|
    |void_compute_output_buffer_2d_array_const_ap_shift_reg_n_chan_stream_weig_3                        |  20|   0|   20|          0|
    |void_compute_output_buffer_2d_array_const_ap_shift_reg_n_chan_stream_weig_4                        |  20|   0|   20|          0|
    |void_compute_output_buffer_2d_array_const_ap_shift_reg_n_chan_stream_weig_5                        |  20|   0|   20|          0|
    |void_compute_output_buffer_2d_array_const_ap_shift_reg_n_chan_stream_weig_6                        |  20|   0|   20|          0|
    |void_compute_output_buffer_2d_array_const_ap_shift_reg_n_chan_stream_weig_7                        |  20|   0|   20|          0|
    |void_compute_output_buffer_2d_array_const_ap_shift_reg_n_chan_stream_weig_8                        |  20|   0|   20|          0|
    +---------------------------------------------------------------------------------------------------+----+----+-----+-----------+
    |Total                                                                                              | 314|   0|  314|          0|
    +---------------------------------------------------------------------------------------------------+----+----+-----+-----------+



================================================================
== Interface
================================================================
* Summary: 
+---------------------------+-----+-----+------------+-------------------------------------------------------------------------+--------------+
|         RTL Ports         | Dir | Bits|  Protocol  |                              Source Object                              |    C Type    |
+---------------------------+-----+-----+------------+-------------------------------------------------------------------------+--------------+
|ap_clk                     |   in|    1|  ap_ctrl_hs|  compute_output_buffer_2d<array,array<ap_fixed<18,8,5,3,0>,12u>,config2>|  return value|
|ap_rst                     |   in|    1|  ap_ctrl_hs|  compute_output_buffer_2d<array,array<ap_fixed<18,8,5,3,0>,12u>,config2>|  return value|
|ap_start                   |   in|    1|  ap_ctrl_hs|  compute_output_buffer_2d<array,array<ap_fixed<18,8,5,3,0>,12u>,config2>|  return value|
|ap_done                    |  out|    1|  ap_ctrl_hs|  compute_output_buffer_2d<array,array<ap_fixed<18,8,5,3,0>,12u>,config2>|  return value|
|ap_idle                    |  out|    1|  ap_ctrl_hs|  compute_output_buffer_2d<array,array<ap_fixed<18,8,5,3,0>,12u>,config2>|  return value|
|ap_ready                   |  out|    1|  ap_ctrl_hs|  compute_output_buffer_2d<array,array<ap_fixed<18,8,5,3,0>,12u>,config2>|  return value|
|in_elem_0_0_0_0_0_val      |   in|   20|     ap_none|                                                    in_elem_0_0_0_0_0_val|        scalar|
|layer2_out_din             |  out|  216|     ap_fifo|                                                               layer2_out|       pointer|
|layer2_out_num_data_valid  |   in|   11|     ap_fifo|                                                               layer2_out|       pointer|
|layer2_out_fifo_cap        |   in|   11|     ap_fifo|                                                               layer2_out|       pointer|
|layer2_out_full_n          |   in|    1|     ap_fifo|                                                               layer2_out|       pointer|
|layer2_out_write           |  out|    1|     ap_fifo|                                                               layer2_out|       pointer|
+---------------------------+-----+-----+------------+-------------------------------------------------------------------------+--------------+

