

================================================================
== Vitis HLS Report for 'conv_2d_cl_array_ap_fixed_12u_array_ap_fixed_18_8_5_3_0_18u_config6_s'
================================================================
* Date:           Sun Aug 30 16:00:38 2026

* Version:        2024.1 (Build 5069499 on May 21 2024)
* Project:        myproject_prj
* Solution:       solution1 (Vivado IP Flow Target)
* Product family: zynq
* Target device:  xc7z020-clg400-1


================================================================
== Performance Estimates
================================================================
+ Timing: 
    * Summary: 
    +--------+----------+-----------+------------+
    |  Clock |  Target  | Estimated | Uncertainty|
    +--------+----------+-----------+------------+
    |ap_clk  |  20.00 ns|  11.291 ns|     5.40 ns|
    +--------+----------+-----------+------------+

+ Latency: 
    * Summary: 
    +---------+---------+-----------+-----------+------+--------+---------+
    |  Latency (cycles) |   Latency (absolute)  |    Interval   | Pipeline|
    |   min   |   max   |    min    |    max    |  min |   max  |   Type  |
    +---------+---------+-----------+-----------+------+--------+---------+
    |     1297|   632125|  25.940 us|  12.643 ms|  1297|  632125|       no|
    +---------+---------+-----------+-----------+------+--------+---------+

    + Detail: 
        * Instance: 
        +-----------------------------------------------------------------------------------+------------------------------------------------------------------------+---------+---------+-----------+-----------+-----+------+---------+
        |                                                                                   |                                                                        |  Latency (cycles) |   Latency (absolute)  |  Interval  | Pipeline|
        |                                      Instance                                     |                                 Module                                 |   min   |   max   |    min    |    max    | min |  max |   Type  |
        +-----------------------------------------------------------------------------------+------------------------------------------------------------------------+---------+---------+-----------+-----------+-----+------+---------+
        |grp_compute_output_buffer_2d_array_array_ap_fixed_18_8_5_3_0_18u_config6_s_fu_366  |compute_output_buffer_2d_array_array_ap_fixed_18_8_5_3_0_18u_config6_s  |        2|     1949|  40.000 ns|  38.980 us|    2|  1949|       no|
        +-----------------------------------------------------------------------------------+------------------------------------------------------------------------+---------+---------+-----------+-----------+-----+------+---------+

        * Loop: 
        +----------------------------------+---------+---------+----------+-----------+-----------+------+----------+
        |                                  |  Latency (cycles) | Iteration|  Initiation Interval  | Trip |          |
        |             Loop Name            |   min   |   max   |  Latency |  achieved |   target  | Count| Pipelined|
        +----------------------------------+---------+---------+----------+-----------+-----------+------+----------+
        |- ReadInputHeight_ReadInputWidth  |     1296|   632124|  4 ~ 1951|          -|          -|   324|        no|
        +----------------------------------+---------+---------+----------+-----------+-----------+------+----------+



================================================================
== Utilization Estimates
================================================================
* Summary: 
+-----------------+---------+-----+--------+-------+-----+
|       Name      | BRAM_18K| DSP |   FF   |  LUT  | URAM|
+-----------------+---------+-----+--------+-------+-----+
|DSP              |        -|    -|       -|      -|    -|
|Expression       |        -|    -|       0|     32|    -|
|FIFO             |        -|    -|       -|      -|    -|
|Instance         |        3|    1|    9396|   6851|    -|
|Memory           |        -|    -|       -|      -|    -|
|Multiplexer      |        -|    -|       0|     65|    -|
|Register         |        -|    -|     255|      -|    -|
+-----------------+---------+-----+--------+-------+-----+
|Total            |        3|    1|    9651|   6948|    0|
+-----------------+---------+-----+--------+-------+-----+
|Available        |      280|  220|  106400|  53200|    0|
+-----------------+---------+-----+--------+-------+-----+
|Utilization (%)  |        1|   ~0|       9|     13|    0|
+-----------------+---------+-----+--------+-------+-----+

+ Detail: 
    * Instance: 
    +-----------------------------------------------------------------------------------+------------------------------------------------------------------------+---------+----+------+------+-----+
    |                                      Instance                                     |                                 Module                                 | BRAM_18K| DSP|  FF  |  LUT | URAM|
    +-----------------------------------------------------------------------------------+------------------------------------------------------------------------+---------+----+------+------+-----+
    |grp_compute_output_buffer_2d_array_array_ap_fixed_18_8_5_3_0_18u_config6_s_fu_366  |compute_output_buffer_2d_array_array_ap_fixed_18_8_5_3_0_18u_config6_s  |        3|   1|  9396|  6851|    0|
    +-----------------------------------------------------------------------------------+------------------------------------------------------------------------+---------+----+------+------+-----+
    |Total                                                                              |                                                                        |        3|   1|  9396|  6851|    0|
    +-----------------------------------------------------------------------------------+------------------------------------------------------------------------+---------+----+------+------+-----+

    * DSP: 
    N/A

    * Memory: 
    N/A

    * FIFO: 
    N/A

    * Expression: 
    +---------------------+----------+----+---+----+------------+------------+
    |    Variable Name    | Operation| DSP| FF| LUT| Bitwidth P0| Bitwidth P1|
    +---------------------+----------+----+---+----+------------+------------+
    |add_ln52_fu_674_p2   |         +|   0|  0|  14|           9|           1|
    |ap_block_state2      |       and|   0|  0|   2|           1|           1|
    |icmp_ln52_fu_668_p2  |      icmp|   0|  0|  14|           9|           9|
    |ap_block_state1      |        or|   0|  0|   2|           1|           1|
    +---------------------+----------+----+---+----+------------+------------+
    |Total                |          |   0|  0|  32|          20|          12|
    +---------------------+----------+----+---+----+------------+------------+

    * Multiplexer: 
    +-----------------------+----+-----------+-----+-----------+
    |          Name         | LUT| Input Size| Bits| Total Bits|
    +-----------------------+----+-----------+-----+-----------+
    |ap_NS_fsm              |  20|          4|    1|          4|
    |ap_done                |   9|          2|    1|          2|
    |indvar_flatten_fu_356  |   9|          2|    9|         18|
    |layer14_out_blk_n      |   9|          2|    1|          2|
    |layer6_out_write       |   9|          2|    1|          2|
    |real_start             |   9|          2|    1|          2|
    +-----------------------+----+-----------+-----+-----------+
    |Total                  |  65|         14|   14|         30|
    +-----------------------+----+-----------+-----+-----------+

    * Register: 
    +------------------------------------------------------------------------------------------------+----+----+-----+-----------+
    |                                              Name                                              | FF | LUT| Bits| Const Bits|
    +------------------------------------------------------------------------------------------------+----+----+-----+-----------+
    |ap_CS_fsm                                                                                       |   3|   0|    3|          0|
    |ap_done_reg                                                                                     |   1|   0|    1|          0|
    |grp_compute_output_buffer_2d_array_array_ap_fixed_18_8_5_3_0_18u_config6_s_fu_366_ap_start_reg  |   1|   0|    1|          0|
    |indvar_flatten_fu_356                                                                           |   9|   0|    9|          0|
    |start_once_reg                                                                                  |   1|   0|    1|          0|
    |trunc_ln58_10_reg_876                                                                           |  20|   0|   20|          0|
    |trunc_ln58_1_reg_826                                                                            |  20|   0|   20|          0|
    |trunc_ln58_2_reg_831                                                                            |  20|   0|   20|          0|
    |trunc_ln58_3_reg_836                                                                            |  20|   0|   20|          0|
    |trunc_ln58_4_reg_841                                                                            |  20|   0|   20|          0|
    |trunc_ln58_5_reg_846                                                                            |  20|   0|   20|          0|
    |trunc_ln58_6_reg_851                                                                            |  20|   0|   20|          0|
    |trunc_ln58_7_reg_856                                                                            |  20|   0|   20|          0|
    |trunc_ln58_8_reg_861                                                                            |  20|   0|   20|          0|
    |trunc_ln58_9_reg_866                                                                            |  20|   0|   20|          0|
    |trunc_ln58_reg_821                                                                              |  20|   0|   20|          0|
    |trunc_ln58_s_reg_871                                                                            |  20|   0|   20|          0|
    +------------------------------------------------------------------------------------------------+----+----+-----+-----------+
    |Total                                                                                           | 255|   0|  255|          0|
    +------------------------------------------------------------------------------------------------+----+----+-----+-----------+



================================================================
== Interface
================================================================
* Summary: 
+----------------------------+-----+-----+------------+-------------------------------------------------------------------------+--------------+
|          RTL Ports         | Dir | Bits|  Protocol  |                              Source Object                              |    C Type    |
+----------------------------+-----+-----+------------+-------------------------------------------------------------------------+--------------+
|ap_clk                      |   in|    1|  ap_ctrl_hs|  conv_2d_cl<array<ap_fixed,12u>,array<ap_fixed<18,8,5,3,0>,18u>,config6>|  return value|
|ap_rst                      |   in|    1|  ap_ctrl_hs|  conv_2d_cl<array<ap_fixed,12u>,array<ap_fixed<18,8,5,3,0>,18u>,config6>|  return value|
|ap_start                    |   in|    1|  ap_ctrl_hs|  conv_2d_cl<array<ap_fixed,12u>,array<ap_fixed<18,8,5,3,0>,18u>,config6>|  return value|
|start_full_n                |   in|    1|  ap_ctrl_hs|  conv_2d_cl<array<ap_fixed,12u>,array<ap_fixed<18,8,5,3,0>,18u>,config6>|  return value|
|ap_done                     |  out|    1|  ap_ctrl_hs|  conv_2d_cl<array<ap_fixed,12u>,array<ap_fixed<18,8,5,3,0>,18u>,config6>|  return value|
|ap_continue                 |   in|    1|  ap_ctrl_hs|  conv_2d_cl<array<ap_fixed,12u>,array<ap_fixed<18,8,5,3,0>,18u>,config6>|  return value|
|ap_idle                     |  out|    1|  ap_ctrl_hs|  conv_2d_cl<array<ap_fixed,12u>,array<ap_fixed<18,8,5,3,0>,18u>,config6>|  return value|
|ap_ready                    |  out|    1|  ap_ctrl_hs|  conv_2d_cl<array<ap_fixed,12u>,array<ap_fixed<18,8,5,3,0>,18u>,config6>|  return value|
|start_out                   |  out|    1|  ap_ctrl_hs|  conv_2d_cl<array<ap_fixed,12u>,array<ap_fixed<18,8,5,3,0>,18u>,config6>|  return value|
|start_write                 |  out|    1|  ap_ctrl_hs|  conv_2d_cl<array<ap_fixed,12u>,array<ap_fixed<18,8,5,3,0>,18u>,config6>|  return value|
|layer14_out_dout            |   in|  240|     ap_fifo|                                                              layer14_out|       pointer|
|layer14_out_num_data_valid  |   in|   10|     ap_fifo|                                                              layer14_out|       pointer|
|layer14_out_fifo_cap        |   in|   10|     ap_fifo|                                                              layer14_out|       pointer|
|layer14_out_empty_n         |   in|    1|     ap_fifo|                                                              layer14_out|       pointer|
|layer14_out_read            |  out|    1|     ap_fifo|                                                              layer14_out|       pointer|
|layer6_out_din              |  out|  324|     ap_fifo|                                                               layer6_out|       pointer|
|layer6_out_num_data_valid   |   in|    9|     ap_fifo|                                                               layer6_out|       pointer|
|layer6_out_fifo_cap         |   in|    9|     ap_fifo|                                                               layer6_out|       pointer|
|layer6_out_full_n           |   in|    1|     ap_fifo|                                                               layer6_out|       pointer|
|layer6_out_write            |  out|    1|     ap_fifo|                                                               layer6_out|       pointer|
+----------------------------+-----+-----+------------+-------------------------------------------------------------------------+--------------+

