

================================================================
== Vitis HLS Report for 'dense_array_ap_fixed_18u_array_ap_fixed_24_12_5_3_0_7u_config12_s'
================================================================
* Date:           Sun Aug 30 16:00:56 2026

* Version:        2024.1 (Build 5069499 on May 21 2024)
* Project:        myproject_prj
* Solution:       solution1 (Vivado IP Flow Target)
* Product family: zynq
* Target device:  xc7z020-clg400-1


================================================================
== Performance Estimates
================================================================
+ Timing: 
    * Summary: 
    +--------+----------+-----------+------------+
    |  Clock |  Target  | Estimated | Uncertainty|
    +--------+----------+-----------+------------+
    |ap_clk  |  20.00 ns|  13.262 ns|     5.40 ns|
    +--------+----------+-----------+------------+

+ Latency: 
    * Summary: 
    +---------+---------+-----------+-----------+------+------+---------+
    |  Latency (cycles) |   Latency (absolute)  |   Interval  | Pipeline|
    |   min   |   max   |    min    |    max    |  min |  max |   Type  |
    +---------+---------+-----------+-----------+------+------+---------+
    |     3180|     3181|  63.600 us|  63.620 us|  3180|  3181|       no|
    +---------+---------+-----------+-----------+------+------+---------+

    + Detail: 
        * Instance: 
        +-------------------------------------------------------------------------------------+-------------------------------------------------------------------------+---------+---------+-----------+-----------+------+------+-----------------------------------------------+
        |                                                                                     |                                                                         |  Latency (cycles) |   Latency (absolute)  |   Interval  |                    Pipeline                   |
        |                                       Instance                                      |                                  Module                                 |   min   |   max   |    min    |    max    |  min |  max |                      Type                     |
        +-------------------------------------------------------------------------------------+-------------------------------------------------------------------------+---------+---------+-----------+-----------+------+------+-----------------------------------------------+
        |grp_dense_array_array_ap_fixed_24_12_5_3_0_7u_config12_Pipeline_DataPrepare_fu_1837  |dense_array_array_ap_fixed_24_12_5_3_0_7u_config12_Pipeline_DataPrepare  |       26|       26|   0.520 us|   0.520 us|    25|    25|  loop auto-rewind stp(delay=0 clock cycles(s))|
        |grp_dense_resource_rf_gt_nin_rem0_ap_fixed_ap_fixed_24_12_5_3_0_config12_s_fu_2293   |dense_resource_rf_gt_nin_rem0_ap_fixed_ap_fixed_24_12_5_3_0_config12_s   |     3150|     3151|  63.000 us|  63.020 us|  3150|  3150|       loop rewind stp(delay=0 clock cycles(s))|
        +-------------------------------------------------------------------------------------+-------------------------------------------------------------------------+---------+---------+-----------+-----------+------+------+-----------------------------------------------+

        * Loop: 
        N/A



================================================================
== Utilization Estimates
================================================================
* Summary: 
+-----------------+---------+-----+--------+-------+-----+
|       Name      | BRAM_18K| DSP |   FF   |  LUT  | URAM|
+-----------------+---------+-----+--------+-------+-----+
|DSP              |        -|    -|       -|      -|    -|
|Expression       |        -|    -|       0|      2|    -|
|FIFO             |        -|    -|       -|      -|    -|
|Instance         |        5|    1|   18470|  15829|    -|
|Memory           |        -|    -|       -|      -|    -|
|Multiplexer      |        -|    -|       0|     67|    -|
|Register         |        -|    -|     177|      -|    -|
+-----------------+---------+-----+--------+-------+-----+
|Total            |        5|    1|   18647|  15898|    0|
+-----------------+---------+-----+--------+-------+-----+
|Available        |      280|  220|  106400|  53200|    0|
+-----------------+---------+-----+--------+-------+-----+
|Utilization (%)  |        1|   ~0|      17|     29|    0|
+-----------------+---------+-----+--------+-------+-----+

+ Detail: 
    * Instance: 
    +-------------------------------------------------------------------------------------+-------------------------------------------------------------------------+---------+----+------+-------+-----+
    |                                       Instance                                      |                                  Module                                 | BRAM_18K| DSP|  FF  |  LUT  | URAM|
    +-------------------------------------------------------------------------------------+-------------------------------------------------------------------------+---------+----+------+-------+-----+
    |grp_dense_array_array_ap_fixed_24_12_5_3_0_7u_config12_Pipeline_DataPrepare_fu_1837  |dense_array_array_ap_fixed_24_12_5_3_0_7u_config12_Pipeline_DataPrepare  |        0|   0|  9007|     64|    0|
    |grp_dense_resource_rf_gt_nin_rem0_ap_fixed_ap_fixed_24_12_5_3_0_config12_s_fu_2293   |dense_resource_rf_gt_nin_rem0_ap_fixed_ap_fixed_24_12_5_3_0_config12_s   |        5|   1|  9463|  15765|    0|
    +-------------------------------------------------------------------------------------+-------------------------------------------------------------------------+---------+----+------+-------+-----+
    |Total                                                                                |                                                                         |        5|   1| 18470|  15829|    0|
    +-------------------------------------------------------------------------------------+-------------------------------------------------------------------------+---------+----+------+-------+-----+

    * DSP: 
    N/A

    * Memory: 
    N/A

    * FIFO: 
    N/A

    * Expression: 
    +-----------------+----------+----+---+----+------------+------------+
    |  Variable Name  | Operation| DSP| FF| LUT| Bitwidth P0| Bitwidth P1|
    +-----------------+----------+----+---+----+------------+------------+
    |ap_block_state1  |        or|   0|  0|   2|           1|           1|
    +-----------------+----------+----+---+----+------------+------------+
    |Total            |          |   0|  0|   2|           1|           1|
    +-----------------+----------+----+---+----+------------+------------+

    * Multiplexer: 
    +--------------------+----+-----------+-----+-----------+
    |        Name        | LUT| Input Size| Bits| Total Bits|
    +--------------------+----+-----------+-----+-----------+
    |ap_NS_fsm           |  31|          6|    1|          6|
    |ap_done             |   9|          2|    1|          2|
    |layer9_out_read     |   9|          2|    1|          2|
    |local_output_blk_n  |   9|          2|    1|          2|
    |real_start          |   9|          2|    1|          2|
    +--------------------+----+-----------+-----+-----------+
    |Total               |  67|         14|    5|         14|
    +--------------------+----+-----------+-----+-----------+

    * Register: 
    +--------------------------------------------------------------------------------------------------+----+----+-----+-----------+
    |                                               Name                                               | FF | LUT| Bits| Const Bits|
    +--------------------------------------------------------------------------------------------------+----+----+-----+-----------+
    |ap_CS_fsm                                                                                         |   5|   0|    5|          0|
    |ap_done_reg                                                                                       |   1|   0|    1|          0|
    |grp_dense_array_array_ap_fixed_24_12_5_3_0_7u_config12_Pipeline_DataPrepare_fu_1837_ap_start_reg  |   1|   0|    1|          0|
    |grp_dense_resource_rf_gt_nin_rem0_ap_fixed_ap_fixed_24_12_5_3_0_config12_s_fu_2293_ap_start_reg   |   1|   0|    1|          0|
    |res_10_reg_8661                                                                                   |  24|   0|   24|          0|
    |res_11_reg_8666                                                                                   |  24|   0|   24|          0|
    |res_12_reg_8671                                                                                   |  24|   0|   24|          0|
    |res_7_reg_8646                                                                                    |  24|   0|   24|          0|
    |res_8_reg_8651                                                                                    |  24|   0|   24|          0|
    |res_9_reg_8656                                                                                    |  24|   0|   24|          0|
    |res_reg_8641                                                                                      |  24|   0|   24|          0|
    |start_once_reg                                                                                    |   1|   0|    1|          0|
    +--------------------------------------------------------------------------------------------------+----+----+-----+-----------+
    |Total                                                                                             | 177|   0|  177|          0|
    +--------------------------------------------------------------------------------------------------+----+----+-----+-----------+



================================================================
== Interface
================================================================
* Summary: 
+-----------------------------+-----+-----+------------+---------------------------------------------------------------------+--------------+
|          RTL Ports          | Dir | Bits|  Protocol  |                            Source Object                            |    C Type    |
+-----------------------------+-----+-----+------------+---------------------------------------------------------------------+--------------+
|ap_clk                       |   in|    1|  ap_ctrl_hs|  dense<array<ap_fixed,18u>,array<ap_fixed<24,12,5,3,0>,7u>,config12>|  return value|
|ap_rst                       |   in|    1|  ap_ctrl_hs|  dense<array<ap_fixed,18u>,array<ap_fixed<24,12,5,3,0>,7u>,config12>|  return value|
|ap_start                     |   in|    1|  ap_ctrl_hs|  dense<array<ap_fixed,18u>,array<ap_fixed<24,12,5,3,0>,7u>,config12>|  return value|
|start_full_n                 |   in|    1|  ap_ctrl_hs|  dense<array<ap_fixed,18u>,array<ap_fixed<24,12,5,3,0>,7u>,config12>|  return value|
|ap_done                      |  out|    1|  ap_ctrl_hs|  dense<array<ap_fixed,18u>,array<ap_fixed<24,12,5,3,0>,7u>,config12>|  return value|
|ap_continue                  |   in|    1|  ap_ctrl_hs|  dense<array<ap_fixed,18u>,array<ap_fixed<24,12,5,3,0>,7u>,config12>|  return value|
|ap_idle                      |  out|    1|  ap_ctrl_hs|  dense<array<ap_fixed,18u>,array<ap_fixed<24,12,5,3,0>,7u>,config12>|  return value|
|ap_ready                     |  out|    1|  ap_ctrl_hs|  dense<array<ap_fixed,18u>,array<ap_fixed<24,12,5,3,0>,7u>,config12>|  return value|
|start_out                    |  out|    1|  ap_ctrl_hs|  dense<array<ap_fixed,18u>,array<ap_fixed<24,12,5,3,0>,7u>,config12>|  return value|
|start_write                  |  out|    1|  ap_ctrl_hs|  dense<array<ap_fixed,18u>,array<ap_fixed<24,12,5,3,0>,7u>,config12>|  return value|
|layer9_out_dout              |   in|  360|     ap_fifo|                                                           layer9_out|       pointer|
|layer9_out_num_data_valid    |   in|    6|     ap_fifo|                                                           layer9_out|       pointer|
|layer9_out_fifo_cap          |   in|    6|     ap_fifo|                                                           layer9_out|       pointer|
|layer9_out_empty_n           |   in|    1|     ap_fifo|                                                           layer9_out|       pointer|
|layer9_out_read              |  out|    1|     ap_fifo|                                                           layer9_out|       pointer|
|local_output_din             |  out|  168|     ap_fifo|                                                         local_output|       pointer|
|local_output_num_data_valid  |   in|    3|     ap_fifo|                                                         local_output|       pointer|
|local_output_fifo_cap        |   in|    3|     ap_fifo|                                                         local_output|       pointer|
|local_output_full_n          |   in|    1|     ap_fifo|                                                         local_output|       pointer|
|local_output_write           |  out|    1|     ap_fifo|                                                         local_output|       pointer|
+-----------------------------+-----+-----+------------+---------------------------------------------------------------------+--------------+

