

================================================================
== Vitis HLS Report for 'normalize_array_ap_fixed_18u_array_ap_fixed_39_19_5_3_0_18u_config7_s'
================================================================
* Date:           Sun Aug 30 16:00:39 2026

* Version:        2024.1 (Build 5069499 on May 21 2024)
* Project:        myproject_prj
* Solution:       solution1 (Vivado IP Flow Target)
* Product family: zynq
* Target device:  xc7z020-clg400-1


================================================================
== Performance Estimates
================================================================
+ Timing: 
    * Summary: 
    +--------+----------+-----------+------------+
    |  Clock |  Target  | Estimated | Uncertainty|
    +--------+----------+-----------+------------+
    |ap_clk  |  20.00 ns|  11.603 ns|     5.40 ns|
    +--------+----------+-----------+------------+

+ Latency: 
    * Summary: 
    +---------+---------+----------+----------+-----+-----+-----------------------------------------------+
    |  Latency (cycles) |  Latency (absolute) |  Interval |                    Pipeline                   |
    |   min   |   max   |    min   |    max   | min | max |                      Type                     |
    +---------+---------+----------+----------+-----+-----+-----------------------------------------------+
    |      252|      252|  5.040 us|  5.040 us|  250|  250|  loop auto-rewind stp(delay=0 clock cycles(s))|
    +---------+---------+----------+----------+-----+-----+-----------------------------------------------+

    + Detail: 
        * Instance: 
        N/A

        * Loop: 
        +-----------------+---------+---------+----------+-----------+-----------+------+----------+
        |                 |  Latency (cycles) | Iteration|  Initiation Interval  | Trip |          |
        |    Loop Name    |   min   |   max   |  Latency |  achieved |   target  | Count| Pipelined|
        +-----------------+---------+---------+----------+-----------+-----------+------+----------+
        |- BatchNormLoop  |      250|      250|         2|          1|          1|   250|       yes|
        +-----------------+---------+---------+----------+-----------+-----------+------+----------+



================================================================
== Utilization Estimates
================================================================
* Summary: 
+-----------------+---------+-----+--------+-------+-----+
|       Name      | BRAM_18K| DSP |   FF   |  LUT  | URAM|
+-----------------+---------+-----+--------+-------+-----+
|DSP              |        -|    -|       -|      -|    -|
|Expression       |        -|    -|       0|    665|    -|
|FIFO             |        -|    -|       -|      -|    -|
|Instance         |        -|   18|       0|    108|    -|
|Memory           |        -|    -|       -|      -|    -|
|Multiplexer      |        -|    -|       0|     63|    -|
|Register         |        -|    -|     337|      -|    -|
+-----------------+---------+-----+--------+-------+-----+
|Total            |        0|   18|     337|    836|    0|
+-----------------+---------+-----+--------+-------+-----+
|Available        |      280|  220|  106400|  53200|    0|
+-----------------+---------+-----+--------+-------+-----+
|Utilization (%)  |        0|    8|      ~0|      1|    0|
+-----------------+---------+-----+--------+-------+-----+

+ Detail: 
    * Instance: 
    +--------------------------+---------------------+---------+----+---+----+-----+
    |         Instance         |        Module       | BRAM_18K| DSP| FF| LUT| URAM|
    +--------------------------+---------------------+---------+----+---+----+-----+
    |mul_18s_10ns_27_1_1_U378  |mul_18s_10ns_27_1_1  |        0|   1|  0|   6|    0|
    |mul_18s_10ns_27_1_1_U383  |mul_18s_10ns_27_1_1  |        0|   1|  0|   6|    0|
    |mul_18s_10ns_27_1_1_U390  |mul_18s_10ns_27_1_1  |        0|   1|  0|   6|    0|
    |mul_18s_10ns_27_1_1_U391  |mul_18s_10ns_27_1_1  |        0|   1|  0|   6|    0|
    |mul_18s_11ns_28_1_1_U379  |mul_18s_11ns_28_1_1  |        0|   1|  0|   6|    0|
    |mul_18s_11ns_28_1_1_U380  |mul_18s_11ns_28_1_1  |        0|   1|  0|   6|    0|
    |mul_18s_11ns_28_1_1_U381  |mul_18s_11ns_28_1_1  |        0|   1|  0|   6|    0|
    |mul_18s_11ns_28_1_1_U382  |mul_18s_11ns_28_1_1  |        0|   1|  0|   6|    0|
    |mul_18s_11ns_28_1_1_U384  |mul_18s_11ns_28_1_1  |        0|   1|  0|   6|    0|
    |mul_18s_11ns_28_1_1_U385  |mul_18s_11ns_28_1_1  |        0|   1|  0|   6|    0|
    |mul_18s_11ns_28_1_1_U386  |mul_18s_11ns_28_1_1  |        0|   1|  0|   6|    0|
    |mul_18s_11ns_28_1_1_U388  |mul_18s_11ns_28_1_1  |        0|   1|  0|   6|    0|
    |mul_18s_11ns_28_1_1_U389  |mul_18s_11ns_28_1_1  |        0|   1|  0|   6|    0|
    |mul_18s_11ns_28_1_1_U392  |mul_18s_11ns_28_1_1  |        0|   1|  0|   6|    0|
    |mul_18s_11ns_28_1_1_U393  |mul_18s_11ns_28_1_1  |        0|   1|  0|   6|    0|
    |mul_18s_11ns_28_1_1_U394  |mul_18s_11ns_28_1_1  |        0|   1|  0|   6|    0|
    |mul_18s_11ns_28_1_1_U395  |mul_18s_11ns_28_1_1  |        0|   1|  0|   6|    0|
    |mul_18s_12ns_29_1_1_U387  |mul_18s_12ns_29_1_1  |        0|   1|  0|   6|    0|
    +--------------------------+---------------------+---------+----+---+----+-----+
    |Total                     |                     |        0|  18|  0| 108|    0|
    +--------------------------+---------------------+---------+----+---+----+-----+

    * DSP: 
    N/A

    * Memory: 
    N/A

    * FIFO: 
    N/A

    * Expression: 
    +----------------------------------+----------+----+---+----+------------+------------+
    |           Variable Name          | Operation| DSP| FF| LUT| Bitwidth P0| Bitwidth P1|
    +----------------------------------+----------+----+---+----+------------+------------+
    |add_ln42_10_fu_329171_p2          |         +|   0|  0|  35|          28|          20|
    |add_ln42_11_fu_329185_p2          |         +|   0|  0|  35|          28|          21|
    |add_ln42_12_fu_329199_p2          |         +|   0|  0|  36|          29|          21|
    |add_ln42_13_fu_329213_p2          |         +|   0|  0|  34|          27|          13|
    |add_ln42_14_fu_329227_p2          |         +|   0|  0|  35|          28|          20|
    |add_ln42_15_fu_329241_p2          |         +|   0|  0|  34|          27|          19|
    |add_ln42_16_fu_329255_p2          |         +|   0|  0|  35|          28|          21|
    |add_ln42_17_fu_329269_p2          |         +|   0|  0|  35|          28|          20|
    |add_ln42_1_fu_329045_p2           |         +|   0|  0|  35|          28|          21|
    |add_ln42_2_fu_329059_p2           |         +|   0|  0|  35|          28|          19|
    |add_ln42_3_fu_329073_p2           |         +|   0|  0|  35|          28|          20|
    |add_ln42_4_fu_329087_p2           |         +|   0|  0|  35|          28|          22|
    |add_ln42_5_fu_329101_p2           |         +|   0|  0|  35|          28|          21|
    |add_ln42_6_fu_329115_p2           |         +|   0|  0|  35|          28|          19|
    |add_ln42_7_fu_329129_p2           |         +|   0|  0|  35|          28|          20|
    |add_ln42_8_fu_329143_p2           |         +|   0|  0|  35|          28|          19|
    |add_ln42_9_fu_329157_p2           |         +|   0|  0|  34|          27|          17|
    |add_ln42_fu_329031_p2             |         +|   0|  0|  34|          27|          19|
    |i_fu_329010_p2                    |         +|   0|  0|  15|           8|           1|
    |ap_condition_143                  |       and|   0|  0|   2|           1|           1|
    |icmp_ln25_fu_329016_p2            |      icmp|   0|  0|  15|           8|           4|
    |ap_block_pp0_stage0_01001         |        or|   0|  0|   2|           1|           1|
    |ap_block_state1_pp0_stage0_iter0  |        or|   0|  0|   2|           1|           1|
    |ap_enable_pp0                     |       xor|   0|  0|   2|           1|           2|
    +----------------------------------+----------+----+---+----+------------+------------+
    |Total                             |          |   0|  0| 665|         521|         362|
    +----------------------------------+----------+----+---+----+------------+------------+

    * Multiplexer: 
    +----------------------------------+----+-----------+-----+-----------+
    |               Name               | LUT| Input Size| Bits| Total Bits|
    +----------------------------------+----+-----------+-----+-----------+
    |ap_done_int                       |   9|          2|    1|          2|
    |ap_loop_exit_ready_pp0_iter1_reg  |   9|          2|    1|          2|
    |ap_sig_allocacmp_i_021_load       |   9|          2|    8|         16|
    |i_021_fu_184                      |   9|          2|    8|         16|
    |layer6_out_blk_n                  |   9|          2|    1|          2|
    |layer7_out_blk_n                  |   9|          2|    1|          2|
    |real_start                        |   9|          2|    1|          2|
    +----------------------------------+----+-----------+-----+-----------+
    |Total                             |  63|         14|   21|         42|
    +----------------------------------+----+-----------+-----+-----------+

    * Register: 
    +----------------------------------+----+----+-----+-----------+
    |               Name               | FF | LUT| Bits| Const Bits|
    +----------------------------------+----+----+-----+-----------+
    |a_10_reg_329382                   |  18|   0|   18|          0|
    |a_11_reg_329387                   |  18|   0|   18|          0|
    |a_12_reg_329392                   |  18|   0|   18|          0|
    |a_13_reg_329397                   |  18|   0|   18|          0|
    |a_14_reg_329402                   |  18|   0|   18|          0|
    |a_15_reg_329407                   |  18|   0|   18|          0|
    |a_16_reg_329412                   |  18|   0|   18|          0|
    |a_17_reg_329377                   |  18|   0|   18|          0|
    |a_1_reg_329332                    |  18|   0|   18|          0|
    |a_2_reg_329337                    |  18|   0|   18|          0|
    |a_3_reg_329342                    |  18|   0|   18|          0|
    |a_4_reg_329347                    |  18|   0|   18|          0|
    |a_5_reg_329352                    |  18|   0|   18|          0|
    |a_6_reg_329357                    |  18|   0|   18|          0|
    |a_7_reg_329362                    |  18|   0|   18|          0|
    |a_8_reg_329367                    |  18|   0|   18|          0|
    |a_9_reg_329372                    |  18|   0|   18|          0|
    |a_reg_329327                      |  18|   0|   18|          0|
    |ap_CS_fsm                         |   1|   0|    1|          0|
    |ap_done_reg                       |   1|   0|    1|          0|
    |ap_enable_reg_pp0_iter1           |   1|   0|    1|          0|
    |ap_loop_exit_ready_pp0_iter1_reg  |   1|   0|    1|          0|
    |i_021_fu_184                      |   8|   0|    8|          0|
    |start_once_reg                    |   1|   0|    1|          0|
    +----------------------------------+----+----+-----+-----------+
    |Total                             | 337|   0|  337|          0|
    +----------------------------------+----+----+-----+-----------+



================================================================
== Interface
================================================================
* Summary: 
+---------------------------+-----+-----+------------+-------------------------------------------------------------------------+--------------+
|         RTL Ports         | Dir | Bits|  Protocol  |                              Source Object                              |    C Type    |
+---------------------------+-----+-----+------------+-------------------------------------------------------------------------+--------------+
|ap_clk                     |   in|    1|  ap_ctrl_hs|  normalize<array<ap_fixed,18u>,array<ap_fixed<39,19,5,3,0>,18u>,config7>|  return value|
|ap_rst                     |   in|    1|  ap_ctrl_hs|  normalize<array<ap_fixed,18u>,array<ap_fixed<39,19,5,3,0>,18u>,config7>|  return value|
|ap_start                   |   in|    1|  ap_ctrl_hs|  normalize<array<ap_fixed,18u>,array<ap_fixed<39,19,5,3,0>,18u>,config7>|  return value|
|start_full_n               |   in|    1|  ap_ctrl_hs|  normalize<array<ap_fixed,18u>,array<ap_fixed<39,19,5,3,0>,18u>,config7>|  return value|
|ap_done                    |  out|    1|  ap_ctrl_hs|  normalize<array<ap_fixed,18u>,array<ap_fixed<39,19,5,3,0>,18u>,config7>|  return value|
|ap_continue                |   in|    1|  ap_ctrl_hs|  normalize<array<ap_fixed,18u>,array<ap_fixed<39,19,5,3,0>,18u>,config7>|  return value|
|ap_idle                    |  out|    1|  ap_ctrl_hs|  normalize<array<ap_fixed,18u>,array<ap_fixed<39,19,5,3,0>,18u>,config7>|  return value|
|ap_ready                   |  out|    1|  ap_ctrl_hs|  normalize<array<ap_fixed,18u>,array<ap_fixed<39,19,5,3,0>,18u>,config7>|  return value|
|start_out                  |  out|    1|  ap_ctrl_hs|  normalize<array<ap_fixed,18u>,array<ap_fixed<39,19,5,3,0>,18u>,config7>|  return value|
|start_write                |  out|    1|  ap_ctrl_hs|  normalize<array<ap_fixed,18u>,array<ap_fixed<39,19,5,3,0>,18u>,config7>|  return value|
|layer6_out_dout            |   in|  324|     ap_fifo|                                                               layer6_out|       pointer|
|layer6_out_num_data_valid  |   in|    9|     ap_fifo|                                                               layer6_out|       pointer|
|layer6_out_fifo_cap        |   in|    9|     ap_fifo|                                                               layer6_out|       pointer|
|layer6_out_empty_n         |   in|    1|     ap_fifo|                                                               layer6_out|       pointer|
|layer6_out_read            |  out|    1|     ap_fifo|                                                               layer6_out|       pointer|
|layer7_out_din             |  out|  702|     ap_fifo|                                                               layer7_out|       pointer|
|layer7_out_num_data_valid  |   in|    9|     ap_fifo|                                                               layer7_out|       pointer|
|layer7_out_fifo_cap        |   in|    9|     ap_fifo|                                                               layer7_out|       pointer|
|layer7_out_full_n          |   in|    1|     ap_fifo|                                                               layer7_out|       pointer|
|layer7_out_write           |  out|    1|     ap_fifo|                                                               layer7_out|       pointer|
+---------------------------+-----+-----+------------+-------------------------------------------------------------------------+--------------+

