

================================================================
== Vitis HLS Report for 'normalize_array_ap_fixed_12u_array_ap_fixed_39_19_5_3_0_12u_config3_s'
================================================================
* Date:           Sun Aug 30 16:00:25 2026

* Version:        2024.1 (Build 5069499 on May 21 2024)
* Project:        myproject_prj
* Solution:       solution1 (Vivado IP Flow Target)
* Product family: zynq
* Target device:  xc7z020-clg400-1


================================================================
== Performance Estimates
================================================================
+ Timing: 
    * Summary: 
    +--------+----------+-----------+------------+
    |  Clock |  Target  | Estimated | Uncertainty|
    +--------+----------+-----------+------------+
    |ap_clk  |  20.00 ns|  11.546 ns|     5.40 ns|
    +--------+----------+-----------+------------+

+ Latency: 
    * Summary: 
    +---------+---------+-----------+-----------+------+------+-----------------------------------------------+
    |  Latency (cycles) |   Latency (absolute)  |   Interval  |                    Pipeline                   |
    |   min   |   max   |    min    |    max    |  min |  max |                      Type                     |
    +---------+---------+-----------+-----------+------+------+-----------------------------------------------+
    |     1022|     1022|  20.440 us|  20.440 us|  1020|  1020|  loop auto-rewind stp(delay=0 clock cycles(s))|
    +---------+---------+-----------+-----------+------+------+-----------------------------------------------+

    + Detail: 
        * Instance: 
        N/A

        * Loop: 
        +-----------------+---------+---------+----------+-----------+-----------+------+----------+
        |                 |  Latency (cycles) | Iteration|  Initiation Interval  | Trip |          |
        |    Loop Name    |   min   |   max   |  Latency |  achieved |   target  | Count| Pipelined|
        +-----------------+---------+---------+----------+-----------+-----------+------+----------+
        |- BatchNormLoop  |     1020|     1020|         2|          1|          1|  1020|       yes|
        +-----------------+---------+---------+----------+-----------+-----------+------+----------+



================================================================
== Utilization Estimates
================================================================
* Summary: 
+-----------------+---------+-----+--------+-------+-----+
|       Name      | BRAM_18K| DSP |   FF   |  LUT  | URAM|
+-----------------+---------+-----+--------+-------+-----+
|DSP              |        -|    -|       -|      -|    -|
|Expression       |        -|    -|       0|    446|    -|
|FIFO             |        -|    -|       -|      -|    -|
|Instance         |        -|   12|       0|     72|    -|
|Memory           |        -|    -|       -|      -|    -|
|Multiplexer      |        -|    -|       0|     63|    -|
|Register         |        -|    -|     231|      -|    -|
+-----------------+---------+-----+--------+-------+-----+
|Total            |        0|   12|     231|    581|    0|
+-----------------+---------+-----+--------+-------+-----+
|Available        |      280|  220|  106400|  53200|    0|
+-----------------+---------+-----+--------+-------+-----+
|Utilization (%)  |        0|    5|      ~0|      1|    0|
+-----------------+---------+-----+--------+-------+-----+

+ Detail: 
    * Instance: 
    +-------------------------+---------------------+---------+----+---+----+-----+
    |         Instance        |        Module       | BRAM_18K| DSP| FF| LUT| URAM|
    +-------------------------+---------------------+---------+----+---+----+-----+
    |mul_18s_10ns_27_1_1_U39  |mul_18s_10ns_27_1_1  |        0|   1|  0|   6|    0|
    |mul_18s_10ns_27_1_1_U41  |mul_18s_10ns_27_1_1  |        0|   1|  0|   6|    0|
    |mul_18s_10ns_27_1_1_U42  |mul_18s_10ns_27_1_1  |        0|   1|  0|   6|    0|
    |mul_18s_10ns_27_1_1_U43  |mul_18s_10ns_27_1_1  |        0|   1|  0|   6|    0|
    |mul_18s_10ns_27_1_1_U45  |mul_18s_10ns_27_1_1  |        0|   1|  0|   6|    0|
    |mul_18s_10ns_27_1_1_U47  |mul_18s_10ns_27_1_1  |        0|   1|  0|   6|    0|
    |mul_18s_10ns_27_1_1_U49  |mul_18s_10ns_27_1_1  |        0|   1|  0|   6|    0|
    |mul_18s_10ns_27_1_1_U50  |mul_18s_10ns_27_1_1  |        0|   1|  0|   6|    0|
    |mul_18s_11ns_28_1_1_U40  |mul_18s_11ns_28_1_1  |        0|   1|  0|   6|    0|
    |mul_18s_11ns_28_1_1_U44  |mul_18s_11ns_28_1_1  |        0|   1|  0|   6|    0|
    |mul_18s_11ns_28_1_1_U46  |mul_18s_11ns_28_1_1  |        0|   1|  0|   6|    0|
    |mul_18s_11ns_28_1_1_U48  |mul_18s_11ns_28_1_1  |        0|   1|  0|   6|    0|
    +-------------------------+---------------------+---------+----+---+----+-----+
    |Total                    |                     |        0|  12|  0|  72|    0|
    +-------------------------+---------------------+---------+----+---+----+-----+

    * DSP: 
    N/A

    * Memory: 
    N/A

    * FIFO: 
    N/A

    * Expression: 
    +----------------------------------+----------+----+---+----+------------+------------+
    |           Variable Name          | Operation| DSP| FF| LUT| Bitwidth P0| Bitwidth P1|
    +----------------------------------+----------+----+---+----+------------+------------+
    |add_ln42_18_fu_600155_p2          |         +|   0|  0|  34|          27|          17|
    |add_ln42_19_fu_600169_p2          |         +|   0|  0|  35|          28|          19|
    |add_ln42_20_fu_600183_p2          |         +|   0|  0|  34|          27|          19|
    |add_ln42_21_fu_600197_p2          |         +|   0|  0|  34|          27|          16|
    |add_ln42_22_fu_600211_p2          |         +|   0|  0|  35|          28|          20|
    |add_ln42_23_fu_600225_p2          |         +|   0|  0|  34|          27|          17|
    |add_ln42_24_fu_600239_p2          |         +|   0|  0|  34|          27|          21|
    |add_ln42_25_fu_600253_p2          |         +|   0|  0|  35|          28|          18|
    |add_ln42_26_fu_600267_p2          |         +|   0|  0|  35|          28|          19|
    |add_ln42_27_fu_600281_p2          |         +|   0|  0|  34|          27|          18|
    |add_ln42_28_fu_600295_p2          |         +|   0|  0|  34|          27|          20|
    |add_ln42_fu_600141_p2             |         +|   0|  0|  34|          27|          20|
    |i_fu_600120_p2                    |         +|   0|  0|  13|          10|           1|
    |ap_condition_131                  |       and|   0|  0|   2|           1|           1|
    |icmp_ln25_fu_600126_p2            |      icmp|   0|  0|  13|          10|           4|
    |ap_block_pp0_stage0_01001         |        or|   0|  0|   2|           1|           1|
    |ap_block_state1_pp0_stage0_iter0  |        or|   0|  0|   2|           1|           1|
    |ap_enable_pp0                     |       xor|   0|  0|   2|           1|           2|
    +----------------------------------+----------+----+---+----+------------+------------+
    |Total                             |          |   0|  0| 446|         352|         234|
    +----------------------------------+----------+----+---+----+------------+------------+

    * Multiplexer: 
    +----------------------------------+----+-----------+-----+-----------+
    |               Name               | LUT| Input Size| Bits| Total Bits|
    +----------------------------------+----+-----------+-----+-----------+
    |ap_done_int                       |   9|          2|    1|          2|
    |ap_loop_exit_ready_pp0_iter1_reg  |   9|          2|    1|          2|
    |ap_sig_allocacmp_i_021_load       |   9|          2|   10|         20|
    |i_021_fu_136                      |   9|          2|   10|         20|
    |layer2_out_blk_n                  |   9|          2|    1|          2|
    |layer3_out_blk_n                  |   9|          2|    1|          2|
    |real_start                        |   9|          2|    1|          2|
    +----------------------------------+----+-----------+-----+-----------+
    |Total                             |  63|         14|   25|         50|
    +----------------------------------+----+-----------+-----+-----------+

    * Register: 
    +----------------------------------+----+----+-----+-----------+
    |               Name               | FF | LUT| Bits| Const Bits|
    +----------------------------------+----+----+-----+-----------+
    |a_17_reg_600351                   |  18|   0|   18|          0|
    |a_18_reg_600356                   |  18|   0|   18|          0|
    |a_19_reg_600361                   |  18|   0|   18|          0|
    |a_20_reg_600366                   |  18|   0|   18|          0|
    |a_21_reg_600371                   |  18|   0|   18|          0|
    |a_22_reg_600376                   |  18|   0|   18|          0|
    |a_23_reg_600381                   |  18|   0|   18|          0|
    |a_24_reg_600386                   |  18|   0|   18|          0|
    |a_25_reg_600391                   |  18|   0|   18|          0|
    |a_26_reg_600396                   |  18|   0|   18|          0|
    |a_27_reg_600346                   |  18|   0|   18|          0|
    |a_reg_600341                      |  18|   0|   18|          0|
    |ap_CS_fsm                         |   1|   0|    1|          0|
    |ap_done_reg                       |   1|   0|    1|          0|
    |ap_enable_reg_pp0_iter1           |   1|   0|    1|          0|
    |ap_loop_exit_ready_pp0_iter1_reg  |   1|   0|    1|          0|
    |i_021_fu_136                      |  10|   0|   10|          0|
    |start_once_reg                    |   1|   0|    1|          0|
    +----------------------------------+----+----+-----+-----------+
    |Total                             | 231|   0|  231|          0|
    +----------------------------------+----+----+-----+-----------+



================================================================
== Interface
================================================================
* Summary: 
+---------------------------+-----+-----+------------+-------------------------------------------------------------------------+--------------+
|         RTL Ports         | Dir | Bits|  Protocol  |                              Source Object                              |    C Type    |
+---------------------------+-----+-----+------------+-------------------------------------------------------------------------+--------------+
|ap_clk                     |   in|    1|  ap_ctrl_hs|  normalize<array<ap_fixed,12u>,array<ap_fixed<39,19,5,3,0>,12u>,config3>|  return value|
|ap_rst                     |   in|    1|  ap_ctrl_hs|  normalize<array<ap_fixed,12u>,array<ap_fixed<39,19,5,3,0>,12u>,config3>|  return value|
|ap_start                   |   in|    1|  ap_ctrl_hs|  normalize<array<ap_fixed,12u>,array<ap_fixed<39,19,5,3,0>,12u>,config3>|  return value|
|start_full_n               |   in|    1|  ap_ctrl_hs|  normalize<array<ap_fixed,12u>,array<ap_fixed<39,19,5,3,0>,12u>,config3>|  return value|
|ap_done                    |  out|    1|  ap_ctrl_hs|  normalize<array<ap_fixed,12u>,array<ap_fixed<39,19,5,3,0>,12u>,config3>|  return value|
|ap_continue                |   in|    1|  ap_ctrl_hs|  normalize<array<ap_fixed,12u>,array<ap_fixed<39,19,5,3,0>,12u>,config3>|  return value|
|ap_idle                    |  out|    1|  ap_ctrl_hs|  normalize<array<ap_fixed,12u>,array<ap_fixed<39,19,5,3,0>,12u>,config3>|  return value|
|ap_ready                   |  out|    1|  ap_ctrl_hs|  normalize<array<ap_fixed,12u>,array<ap_fixed<39,19,5,3,0>,12u>,config3>|  return value|
|start_out                  |  out|    1|  ap_ctrl_hs|  normalize<array<ap_fixed,12u>,array<ap_fixed<39,19,5,3,0>,12u>,config3>|  return value|
|start_write                |  out|    1|  ap_ctrl_hs|  normalize<array<ap_fixed,12u>,array<ap_fixed<39,19,5,3,0>,12u>,config3>|  return value|
|layer2_out_dout            |   in|  216|     ap_fifo|                                                               layer2_out|       pointer|
|layer2_out_num_data_valid  |   in|   11|     ap_fifo|                                                               layer2_out|       pointer|
|layer2_out_fifo_cap        |   in|   11|     ap_fifo|                                                               layer2_out|       pointer|
|layer2_out_empty_n         |   in|    1|     ap_fifo|                                                               layer2_out|       pointer|
|layer2_out_read            |  out|    1|     ap_fifo|                                                               layer2_out|       pointer|
|layer3_out_din             |  out|  468|     ap_fifo|                                                               layer3_out|       pointer|
|layer3_out_num_data_valid  |   in|   11|     ap_fifo|                                                               layer3_out|       pointer|
|layer3_out_fifo_cap        |   in|   11|     ap_fifo|                                                               layer3_out|       pointer|
|layer3_out_full_n          |   in|    1|     ap_fifo|                                                               layer3_out|       pointer|
|layer3_out_write           |  out|    1|     ap_fifo|                                                               layer3_out|       pointer|
+---------------------------+-----+-----+------------+-------------------------------------------------------------------------+--------------+

