

================================================================
== Vitis HLS Report for 'relu_array_ap_fixed_12u_array_ap_fixed_20_10_5_3_0_12u_relu_config4_s'
================================================================
* Date:           Sun Aug 30 16:00:25 2026

* Version:        2024.1 (Build 5069499 on May 21 2024)
* Project:        myproject_prj
* Solution:       solution1 (Vivado IP Flow Target)
* Product family: zynq
* Target device:  xc7z020-clg400-1


================================================================
== Performance Estimates
================================================================
+ Timing: 
    * Summary: 
    +--------+----------+-----------+------------+
    |  Clock |  Target  | Estimated | Uncertainty|
    +--------+----------+-----------+------------+
    |ap_clk  |  20.00 ns|  11.125 ns|     5.40 ns|
    +--------+----------+-----------+------------+

+ Latency: 
    * Summary: 
    +---------+---------+-----------+-----------+------+------+-----------------------------------------------+
    |  Latency (cycles) |   Latency (absolute)  |   Interval  |                    Pipeline                   |
    |   min   |   max   |    min    |    max    |  min |  max |                      Type                     |
    +---------+---------+-----------+-----------+------+------+-----------------------------------------------+
    |     1021|     1021|  20.420 us|  20.420 us|  1020|  1020|  loop auto-rewind stp(delay=0 clock cycles(s))|
    +---------+---------+-----------+-----------+------+------+-----------------------------------------------+

    + Detail: 
        * Instance: 
        N/A

        * Loop: 
        +---------------+---------+---------+----------+-----------+-----------+------+----------+
        |               |  Latency (cycles) | Iteration|  Initiation Interval  | Trip |          |
        |   Loop Name   |   min   |   max   |  Latency |  achieved |   target  | Count| Pipelined|
        +---------------+---------+---------+----------+-----------+-----------+------+----------+
        |- ReLUActLoop  |     1019|     1019|         1|          1|          1|  1020|       yes|
        +---------------+---------+---------+----------+-----------+-----------+------+----------+



================================================================
== Utilization Estimates
================================================================
* Summary: 
+-----------------+---------+-----+--------+-------+-----+
|       Name      | BRAM_18K| DSP |   FF   |  LUT  | URAM|
+-----------------+---------+-----+--------+-------+-----+
|DSP              |        -|    -|       -|      -|    -|
|Expression       |        -|    -|       0|    820|    -|
|FIFO             |        -|    -|       -|      -|    -|
|Instance         |        -|    -|       -|      -|    -|
|Memory           |        -|    -|       -|      -|    -|
|Multiplexer      |        -|    -|       0|     54|    -|
|Register         |        -|    -|      13|      -|    -|
+-----------------+---------+-----+--------+-------+-----+
|Total            |        0|    0|      13|    874|    0|
+-----------------+---------+-----+--------+-------+-----+
|Available        |      280|  220|  106400|  53200|    0|
+-----------------+---------+-----+--------+-------+-----+
|Utilization (%)  |        0|    0|      ~0|      1|    0|
+-----------------+---------+-----+--------+-------+-----+

+ Detail: 
    * Instance: 
    N/A

    * DSP: 
    N/A

    * Memory: 
    N/A

    * FIFO: 
    N/A

    * Expression: 
    +-----------------------------------+----------+----+---+----+------------+------------+
    |           Variable Name           | Operation| DSP| FF| LUT| Bitwidth P0| Bitwidth P1|
    +-----------------------------------+----------+----+---+----+------------+------------+
    |i_fu_1174_p2                       |         +|   0|  0|  13|          10|           1|
    |icmp_ln41_fu_1180_p2               |      icmp|   0|  0|  13|          10|           4|
    |icmp_ln51_18_fu_419_p2             |      icmp|   0|  0|  46|          39|           1|
    |icmp_ln51_19_fu_461_p2             |      icmp|   0|  0|  46|          39|           1|
    |icmp_ln51_20_fu_503_p2             |      icmp|   0|  0|  46|          39|           1|
    |icmp_ln51_21_fu_545_p2             |      icmp|   0|  0|  46|          39|           1|
    |icmp_ln51_22_fu_587_p2             |      icmp|   0|  0|  46|          39|           1|
    |icmp_ln51_23_fu_629_p2             |      icmp|   0|  0|  46|          39|           1|
    |icmp_ln51_24_fu_671_p2             |      icmp|   0|  0|  46|          39|           1|
    |icmp_ln51_25_fu_713_p2             |      icmp|   0|  0|  46|          39|           1|
    |icmp_ln51_26_fu_755_p2             |      icmp|   0|  0|  46|          39|           1|
    |icmp_ln51_27_fu_797_p2             |      icmp|   0|  0|  46|          39|           1|
    |icmp_ln51_28_fu_839_p2             |      icmp|   0|  0|  46|          39|           1|
    |icmp_ln51_fu_377_p2                |      icmp|   0|  0|  46|          39|           1|
    |ap_block_state1_pp0_stage0_iter0   |        or|   0|  0|   2|           1|           1|
    |empty_100_fu_981_p3                |    select|   0|  0|   8|           1|           8|
    |empty_101_fu_999_p3                |    select|   0|  0|   8|           1|           8|
    |empty_102_fu_1017_p3               |    select|   0|  0|   8|           1|           8|
    |empty_103_fu_1035_p3               |    select|   0|  0|   8|           1|           8|
    |empty_104_fu_1053_p3               |    select|   0|  0|   8|           1|           8|
    |empty_105_fu_1071_p3               |    select|   0|  0|   8|           1|           8|
    |empty_106_fu_1089_p3               |    select|   0|  0|   8|           1|           8|
    |empty_85_fu_453_p3                 |    select|   0|  0|   4|           1|           4|
    |empty_86_fu_495_p3                 |    select|   0|  0|   4|           1|           4|
    |empty_87_fu_537_p3                 |    select|   0|  0|   4|           1|           4|
    |empty_88_fu_579_p3                 |    select|   0|  0|   4|           1|           4|
    |empty_89_fu_621_p3                 |    select|   0|  0|   4|           1|           4|
    |empty_90_fu_663_p3                 |    select|   0|  0|   4|           1|           4|
    |empty_91_fu_705_p3                 |    select|   0|  0|   4|           1|           4|
    |empty_92_fu_747_p3                 |    select|   0|  0|   4|           1|           4|
    |empty_93_fu_789_p3                 |    select|   0|  0|   4|           1|           4|
    |empty_94_fu_831_p3                 |    select|   0|  0|   4|           1|           4|
    |empty_95_fu_891_p3                 |    select|   0|  0|   8|           1|           8|
    |empty_96_fu_909_p3                 |    select|   0|  0|   8|           1|           8|
    |empty_97_fu_927_p3                 |    select|   0|  0|   8|           1|           8|
    |empty_98_fu_945_p3                 |    select|   0|  0|   8|           1|           8|
    |empty_99_fu_963_p3                 |    select|   0|  0|   8|           1|           8|
    |empty_fu_411_p3                    |    select|   0|  0|   4|           1|           4|
    |out_data_sroa_0_0_0_fu_403_p3      |    select|   0|  0|   8|           1|           8|
    |out_data_sroa_11108_0_0_fu_529_p3  |    select|   0|  0|   8|           1|           8|
    |out_data_sroa_14112_0_0_fu_571_p3  |    select|   0|  0|   8|           1|           8|
    |out_data_sroa_17116_0_0_fu_613_p3  |    select|   0|  0|   8|           1|           8|
    |out_data_sroa_20120_0_0_fu_655_p3  |    select|   0|  0|   8|           1|           8|
    |out_data_sroa_23124_0_0_fu_697_p3  |    select|   0|  0|   8|           1|           8|
    |out_data_sroa_26128_0_0_fu_739_p3  |    select|   0|  0|   8|           1|           8|
    |out_data_sroa_29132_0_0_fu_781_p3  |    select|   0|  0|   8|           1|           8|
    |out_data_sroa_32136_0_0_fu_823_p3  |    select|   0|  0|   8|           1|           8|
    |out_data_sroa_35140_0_0_fu_865_p3  |    select|   0|  0|   8|           1|           8|
    |out_data_sroa_5100_0_0_fu_445_p3   |    select|   0|  0|   8|           1|           8|
    |out_data_sroa_8104_0_0_fu_487_p3   |    select|   0|  0|   8|           1|           8|
    |storemerge_fu_873_p3               |    select|   0|  0|   4|           1|           4|
    +-----------------------------------+----------+----+---+----+------------+------------+
    |Total                              |          |   0|  0| 820|         525|         258|
    +-----------------------------------+----------+----+---+----+------------+------------+

    * Multiplexer: 
    +--------------------------+----+-----------+-----+-----------+
    |           Name           | LUT| Input Size| Bits| Total Bits|
    +--------------------------+----+-----------+-----+-----------+
    |ap_done_int               |   9|          2|    1|          2|
    |ap_sig_allocacmp_i1_load  |   9|          2|   10|         20|
    |i1_fu_238                 |   9|          2|   10|         20|
    |layer3_out_blk_n          |   9|          2|    1|          2|
    |layer4_out_blk_n          |   9|          2|    1|          2|
    |real_start                |   9|          2|    1|          2|
    +--------------------------+----+-----------+-----+-----------+
    |Total                     |  54|         12|   24|         48|
    +--------------------------+----+-----------+-----+-----------+

    * Register: 
    +----------------+----+----+-----+-----------+
    |      Name      | FF | LUT| Bits| Const Bits|
    +----------------+----+----+-----+-----------+
    |ap_CS_fsm       |   1|   0|    1|          0|
    |ap_done_reg     |   1|   0|    1|          0|
    |i1_fu_238       |  10|   0|   10|          0|
    |start_once_reg  |   1|   0|    1|          0|
    +----------------+----+----+-----+-----------+
    |Total           |  13|   0|   13|          0|
    +----------------+----+----+-----+-----------+



================================================================
== Interface
================================================================
* Summary: 
+---------------------------+-----+-----+------------+-------------------------------------------------------------------------+--------------+
|         RTL Ports         | Dir | Bits|  Protocol  |                              Source Object                              |    C Type    |
+---------------------------+-----+-----+------------+-------------------------------------------------------------------------+--------------+
|ap_clk                     |   in|    1|  ap_ctrl_hs|  relu<array<ap_fixed,12u>,array<ap_fixed<20,10,5,3,0>,12u>,relu_config4>|  return value|
|ap_rst                     |   in|    1|  ap_ctrl_hs|  relu<array<ap_fixed,12u>,array<ap_fixed<20,10,5,3,0>,12u>,relu_config4>|  return value|
|ap_start                   |   in|    1|  ap_ctrl_hs|  relu<array<ap_fixed,12u>,array<ap_fixed<20,10,5,3,0>,12u>,relu_config4>|  return value|
|start_full_n               |   in|    1|  ap_ctrl_hs|  relu<array<ap_fixed,12u>,array<ap_fixed<20,10,5,3,0>,12u>,relu_config4>|  return value|
|ap_done                    |  out|    1|  ap_ctrl_hs|  relu<array<ap_fixed,12u>,array<ap_fixed<20,10,5,3,0>,12u>,relu_config4>|  return value|
|ap_continue                |   in|    1|  ap_ctrl_hs|  relu<array<ap_fixed,12u>,array<ap_fixed<20,10,5,3,0>,12u>,relu_config4>|  return value|
|ap_idle                    |  out|    1|  ap_ctrl_hs|  relu<array<ap_fixed,12u>,array<ap_fixed<20,10,5,3,0>,12u>,relu_config4>|  return value|
|ap_ready                   |  out|    1|  ap_ctrl_hs|  relu<array<ap_fixed,12u>,array<ap_fixed<20,10,5,3,0>,12u>,relu_config4>|  return value|
|start_out                  |  out|    1|  ap_ctrl_hs|  relu<array<ap_fixed,12u>,array<ap_fixed<20,10,5,3,0>,12u>,relu_config4>|  return value|
|start_write                |  out|    1|  ap_ctrl_hs|  relu<array<ap_fixed,12u>,array<ap_fixed<20,10,5,3,0>,12u>,relu_config4>|  return value|
|layer3_out_dout            |   in|  468|     ap_fifo|                                                               layer3_out|       pointer|
|layer3_out_num_data_valid  |   in|   11|     ap_fifo|                                                               layer3_out|       pointer|
|layer3_out_fifo_cap        |   in|   11|     ap_fifo|                                                               layer3_out|       pointer|
|layer3_out_empty_n         |   in|    1|     ap_fifo|                                                               layer3_out|       pointer|
|layer3_out_read            |  out|    1|     ap_fifo|                                                               layer3_out|       pointer|
|layer4_out_din             |  out|  240|     ap_fifo|                                                               layer4_out|       pointer|
|layer4_out_num_data_valid  |   in|   11|     ap_fifo|                                                               layer4_out|       pointer|
|layer4_out_fifo_cap        |   in|   11|     ap_fifo|                                                               layer4_out|       pointer|
|layer4_out_full_n          |   in|    1|     ap_fifo|                                                               layer4_out|       pointer|
|layer4_out_write           |  out|    1|     ap_fifo|                                                               layer4_out|       pointer|
+---------------------------+-----+-----+------------+-------------------------------------------------------------------------+--------------+

