

================================================================
== Vitis HLS Report for 'zeropad2d_cl_array_array_ap_fixed_20_10_5_3_0_1u_config13_s'
================================================================
* Date:           Sun Aug 30 16:00:22 2026

* Version:        2024.1 (Build 5069499 on May 21 2024)
* Project:        myproject_prj
* Solution:       solution1 (Vivado IP Flow Target)
* Product family: zynq
* Target device:  xc7z020-clg400-1


================================================================
== Performance Estimates
================================================================
+ Timing: 
    * Summary: 
    +--------+----------+----------+------------+
    |  Clock |  Target  | Estimated| Uncertainty|
    +--------+----------+----------+------------+
    |ap_clk  |  20.00 ns|  5.332 ns|     5.40 ns|
    +--------+----------+----------+------------+

+ Latency: 
    * Summary: 
    +---------+---------+-----------+-----------+------+------+---------+
    |  Latency (cycles) |   Latency (absolute)  |   Interval  | Pipeline|
    |   min   |   max   |    min    |    max    |  min |  max |   Type  |
    +---------+---------+-----------+-----------+------+------+---------+
    |     4387|     4387|  87.740 us|  87.740 us|  4387|  4387|       no|
    +---------+---------+-----------+-----------+------+------+---------+

    + Detail: 
        * Instance: 
        +---------------------------------------------------------------------------------------+-----------------------------------------------------------------------------+---------+---------+----------+----------+-----+-----+-----------------------------------------------+
        |                                                                                       |                                                                             |  Latency (cycles) |  Latency (absolute) |  Interval |                    Pipeline                   |
        |                                        Instance                                       |                                    Module                                   |   min   |   max   |    min   |    max   | min | max |                      Type                     |
        +---------------------------------------------------------------------------------------+-----------------------------------------------------------------------------+---------+---------+----------+----------+-----+-----+-----------------------------------------------+
        |grp_zeropad2d_cl_array_array_ap_fixed_1u_config13_Pipeline_PadBottomWidth_fu_56        |zeropad2d_cl_array_array_ap_fixed_1u_config13_Pipeline_PadBottomWidth        |      105|      105|  2.100 us|  2.100 us|  104|  104|  loop auto-rewind stp(delay=0 clock cycles(s))|
        |grp_zeropad2d_cl_array_array_ap_fixed_20_10_5_3_0_1u_config13_Pipeline_CopyMain_fu_62  |zeropad2d_cl_array_array_ap_fixed_20_10_5_3_0_1u_config13_Pipeline_CopyMain  |      103|      103|  2.060 us|  2.060 us|  102|  102|  loop auto-rewind stp(delay=0 clock cycles(s))|
        +---------------------------------------------------------------------------------------+-----------------------------------------------------------------------------+---------+---------+----------+----------+-----+-----+-----------------------------------------------+

        * Loop: 
        +-----------+---------+---------+----------+-----------+-----------+------+----------+
        |           |  Latency (cycles) | Iteration|  Initiation Interval  | Trip |          |
        | Loop Name |   min   |   max   |  Latency |  achieved |   target  | Count| Pipelined|
        +-----------+---------+---------+----------+-----------+-----------+------+----------+
        |- PadMain  |     4280|     4280|       107|          -|          -|    40|        no|
        +-----------+---------+---------+----------+-----------+-----------+------+----------+



================================================================
== Utilization Estimates
================================================================
* Summary: 
+-----------------+---------+-----+--------+-------+-----+
|       Name      | BRAM_18K| DSP |   FF   |  LUT  | URAM|
+-----------------+---------+-----+--------+-------+-----+
|DSP              |        -|    -|       -|      -|    -|
|Expression       |        -|    -|       0|     32|    -|
|FIFO             |        -|    -|       -|      -|    -|
|Instance         |        -|    -|      40|    165|    -|
|Memory           |        -|    -|       -|      -|    -|
|Multiplexer      |        -|    -|       0|    110|    -|
|Register         |        -|    -|      16|      -|    -|
+-----------------+---------+-----+--------+-------+-----+
|Total            |        0|    0|      56|    307|    0|
+-----------------+---------+-----+--------+-------+-----+
|Available        |      280|  220|  106400|  53200|    0|
+-----------------+---------+-----+--------+-------+-----+
|Utilization (%)  |        0|    0|      ~0|     ~0|    0|
+-----------------+---------+-----+--------+-------+-----+

+ Detail: 
    * Instance: 
    +---------------------------------------------------------------------------------------+-----------------------------------------------------------------------------+---------+----+----+----+-----+
    |                                        Instance                                       |                                    Module                                   | BRAM_18K| DSP| FF | LUT| URAM|
    +---------------------------------------------------------------------------------------+-----------------------------------------------------------------------------+---------+----+----+----+-----+
    |grp_zeropad2d_cl_array_array_ap_fixed_1u_config13_Pipeline_PadBottomWidth_fu_56        |zeropad2d_cl_array_array_ap_fixed_1u_config13_Pipeline_PadBottomWidth        |        0|   0|  10|  77|    0|
    |grp_zeropad2d_cl_array_array_ap_fixed_20_10_5_3_0_1u_config13_Pipeline_CopyMain_fu_62  |zeropad2d_cl_array_array_ap_fixed_20_10_5_3_0_1u_config13_Pipeline_CopyMain  |        0|   0|  30|  88|    0|
    +---------------------------------------------------------------------------------------+-----------------------------------------------------------------------------+---------+----+----+----+-----+
    |Total                                                                                  |                                                                             |        0|   0|  40| 165|    0|
    +---------------------------------------------------------------------------------------+-----------------------------------------------------------------------------+---------+----+----+----+-----+

    * DSP: 
    N/A

    * Memory: 
    N/A

    * FIFO: 
    N/A

    * Expression: 
    +--------------------+----------+----+---+----+------------+------------+
    |    Variable Name   | Operation| DSP| FF| LUT| Bitwidth P0| Bitwidth P1|
    +--------------------+----------+----+---+----+------------+------------+
    |i_2_fu_84_p2        |         +|   0|  0|  14|           6|           1|
    |ap_block_state2     |       and|   0|  0|   2|           1|           1|
    |icmp_ln59_fu_78_p2  |      icmp|   0|  0|  14|           6|           6|
    |ap_block_state1     |        or|   0|  0|   2|           1|           1|
    +--------------------+----------+----+---+----+------------+------------+
    |Total               |          |   0|  0|  32|          14|           9|
    +--------------------+----------+----+---+----+------------+------------+

    * Multiplexer: 
    +--------------------------------+----+-----------+-----+-----------+
    |              Name              | LUT| Input Size| Bits| Total Bits|
    +--------------------------------+----+-----------+-----+-----------+
    |ap_NS_fsm                       |  37|          7|    1|          7|
    |ap_done                         |   9|          2|    1|          2|
    |i_fu_44                         |   9|          2|    6|         12|
    |layer13_out_blk_n               |   9|          2|    1|          2|
    |layer13_out_din                 |  14|          3|   20|         60|
    |layer13_out_write               |  14|          3|    1|          3|
    |mfcc_input_TREADY_int_regslice  |   9|          2|    1|          2|
    |real_start                      |   9|          2|    1|          2|
    +--------------------------------+----+-----------+-----+-----------+
    |Total                           | 110|         23|   32|         90|
    +--------------------------------+----+-----------+-----+-----------+

    * Register: 
    +----------------------------------------------------------------------------------------------------+---+----+-----+-----------+
    |                                                Name                                                | FF| LUT| Bits| Const Bits|
    +----------------------------------------------------------------------------------------------------+---+----+-----+-----------+
    |ap_CS_fsm                                                                                           |  6|   0|    6|          0|
    |ap_done_reg                                                                                         |  1|   0|    1|          0|
    |grp_zeropad2d_cl_array_array_ap_fixed_1u_config13_Pipeline_PadBottomWidth_fu_56_ap_start_reg        |  1|   0|    1|          0|
    |grp_zeropad2d_cl_array_array_ap_fixed_20_10_5_3_0_1u_config13_Pipeline_CopyMain_fu_62_ap_start_reg  |  1|   0|    1|          0|
    |i_fu_44                                                                                             |  6|   0|    6|          0|
    |start_once_reg                                                                                      |  1|   0|    1|          0|
    +----------------------------------------------------------------------------------------------------+---+----+-----+-----------+
    |Total                                                                                               | 16|   0|   16|          0|
    +----------------------------------------------------------------------------------------------------+---+----+-----+-----------+



================================================================
== Interface
================================================================
* Summary: 
+----------------------------+-----+-----+------------+--------------------------------------------------------------+--------------+
|          RTL Ports         | Dir | Bits|  Protocol  |                         Source Object                        |    C Type    |
+----------------------------+-----+-----+------------+--------------------------------------------------------------+--------------+
|ap_clk                      |   in|    1|  ap_ctrl_hs|  zeropad2d_cl<array,array<ap_fixed<20,10,5,3,0>,1u>,config13>|  return value|
|ap_rst                      |   in|    1|  ap_ctrl_hs|  zeropad2d_cl<array,array<ap_fixed<20,10,5,3,0>,1u>,config13>|  return value|
|ap_start                    |   in|    1|  ap_ctrl_hs|  zeropad2d_cl<array,array<ap_fixed<20,10,5,3,0>,1u>,config13>|  return value|
|start_full_n                |   in|    1|  ap_ctrl_hs|  zeropad2d_cl<array,array<ap_fixed<20,10,5,3,0>,1u>,config13>|  return value|
|ap_done                     |  out|    1|  ap_ctrl_hs|  zeropad2d_cl<array,array<ap_fixed<20,10,5,3,0>,1u>,config13>|  return value|
|ap_continue                 |   in|    1|  ap_ctrl_hs|  zeropad2d_cl<array,array<ap_fixed<20,10,5,3,0>,1u>,config13>|  return value|
|ap_idle                     |  out|    1|  ap_ctrl_hs|  zeropad2d_cl<array,array<ap_fixed<20,10,5,3,0>,1u>,config13>|  return value|
|ap_ready                    |  out|    1|  ap_ctrl_hs|  zeropad2d_cl<array,array<ap_fixed<20,10,5,3,0>,1u>,config13>|  return value|
|start_out                   |  out|    1|  ap_ctrl_hs|  zeropad2d_cl<array,array<ap_fixed<20,10,5,3,0>,1u>,config13>|  return value|
|start_write                 |  out|    1|  ap_ctrl_hs|  zeropad2d_cl<array,array<ap_fixed<20,10,5,3,0>,1u>,config13>|  return value|
|mfcc_input_TDATA            |   in|   32|        axis|                                                    mfcc_input|       pointer|
|mfcc_input_TVALID           |   in|    1|        axis|                                                    mfcc_input|       pointer|
|mfcc_input_TREADY           |  out|    1|        axis|                                                    mfcc_input|       pointer|
|layer13_out_din             |  out|   20|     ap_fifo|                                                   layer13_out|       pointer|
|layer13_out_num_data_valid  |   in|   14|     ap_fifo|                                                   layer13_out|       pointer|
|layer13_out_fifo_cap        |   in|   14|     ap_fifo|                                                   layer13_out|       pointer|
|layer13_out_full_n          |   in|    1|     ap_fifo|                                                   layer13_out|       pointer|
|layer13_out_write           |  out|    1|     ap_fifo|                                                   layer13_out|       pointer|
+----------------------------+-----+-----+------------+--------------------------------------------------------------+--------------+

