

================================================================
== Vitis HLS Report for 'zeropad2d_cl_array_array_ap_fixed_20_10_5_3_0_12u_config14_Pipeline_PadMain'
================================================================
* Date:           Sun Aug 30 16:00:29 2026

* Version:        2024.1 (Build 5069499 on May 21 2024)
* Project:        myproject_prj
* Solution:       solution1 (Vivado IP Flow Target)
* Product family: zynq
* Target device:  xc7z020-clg400-1


================================================================
== Performance Estimates
================================================================
+ Timing: 
    * Summary: 
    +--------+----------+----------+------------+
    |  Clock |  Target  | Estimated| Uncertainty|
    +--------+----------+----------+------------+
    |ap_clk  |  20.00 ns|  4.911 ns|     5.40 ns|
    +--------+----------+----------+------------+

+ Latency: 
    * Summary: 
    +---------+---------+----------+----------+-----+-----+-----------------------------------------------+
    |  Latency (cycles) |  Latency (absolute) |  Interval |                    Pipeline                   |
    |   min   |   max   |    min   |    max   | min | max |                      Type                     |
    +---------+---------+----------+----------+-----+-----+-----------------------------------------------+
    |      272|      272|  5.440 us|  5.440 us|  271|  271|  loop auto-rewind stp(delay=0 clock cycles(s))|
    +---------+---------+----------+----------+-----+-----+-----------------------------------------------+

    + Detail: 
        * Instance: 
        N/A

        * Loop: 
        +-----------+---------+---------+----------+-----------+-----------+------+----------+
        |           |  Latency (cycles) | Iteration|  Initiation Interval  | Trip |          |
        | Loop Name |   min   |   max   |  Latency |  achieved |   target  | Count| Pipelined|
        +-----------+---------+---------+----------+-----------+-----------+------+----------+
        |- PadMain  |      270|      270|        28|         27|          1|    10|       yes|
        +-----------+---------+---------+----------+-----------+-----------+------+----------+



================================================================
== Utilization Estimates
================================================================
* Summary: 
+-----------------+---------+-----+--------+-------+-----+
|       Name      | BRAM_18K| DSP |   FF   |  LUT  | URAM|
+-----------------+---------+-----+--------+-------+-----+
|DSP              |        -|    -|       -|      -|    -|
|Expression       |        -|    -|       0|     86|    -|
|FIFO             |        -|    -|       -|      -|    -|
|Instance         |        -|    -|       -|      -|    -|
|Memory           |        -|    -|       -|      -|    -|
|Multiplexer      |        -|    -|       0|    211|    -|
|Register         |        -|    -|     275|      -|    -|
+-----------------+---------+-----+--------+-------+-----+
|Total            |        0|    0|     275|    297|    0|
+-----------------+---------+-----+--------+-------+-----+
|Available        |      280|  220|  106400|  53200|    0|
+-----------------+---------+-----+--------+-------+-----+
|Utilization (%)  |        0|    0|      ~0|     ~0|    0|
+-----------------+---------+-----+--------+-------+-----+

+ Detail: 
    * Instance: 
    N/A

    * DSP: 
    N/A

    * Memory: 
    N/A

    * FIFO: 
    N/A

    * Expression: 
    +------------------------------------+----------+----+---+----+------------+------------+
    |            Variable Name           | Operation| DSP| FF| LUT| Bitwidth P0| Bitwidth P1|
    +------------------------------------+----------+----+---+----+------------+------------+
    |i_4_fu_75_p2                        |         +|   0|  0|  13|           4|           1|
    |ap_block_pp0_stage0_01001           |       and|   0|  0|   2|           1|           1|
    |ap_block_pp0_stage10_01001          |       and|   0|  0|   2|           1|           1|
    |ap_block_pp0_stage11_01001          |       and|   0|  0|   2|           1|           1|
    |ap_block_pp0_stage12_01001          |       and|   0|  0|   2|           1|           1|
    |ap_block_pp0_stage13_01001          |       and|   0|  0|   2|           1|           1|
    |ap_block_pp0_stage14_01001          |       and|   0|  0|   2|           1|           1|
    |ap_block_pp0_stage15_01001          |       and|   0|  0|   2|           1|           1|
    |ap_block_pp0_stage16_01001          |       and|   0|  0|   2|           1|           1|
    |ap_block_pp0_stage17_01001          |       and|   0|  0|   2|           1|           1|
    |ap_block_pp0_stage18_01001          |       and|   0|  0|   2|           1|           1|
    |ap_block_pp0_stage19_01001          |       and|   0|  0|   2|           1|           1|
    |ap_block_pp0_stage1_01001           |       and|   0|  0|   2|           1|           1|
    |ap_block_pp0_stage20_01001          |       and|   0|  0|   2|           1|           1|
    |ap_block_pp0_stage21_01001          |       and|   0|  0|   2|           1|           1|
    |ap_block_pp0_stage22_01001          |       and|   0|  0|   2|           1|           1|
    |ap_block_pp0_stage23_01001          |       and|   0|  0|   2|           1|           1|
    |ap_block_pp0_stage24_01001          |       and|   0|  0|   2|           1|           1|
    |ap_block_pp0_stage25_01001          |       and|   0|  0|   2|           1|           1|
    |ap_block_pp0_stage26_01001          |       and|   0|  0|   2|           1|           1|
    |ap_block_pp0_stage2_01001           |       and|   0|  0|   2|           1|           1|
    |ap_block_pp0_stage3_01001           |       and|   0|  0|   2|           1|           1|
    |ap_block_pp0_stage4_01001           |       and|   0|  0|   2|           1|           1|
    |ap_block_pp0_stage5_01001           |       and|   0|  0|   2|           1|           1|
    |ap_block_pp0_stage6_01001           |       and|   0|  0|   2|           1|           1|
    |ap_block_pp0_stage7_01001           |       and|   0|  0|   2|           1|           1|
    |ap_block_pp0_stage8_01001           |       and|   0|  0|   2|           1|           1|
    |ap_block_pp0_stage9_01001           |       and|   0|  0|   2|           1|           1|
    |ap_block_state27_pp0_stage26_iter0  |       and|   0|  0|   2|           1|           1|
    |icmp_ln59_fu_69_p2                  |      icmp|   0|  0|  13|           4|           4|
    |ap_block_state10_pp0_stage9_iter0   |        or|   0|  0|   2|           1|           1|
    |ap_enable_pp0                       |       xor|   0|  0|   2|           1|           2|
    +------------------------------------+----------+----+---+----+------------+------------+
    |Total                               |          |   0|  0|  86|          38|          36|
    +------------------------------------+----------+----+---+----+------------+------------+

    * Multiplexer: 
    +-----------------------------+-----+-----------+-----+-----------+
    |             Name            | LUT | Input Size| Bits| Total Bits|
    +-----------------------------+-----+-----------+-----+-----------+
    |ap_NS_fsm                    |  125|         28|    1|         28|
    |ap_done_int                  |    9|          2|    1|          2|
    |ap_enable_reg_pp0_iter0      |    9|          2|    1|          2|
    |ap_enable_reg_pp0_iter0_reg  |    9|          2|    1|          2|
    |ap_enable_reg_pp0_iter1      |    9|          2|    1|          2|
    |ap_sig_allocacmp_i_3         |    9|          2|    4|          8|
    |i_fu_38                      |    9|          2|    4|          8|
    |layer14_out_blk_n            |    9|          2|    1|          2|
    |layer14_out_din_local        |   14|          3|  240|        720|
    |layer5_out_blk_n             |    9|          2|    1|          2|
    +-----------------------------+-----+-----------+-----+-----------+
    |Total                        |  211|         47|  255|        776|
    +-----------------------------+-----+-----------+-----+-----------+

    * Register: 
    +-----------------------------+-----+----+-----+-----------+
    |             Name            |  FF | LUT| Bits| Const Bits|
    +-----------------------------+-----+----+-----+-----------+
    |ap_CS_fsm                    |   27|   0|   27|          0|
    |ap_done_reg                  |    1|   0|    1|          0|
    |ap_enable_reg_pp0_iter0_reg  |    1|   0|    1|          0|
    |ap_enable_reg_pp0_iter1      |    1|   0|    1|          0|
    |i_fu_38                      |    4|   0|    4|          0|
    |icmp_ln59_reg_93             |    1|   0|    1|          0|
    |reg_56                       |  240|   0|  240|          0|
    +-----------------------------+-----+----+-----+-----------+
    |Total                        |  275|   0|  275|          0|
    +-----------------------------+-----+----+-----+-----------+



================================================================
== Interface
================================================================
* Summary: 
+----------------------------+-----+-----+------------+--------------------------------------------------------------------------------+--------------+
|          RTL Ports         | Dir | Bits|  Protocol  |                                  Source Object                                 |    C Type    |
+----------------------------+-----+-----+------------+--------------------------------------------------------------------------------+--------------+
|ap_clk                      |   in|    1|  ap_ctrl_hs|  zeropad2d_cl<array,array<ap_fixed<20,10,5,3,0>,12u>,config14>_Pipeline_PadMain|  return value|
|ap_rst                      |   in|    1|  ap_ctrl_hs|  zeropad2d_cl<array,array<ap_fixed<20,10,5,3,0>,12u>,config14>_Pipeline_PadMain|  return value|
|ap_start                    |   in|    1|  ap_ctrl_hs|  zeropad2d_cl<array,array<ap_fixed<20,10,5,3,0>,12u>,config14>_Pipeline_PadMain|  return value|
|ap_done                     |  out|    1|  ap_ctrl_hs|  zeropad2d_cl<array,array<ap_fixed<20,10,5,3,0>,12u>,config14>_Pipeline_PadMain|  return value|
|ap_idle                     |  out|    1|  ap_ctrl_hs|  zeropad2d_cl<array,array<ap_fixed<20,10,5,3,0>,12u>,config14>_Pipeline_PadMain|  return value|
|ap_ready                    |  out|    1|  ap_ctrl_hs|  zeropad2d_cl<array,array<ap_fixed<20,10,5,3,0>,12u>,config14>_Pipeline_PadMain|  return value|
|layer14_out_din             |  out|  240|     ap_fifo|                                                                     layer14_out|       pointer|
|layer14_out_num_data_valid  |   in|   10|     ap_fifo|                                                                     layer14_out|       pointer|
|layer14_out_fifo_cap        |   in|   10|     ap_fifo|                                                                     layer14_out|       pointer|
|layer14_out_full_n          |   in|    1|     ap_fifo|                                                                     layer14_out|       pointer|
|layer14_out_write           |  out|    1|     ap_fifo|                                                                     layer14_out|       pointer|
|layer5_out_dout             |   in|  240|     ap_fifo|                                                                      layer5_out|       pointer|
|layer5_out_num_data_valid   |   in|    9|     ap_fifo|                                                                      layer5_out|       pointer|
|layer5_out_fifo_cap         |   in|    9|     ap_fifo|                                                                      layer5_out|       pointer|
|layer5_out_empty_n          |   in|    1|     ap_fifo|                                                                      layer5_out|       pointer|
|layer5_out_read             |  out|    1|     ap_fifo|                                                                      layer5_out|       pointer|
+----------------------------+-----+-----+------------+--------------------------------------------------------------------------------+--------------+

